

================================================================
== Vitis HLS Report for 'dense_array_ap_fixed_10u_array_ap_fixed_16_6_5_3_0_32u_config2_s'
================================================================
* Date:           Mon Sep 21 23:22:05 2026

* Version:        2023.1.1 (Build 3869133 on Jun 15 2023)
* Project:        myproject_prj
* Solution:       solution1 (Vivado IP Flow Target)
* Product family: zynq
* Target device:  xc7z020-clg400-1


================================================================
== Performance Estimates
================================================================
+ Timing: 
    * Summary: 
    +--------+---------+----------+------------+
    |  Clock |  Target | Estimated| Uncertainty|
    +--------+---------+----------+------------+
    |ap_clk  |  5.00 ns|  3.534 ns|     1.35 ns|
    +--------+---------+----------+------------+

+ Latency: 
    * Summary: 
    +---------+---------+-----------+-----------+-----+-----+------------------------------------------+
    |  Latency (cycles) |   Latency (absolute)  |  Interval |                 Pipeline                 |
    |   min   |   max   |    min    |    max    | min | max |                   Type                   |
    +---------+---------+-----------+-----------+-----+-----+------------------------------------------+
    |       10|       11|  50.000 ns|  55.000 ns|    5|    5|  loop rewind stp(delay=0 clock cycles(s))|
    +---------+---------+-----------+-----------+-----+-----+------------------------------------------+

    + Detail: 
        * Instance: 
        N/A

        * Loop: 
        +-------------+---------+---------+----------+-----------+-----------+------+----------+
        |             |  Latency (cycles) | Iteration|  Initiation Interval  | Trip |          |
        |  Loop Name  |   min   |   max   |  Latency |  achieved |   target  | Count| Pipelined|
        +-------------+---------+---------+----------+-----------+-----------+------+----------+
        |- ReuseLoop  |       10|       10|         7|          1|          1|     5|       yes|
        +-------------+---------+---------+----------+-----------+-----------+------+----------+



================================================================
== Utilization Estimates
================================================================
* Summary: 
+-----------------+---------+-----+--------+-------+-----+
|       Name      | BRAM_18K| DSP |   FF   |  LUT  | URAM|
+-----------------+---------+-----+--------+-------+-----+
|DSP              |        -|    -|       -|      -|    -|
|Expression       |        -|    -|       0|   1512|    -|
|FIFO             |        -|    -|       -|      -|    -|
|Instance         |        -|   64|    4288|    178|    -|
|Memory           |       29|    -|       0|      0|    -|
|Multiplexer      |        -|    -|       -|   1111|    -|
|Register         |        -|    -|    4014|     32|    -|
+-----------------+---------+-----+--------+-------+-----+
|Total            |       29|   64|    8302|   2833|    0|
+-----------------+---------+-----+--------+-------+-----+
|Available        |      280|  220|  106400|  53200|    0|
+-----------------+---------+-----+--------+-------+-----+
|Utilization (%)  |       10|   29|       7|      5|    0|
+-----------------+---------+-----+--------+-------+-----+

+ Detail: 
    * Instance: 
    +------------------------+--------------------+---------+----+----+----+-----+
    |        Instance        |       Module       | BRAM_18K| DSP| FF | LUT| URAM|
    +------------------------+--------------------+---------+----+----+----+-----+
    |mul_16s_12s_26_2_1_U66  |mul_16s_12s_26_2_1  |        0|   1|  67|   2|    0|
    |mul_16s_16s_26_2_1_U3   |mul_16s_16s_26_2_1  |        0|   1|  67|   2|    0|
    |mul_16s_16s_26_2_1_U4   |mul_16s_16s_26_2_1  |        0|   1|  67|   2|    0|
    |mul_16s_16s_26_2_1_U5   |mul_16s_16s_26_2_1  |        0|   1|  67|   2|    0|
    |mul_16s_16s_26_2_1_U6   |mul_16s_16s_26_2_1  |        0|   1|  67|   2|    0|
    |mul_16s_16s_26_2_1_U7   |mul_16s_16s_26_2_1  |        0|   1|  67|   2|    0|
    |mul_16s_16s_26_2_1_U8   |mul_16s_16s_26_2_1  |        0|   1|  67|   2|    0|
    |mul_16s_16s_26_2_1_U9   |mul_16s_16s_26_2_1  |        0|   1|  67|   2|    0|
    |mul_16s_16s_26_2_1_U10  |mul_16s_16s_26_2_1  |        0|   1|  67|   2|    0|
    |mul_16s_16s_26_2_1_U11  |mul_16s_16s_26_2_1  |        0|   1|  67|   2|    0|
    |mul_16s_16s_26_2_1_U12  |mul_16s_16s_26_2_1  |        0|   1|  67|   2|    0|
    |mul_16s_16s_26_2_1_U13  |mul_16s_16s_26_2_1  |        0|   1|  67|   2|    0|
    |mul_16s_16s_26_2_1_U14  |mul_16s_16s_26_2_1  |        0|   1|  67|   2|    0|
    |mul_16s_16s_26_2_1_U15  |mul_16s_16s_26_2_1  |        0|   1|  67|   2|    0|
    |mul_16s_16s_26_2_1_U16  |mul_16s_16s_26_2_1  |        0|   1|  67|   2|    0|
    |mul_16s_16s_26_2_1_U17  |mul_16s_16s_26_2_1  |        0|   1|  67|   2|    0|
    |mul_16s_16s_26_2_1_U18  |mul_16s_16s_26_2_1  |        0|   1|  67|   2|    0|
    |mul_16s_16s_26_2_1_U19  |mul_16s_16s_26_2_1  |        0|   1|  67|   2|    0|
    |mul_16s_16s_26_2_1_U20  |mul_16s_16s_26_2_1  |        0|   1|  67|   2|    0|
    |mul_16s_16s_26_2_1_U21  |mul_16s_16s_26_2_1  |        0|   1|  67|   2|    0|
    |mul_16s_16s_26_2_1_U22  |mul_16s_16s_26_2_1  |        0|   1|  67|   2|    0|
    |mul_16s_16s_26_2_1_U23  |mul_16s_16s_26_2_1  |        0|   1|  67|   2|    0|
    |mul_16s_16s_26_2_1_U24  |mul_16s_16s_26_2_1  |        0|   1|  67|   2|    0|
    |mul_16s_16s_26_2_1_U25  |mul_16s_16s_26_2_1  |        0|   1|  67|   2|    0|
    |mul_16s_16s_26_2_1_U26  |mul_16s_16s_26_2_1  |        0|   1|  67|   2|    0|
    |mul_16s_16s_26_2_1_U27  |mul_16s_16s_26_2_1  |        0|   1|  67|   2|    0|
    |mul_16s_16s_26_2_1_U28  |mul_16s_16s_26_2_1  |        0|   1|  67|   2|    0|
    |mul_16s_16s_26_2_1_U29  |mul_16s_16s_26_2_1  |        0|   1|  67|   2|    0|
    |mul_16s_16s_26_2_1_U30  |mul_16s_16s_26_2_1  |        0|   1|  67|   2|    0|
    |mul_16s_16s_26_2_1_U31  |mul_16s_16s_26_2_1  |        0|   1|  67|   2|    0|
    |mul_16s_16s_26_2_1_U32  |mul_16s_16s_26_2_1  |        0|   1|  67|   2|    0|
    |mul_16s_16s_26_2_1_U33  |mul_16s_16s_26_2_1  |        0|   1|  67|   2|    0|
    |mul_16s_16s_26_2_1_U34  |mul_16s_16s_26_2_1  |        0|   1|  67|   2|    0|
    |mul_16s_16s_26_2_1_U35  |mul_16s_16s_26_2_1  |        0|   1|  67|   2|    0|
    |mul_16s_16s_26_2_1_U36  |mul_16s_16s_26_2_1  |        0|   1|  67|   2|    0|
    |mul_16s_16s_26_2_1_U37  |mul_16s_16s_26_2_1  |        0|   1|  67|   2|    0|
    |mul_16s_16s_26_2_1_U38  |mul_16s_16s_26_2_1  |        0|   1|  67|   2|    0|
    |mul_16s_16s_26_2_1_U39  |mul_16s_16s_26_2_1  |        0|   1|  67|   2|    0|
    |mul_16s_16s_26_2_1_U40  |mul_16s_16s_26_2_1  |        0|   1|  67|   2|    0|
    |mul_16s_16s_26_2_1_U41  |mul_16s_16s_26_2_1  |        0|   1|  67|   2|    0|
    |mul_16s_16s_26_2_1_U42  |mul_16s_16s_26_2_1  |        0|   1|  67|   2|    0|
    |mul_16s_16s_26_2_1_U43  |mul_16s_16s_26_2_1  |        0|   1|  67|   2|    0|
    |mul_16s_16s_26_2_1_U44  |mul_16s_16s_26_2_1  |        0|   1|  67|   2|    0|
    |mul_16s_16s_26_2_1_U45  |mul_16s_16s_26_2_1  |        0|   1|  67|   2|    0|
    |mul_16s_16s_26_2_1_U46  |mul_16s_16s_26_2_1  |        0|   1|  67|   2|    0|
    |mul_16s_16s_26_2_1_U47  |mul_16s_16s_26_2_1  |        0|   1|  67|   2|    0|
    |mul_16s_16s_26_2_1_U48  |mul_16s_16s_26_2_1  |        0|   1|  67|   2|    0|
    |mul_16s_16s_26_2_1_U49  |mul_16s_16s_26_2_1  |        0|   1|  67|   2|    0|
    |mul_16s_16s_26_2_1_U50  |mul_16s_16s_26_2_1  |        0|   1|  67|   2|    0|
    |mul_16s_16s_26_2_1_U51  |mul_16s_16s_26_2_1  |        0|   1|  67|   2|    0|
    |mul_16s_16s_26_2_1_U52  |mul_16s_16s_26_2_1  |        0|   1|  67|   2|    0|
    |mul_16s_16s_26_2_1_U53  |mul_16s_16s_26_2_1  |        0|   1|  67|   2|    0|
    |mul_16s_16s_26_2_1_U54  |mul_16s_16s_26_2_1  |        0|   1|  67|   2|    0|
    |mul_16s_16s_26_2_1_U55  |mul_16s_16s_26_2_1  |        0|   1|  67|   2|    0|
    |mul_16s_16s_26_2_1_U56  |mul_16s_16s_26_2_1  |        0|   1|  67|   2|    0|
    |mul_16s_16s_26_2_1_U57  |mul_16s_16s_26_2_1  |        0|   1|  67|   2|    0|
    |mul_16s_16s_26_2_1_U58  |mul_16s_16s_26_2_1  |        0|   1|  67|   2|    0|
    |mul_16s_16s_26_2_1_U59  |mul_16s_16s_26_2_1  |        0|   1|  67|   2|    0|
    |mul_16s_16s_26_2_1_U60  |mul_16s_16s_26_2_1  |        0|   1|  67|   2|    0|
    |mul_16s_16s_26_2_1_U61  |mul_16s_16s_26_2_1  |        0|   1|  67|   2|    0|
    |mul_16s_16s_26_2_1_U62  |mul_16s_16s_26_2_1  |        0|   1|  67|   2|    0|
    |mul_16s_16s_26_2_1_U63  |mul_16s_16s_26_2_1  |        0|   1|  67|   2|    0|
    |mul_16s_16s_26_2_1_U64  |mul_16s_16s_26_2_1  |        0|   1|  67|   2|    0|
    |mul_16s_16s_26_2_1_U65  |mul_16s_16s_26_2_1  |        0|   1|  67|   2|    0|
    |mux_5_3_16_1_1_U1       |mux_5_3_16_1_1      |        0|   0|   0|  25|    0|
    |mux_5_3_16_1_1_U2       |mux_5_3_16_1_1      |        0|   0|   0|  25|    0|
    +------------------------+--------------------+---------+----+----+----+-----+
    |Total                   |                    |        0|  64|4288| 178|    0|
    +------------------------+--------------------+---------+----+----+----+-----+

    * DSP: 
    N/A

    * Memory: 
    +---------+----------------------------------------------------------------------------------+---------+---+----+-----+------+------+------+-------------+
    |  Memory |                                      Module                                      | BRAM_18K| FF| LUT| URAM| Words| Bits | Banks| W*Bits*Banks|
    +---------+----------------------------------------------------------------------------------+---------+---+----+-----+------+------+------+-------------+
    |w2_66_U  |dense_array_ap_fixed_10u_array_ap_fixed_16_6_5_3_0_32u_config2_s_w2_66_ROM_NPbkb  |       29|  0|   0|    0|     5|  1020|     1|         5100|
    +---------+----------------------------------------------------------------------------------+---------+---+----+-----+------+------+------+-------------+
    |Total    |                                                                                  |       29|  0|   0|    0|     5|  1020|     1|         5100|
    +---------+----------------------------------------------------------------------------------+---------+---+----+-----+------+------+------+-------------+

    * FIFO: 
    N/A

    * Expression: 
    +----------------------------------+----------+----+---+----+------------+------------+
    |           Variable Name          | Operation| DSP| FF| LUT| Bitwidth P0| Bitwidth P1|
    +----------------------------------+----------+----+---+----+------------+------------+
    |add_ln58_11_fu_3168_p2            |         +|   0|  0|  23|          16|          16|
    |add_ln58_13_fu_3172_p2            |         +|   0|  0|  23|          16|          16|
    |add_ln58_15_fu_3176_p2            |         +|   0|  0|  23|          16|          16|
    |add_ln58_17_fu_3180_p2            |         +|   0|  0|  23|          16|          16|
    |add_ln58_19_fu_3184_p2            |         +|   0|  0|  23|          16|          16|
    |add_ln58_21_fu_3188_p2            |         +|   0|  0|  23|          16|          16|
    |add_ln58_23_fu_3192_p2            |         +|   0|  0|  23|          16|          16|
    |add_ln58_25_fu_3196_p2            |         +|   0|  0|  23|          16|          16|
    |add_ln58_27_fu_3200_p2            |         +|   0|  0|  23|          16|          16|
    |add_ln58_29_fu_3204_p2            |         +|   0|  0|  23|          16|          16|
    |add_ln58_31_fu_3208_p2            |         +|   0|  0|  23|          16|          16|
    |add_ln58_33_fu_3212_p2            |         +|   0|  0|  23|          16|          16|
    |add_ln58_35_fu_3216_p2            |         +|   0|  0|  23|          16|          16|
    |add_ln58_37_fu_3220_p2            |         +|   0|  0|  23|          16|          16|
    |add_ln58_39_fu_3224_p2            |         +|   0|  0|  23|          16|          16|
    |add_ln58_41_fu_3228_p2            |         +|   0|  0|  23|          16|          16|
    |add_ln58_43_fu_3232_p2            |         +|   0|  0|  23|          16|          16|
    |add_ln58_45_fu_3236_p2            |         +|   0|  0|  23|          16|          16|
    |add_ln58_47_fu_3240_p2            |         +|   0|  0|  23|          16|          16|
    |add_ln58_49_fu_3244_p2            |         +|   0|  0|  23|          16|          16|
    |add_ln58_51_fu_3248_p2            |         +|   0|  0|  23|          16|          16|
    |add_ln58_53_fu_3252_p2            |         +|   0|  0|  23|          16|          16|
    |add_ln58_55_fu_3256_p2            |         +|   0|  0|  23|          16|          16|
    |add_ln58_57_fu_3260_p2            |         +|   0|  0|  23|          16|          16|
    |add_ln58_59_fu_3264_p2            |         +|   0|  0|  23|          16|          16|
    |add_ln58_61_fu_3268_p2            |         +|   0|  0|  23|          16|          16|
    |add_ln58_63_fu_3272_p2            |         +|   0|  0|  23|          16|          16|
    |add_ln58_65_fu_3276_p2            |         +|   0|  0|  23|          16|          16|
    |add_ln58_67_fu_3280_p2            |         +|   0|  0|  23|          16|          16|
    |add_ln58_69_fu_3284_p2            |         +|   0|  0|  23|          16|          16|
    |add_ln58_9_fu_3164_p2             |         +|   0|  0|  23|          16|          16|
    |add_ln58_fu_3160_p2               |         +|   0|  0|  23|          16|          16|
    |res_10_fu_3338_p2                 |         +|   0|  0|  23|          16|          16|
    |res_11_fu_3343_p2                 |         +|   0|  0|  23|          16|          16|
    |res_12_fu_3348_p2                 |         +|   0|  0|  23|          16|          16|
    |res_13_fu_3353_p2                 |         +|   0|  0|  23|          16|          16|
    |res_14_fu_3358_p2                 |         +|   0|  0|  23|          16|          16|
    |res_15_fu_3363_p2                 |         +|   0|  0|  23|          16|          16|
    |res_16_fu_3368_p2                 |         +|   0|  0|  23|          16|          16|
    |res_17_fu_3373_p2                 |         +|   0|  0|  23|          16|          16|
    |res_18_fu_3378_p2                 |         +|   0|  0|  23|          16|          16|
    |res_19_fu_3383_p2                 |         +|   0|  0|  23|          16|          16|
    |res_1_fu_3293_p2                  |         +|   0|  0|  23|          16|          16|
    |res_20_fu_3388_p2                 |         +|   0|  0|  23|          16|          16|
    |res_21_fu_3393_p2                 |         +|   0|  0|  23|          16|          16|
    |res_22_fu_3398_p2                 |         +|   0|  0|  23|          16|          16|
    |res_23_fu_3403_p2                 |         +|   0|  0|  23|          16|          16|
    |res_24_fu_3408_p2                 |         +|   0|  0|  23|          16|          16|
    |res_25_fu_3413_p2                 |         +|   0|  0|  23|          16|          16|
    |res_26_fu_3418_p2                 |         +|   0|  0|  23|          16|          16|
    |res_27_fu_3423_p2                 |         +|   0|  0|  23|          16|          16|
    |res_28_fu_3428_p2                 |         +|   0|  0|  23|          16|          16|
    |res_29_fu_3433_p2                 |         +|   0|  0|  23|          16|          16|
    |res_2_fu_3298_p2                  |         +|   0|  0|  23|          16|          16|
    |res_30_fu_3438_p2                 |         +|   0|  0|  23|          16|          16|
    |res_31_fu_3443_p2                 |         +|   0|  0|  23|          16|          16|
    |res_3_fu_3303_p2                  |         +|   0|  0|  23|          16|          16|
    |res_4_fu_3308_p2                  |         +|   0|  0|  23|          16|          16|
    |res_5_fu_3313_p2                  |         +|   0|  0|  23|          16|          16|
    |res_6_fu_3318_p2                  |         +|   0|  0|  23|          16|          16|
    |res_7_fu_3323_p2                  |         +|   0|  0|  23|          16|          16|
    |res_8_fu_3328_p2                  |         +|   0|  0|  23|          16|          16|
    |res_9_fu_3333_p2                  |         +|   0|  0|  23|          16|          16|
    |res_fu_3288_p2                    |         +|   0|  0|  23|          16|          16|
    |w_index_fu_1260_p2                |         +|   0|  0|  11|           3|           1|
    |ap_block_state2_pp0_stage0_iter0  |       and|   0|  0|   2|           1|           1|
    |ap_block_state8_pp0_stage0_iter6  |       and|   0|  0|   2|           1|           1|
    |ap_condition_76                   |       and|   0|  0|   2|           1|           1|
    |ap_condition_797                  |       and|   0|  0|   2|           1|           1|
    |ap_condition_800                  |       and|   0|  0|   2|           1|           1|
    |icmp_ln46_fu_1266_p2              |      icmp|   0|  0|  13|           3|           4|
    |ap_block_pp0_stage0_01001         |        or|   0|  0|   2|           1|           1|
    |ap_block_state1                   |        or|   0|  0|   2|           1|           1|
    |ap_enable_pp0                     |       xor|   0|  0|   2|           1|           2|
    +----------------------------------+----------+----+---+----+------------+------------+
    |Total                             |          |   0|  0|1512|        1038|        1038|
    +----------------------------------+----------+----+---+----+------------+------------+

    * Multiplexer: 
    +--------------------------------------------+----+-----------+-----+-----------+
    |                    Name                    | LUT| Input Size| Bits| Total Bits|
    +--------------------------------------------+----+-----------+-----+-----------+
    |ap_NS_fsm                                   |  14|          3|    1|          3|
    |ap_done                                     |   9|          2|    1|          2|
    |ap_enable_reg_pp0_iter1                     |   9|          2|    1|          2|
    |ap_enable_reg_pp0_iter6                     |   9|          2|    1|          2|
    |ap_phi_mux_data_2970_phi_phi_fu_681_p4      |   9|          2|   16|         32|
    |ap_phi_mux_data_3071_phi_phi_fu_669_p4      |   9|          2|   16|         32|
    |ap_phi_mux_data_3172_phi_phi_fu_657_p4      |   9|          2|   16|         32|
    |ap_phi_mux_data_3273_phi_phi_fu_645_p4      |   9|          2|   16|         32|
    |ap_phi_mux_data_3374_phi_phi_fu_633_p4      |   9|          2|   16|         32|
    |ap_phi_mux_data_3475_phi_phi_fu_621_p4      |   9|          2|   16|         32|
    |ap_phi_mux_data_3576_phi_phi_fu_609_p4      |   9|          2|   16|         32|
    |ap_phi_mux_data_3677_phi_phi_fu_597_p4      |   9|          2|   16|         32|
    |ap_phi_mux_data_3769_phi_phi_fu_693_p4      |   9|          2|   16|         32|
    |ap_phi_mux_do_init_phi_fu_426_p6            |  14|          3|    1|          3|
    |ap_phi_mux_p_phi_phi_fu_705_p4              |   9|          2|   16|         32|
    |ap_phi_mux_res66_phi_fu_717_p6              |  14|          3|   16|         48|
    |ap_phi_mux_res_1046_phi_fu_857_p6           |  14|          3|   16|         48|
    |ap_phi_mux_res_1144_phi_fu_871_p6           |  14|          3|   16|         48|
    |ap_phi_mux_res_1242_phi_fu_885_p6           |  14|          3|   16|         48|
    |ap_phi_mux_res_1340_phi_fu_899_p6           |  14|          3|   16|         48|
    |ap_phi_mux_res_1438_phi_fu_913_p6           |  14|          3|   16|         48|
    |ap_phi_mux_res_1536_phi_fu_927_p6           |  14|          3|   16|         48|
    |ap_phi_mux_res_1634_phi_fu_941_p6           |  14|          3|   16|         48|
    |ap_phi_mux_res_164_phi_fu_731_p6            |  14|          3|   16|         48|
    |ap_phi_mux_res_1732_phi_fu_955_p6           |  14|          3|   16|         48|
    |ap_phi_mux_res_1830_phi_fu_969_p6           |  14|          3|   16|         48|
    |ap_phi_mux_res_1928_phi_fu_983_p6           |  14|          3|   16|         48|
    |ap_phi_mux_res_2026_phi_fu_997_p6           |  14|          3|   16|         48|
    |ap_phi_mux_res_2124_phi_fu_1011_p6          |  14|          3|   16|         48|
    |ap_phi_mux_res_2222_phi_fu_1025_p6          |  14|          3|   16|         48|
    |ap_phi_mux_res_2320_phi_fu_1039_p6          |  14|          3|   16|         48|
    |ap_phi_mux_res_2418_phi_fu_1053_p6          |  14|          3|   16|         48|
    |ap_phi_mux_res_2516_phi_fu_1067_p6          |  14|          3|   16|         48|
    |ap_phi_mux_res_2614_phi_fu_1081_p6          |  14|          3|   16|         48|
    |ap_phi_mux_res_262_phi_fu_745_p6            |  14|          3|   16|         48|
    |ap_phi_mux_res_2712_phi_fu_1095_p6          |  14|          3|   16|         48|
    |ap_phi_mux_res_2810_phi_fu_1109_p6          |  14|          3|   16|         48|
    |ap_phi_mux_res_298_phi_fu_1123_p6           |  14|          3|   16|         48|
    |ap_phi_mux_res_306_phi_fu_1137_p6           |  14|          3|   16|         48|
    |ap_phi_mux_res_314_phi_fu_1151_p6           |  14|          3|   16|         48|
    |ap_phi_mux_res_360_phi_fu_759_p6            |  14|          3|   16|         48|
    |ap_phi_mux_res_458_phi_fu_773_p6            |  14|          3|   16|         48|
    |ap_phi_mux_res_556_phi_fu_787_p6            |  14|          3|   16|         48|
    |ap_phi_mux_res_654_phi_fu_801_p6            |  14|          3|   16|         48|
    |ap_phi_mux_res_752_phi_fu_815_p6            |  14|          3|   16|         48|
    |ap_phi_mux_res_850_phi_fu_829_p6            |  14|          3|   16|         48|
    |ap_phi_mux_res_948_phi_fu_843_p6            |  14|          3|   16|         48|
    |ap_phi_mux_w_index3_phi_fu_442_p6           |  14|          3|    3|          9|
    |ap_phi_reg_pp0_iter1_data_2970_phi_reg_677  |   9|          2|   16|         32|
    |ap_phi_reg_pp0_iter1_data_3071_phi_reg_665  |   9|          2|   16|         32|
    |ap_phi_reg_pp0_iter1_data_3172_phi_reg_653  |   9|          2|   16|         32|
    |ap_phi_reg_pp0_iter1_data_3273_phi_reg_641  |   9|          2|   16|         32|
    |ap_phi_reg_pp0_iter1_data_3374_phi_reg_629  |   9|          2|   16|         32|
    |ap_phi_reg_pp0_iter1_data_3475_phi_reg_617  |   9|          2|   16|         32|
    |ap_phi_reg_pp0_iter1_data_3576_phi_reg_605  |   9|          2|   16|         32|
    |ap_phi_reg_pp0_iter1_data_3677_phi_reg_593  |   9|          2|   16|         32|
    |ap_phi_reg_pp0_iter1_data_3769_phi_reg_689  |   9|          2|   16|         32|
    |ap_phi_reg_pp0_iter1_p_phi_reg_701          |   9|          2|   16|         32|
    |data_2970_phi_reg_677                       |   9|          2|   16|         32|
    |data_3071_phi_reg_665                       |   9|          2|   16|         32|
    |data_3172_phi_reg_653                       |   9|          2|   16|         32|
    |data_3273_phi_reg_641                       |   9|          2|   16|         32|
    |data_3374_phi_reg_629                       |   9|          2|   16|         32|
    |data_3475_phi_reg_617                       |   9|          2|   16|         32|
    |data_3576_phi_reg_605                       |   9|          2|   16|         32|
    |data_3677_phi_reg_593                       |   9|          2|   16|         32|
    |data_3769_phi_reg_689                       |   9|          2|   16|         32|
    |input_1_TDATA_blk_n                         |   9|          2|    1|          2|
    |layer2_out_blk_n                            |   9|          2|    1|          2|
    |p_phi_reg_701                               |   9|          2|   16|         32|
    |real_start                                  |   9|          2|    1|          2|
    |res66_reg_713                               |   9|          2|   16|         32|
    |res_1046_reg_853                            |   9|          2|   16|         32|
    |res_1144_reg_867                            |   9|          2|   16|         32|
    |res_1242_reg_881                            |   9|          2|   16|         32|
    |res_1340_reg_895                            |   9|          2|   16|         32|
    |res_1438_reg_909                            |   9|          2|   16|         32|
    |res_1536_reg_923                            |   9|          2|   16|         32|
    |res_1634_reg_937                            |   9|          2|   16|         32|
    |res_164_reg_727                             |   9|          2|   16|         32|
    |res_1732_reg_951                            |   9|          2|   16|         32|
    |res_1830_reg_965                            |   9|          2|   16|         32|
    |res_1928_reg_979                            |   9|          2|   16|         32|
    |res_2026_reg_993                            |   9|          2|   16|         32|
    |res_2124_reg_1007                           |   9|          2|   16|         32|
    |res_2222_reg_1021                           |   9|          2|   16|         32|
    |res_2320_reg_1035                           |   9|          2|   16|         32|
    |res_2418_reg_1049                           |   9|          2|   16|         32|
    |res_2516_reg_1063                           |   9|          2|   16|         32|
    |res_2614_reg_1077                           |   9|          2|   16|         32|
    |res_262_reg_741                             |   9|          2|   16|         32|
    |res_2712_reg_1091                           |   9|          2|   16|         32|
    |res_2810_reg_1105                           |   9|          2|   16|         32|
    |res_298_reg_1119                            |   9|          2|   16|         32|
    |res_306_reg_1133                            |   9|          2|   16|         32|
    |res_314_reg_1147                            |   9|          2|   16|         32|
    |res_360_reg_755                             |   9|          2|   16|         32|
    |res_458_reg_769                             |   9|          2|   16|         32|
    |res_556_reg_783                             |   9|          2|   16|         32|
    |res_654_reg_797                             |   9|          2|   16|         32|
    |res_752_reg_811                             |   9|          2|   16|         32|
    |res_850_reg_825                             |   9|          2|   16|         32|
    |res_948_reg_839                             |   9|          2|   16|         32|
    |w_index3_reg_438                            |   9|          2|    3|          6|
    +--------------------------------------------+----+-----------+-----+-----------+
    |Total                                       |1111|        243| 1518|       3553|
    +--------------------------------------------+----+-----------+-----+-----------+

    * Register: 
    +--------------------------------------------+----+----+-----+-----------+
    |                    Name                    | FF | LUT| Bits| Const Bits|
    +--------------------------------------------+----+----+-----+-----------+
    |a_8_reg_3561                                |  16|   0|   16|          0|
    |a_reg_3551                                  |  16|   0|   16|          0|
    |add_ln58_11_reg_4603                        |  16|   0|   16|          0|
    |add_ln58_13_reg_4608                        |  16|   0|   16|          0|
    |add_ln58_15_reg_4613                        |  16|   0|   16|          0|
    |add_ln58_17_reg_4618                        |  16|   0|   16|          0|
    |add_ln58_19_reg_4623                        |  16|   0|   16|          0|
    |add_ln58_21_reg_4628                        |  16|   0|   16|          0|
    |add_ln58_23_reg_4633                        |  16|   0|   16|          0|
    |add_ln58_25_reg_4638                        |  16|   0|   16|          0|
    |add_ln58_27_reg_4643                        |  16|   0|   16|          0|
    |add_ln58_29_reg_4648                        |  16|   0|   16|          0|
    |add_ln58_31_reg_4653                        |  16|   0|   16|          0|
    |add_ln58_33_reg_4658                        |  16|   0|   16|          0|
    |add_ln58_35_reg_4663                        |  16|   0|   16|          0|
    |add_ln58_37_reg_4668                        |  16|   0|   16|          0|
    |add_ln58_39_reg_4673                        |  16|   0|   16|          0|
    |add_ln58_41_reg_4678                        |  16|   0|   16|          0|
    |add_ln58_43_reg_4683                        |  16|   0|   16|          0|
    |add_ln58_45_reg_4688                        |  16|   0|   16|          0|
    |add_ln58_47_reg_4693                        |  16|   0|   16|          0|
    |add_ln58_49_reg_4698                        |  16|   0|   16|          0|
    |add_ln58_51_reg_4703                        |  16|   0|   16|          0|
    |add_ln58_53_reg_4708                        |  16|   0|   16|          0|
    |add_ln58_55_reg_4713                        |  16|   0|   16|          0|
    |add_ln58_57_reg_4718                        |  16|   0|   16|          0|
    |add_ln58_59_reg_4723                        |  16|   0|   16|          0|
    |add_ln58_61_reg_4728                        |  16|   0|   16|          0|
    |add_ln58_63_reg_4733                        |  16|   0|   16|          0|
    |add_ln58_65_reg_4738                        |  16|   0|   16|          0|
    |add_ln58_67_reg_4743                        |  16|   0|   16|          0|
    |add_ln58_69_reg_4748                        |  16|   0|   16|          0|
    |add_ln58_9_reg_4598                         |  16|   0|   16|          0|
    |add_ln58_reg_4593                           |  16|   0|   16|          0|
    |ap_CS_fsm                                   |   2|   0|    2|          0|
    |ap_done_reg                                 |   1|   0|    1|          0|
    |ap_enable_reg_pp0_iter1                     |   1|   0|    1|          0|
    |ap_enable_reg_pp0_iter2                     |   1|   0|    1|          0|
    |ap_enable_reg_pp0_iter3                     |   1|   0|    1|          0|
    |ap_enable_reg_pp0_iter4                     |   1|   0|    1|          0|
    |ap_enable_reg_pp0_iter5                     |   1|   0|    1|          0|
    |ap_enable_reg_pp0_iter6                     |   1|   0|    1|          0|
    |ap_phi_reg_pp0_iter1_data_2970_phi_reg_677  |  16|   0|   16|          0|
    |ap_phi_reg_pp0_iter1_data_3071_phi_reg_665  |  16|   0|   16|          0|
    |ap_phi_reg_pp0_iter1_data_3172_phi_reg_653  |  16|   0|   16|          0|
    |ap_phi_reg_pp0_iter1_data_3273_phi_reg_641  |  16|   0|   16|          0|
    |ap_phi_reg_pp0_iter1_data_3374_phi_reg_629  |  16|   0|   16|          0|
    |ap_phi_reg_pp0_iter1_data_3475_phi_reg_617  |  16|   0|   16|          0|
    |ap_phi_reg_pp0_iter1_data_3576_phi_reg_605  |  16|   0|   16|          0|
    |ap_phi_reg_pp0_iter1_data_3677_phi_reg_593  |  16|   0|   16|          0|
    |ap_phi_reg_pp0_iter1_data_3769_phi_reg_689  |  16|   0|   16|          0|
    |ap_phi_reg_pp0_iter1_p_phi_reg_701          |  16|   0|   16|          0|
    |data_2970_phi_reg_677                       |  16|   0|   16|          0|
    |data_3071_phi_reg_665                       |  16|   0|   16|          0|
    |data_3172_phi_reg_653                       |  16|   0|   16|          0|
    |data_3273_phi_reg_641                       |  16|   0|   16|          0|
    |data_3374_phi_reg_629                       |  16|   0|   16|          0|
    |data_3475_phi_reg_617                       |  16|   0|   16|          0|
    |data_3576_phi_reg_605                       |  16|   0|   16|          0|
    |data_3677_phi_reg_593                       |  16|   0|   16|          0|
    |data_3769_phi_reg_689                       |  16|   0|   16|          0|
    |do_init_reg_422                             |   1|   0|    1|          0|
    |icmp_ln46_reg_3547                          |   1|   0|    1|          0|
    |p_phi_reg_701                               |  16|   0|   16|          0|
    |res66_reg_713                               |  16|   0|   16|          0|
    |res_1046_reg_853                            |  16|   0|   16|          0|
    |res_10_reg_4813                             |  16|   0|   16|          0|
    |res_1144_reg_867                            |  16|   0|   16|          0|
    |res_11_reg_4819                             |  16|   0|   16|          0|
    |res_1242_reg_881                            |  16|   0|   16|          0|
    |res_12_reg_4825                             |  16|   0|   16|          0|
    |res_1340_reg_895                            |  16|   0|   16|          0|
    |res_13_reg_4831                             |  16|   0|   16|          0|
    |res_1438_reg_909                            |  16|   0|   16|          0|
    |res_14_reg_4837                             |  16|   0|   16|          0|
    |res_1536_reg_923                            |  16|   0|   16|          0|
    |res_15_reg_4843                             |  16|   0|   16|          0|
    |res_1634_reg_937                            |  16|   0|   16|          0|
    |res_164_reg_727                             |  16|   0|   16|          0|
    |res_16_reg_4849                             |  16|   0|   16|          0|
    |res_1732_reg_951                            |  16|   0|   16|          0|
    |res_17_reg_4855                             |  16|   0|   16|          0|
    |res_1830_reg_965                            |  16|   0|   16|          0|
    |res_18_reg_4861                             |  16|   0|   16|          0|
    |res_1928_reg_979                            |  16|   0|   16|          0|
    |res_19_reg_4867                             |  16|   0|   16|          0|
    |res_1_reg_4759                              |  16|   0|   16|          0|
    |res_2026_reg_993                            |  16|   0|   16|          0|
    |res_20_reg_4873                             |  16|   0|   16|          0|
    |res_2124_reg_1007                           |  16|   0|   16|          0|
    |res_21_reg_4879                             |  16|   0|   16|          0|
    |res_2222_reg_1021                           |  16|   0|   16|          0|
    |res_22_reg_4885                             |  16|   0|   16|          0|
    |res_2320_reg_1035                           |  16|   0|   16|          0|
    |res_23_reg_4891                             |  16|   0|   16|          0|
    |res_2418_reg_1049                           |  16|   0|   16|          0|
    |res_24_reg_4897                             |  16|   0|   16|          0|
    |res_2516_reg_1063                           |  16|   0|   16|          0|
    |res_25_reg_4903                             |  16|   0|   16|          0|
    |res_2614_reg_1077                           |  16|   0|   16|          0|
    |res_262_reg_741                             |  16|   0|   16|          0|
    |res_26_reg_4909                             |  16|   0|   16|          0|
    |res_2712_reg_1091                           |  16|   0|   16|          0|
    |res_27_reg_4915                             |  16|   0|   16|          0|
    |res_2810_reg_1105                           |  16|   0|   16|          0|
    |res_28_reg_4921                             |  16|   0|   16|          0|
    |res_298_reg_1119                            |  16|   0|   16|          0|
    |res_29_reg_4927                             |  16|   0|   16|          0|
    |res_2_reg_4765                              |  16|   0|   16|          0|
    |res_306_reg_1133                            |  16|   0|   16|          0|
    |res_30_reg_4933                             |  16|   0|   16|          0|
    |res_314_reg_1147                            |  16|   0|   16|          0|
    |res_31_reg_4939                             |  16|   0|   16|          0|
    |res_360_reg_755                             |  16|   0|   16|          0|
    |res_3_reg_4771                              |  16|   0|   16|          0|
    |res_458_reg_769                             |  16|   0|   16|          0|
    |res_4_reg_4777                              |  16|   0|   16|          0|
    |res_556_reg_783                             |  16|   0|   16|          0|
    |res_5_reg_4783                              |  16|   0|   16|          0|
    |res_654_reg_797                             |  16|   0|   16|          0|
    |res_6_reg_4789                              |  16|   0|   16|          0|
    |res_752_reg_811                             |  16|   0|   16|          0|
    |res_7_reg_4795                              |  16|   0|   16|          0|
    |res_850_reg_825                             |  16|   0|   16|          0|
    |res_8_reg_4801                              |  16|   0|   16|          0|
    |res_948_reg_839                             |  16|   0|   16|          0|
    |res_9_reg_4807                              |  16|   0|   16|          0|
    |res_reg_4753                                |  16|   0|   16|          0|
    |start_once_reg                              |   1|   0|    1|          0|
    |tmp_reg_3876                                |  12|   0|   12|          0|
    |trunc_ln58_10_reg_4328                      |  16|   0|   16|          0|
    |trunc_ln58_11_reg_4333                      |  16|   0|   16|          0|
    |trunc_ln58_12_reg_4338                      |  16|   0|   16|          0|
    |trunc_ln58_13_reg_4343                      |  16|   0|   16|          0|
    |trunc_ln58_14_reg_4348                      |  16|   0|   16|          0|
    |trunc_ln58_15_reg_4353                      |  16|   0|   16|          0|
    |trunc_ln58_16_reg_4358                      |  16|   0|   16|          0|
    |trunc_ln58_17_reg_4363                      |  16|   0|   16|          0|
    |trunc_ln58_18_reg_4368                      |  16|   0|   16|          0|
    |trunc_ln58_19_reg_4373                      |  16|   0|   16|          0|
    |trunc_ln58_1_reg_4293                       |  16|   0|   16|          0|
    |trunc_ln58_20_reg_4378                      |  16|   0|   16|          0|
    |trunc_ln58_21_reg_4383                      |  16|   0|   16|          0|
    |trunc_ln58_22_reg_4388                      |  16|   0|   16|          0|
    |trunc_ln58_23_reg_4393                      |  16|   0|   16|          0|
    |trunc_ln58_24_reg_4398                      |  16|   0|   16|          0|
    |trunc_ln58_25_reg_4403                      |  16|   0|   16|          0|
    |trunc_ln58_26_reg_4408                      |  16|   0|   16|          0|
    |trunc_ln58_27_reg_4413                      |  16|   0|   16|          0|
    |trunc_ln58_28_reg_4418                      |  16|   0|   16|          0|
    |trunc_ln58_29_reg_4423                      |  16|   0|   16|          0|
    |trunc_ln58_2_reg_4298                       |  16|   0|   16|          0|
    |trunc_ln58_30_reg_4428                      |  16|   0|   16|          0|
    |trunc_ln58_31_reg_4433                      |  16|   0|   16|          0|
    |trunc_ln58_32_reg_4438                      |  16|   0|   16|          0|
    |trunc_ln58_33_reg_4443                      |  16|   0|   16|          0|
    |trunc_ln58_34_reg_4448                      |  16|   0|   16|          0|
    |trunc_ln58_35_reg_4453                      |  16|   0|   16|          0|
    |trunc_ln58_36_reg_4458                      |  16|   0|   16|          0|
    |trunc_ln58_37_reg_4463                      |  16|   0|   16|          0|
    |trunc_ln58_38_reg_4468                      |  16|   0|   16|          0|
    |trunc_ln58_39_reg_4473                      |  16|   0|   16|          0|
    |trunc_ln58_3_reg_4303                       |  16|   0|   16|          0|
    |trunc_ln58_40_reg_4478                      |  16|   0|   16|          0|
    |trunc_ln58_41_reg_4483                      |  16|   0|   16|          0|
    |trunc_ln58_42_reg_4488                      |  16|   0|   16|          0|
    |trunc_ln58_43_reg_4493                      |  16|   0|   16|          0|
    |trunc_ln58_44_reg_4498                      |  16|   0|   16|          0|
    |trunc_ln58_45_reg_4503                      |  16|   0|   16|          0|
    |trunc_ln58_46_reg_4508                      |  16|   0|   16|          0|
    |trunc_ln58_47_reg_4513                      |  16|   0|   16|          0|
    |trunc_ln58_48_reg_4518                      |  16|   0|   16|          0|
    |trunc_ln58_49_reg_4523                      |  16|   0|   16|          0|
    |trunc_ln58_4_reg_4308                       |  16|   0|   16|          0|
    |trunc_ln58_50_reg_4528                      |  16|   0|   16|          0|
    |trunc_ln58_51_reg_4533                      |  16|   0|   16|          0|
    |trunc_ln58_52_reg_4538                      |  16|   0|   16|          0|
    |trunc_ln58_53_reg_4543                      |  16|   0|   16|          0|
    |trunc_ln58_54_reg_4548                      |  16|   0|   16|          0|
    |trunc_ln58_55_reg_4553                      |  16|   0|   16|          0|
    |trunc_ln58_56_reg_4558                      |  16|   0|   16|          0|
    |trunc_ln58_57_reg_4563                      |  16|   0|   16|          0|
    |trunc_ln58_58_reg_4568                      |  16|   0|   16|          0|
    |trunc_ln58_59_reg_4573                      |  16|   0|   16|          0|
    |trunc_ln58_5_reg_4313                       |  16|   0|   16|          0|
    |trunc_ln58_60_reg_4578                      |  16|   0|   16|          0|
    |trunc_ln58_61_reg_4583                      |  16|   0|   16|          0|
    |trunc_ln58_62_reg_4588                      |  16|   0|   16|          0|
    |trunc_ln58_6_reg_4318                       |  16|   0|   16|          0|
    |trunc_ln58_7_reg_4323                       |  16|   0|   16|          0|
    |trunc_ln58_8_reg_4278                       |  16|   0|   16|          0|
    |trunc_ln58_9_reg_4283                       |  16|   0|   16|          0|
    |trunc_ln58_s_reg_4288                       |  16|   0|   16|          0|
    |trunc_ln_reg_4273                           |  16|   0|   16|          0|
    |w_10_reg_3581                               |  16|   0|   16|          0|
    |w_11_reg_3586                               |  16|   0|   16|          0|
    |w_12_reg_3591                               |  16|   0|   16|          0|
    |w_13_reg_3596                               |  16|   0|   16|          0|
    |w_14_reg_3601                               |  16|   0|   16|          0|
    |w_15_reg_3606                               |  16|   0|   16|          0|
    |w_16_reg_3611                               |  16|   0|   16|          0|
    |w_17_reg_3616                               |  16|   0|   16|          0|
    |w_18_reg_3621                               |  16|   0|   16|          0|
    |w_19_reg_3626                               |  16|   0|   16|          0|
    |w_20_reg_3631                               |  16|   0|   16|          0|
    |w_21_reg_3636                               |  16|   0|   16|          0|
    |w_22_reg_3641                               |  16|   0|   16|          0|
    |w_23_reg_3646                               |  16|   0|   16|          0|
    |w_24_reg_3651                               |  16|   0|   16|          0|
    |w_25_reg_3656                               |  16|   0|   16|          0|
    |w_26_reg_3661                               |  16|   0|   16|          0|
    |w_27_reg_3666                               |  16|   0|   16|          0|
    |w_28_reg_3671                               |  16|   0|   16|          0|
    |w_29_reg_3676                               |  16|   0|   16|          0|
    |w_30_reg_3681                               |  16|   0|   16|          0|
    |w_31_reg_3686                               |  16|   0|   16|          0|
    |w_32_reg_3691                               |  16|   0|   16|          0|
    |w_33_reg_3696                               |  16|   0|   16|          0|
    |w_34_reg_3701                               |  16|   0|   16|          0|
    |w_35_reg_3706                               |  16|   0|   16|          0|
    |w_36_reg_3711                               |  16|   0|   16|          0|
    |w_37_reg_3716                               |  16|   0|   16|          0|
    |w_38_reg_3721                               |  16|   0|   16|          0|
    |w_39_reg_3726                               |  16|   0|   16|          0|
    |w_40_reg_3731                               |  16|   0|   16|          0|
    |w_41_reg_3736                               |  16|   0|   16|          0|
    |w_42_reg_3741                               |  16|   0|   16|          0|
    |w_43_reg_3746                               |  16|   0|   16|          0|
    |w_44_reg_3751                               |  16|   0|   16|          0|
    |w_45_reg_3756                               |  16|   0|   16|          0|
    |w_46_reg_3761                               |  16|   0|   16|          0|
    |w_47_reg_3766                               |  16|   0|   16|          0|
    |w_48_reg_3771                               |  16|   0|   16|          0|
    |w_49_reg_3776                               |  16|   0|   16|          0|
    |w_50_reg_3781                               |  16|   0|   16|          0|
    |w_51_reg_3786                               |  16|   0|   16|          0|
    |w_52_reg_3791                               |  16|   0|   16|          0|
    |w_53_reg_3796                               |  16|   0|   16|          0|
    |w_54_reg_3801                               |  16|   0|   16|          0|
    |w_55_reg_3806                               |  16|   0|   16|          0|
    |w_56_reg_3811                               |  16|   0|   16|          0|
    |w_57_reg_3816                               |  16|   0|   16|          0|
    |w_58_reg_3821                               |  16|   0|   16|          0|
    |w_59_reg_3826                               |  16|   0|   16|          0|
    |w_60_reg_3831                               |  16|   0|   16|          0|
    |w_61_reg_3836                               |  16|   0|   16|          0|
    |w_62_reg_3841                               |  16|   0|   16|          0|
    |w_63_reg_3846                               |  16|   0|   16|          0|
    |w_64_reg_3851                               |  16|   0|   16|          0|
    |w_65_reg_3856                               |  16|   0|   16|          0|
    |w_66_reg_3861                               |  16|   0|   16|          0|
    |w_67_reg_3866                               |  16|   0|   16|          0|
    |w_68_reg_3871                               |  16|   0|   16|          0|
    |w_7_reg_3566                                |  16|   0|   16|          0|
    |w_8_reg_3571                                |  16|   0|   16|          0|
    |w_9_reg_3576                                |  16|   0|   16|          0|
    |w_index3_reg_438                            |   3|   0|    3|          0|
    |w_index_reg_3542                            |   3|   0|    3|          0|
    |w_reg_3556                                  |  16|   0|   16|          0|
    |icmp_ln46_reg_3547                          |  64|  32|    1|          0|
    +--------------------------------------------+----+----+-----+-----------+
    |Total                                       |4014|  32| 3951|          0|
    +--------------------------------------------+----+----+-----+-----------+



================================================================
== Interface
================================================================
* Summary: 
+---------------------------+-----+-----+------------+--------------------------------------------------------------------+--------------+
|         RTL Ports         | Dir | Bits|  Protocol  |                            Source Object                           |    C Type    |
+---------------------------+-----+-----+------------+--------------------------------------------------------------------+--------------+
|ap_clk                     |   in|    1|  ap_ctrl_hs|  dense<array<ap_fixed,10u>,array<ap_fixed<16,6,5,3,0>,32u>,config2>|  return value|
|ap_rst                     |   in|    1|  ap_ctrl_hs|  dense<array<ap_fixed,10u>,array<ap_fixed<16,6,5,3,0>,32u>,config2>|  return value|
|ap_start                   |   in|    1|  ap_ctrl_hs|  dense<array<ap_fixed,10u>,array<ap_fixed<16,6,5,3,0>,32u>,config2>|  return value|
|start_full_n               |   in|    1|  ap_ctrl_hs|  dense<array<ap_fixed,10u>,array<ap_fixed<16,6,5,3,0>,32u>,config2>|  return value|
|ap_done                    |  out|    1|  ap_ctrl_hs|  dense<array<ap_fixed,10u>,array<ap_fixed<16,6,5,3,0>,32u>,config2>|  return value|
|ap_continue                |   in|    1|  ap_ctrl_hs|  dense<array<ap_fixed,10u>,array<ap_fixed<16,6,5,3,0>,32u>,config2>|  return value|
|ap_idle                    |  out|    1|  ap_ctrl_hs|  dense<array<ap_fixed,10u>,array<ap_fixed<16,6,5,3,0>,32u>,config2>|  return value|
|ap_ready                   |  out|    1|  ap_ctrl_hs|  dense<array<ap_fixed,10u>,array<ap_fixed<16,6,5,3,0>,32u>,config2>|  return value|
|start_out                  |  out|    1|  ap_ctrl_hs|  dense<array<ap_fixed,10u>,array<ap_fixed<16,6,5,3,0>,32u>,config2>|  return value|
|start_write                |  out|    1|  ap_ctrl_hs|  dense<array<ap_fixed,10u>,array<ap_fixed<16,6,5,3,0>,32u>,config2>|  return value|
|input_1_TVALID             |   in|    1|        axis|                                                             input_1|       pointer|
|input_1_TDATA              |   in|  160|        axis|                                                             input_1|       pointer|
|input_1_TREADY             |  out|    1|        axis|                                                             input_1|       pointer|
|layer2_out_din             |  out|  512|     ap_fifo|                                                          layer2_out|       pointer|
|layer2_out_num_data_valid  |   in|    2|     ap_fifo|                                                          layer2_out|       pointer|
|layer2_out_fifo_cap        |   in|    2|     ap_fifo|                                                          layer2_out|       pointer|
|layer2_out_full_n          |   in|    1|     ap_fifo|                                                          layer2_out|       pointer|
|layer2_out_write           |  out|    1|     ap_fifo|                                                          layer2_out|       pointer|
+---------------------------+-----+-----+------------+--------------------------------------------------------------------+--------------+

