

================================================================
== Vitis HLS Report for 'dense_array_ap_fixed_32u_array_ap_fixed_16_6_5_3_0_1u_config4_s'
================================================================
* Date:           Mon Sep 21 23:22:08 2026

* Version:        2023.1.1 (Build 3869133 on Jun 15 2023)
* Project:        myproject_prj
* Solution:       solution1 (Vivado IP Flow Target)
* Product family: zynq
* Target device:  xc7z020-clg400-1


================================================================
== Performance Estimates
================================================================
+ Timing: 
    * Summary: 
    +--------+---------+----------+------------+
    |  Clock |  Target | Estimated| Uncertainty|
    +--------+---------+----------+------------+
    |ap_clk  |  5.00 ns|  3.415 ns|     1.35 ns|
    +--------+---------+----------+------------+

+ Latency: 
    * Summary: 
    +---------+---------+-----------+-----------+-----+-----+------------------------------------------+
    |  Latency (cycles) |   Latency (absolute)  |  Interval |                 Pipeline                 |
    |   min   |   max   |    min    |    max    | min | max |                   Type                   |
    +---------+---------+-----------+-----------+-----+-----+------------------------------------------+
    |       12|       13|  60.000 ns|  65.000 ns|    4|    4|  loop rewind stp(delay=0 clock cycles(s))|
    +---------+---------+-----------+-----------+-----+-----+------------------------------------------+

    + Detail: 
        * Instance: 
        N/A

        * Loop: 
        +-------------+---------+---------+----------+-----------+-----------+------+----------+
        |             |  Latency (cycles) | Iteration|  Initiation Interval  | Trip |          |
        |  Loop Name  |   min   |   max   |  Latency |  achieved |   target  | Count| Pipelined|
        +-------------+---------+---------+----------+-----------+-----------+------+----------+
        |- ReuseLoop  |       12|       12|        10|          1|          1|     4|       yes|
        +-------------+---------+---------+----------+-----------+-----------+------+----------+



================================================================
== Utilization Estimates
================================================================
* Summary: 
+-----------------+---------+-----+--------+-------+-----+
|       Name      | BRAM_18K| DSP |   FF   |  LUT  | URAM|
+-----------------+---------+-----+--------+-------+-----+
|DSP              |        -|    -|       -|      -|    -|
|Expression       |        -|    -|       0|    218|    -|
|FIFO             |        -|    -|       -|      -|    -|
|Instance         |        -|    8|     536|    176|    -|
|Memory           |        4|    -|       0|      0|    -|
|Multiplexer      |        -|    -|       -|    992|    -|
|Register         |        -|    -|    2144|     32|    -|
+-----------------+---------+-----+--------+-------+-----+
|Total            |        4|    8|    2680|   1418|    0|
+-----------------+---------+-----+--------+-------+-----+
|Available        |      280|  220|  106400|  53200|    0|
+-----------------+---------+-----+--------+-------+-----+
|Utilization (%)  |        1|    3|       2|      2|    0|
+-----------------+---------+-----+--------+-------+-----+

+ Detail: 
    * Instance: 
    +------------------------+--------------------+---------+----+----+----+-----+
    |        Instance        |       Module       | BRAM_18K| DSP| FF | LUT| URAM|
    +------------------------+--------------------+---------+----+----+----+-----+
    |mul_16s_11s_26_2_1_U91  |mul_16s_11s_26_2_1  |        0|   1|  67|   2|    0|
    |mul_16s_16s_26_2_1_U84  |mul_16s_16s_26_2_1  |        0|   1|  67|   2|    0|
    |mul_16s_16s_26_2_1_U85  |mul_16s_16s_26_2_1  |        0|   1|  67|   2|    0|
    |mul_16s_16s_26_2_1_U86  |mul_16s_16s_26_2_1  |        0|   1|  67|   2|    0|
    |mul_16s_16s_26_2_1_U87  |mul_16s_16s_26_2_1  |        0|   1|  67|   2|    0|
    |mul_16s_16s_26_2_1_U88  |mul_16s_16s_26_2_1  |        0|   1|  67|   2|    0|
    |mul_16s_16s_26_2_1_U89  |mul_16s_16s_26_2_1  |        0|   1|  67|   2|    0|
    |mul_16s_16s_26_2_1_U90  |mul_16s_16s_26_2_1  |        0|   1|  67|   2|    0|
    |mux_4_2_16_1_1_U76      |mux_4_2_16_1_1      |        0|   0|   0|  20|    0|
    |mux_4_2_16_1_1_U77      |mux_4_2_16_1_1      |        0|   0|   0|  20|    0|
    |mux_4_2_16_1_1_U78      |mux_4_2_16_1_1      |        0|   0|   0|  20|    0|
    |mux_4_2_16_1_1_U79      |mux_4_2_16_1_1      |        0|   0|   0|  20|    0|
    |mux_4_2_16_1_1_U80      |mux_4_2_16_1_1      |        0|   0|   0|  20|    0|
    |mux_4_2_16_1_1_U81      |mux_4_2_16_1_1      |        0|   0|   0|  20|    0|
    |mux_4_2_16_1_1_U82      |mux_4_2_16_1_1      |        0|   0|   0|  20|    0|
    |mux_4_2_16_1_1_U83      |mux_4_2_16_1_1      |        0|   0|   0|  20|    0|
    +------------------------+--------------------+---------+----+----+----+-----+
    |Total                   |                    |        0|   8| 536| 176|    0|
    +------------------------+--------------------+---------+----+----+----+-----+

    * DSP: 
    N/A

    * Memory: 
    +---------+----------------------------------------------------------------------------------+---------+---+----+-----+------+-----+------+-------------+
    |  Memory |                                      Module                                      | BRAM_18K| FF| LUT| URAM| Words| Bits| Banks| W*Bits*Banks|
    +---------+----------------------------------------------------------------------------------+---------+---+----+-----+------+-----+------+-------------+
    |w4_67_U  |dense_array_ap_fixed_32u_array_ap_fixed_16_6_5_3_0_1u_config4_s_w4_67_ROM_NP_cud  |        4|  0|   0|    0|     4|  123|     1|          492|
    +---------+----------------------------------------------------------------------------------+---------+---+----+-----+------+-----+------+-------------+
    |Total    |                                                                                  |        4|  0|   0|    0|     4|  123|     1|          492|
    +---------+----------------------------------------------------------------------------------+---------+---+----+-----+------+-----+------+-------------+

    * FIFO: 
    N/A

    * Expression: 
    +-----------------------------------+----------+----+---+----+------------+------------+
    |           Variable Name           | Operation| DSP| FF| LUT| Bitwidth P0| Bitwidth P1|
    +-----------------------------------+----------+----+---+----+------------+------------+
    |add_ln58_1_fu_1802_p2              |         +|   0|  0|  23|          16|          16|
    |add_ln58_2_fu_1814_p2              |         +|   0|  0|  23|          16|          16|
    |add_ln58_3_fu_1806_p2              |         +|   0|  0|  23|          16|          16|
    |add_ln58_4_fu_1810_p2              |         +|   0|  0|  23|          16|          16|
    |add_ln58_5_fu_1818_p2              |         +|   0|  0|  23|          16|          16|
    |add_ln58_6_fu_1822_p2              |         +|   0|  0|  23|          16|          16|
    |add_ln58_fu_1798_p2                |         +|   0|  0|  23|          16|          16|
    |res_fu_1826_p2                     |         +|   0|  0|  23|          16|          16|
    |w_index_fu_1105_p2                 |         +|   0|  0|  10|           2|           1|
    |ap_block_state11_pp0_stage0_iter9  |       and|   0|  0|   2|           1|           1|
    |ap_block_state3_pp0_stage0_iter1   |       and|   0|  0|   2|           1|           1|
    |ap_condition_107                   |       and|   0|  0|   2|           1|           1|
    |ap_condition_476                   |       and|   0|  0|   2|           1|           1|
    |icmp_ln46_fu_1111_p2               |      icmp|   0|  0|  10|           2|           2|
    |ap_block_pp0_stage0_01001          |        or|   0|  0|   2|           1|           1|
    |ap_block_state1                    |        or|   0|  0|   2|           1|           1|
    |ap_enable_pp0                      |       xor|   0|  0|   2|           1|           2|
    +-----------------------------------+----------+----+---+----+------------+------------+
    |Total                              |          |   0|  0| 218|         139|         139|
    +-----------------------------------+----------+----+---+----+------------+------------+

    * Multiplexer: 
    +-------------------------------------------+----+-----------+-----+-----------+
    |                    Name                   | LUT| Input Size| Bits| Total Bits|
    +-------------------------------------------+----+-----------+-----+-----------+
    |ap_NS_fsm                                  |  14|          3|    1|          3|
    |ap_done                                    |   9|          2|    1|          2|
    |ap_enable_reg_pp0_iter1                    |   9|          2|    1|          2|
    |ap_enable_reg_pp0_iter9                    |   9|          2|    1|          2|
    |ap_phi_mux_data_10_phi_phi_fu_927_p4       |   9|          2|   16|         32|
    |ap_phi_mux_data_11_phi_phi_fu_915_p4       |   9|          2|   16|         32|
    |ap_phi_mux_data_12_phi_phi_fu_903_p4       |   9|          2|   16|         32|
    |ap_phi_mux_data_13_phi_phi_fu_891_p4       |   9|          2|   16|         32|
    |ap_phi_mux_data_14_phi_phi_fu_879_p4       |   9|          2|   16|         32|
    |ap_phi_mux_data_15_phi_phi_fu_867_p4       |   9|          2|   16|         32|
    |ap_phi_mux_data_16_phi_phi_fu_855_p4       |   9|          2|   16|         32|
    |ap_phi_mux_data_17_phi_phi_fu_843_p4       |   9|          2|   16|         32|
    |ap_phi_mux_data_18_phi_phi_fu_831_p4       |   9|          2|   16|         32|
    |ap_phi_mux_data_19_phi_phi_fu_819_p4       |   9|          2|   16|         32|
    |ap_phi_mux_data_1_phi_phi_fu_1047_p4       |   9|          2|   16|         32|
    |ap_phi_mux_data_20_phi_phi_fu_807_p4       |   9|          2|   16|         32|
    |ap_phi_mux_data_21_phi_phi_fu_795_p4       |   9|          2|   16|         32|
    |ap_phi_mux_data_22_phi_phi_fu_783_p4       |   9|          2|   16|         32|
    |ap_phi_mux_data_23_phi_phi_fu_771_p4       |   9|          2|   16|         32|
    |ap_phi_mux_data_24_phi_phi_fu_759_p4       |   9|          2|   16|         32|
    |ap_phi_mux_data_25_phi_phi_fu_747_p4       |   9|          2|   16|         32|
    |ap_phi_mux_data_26_phi_phi_fu_735_p4       |   9|          2|   16|         32|
    |ap_phi_mux_data_27_phi_phi_fu_723_p4       |   9|          2|   16|         32|
    |ap_phi_mux_data_28_phi_phi_fu_711_p4       |   9|          2|   16|         32|
    |ap_phi_mux_data_29_phi_phi_fu_939_p4       |   9|          2|   16|         32|
    |ap_phi_mux_data_2_phi_phi_fu_1035_p4       |   9|          2|   16|         32|
    |ap_phi_mux_data_30_phi_phi_fu_1059_p4      |   9|          2|   16|         32|
    |ap_phi_mux_data_31_phi_phi_fu_1071_p4      |   9|          2|   16|         32|
    |ap_phi_mux_data_3_phi_phi_fu_1023_p4       |   9|          2|   16|         32|
    |ap_phi_mux_data_4_phi_phi_fu_1011_p4       |   9|          2|   16|         32|
    |ap_phi_mux_data_5_phi_phi_fu_999_p4        |   9|          2|   16|         32|
    |ap_phi_mux_data_6_phi_phi_fu_987_p4        |   9|          2|   16|         32|
    |ap_phi_mux_data_7_phi_phi_fu_975_p4        |   9|          2|   16|         32|
    |ap_phi_mux_data_8_phi_phi_fu_963_p4        |   9|          2|   16|         32|
    |ap_phi_mux_data_9_phi_phi_fu_951_p4        |   9|          2|   16|         32|
    |ap_phi_mux_do_init_phi_fu_232_p6           |  14|          3|    1|          3|
    |ap_phi_mux_p_phi_phi_fu_1083_p4            |   9|          2|   16|         32|
    |ap_phi_mux_res4_phi_fu_1095_p6             |  14|          3|   16|         48|
    |ap_phi_mux_w_index3_phi_fu_248_p6          |  14|          3|    2|          6|
    |ap_phi_reg_pp0_iter2_data_10_phi_reg_923   |   9|          2|   16|         32|
    |ap_phi_reg_pp0_iter2_data_11_phi_reg_911   |   9|          2|   16|         32|
    |ap_phi_reg_pp0_iter2_data_12_phi_reg_899   |   9|          2|   16|         32|
    |ap_phi_reg_pp0_iter2_data_13_phi_reg_887   |   9|          2|   16|         32|
    |ap_phi_reg_pp0_iter2_data_14_phi_reg_875   |   9|          2|   16|         32|
    |ap_phi_reg_pp0_iter2_data_15_phi_reg_863   |   9|          2|   16|         32|
    |ap_phi_reg_pp0_iter2_data_16_phi_reg_851   |   9|          2|   16|         32|
    |ap_phi_reg_pp0_iter2_data_17_phi_reg_839   |   9|          2|   16|         32|
    |ap_phi_reg_pp0_iter2_data_18_phi_reg_827   |   9|          2|   16|         32|
    |ap_phi_reg_pp0_iter2_data_19_phi_reg_815   |   9|          2|   16|         32|
    |ap_phi_reg_pp0_iter2_data_1_phi_reg_1043   |   9|          2|   16|         32|
    |ap_phi_reg_pp0_iter2_data_20_phi_reg_803   |   9|          2|   16|         32|
    |ap_phi_reg_pp0_iter2_data_21_phi_reg_791   |   9|          2|   16|         32|
    |ap_phi_reg_pp0_iter2_data_22_phi_reg_779   |   9|          2|   16|         32|
    |ap_phi_reg_pp0_iter2_data_23_phi_reg_767   |   9|          2|   16|         32|
    |ap_phi_reg_pp0_iter2_data_24_phi_reg_755   |   9|          2|   16|         32|
    |ap_phi_reg_pp0_iter2_data_25_phi_reg_743   |   9|          2|   16|         32|
    |ap_phi_reg_pp0_iter2_data_26_phi_reg_731   |   9|          2|   16|         32|
    |ap_phi_reg_pp0_iter2_data_27_phi_reg_719   |   9|          2|   16|         32|
    |ap_phi_reg_pp0_iter2_data_28_phi_reg_707   |   9|          2|   16|         32|
    |ap_phi_reg_pp0_iter2_data_29_phi_reg_935   |   9|          2|   16|         32|
    |ap_phi_reg_pp0_iter2_data_2_phi_reg_1031   |   9|          2|   16|         32|
    |ap_phi_reg_pp0_iter2_data_30_phi_reg_1055  |   9|          2|   16|         32|
    |ap_phi_reg_pp0_iter2_data_31_phi_reg_1067  |   9|          2|   16|         32|
    |ap_phi_reg_pp0_iter2_data_3_phi_reg_1019   |   9|          2|   16|         32|
    |ap_phi_reg_pp0_iter2_data_4_phi_reg_1007   |   9|          2|   16|         32|
    |ap_phi_reg_pp0_iter2_data_5_phi_reg_995    |   9|          2|   16|         32|
    |ap_phi_reg_pp0_iter2_data_6_phi_reg_983    |   9|          2|   16|         32|
    |ap_phi_reg_pp0_iter2_data_7_phi_reg_971    |   9|          2|   16|         32|
    |ap_phi_reg_pp0_iter2_data_8_phi_reg_959    |   9|          2|   16|         32|
    |ap_phi_reg_pp0_iter2_data_9_phi_reg_947    |   9|          2|   16|         32|
    |ap_phi_reg_pp0_iter2_p_phi_reg_1079        |   9|          2|   16|         32|
    |data_10_phi_reg_923                        |   9|          2|   16|         32|
    |data_11_phi_reg_911                        |   9|          2|   16|         32|
    |data_12_phi_reg_899                        |   9|          2|   16|         32|
    |data_13_phi_reg_887                        |   9|          2|   16|         32|
    |data_14_phi_reg_875                        |   9|          2|   16|         32|
    |data_15_phi_reg_863                        |   9|          2|   16|         32|
    |data_16_phi_reg_851                        |   9|          2|   16|         32|
    |data_17_phi_reg_839                        |   9|          2|   16|         32|
    |data_18_phi_reg_827                        |   9|          2|   16|         32|
    |data_19_phi_reg_815                        |   9|          2|   16|         32|
    |data_1_phi_reg_1043                        |   9|          2|   16|         32|
    |data_20_phi_reg_803                        |   9|          2|   16|         32|
    |data_21_phi_reg_791                        |   9|          2|   16|         32|
    |data_22_phi_reg_779                        |   9|          2|   16|         32|
    |data_23_phi_reg_767                        |   9|          2|   16|         32|
    |data_24_phi_reg_755                        |   9|          2|   16|         32|
    |data_25_phi_reg_743                        |   9|          2|   16|         32|
    |data_26_phi_reg_731                        |   9|          2|   16|         32|
    |data_27_phi_reg_719                        |   9|          2|   16|         32|
    |data_28_phi_reg_707                        |   9|          2|   16|         32|
    |data_29_phi_reg_935                        |   9|          2|   16|         32|
    |data_2_phi_reg_1031                        |   9|          2|   16|         32|
    |data_30_phi_reg_1055                       |   9|          2|   16|         32|
    |data_31_phi_reg_1067                       |   9|          2|   16|         32|
    |data_3_phi_reg_1019                        |   9|          2|   16|         32|
    |data_4_phi_reg_1007                        |   9|          2|   16|         32|
    |data_5_phi_reg_995                         |   9|          2|   16|         32|
    |data_6_phi_reg_983                         |   9|          2|   16|         32|
    |data_7_phi_reg_971                         |   9|          2|   16|         32|
    |data_8_phi_reg_959                         |   9|          2|   16|         32|
    |data_9_phi_reg_947                         |   9|          2|   16|         32|
    |layer3_out_blk_n                           |   9|          2|    1|          2|
    |layer4_out_blk_n                           |   9|          2|    1|          2|
    |p_phi_reg_1079                             |   9|          2|   16|         32|
    |real_start                                 |   9|          2|    1|          2|
    |res4_reg_1091                              |   9|          2|   16|         32|
    |w_index3_reg_244                           |   9|          2|    2|          4|
    +-------------------------------------------+----+-----------+-----+-----------+
    |Total                                      | 992|        220| 1580|       3180|
    +-------------------------------------------+----+-----------+-----+-----------+

    * Register: 
    +-------------------------------------------+----+----+-----+-----------+
    |                    Name                   | FF | LUT| Bits| Const Bits|
    +-------------------------------------------+----+----+-----+-----------+
    |a_1_reg_2017                               |  16|   0|   16|          0|
    |a_2_reg_2027                               |  16|   0|   16|          0|
    |a_3_reg_2037                               |  16|   0|   16|          0|
    |a_4_reg_2047                               |  16|   0|   16|          0|
    |a_5_reg_2057                               |  16|   0|   16|          0|
    |a_6_reg_2067                               |  16|   0|   16|          0|
    |a_7_reg_2077                               |  16|   0|   16|          0|
    |a_reg_2007                                 |  16|   0|   16|          0|
    |add_ln58_1_reg_2212                        |  16|   0|   16|          0|
    |add_ln58_2_reg_2227                        |  16|   0|   16|          0|
    |add_ln58_3_reg_2217                        |  16|   0|   16|          0|
    |add_ln58_4_reg_2222                        |  16|   0|   16|          0|
    |add_ln58_5_reg_2232                        |  16|   0|   16|          0|
    |add_ln58_6_reg_2237                        |  16|   0|   16|          0|
    |add_ln58_reg_2207                          |  16|   0|   16|          0|
    |ap_CS_fsm                                  |   2|   0|    2|          0|
    |ap_done_reg                                |   1|   0|    1|          0|
    |ap_enable_reg_pp0_iter1                    |   1|   0|    1|          0|
    |ap_enable_reg_pp0_iter2                    |   1|   0|    1|          0|
    |ap_enable_reg_pp0_iter3                    |   1|   0|    1|          0|
    |ap_enable_reg_pp0_iter4                    |   1|   0|    1|          0|
    |ap_enable_reg_pp0_iter5                    |   1|   0|    1|          0|
    |ap_enable_reg_pp0_iter6                    |   1|   0|    1|          0|
    |ap_enable_reg_pp0_iter7                    |   1|   0|    1|          0|
    |ap_enable_reg_pp0_iter8                    |   1|   0|    1|          0|
    |ap_enable_reg_pp0_iter9                    |   1|   0|    1|          0|
    |ap_phi_reg_pp0_iter1_data_10_phi_reg_923   |  16|   0|   16|          0|
    |ap_phi_reg_pp0_iter1_data_11_phi_reg_911   |  16|   0|   16|          0|
    |ap_phi_reg_pp0_iter1_data_12_phi_reg_899   |  16|   0|   16|          0|
    |ap_phi_reg_pp0_iter1_data_13_phi_reg_887   |  16|   0|   16|          0|
    |ap_phi_reg_pp0_iter1_data_14_phi_reg_875   |  16|   0|   16|          0|
    |ap_phi_reg_pp0_iter1_data_15_phi_reg_863   |  16|   0|   16|          0|
    |ap_phi_reg_pp0_iter1_data_16_phi_reg_851   |  16|   0|   16|          0|
    |ap_phi_reg_pp0_iter1_data_17_phi_reg_839   |  16|   0|   16|          0|
    |ap_phi_reg_pp0_iter1_data_18_phi_reg_827   |  16|   0|   16|          0|
    |ap_phi_reg_pp0_iter1_data_19_phi_reg_815   |  16|   0|   16|          0|
    |ap_phi_reg_pp0_iter1_data_1_phi_reg_1043   |  16|   0|   16|          0|
    |ap_phi_reg_pp0_iter1_data_20_phi_reg_803   |  16|   0|   16|          0|
    |ap_phi_reg_pp0_iter1_data_21_phi_reg_791   |  16|   0|   16|          0|
    |ap_phi_reg_pp0_iter1_data_22_phi_reg_779   |  16|   0|   16|          0|
    |ap_phi_reg_pp0_iter1_data_23_phi_reg_767   |  16|   0|   16|          0|
    |ap_phi_reg_pp0_iter1_data_24_phi_reg_755   |  16|   0|   16|          0|
    |ap_phi_reg_pp0_iter1_data_25_phi_reg_743   |  16|   0|   16|          0|
    |ap_phi_reg_pp0_iter1_data_26_phi_reg_731   |  16|   0|   16|          0|
    |ap_phi_reg_pp0_iter1_data_27_phi_reg_719   |  16|   0|   16|          0|
    |ap_phi_reg_pp0_iter1_data_28_phi_reg_707   |  16|   0|   16|          0|
    |ap_phi_reg_pp0_iter1_data_29_phi_reg_935   |  16|   0|   16|          0|
    |ap_phi_reg_pp0_iter1_data_2_phi_reg_1031   |  16|   0|   16|          0|
    |ap_phi_reg_pp0_iter1_data_30_phi_reg_1055  |  16|   0|   16|          0|
    |ap_phi_reg_pp0_iter1_data_31_phi_reg_1067  |  16|   0|   16|          0|
    |ap_phi_reg_pp0_iter1_data_3_phi_reg_1019   |  16|   0|   16|          0|
    |ap_phi_reg_pp0_iter1_data_4_phi_reg_1007   |  16|   0|   16|          0|
    |ap_phi_reg_pp0_iter1_data_5_phi_reg_995    |  16|   0|   16|          0|
    |ap_phi_reg_pp0_iter1_data_6_phi_reg_983    |  16|   0|   16|          0|
    |ap_phi_reg_pp0_iter1_data_7_phi_reg_971    |  16|   0|   16|          0|
    |ap_phi_reg_pp0_iter1_data_8_phi_reg_959    |  16|   0|   16|          0|
    |ap_phi_reg_pp0_iter1_data_9_phi_reg_947    |  16|   0|   16|          0|
    |ap_phi_reg_pp0_iter1_p_phi_reg_1079        |  16|   0|   16|          0|
    |ap_phi_reg_pp0_iter2_data_10_phi_reg_923   |  16|   0|   16|          0|
    |ap_phi_reg_pp0_iter2_data_11_phi_reg_911   |  16|   0|   16|          0|
    |ap_phi_reg_pp0_iter2_data_12_phi_reg_899   |  16|   0|   16|          0|
    |ap_phi_reg_pp0_iter2_data_13_phi_reg_887   |  16|   0|   16|          0|
    |ap_phi_reg_pp0_iter2_data_14_phi_reg_875   |  16|   0|   16|          0|
    |ap_phi_reg_pp0_iter2_data_15_phi_reg_863   |  16|   0|   16|          0|
    |ap_phi_reg_pp0_iter2_data_16_phi_reg_851   |  16|   0|   16|          0|
    |ap_phi_reg_pp0_iter2_data_17_phi_reg_839   |  16|   0|   16|          0|
    |ap_phi_reg_pp0_iter2_data_18_phi_reg_827   |  16|   0|   16|          0|
    |ap_phi_reg_pp0_iter2_data_19_phi_reg_815   |  16|   0|   16|          0|
    |ap_phi_reg_pp0_iter2_data_1_phi_reg_1043   |  16|   0|   16|          0|
    |ap_phi_reg_pp0_iter2_data_20_phi_reg_803   |  16|   0|   16|          0|
    |ap_phi_reg_pp0_iter2_data_21_phi_reg_791   |  16|   0|   16|          0|
    |ap_phi_reg_pp0_iter2_data_22_phi_reg_779   |  16|   0|   16|          0|
    |ap_phi_reg_pp0_iter2_data_23_phi_reg_767   |  16|   0|   16|          0|
    |ap_phi_reg_pp0_iter2_data_24_phi_reg_755   |  16|   0|   16|          0|
    |ap_phi_reg_pp0_iter2_data_25_phi_reg_743   |  16|   0|   16|          0|
    |ap_phi_reg_pp0_iter2_data_26_phi_reg_731   |  16|   0|   16|          0|
    |ap_phi_reg_pp0_iter2_data_27_phi_reg_719   |  16|   0|   16|          0|
    |ap_phi_reg_pp0_iter2_data_28_phi_reg_707   |  16|   0|   16|          0|
    |ap_phi_reg_pp0_iter2_data_29_phi_reg_935   |  16|   0|   16|          0|
    |ap_phi_reg_pp0_iter2_data_2_phi_reg_1031   |  16|   0|   16|          0|
    |ap_phi_reg_pp0_iter2_data_30_phi_reg_1055  |  16|   0|   16|          0|
    |ap_phi_reg_pp0_iter2_data_31_phi_reg_1067  |  16|   0|   16|          0|
    |ap_phi_reg_pp0_iter2_data_3_phi_reg_1019   |  16|   0|   16|          0|
    |ap_phi_reg_pp0_iter2_data_4_phi_reg_1007   |  16|   0|   16|          0|
    |ap_phi_reg_pp0_iter2_data_5_phi_reg_995    |  16|   0|   16|          0|
    |ap_phi_reg_pp0_iter2_data_6_phi_reg_983    |  16|   0|   16|          0|
    |ap_phi_reg_pp0_iter2_data_7_phi_reg_971    |  16|   0|   16|          0|
    |ap_phi_reg_pp0_iter2_data_8_phi_reg_959    |  16|   0|   16|          0|
    |ap_phi_reg_pp0_iter2_data_9_phi_reg_947    |  16|   0|   16|          0|
    |ap_phi_reg_pp0_iter2_p_phi_reg_1079        |  16|   0|   16|          0|
    |data_10_phi_reg_923                        |  16|   0|   16|          0|
    |data_11_phi_reg_911                        |  16|   0|   16|          0|
    |data_12_phi_reg_899                        |  16|   0|   16|          0|
    |data_13_phi_reg_887                        |  16|   0|   16|          0|
    |data_14_phi_reg_875                        |  16|   0|   16|          0|
    |data_15_phi_reg_863                        |  16|   0|   16|          0|
    |data_16_phi_reg_851                        |  16|   0|   16|          0|
    |data_17_phi_reg_839                        |  16|   0|   16|          0|
    |data_18_phi_reg_827                        |  16|   0|   16|          0|
    |data_19_phi_reg_815                        |  16|   0|   16|          0|
    |data_1_phi_reg_1043                        |  16|   0|   16|          0|
    |data_20_phi_reg_803                        |  16|   0|   16|          0|
    |data_21_phi_reg_791                        |  16|   0|   16|          0|
    |data_22_phi_reg_779                        |  16|   0|   16|          0|
    |data_23_phi_reg_767                        |  16|   0|   16|          0|
    |data_24_phi_reg_755                        |  16|   0|   16|          0|
    |data_25_phi_reg_743                        |  16|   0|   16|          0|
    |data_26_phi_reg_731                        |  16|   0|   16|          0|
    |data_27_phi_reg_719                        |  16|   0|   16|          0|
    |data_28_phi_reg_707                        |  16|   0|   16|          0|
    |data_29_phi_reg_935                        |  16|   0|   16|          0|
    |data_2_phi_reg_1031                        |  16|   0|   16|          0|
    |data_30_phi_reg_1055                       |  16|   0|   16|          0|
    |data_31_phi_reg_1067                       |  16|   0|   16|          0|
    |data_3_phi_reg_1019                        |  16|   0|   16|          0|
    |data_4_phi_reg_1007                        |  16|   0|   16|          0|
    |data_5_phi_reg_995                         |  16|   0|   16|          0|
    |data_6_phi_reg_983                         |  16|   0|   16|          0|
    |data_7_phi_reg_971                         |  16|   0|   16|          0|
    |data_8_phi_reg_959                         |  16|   0|   16|          0|
    |data_9_phi_reg_947                         |  16|   0|   16|          0|
    |do_init_reg_228                            |   1|   0|    1|          0|
    |icmp_ln46_reg_1838                         |   1|   0|    1|          0|
    |p_phi_reg_1079                             |  16|   0|   16|          0|
    |res4_reg_1091                              |  16|   0|   16|          0|
    |res_reg_2242                               |  16|   0|   16|          0|
    |start_once_reg                             |   1|   0|    1|          0|
    |tmp_s_reg_2082                             |  11|   0|   11|          0|
    |trunc_ln1_reg_2167                         |  16|   0|   16|          0|
    |trunc_ln58_1_reg_2172                      |  16|   0|   16|          0|
    |trunc_ln58_2_reg_2177                      |  16|   0|   16|          0|
    |trunc_ln58_3_reg_2182                      |  16|   0|   16|          0|
    |trunc_ln58_4_reg_2187                      |  16|   0|   16|          0|
    |trunc_ln58_5_reg_2192                      |  16|   0|   16|          0|
    |trunc_ln58_6_reg_2197                      |  16|   0|   16|          0|
    |trunc_ln58_7_reg_2202                      |  16|   0|   16|          0|
    |w_1_reg_2022                               |  16|   0|   16|          0|
    |w_2_reg_2032                               |  16|   0|   16|          0|
    |w_3_reg_2042                               |  16|   0|   16|          0|
    |w_4_reg_2052                               |  16|   0|   16|          0|
    |w_5_reg_2062                               |  16|   0|   16|          0|
    |w_6_reg_2072                               |  16|   0|   16|          0|
    |w_index3_reg_244                           |   2|   0|    2|          0|
    |w_index3_reg_244_pp0_iter1_reg             |   2|   0|    2|          0|
    |w_index_reg_1833                           |   2|   0|    2|          0|
    |w_reg_2012                                 |  16|   0|   16|          0|
    |icmp_ln46_reg_1838                         |  64|  32|    1|          0|
    +-------------------------------------------+----+----+-----+-----------+
    |Total                                      |2144|  32| 2081|          0|
    +-------------------------------------------+----+----+-----+-----------+



================================================================
== Interface
================================================================
* Summary: 
+---------------------------+-----+-----+------------+-------------------------------------------------------------------+--------------+
|         RTL Ports         | Dir | Bits|  Protocol  |                           Source Object                           |    C Type    |
+---------------------------+-----+-----+------------+-------------------------------------------------------------------+--------------+
|ap_clk                     |   in|    1|  ap_ctrl_hs|  dense<array<ap_fixed,32u>,array<ap_fixed<16,6,5,3,0>,1u>,config4>|  return value|
|ap_rst                     |   in|    1|  ap_ctrl_hs|  dense<array<ap_fixed,32u>,array<ap_fixed<16,6,5,3,0>,1u>,config4>|  return value|
|ap_start                   |   in|    1|  ap_ctrl_hs|  dense<array<ap_fixed,32u>,array<ap_fixed<16,6,5,3,0>,1u>,config4>|  return value|
|start_full_n               |   in|    1|  ap_ctrl_hs|  dense<array<ap_fixed,32u>,array<ap_fixed<16,6,5,3,0>,1u>,config4>|  return value|
|ap_done                    |  out|    1|  ap_ctrl_hs|  dense<array<ap_fixed,32u>,array<ap_fixed<16,6,5,3,0>,1u>,config4>|  return value|
|ap_continue                |   in|    1|  ap_ctrl_hs|  dense<array<ap_fixed,32u>,array<ap_fixed<16,6,5,3,0>,1u>,config4>|  return value|
|ap_idle                    |  out|    1|  ap_ctrl_hs|  dense<array<ap_fixed,32u>,array<ap_fixed<16,6,5,3,0>,1u>,config4>|  return value|
|ap_ready                   |  out|    1|  ap_ctrl_hs|  dense<array<ap_fixed,32u>,array<ap_fixed<16,6,5,3,0>,1u>,config4>|  return value|
|start_out                  |  out|    1|  ap_ctrl_hs|  dense<array<ap_fixed,32u>,array<ap_fixed<16,6,5,3,0>,1u>,config4>|  return value|
|start_write                |  out|    1|  ap_ctrl_hs|  dense<array<ap_fixed,32u>,array<ap_fixed<16,6,5,3,0>,1u>,config4>|  return value|
|layer3_out_dout            |   in|  512|     ap_fifo|                                                         layer3_out|       pointer|
|layer3_out_num_data_valid  |   in|    2|     ap_fifo|                                                         layer3_out|       pointer|
|layer3_out_fifo_cap        |   in|    2|     ap_fifo|                                                         layer3_out|       pointer|
|layer3_out_empty_n         |   in|    1|     ap_fifo|                                                         layer3_out|       pointer|
|layer3_out_read            |  out|    1|     ap_fifo|                                                         layer3_out|       pointer|
|layer4_out_din             |  out|   16|     ap_fifo|                                                         layer4_out|       pointer|
|layer4_out_num_data_valid  |   in|    2|     ap_fifo|                                                         layer4_out|       pointer|
|layer4_out_fifo_cap        |   in|    2|     ap_fifo|                                                         layer4_out|       pointer|
|layer4_out_full_n          |   in|    1|     ap_fifo|                                                         layer4_out|       pointer|
|layer4_out_write           |  out|    1|     ap_fifo|                                                         layer4_out|       pointer|
+---------------------------+-----+-----+------------+-------------------------------------------------------------------+--------------+

