

================================================================
== Vitis HLS Report for 'myproject'
================================================================
* Date:           Mon Sep 21 23:22:09 2026

* Version:        2023.1.1 (Build 3869133 on Jun 15 2023)
* Project:        myproject_prj
* Solution:       solution1 (Vivado IP Flow Target)
* Product family: zynq
* Target device:  xc7z020-clg400-1


================================================================
== Performance Estimates
================================================================
+ Timing: 
    * Summary: 
    +--------+---------+----------+------------+
    |  Clock |  Target | Estimated| Uncertainty|
    +--------+---------+----------+------------+
    |ap_clk  |  5.00 ns|  3.556 ns|     1.35 ns|
    +--------+---------+----------+------------+

+ Latency: 
    * Summary: 
    +---------+---------+----------+----------+-----+-----+----------+
    |  Latency (cycles) |  Latency (absolute) |  Interval | Pipeline |
    |   min   |   max   |    min   |    max   | min | max |   Type   |
    +---------+---------+----------+----------+-----+-----+----------+
    |       26|       26|  0.130 us|  0.130 us|    7|    7|  dataflow|
    +---------+---------+----------+----------+-----+-----+----------+

    + Detail: 
        * Instance: 
        +-----------------------------------------------------------------------+----------------------------------------------------------------------+---------+---------+-----------+-----------+-----+-----+------------------------------------------+
        |                                                                       |                                                                      |  Latency (cycles) |   Latency (absolute)  |  Interval |                 Pipeline                 |
        |                                Instance                               |                                Module                                |   min   |   max   |    min    |    max    | min | max |                   Type                   |
        +-----------------------------------------------------------------------+----------------------------------------------------------------------+---------+---------+-----------+-----------+-----+-----+------------------------------------------+
        |dense_array_ap_fixed_10u_array_ap_fixed_16_6_5_3_0_32u_config2_U0      |dense_array_ap_fixed_10u_array_ap_fixed_16_6_5_3_0_32u_config2_s      |       10|       11|  50.000 ns|  55.000 ns|    5|    5|  loop rewind stp(delay=0 clock cycles(s))|
        |relu_array_ap_fixed_32u_array_ap_fixed_16_6_5_3_0_32u_relu_config3_U0  |relu_array_ap_fixed_32u_array_ap_fixed_16_6_5_3_0_32u_relu_config3_s  |        2|        2|  10.000 ns|  10.000 ns|    2|    2|                                        no|
        |dense_array_ap_fixed_32u_array_ap_fixed_16_6_5_3_0_1u_config4_U0       |dense_array_ap_fixed_32u_array_ap_fixed_16_6_5_3_0_1u_config4_s       |       12|       13|  60.000 ns|  65.000 ns|    4|    4|  loop rewind stp(delay=0 clock cycles(s))|
        |sigmoid_array_array_ap_fixed_16_6_5_3_0_1u_sigmoid_config5_U0          |sigmoid_array_array_ap_fixed_16_6_5_3_0_1u_sigmoid_config5_s          |        6|        6|  30.000 ns|  30.000 ns|    6|    6|                                        no|
        +-----------------------------------------------------------------------+----------------------------------------------------------------------+---------+---------+-----------+-----------+-----+-----+------------------------------------------+

        * Loop: 
        N/A



================================================================
== Utilization Estimates
================================================================
* Summary: 
+-----------------+---------+-----+--------+-------+-----+
|       Name      | BRAM_18K| DSP |   FF   |  LUT  | URAM|
+-----------------+---------+-----+--------+-------+-----+
|DSP              |        -|    -|       -|      -|    -|
|Expression       |        -|    -|       0|      2|    -|
|FIFO             |        -|    -|     297|    204|    -|
|Instance         |       34|   72|   12533|   5736|    -|
|Memory           |        -|    -|       -|      -|    -|
|Multiplexer      |        -|    -|       -|      -|    -|
|Register         |        -|    -|       -|      -|    -|
+-----------------+---------+-----+--------+-------+-----+
|Total            |       34|   72|   12830|   5942|    0|
+-----------------+---------+-----+--------+-------+-----+
|Available        |      280|  220|  106400|  53200|    0|
+-----------------+---------+-----+--------+-------+-----+
|Utilization (%)  |       12|   32|      12|     11|    0|
+-----------------+---------+-----+--------+-------+-----+

+ Detail: 
    * Instance: 
    +-----------------------------------------------------------------------+----------------------------------------------------------------------+---------+----+------+------+-----+
    |                                Instance                               |                                Module                                | BRAM_18K| DSP|  FF  |  LUT | URAM|
    +-----------------------------------------------------------------------+----------------------------------------------------------------------+---------+----+------+------+-----+
    |dense_array_ap_fixed_10u_array_ap_fixed_16_6_5_3_0_32u_config2_U0      |dense_array_ap_fixed_10u_array_ap_fixed_16_6_5_3_0_32u_config2_s      |       29|  64|  8302|  2833|    0|
    |dense_array_ap_fixed_32u_array_ap_fixed_16_6_5_3_0_1u_config4_U0       |dense_array_ap_fixed_32u_array_ap_fixed_16_6_5_3_0_1u_config4_s       |        4|   8|  2680|  1418|    0|
    |relu_array_ap_fixed_32u_array_ap_fixed_16_6_5_3_0_32u_relu_config3_U0  |relu_array_ap_fixed_32u_array_ap_fixed_16_6_5_3_0_32u_relu_config3_s  |        0|   0|  1477|  1274|    0|
    |sigmoid_array_array_ap_fixed_16_6_5_3_0_1u_sigmoid_config5_U0          |sigmoid_array_array_ap_fixed_16_6_5_3_0_1u_sigmoid_config5_s          |        1|   0|    74|   211|    0|
    +-----------------------------------------------------------------------+----------------------------------------------------------------------+---------+----+------+------+-----+
    |Total                                                                  |                                                                      |       34|  72| 12533|  5736|    0|
    +-----------------------------------------------------------------------+----------------------------------------------------------------------+---------+----+------+------+-----+

    * DSP: 
    N/A

    * Memory: 
    N/A

    * FIFO: 
    +--------------+---------+----+----+-----+------+-----+---------+
    |     Name     | BRAM_18K| FF | LUT| URAM| Depth| Bits| Size:D*B|
    +--------------+---------+----+----+-----+------+-----+---------+
    |layer2_out_U  |        0|  99|   0|    -|     1|  512|      512|
    |layer3_out_U  |        0|  99|   0|    -|     1|  512|      512|
    |layer4_out_U  |        0|  99|   0|    -|     1|   16|       16|
    +--------------+---------+----+----+-----+------+-----+---------+
    |Total         |        0| 297|   0|    0|     3| 1040|     1040|
    +--------------+---------+----+----+-----+------+-----+---------+

    * Expression: 
    +--------------+----------+----+---+----+------------+------------+
    | Variable Name| Operation| DSP| FF| LUT| Bitwidth P0| Bitwidth P1|
    +--------------+----------+----+---+----+------------+------------+
    |ap_idle       |       and|   0|  0|   2|           1|           1|
    +--------------+----------+----+---+----+------------+------------+
    |Total         |          |   0|  0|   2|           1|           1|
    +--------------+----------+----+---+----+------------+------------+

    * Multiplexer: 
    N/A

    * Register: 
    N/A



================================================================
== Interface
================================================================
* Summary: 
+-------------------+-----+-----+------------+--------------+--------------+
|     RTL Ports     | Dir | Bits|  Protocol  | Source Object|    C Type    |
+-------------------+-----+-----+------------+--------------+--------------+
|input_1_TDATA      |   in|  160|        axis|       input_1|       pointer|
|input_1_TVALID     |   in|    1|        axis|       input_1|       pointer|
|input_1_TREADY     |  out|    1|        axis|       input_1|       pointer|
|layer5_out_TDATA   |  out|   16|        axis|    layer5_out|       pointer|
|layer5_out_TVALID  |  out|    1|        axis|    layer5_out|       pointer|
|layer5_out_TREADY  |   in|    1|        axis|    layer5_out|       pointer|
|ap_clk             |   in|    1|  ap_ctrl_hs|     myproject|  return value|
|ap_rst_n           |   in|    1|  ap_ctrl_hs|     myproject|  return value|
|ap_start           |   in|    1|  ap_ctrl_hs|     myproject|  return value|
|ap_done            |  out|    1|  ap_ctrl_hs|     myproject|  return value|
|ap_ready           |  out|    1|  ap_ctrl_hs|     myproject|  return value|
|ap_idle            |  out|    1|  ap_ctrl_hs|     myproject|  return value|
+-------------------+-----+-----+------------+--------------+--------------+

