

================================================================
== Vitis HLS Report for 'sigmoid_array_array_ap_fixed_16_6_5_3_0_1u_sigmoid_config5_s'
================================================================
* Date:           Mon Sep 21 23:22:09 2026

* Version:        2023.1.1 (Build 3869133 on Jun 15 2023)
* Project:        myproject_prj
* Solution:       solution1 (Vivado IP Flow Target)
* Product family: zynq
* Target device:  xc7z020-clg400-1


================================================================
== Performance Estimates
================================================================
+ Timing: 
    * Summary: 
    +--------+---------+----------+------------+
    |  Clock |  Target | Estimated| Uncertainty|
    +--------+---------+----------+------------+
    |ap_clk  |  5.00 ns|  3.556 ns|     1.35 ns|
    +--------+---------+----------+------------+

+ Latency: 
    * Summary: 
    +---------+---------+-----------+-----------+-----+-----+---------+
    |  Latency (cycles) |   Latency (absolute)  |  Interval | Pipeline|
    |   min   |   max   |    min    |    max    | min | max |   Type  |
    +---------+---------+-----------+-----------+-----+-----+---------+
    |        6|        6|  30.000 ns|  30.000 ns|    6|    6|       no|
    +---------+---------+-----------+-----------+-----+-----+---------+

    + Detail: 
        * Instance: 
        N/A

        * Loop: 
        N/A



================================================================
== Utilization Estimates
================================================================
* Summary: 
+-----------------+---------+-----+--------+-------+-----+
|       Name      | BRAM_18K| DSP |   FF   |  LUT  | URAM|
+-----------------+---------+-----+--------+-------+-----+
|DSP              |        -|    -|       -|      -|    -|
|Expression       |        -|    -|       0|    142|    -|
|FIFO             |        -|    -|       -|      -|    -|
|Instance         |        -|    -|       -|      -|    -|
|Memory           |        1|    -|       0|      0|    -|
|Multiplexer      |        -|    -|       -|     69|    -|
|Register         |        -|    -|      74|      -|    -|
+-----------------+---------+-----+--------+-------+-----+
|Total            |        1|    0|      74|    211|    0|
+-----------------+---------+-----+--------+-------+-----+
|Available        |      280|  220|  106400|  53200|    0|
+-----------------+---------+-----+--------+-------+-----+
|Utilization (%)  |       ~0|    0|      ~0|     ~0|    0|
+-----------------+---------+-----+--------+-------+-----+

+ Detail: 
    * Instance: 
    N/A

    * DSP: 
    N/A

    * Memory: 
    +-----------------+----------------------------------------------------------------------------------+---------+---+----+-----+------+-----+------+-------------+
    |      Memory     |                                      Module                                      | BRAM_18K| FF| LUT| URAM| Words| Bits| Banks| W*Bits*Banks|
    +-----------------+----------------------------------------------------------------------------------+---------+---+----+-----+------+-----+------+-------------+
    |sigmoid_table_U  |sigmoid_array_array_ap_fixed_16_6_5_3_0_1u_sigmoid_config5_s_sigmoid_table_ROdEe  |        1|  0|   0|    0|  1024|   10|     1|        10240|
    +-----------------+----------------------------------------------------------------------------------+---------+---+----+-----+------+-----+------+-------------+
    |Total            |                                                                                  |        1|  0|   0|    0|  1024|   10|     1|        10240|
    +-----------------+----------------------------------------------------------------------------------+---------+---+----+-----+------+-----+------+-------------+

    * FIFO: 
    N/A

    * Expression: 
    +-----------------------+----------+----+---+----+------------+------------+
    |     Variable Name     | Operation| DSP| FF| LUT| Bitwidth P0| Bitwidth P1|
    +-----------------------+----------+----+---+----+------------+------------+
    |add_ln90_fu_134_p2     |         +|   0|  0|  14|          13|           1|
    |index_fu_155_p2        |         +|   0|  0|  14|          13|          10|
    |icmp_ln90_1_fu_112_p2  |      icmp|   0|  0|  13|          10|           1|
    |icmp_ln90_fu_128_p2    |      icmp|   0|  0|  33|          26|           5|
    |icmp_ln94_fu_170_p2    |      icmp|   0|  0|  11|           3|           1|
    |ap_block_state1        |        or|   0|  0|   2|           1|           1|
    |ap_block_state7        |        or|   0|  0|   2|           1|           1|
    |or_ln92_fu_213_p2      |        or|   0|  0|   2|           1|           1|
    |data_round_fu_147_p3   |    select|   0|  0|  13|           1|          13|
    |index_1_fu_218_p3      |    select|   0|  0|  10|           1|          10|
    |select_ln90_fu_140_p3  |    select|   0|  0|  13|           1|          13|
    |select_ln92_fu_205_p3  |    select|   0|  0|   2|           1|           2|
    |xor_ln91_fu_179_p2     |       xor|   0|  0|  11|          10|          11|
    |xor_ln92_fu_199_p2     |       xor|   0|  0|   2|           1|           2|
    +-----------------------+----------+----+---+----+------------+------------+
    |Total                  |          |   0|  0| 142|          83|          72|
    +-----------------------+----------+----+---+----+------------+------------+

    * Multiplexer: 
    +------------------------+----+-----------+-----+-----------+
    |          Name          | LUT| Input Size| Bits| Total Bits|
    +------------------------+----+-----------+-----+-----------+
    |ap_NS_fsm               |  42|          8|    1|          8|
    |ap_done                 |   9|          2|    1|          2|
    |layer4_out_blk_n        |   9|          2|    1|          2|
    |layer5_out_TDATA_blk_n  |   9|          2|    1|          2|
    +------------------------+----+-----------+-----+-----------+
    |Total                   |  69|         14|    4|         14|
    +------------------------+----+-----------+-----+-----------+

    * Register: 
    +---------------------+----+----+-----+-----------+
    |         Name        | FF | LUT| Bits| Const Bits|
    +---------------------+----+----+-----+-----------+
    |ap_CS_fsm            |   7|   0|    7|          0|
    |ap_done_reg          |   1|   0|    1|          0|
    |data_round_reg_250   |  13|   0|   13|          0|
    |icmp_ln90_1_reg_245  |   1|   0|    1|          0|
    |icmp_ln94_reg_262    |   1|   0|    1|          0|
    |in_data_reg_235      |  16|   0|   16|          0|
    |index_1_reg_267      |  10|   0|   10|          0|
    |index_reg_256        |  13|   0|   13|          0|
    |tmp_2_reg_240        |  12|   0|   12|          0|
    +---------------------+----+----+-----+-----------+
    |Total                |  74|   0|   74|          0|
    +---------------------+----+----+-----+-----------+



================================================================
== Interface
================================================================
* Summary: 
+---------------------------+-----+-----+------------+---------------------------------------------------------------+--------------+
|         RTL Ports         | Dir | Bits|  Protocol  |                         Source Object                         |    C Type    |
+---------------------------+-----+-----+------------+---------------------------------------------------------------+--------------+
|ap_clk                     |   in|    1|  ap_ctrl_hs|  sigmoid<array,array<ap_fixed<16,6,5,3,0>,1u>,sigmoid_config5>|  return value|
|ap_rst                     |   in|    1|  ap_ctrl_hs|  sigmoid<array,array<ap_fixed<16,6,5,3,0>,1u>,sigmoid_config5>|  return value|
|ap_start                   |   in|    1|  ap_ctrl_hs|  sigmoid<array,array<ap_fixed<16,6,5,3,0>,1u>,sigmoid_config5>|  return value|
|ap_done                    |  out|    1|  ap_ctrl_hs|  sigmoid<array,array<ap_fixed<16,6,5,3,0>,1u>,sigmoid_config5>|  return value|
|ap_continue                |   in|    1|  ap_ctrl_hs|  sigmoid<array,array<ap_fixed<16,6,5,3,0>,1u>,sigmoid_config5>|  return value|
|ap_idle                    |  out|    1|  ap_ctrl_hs|  sigmoid<array,array<ap_fixed<16,6,5,3,0>,1u>,sigmoid_config5>|  return value|
|ap_ready                   |  out|    1|  ap_ctrl_hs|  sigmoid<array,array<ap_fixed<16,6,5,3,0>,1u>,sigmoid_config5>|  return value|
|layer4_out_dout            |   in|   16|     ap_fifo|                                                     layer4_out|       pointer|
|layer4_out_num_data_valid  |   in|    2|     ap_fifo|                                                     layer4_out|       pointer|
|layer4_out_fifo_cap        |   in|    2|     ap_fifo|                                                     layer4_out|       pointer|
|layer4_out_empty_n         |   in|    1|     ap_fifo|                                                     layer4_out|       pointer|
|layer4_out_read            |  out|    1|     ap_fifo|                                                     layer4_out|       pointer|
|layer5_out_TDATA           |  out|   16|        axis|                                                     layer5_out|       pointer|
|layer5_out_TVALID          |  out|    1|        axis|                                                     layer5_out|       pointer|
|layer5_out_TREADY          |   in|    1|        axis|                                                     layer5_out|       pointer|
+---------------------------+-----+-----+------------+---------------------------------------------------------------+--------------+

