Vivado Simulator v2025.2.1
Copyright 1986-2022 Xilinx, Inc. All Rights Reserved.
Copyright 2022-2025 Advanced Micro Devices, Inc. All Rights Reserved.
Running: /tools/software/amd/xilinx/2025.2.1/Vivado/bin/unwrapped/lnx64.o/xelab xil_defaultlib.apatb_myproject_top xil_defaultlib.glbl -Oenable_linking_all_libraries -prj myproject.prj -L smartconnect_v1_0 -L axi_protocol_checker_v1_1_12 -L axi_protocol_checker_v1_1_13 -L axis_protocol_checker_v1_1_11 -L axis_protocol_checker_v1_1_12 -L xil_defaultlib -L unisims_ver -L xpm -L floating_point_v7_1_21 -L floating_point_v7_0_26 --lib ieee_proposed=./ieee_proposed -L uvm -relax -i ./svr -i ./svtb -i ./file_agent -i ./myproject_subsystem -s myproject -debug all 
Multi-threading is on. Using 127 slave threads.
Determining compilation order of HDL files.
INFO: [VRFC 10-2263] Analyzing SystemVerilog file "/nethome/dkulkarni47/LightningSimHLS4MLintegration/examples/fifo_benchmark_retry/dense_stream/default/myproject_prj/solution1/sim/verilog/glbl.v" into library xil_defaultlib
INFO: [VRFC 10-311] analyzing module glbl
INFO: [VRFC 10-2263] Analyzing SystemVerilog file "/nethome/dkulkarni47/LightningSimHLS4MLintegration/examples/fifo_benchmark_retry/dense_stream/default/myproject_prj/solution1/sim/verilog/myproject.autotb.v" into library xil_defaultlib
INFO: [VRFC 10-311] analyzing module apatb_myproject_top
INFO: [VRFC 10-2263] Analyzing SystemVerilog file "/nethome/dkulkarni47/LightningSimHLS4MLintegration/examples/fifo_benchmark_retry/dense_stream/default/myproject_prj/solution1/sim/verilog/AESL_deadlock_detection_unit.v" into library xil_defaultlib
INFO: [VRFC 10-311] analyzing module AESL_deadlock_detect_unit
INFO: [VRFC 10-2263] Analyzing SystemVerilog file "/nethome/dkulkarni47/LightningSimHLS4MLintegration/examples/fifo_benchmark_retry/dense_stream/default/myproject_prj/solution1/sim/verilog/AESL_deadlock_report_unit.v" into library xil_defaultlib
INFO: [VRFC 10-311] analyzing module AESL_deadlock_report_unit
INFO: [VRFC 10-2263] Analyzing SystemVerilog file "/nethome/dkulkarni47/LightningSimHLS4MLintegration/examples/fifo_benchmark_retry/dense_stream/default/myproject_prj/solution1/sim/verilog/AESL_deadlock_detector.v" into library xil_defaultlib
INFO: [VRFC 10-311] analyzing module AESL_deadlock_detector
INFO: [VRFC 10-2263] Analyzing SystemVerilog file "/nethome/dkulkarni47/LightningSimHLS4MLintegration/examples/fifo_benchmark_retry/dense_stream/default/myproject_prj/solution1/sim/verilog/AESL_deadlock_kernel_monitor_top.v" into library xil_defaultlib
INFO: [VRFC 10-311] analyzing module AESL_deadlock_kernel_monitor_top
INFO: [VRFC 10-2263] Analyzing SystemVerilog file "/nethome/dkulkarni47/LightningSimHLS4MLintegration/examples/fifo_benchmark_retry/dense_stream/default/myproject_prj/solution1/sim/verilog/AESL_deadlock_idx0_monitor.v" into library xil_defaultlib
INFO: [VRFC 10-311] analyzing module AESL_deadlock_idx0_monitor
INFO: [VRFC 10-2263] Analyzing SystemVerilog file "/nethome/dkulkarni47/LightningSimHLS4MLintegration/examples/fifo_benchmark_retry/dense_stream/default/myproject_prj/solution1/sim/verilog/myproject_shl_18ns_11ns_18_2_1.v" into library xil_defaultlib
INFO: [VRFC 10-311] analyzing module myproject_shl_18ns_11ns_18_2_1
INFO: [VRFC 10-2263] Analyzing SystemVerilog file "/nethome/dkulkarni47/LightningSimHLS4MLintegration/examples/fifo_benchmark_retry/dense_stream/default/myproject_prj/solution1/sim/verilog/myproject_dense_latency_ap_fixed_16_6_5_3_0_ap_fixed_37_17_5_3_0_config2_s.v" into library xil_defaultlib
INFO: [VRFC 10-311] analyzing module myproject_dense_latency_ap_fixed_16_6_5_3_0_ap_fixed_37_17_5_3_0_config2_s
INFO: [VRFC 10-2263] Analyzing SystemVerilog file "/nethome/dkulkarni47/LightningSimHLS4MLintegration/examples/fifo_benchmark_retry/dense_stream/default/myproject_prj/solution1/sim/verilog/myproject_dense_array_ap_fixed_16u_array_ap_fixed_37_17_5_3_0_64u_config2_s.v" into library xil_defaultlib
INFO: [VRFC 10-311] analyzing module myproject_dense_array_ap_fixed_16u_array_ap_fixed_37_17_5_3_0_64u_config2_s
INFO: [VRFC 10-2263] Analyzing SystemVerilog file "/nethome/dkulkarni47/LightningSimHLS4MLintegration/examples/fifo_benchmark_retry/dense_stream/default/myproject_prj/solution1/sim/verilog/myproject_relu_array_ap_fixed_64u_array_ap_fixed_16_6_5_3_0_64u_relu_config3_s.v" into library xil_defaultlib
INFO: [VRFC 10-311] analyzing module myproject_relu_array_ap_fixed_64u_array_ap_fixed_16_6_5_3_0_64u_relu_config3_s
INFO: [VRFC 10-2263] Analyzing SystemVerilog file "/nethome/dkulkarni47/LightningSimHLS4MLintegration/examples/fifo_benchmark_retry/dense_stream/default/myproject_prj/solution1/sim/verilog/myproject_dense_latency_ap_fixed_16_6_5_3_0_ap_fixed_39_19_5_3_0_config4_s.v" into library xil_defaultlib
INFO: [VRFC 10-311] analyzing module myproject_dense_latency_ap_fixed_16_6_5_3_0_ap_fixed_39_19_5_3_0_config4_s
INFO: [VRFC 10-2263] Analyzing SystemVerilog file "/nethome/dkulkarni47/LightningSimHLS4MLintegration/examples/fifo_benchmark_retry/dense_stream/default/myproject_prj/solution1/sim/verilog/myproject_dense_array_ap_fixed_64u_array_ap_fixed_39_19_5_3_0_32u_config4_s.v" into library xil_defaultlib
INFO: [VRFC 10-311] analyzing module myproject_dense_array_ap_fixed_64u_array_ap_fixed_39_19_5_3_0_32u_config4_s
INFO: [VRFC 10-2263] Analyzing SystemVerilog file "/nethome/dkulkarni47/LightningSimHLS4MLintegration/examples/fifo_benchmark_retry/dense_stream/default/myproject_prj/solution1/sim/verilog/myproject_relu_array_ap_fixed_32u_array_ap_fixed_16_6_5_3_0_32u_relu_config5_s.v" into library xil_defaultlib
INFO: [VRFC 10-311] analyzing module myproject_relu_array_ap_fixed_32u_array_ap_fixed_16_6_5_3_0_32u_relu_config5_s
INFO: [VRFC 10-2263] Analyzing SystemVerilog file "/nethome/dkulkarni47/LightningSimHLS4MLintegration/examples/fifo_benchmark_retry/dense_stream/default/myproject_prj/solution1/sim/verilog/myproject_dense_latency_ap_fixed_16_6_5_3_0_ap_fixed_38_18_5_3_0_config6_s.v" into library xil_defaultlib
INFO: [VRFC 10-311] analyzing module myproject_dense_latency_ap_fixed_16_6_5_3_0_ap_fixed_38_18_5_3_0_config6_s
INFO: [VRFC 10-2263] Analyzing SystemVerilog file "/nethome/dkulkarni47/LightningSimHLS4MLintegration/examples/fifo_benchmark_retry/dense_stream/default/myproject_prj/solution1/sim/verilog/myproject_dense_array_ap_fixed_32u_array_ap_fixed_38_18_5_3_0_32u_config6_s.v" into library xil_defaultlib
INFO: [VRFC 10-311] analyzing module myproject_dense_array_ap_fixed_32u_array_ap_fixed_38_18_5_3_0_32u_config6_s
INFO: [VRFC 10-2263] Analyzing SystemVerilog file "/nethome/dkulkarni47/LightningSimHLS4MLintegration/examples/fifo_benchmark_retry/dense_stream/default/myproject_prj/solution1/sim/verilog/myproject_relu_array_ap_fixed_32u_array_ap_fixed_16_6_5_3_0_32u_relu_config7_s.v" into library xil_defaultlib
INFO: [VRFC 10-311] analyzing module myproject_relu_array_ap_fixed_32u_array_ap_fixed_16_6_5_3_0_32u_relu_config7_s
INFO: [VRFC 10-2263] Analyzing SystemVerilog file "/nethome/dkulkarni47/LightningSimHLS4MLintegration/examples/fifo_benchmark_retry/dense_stream/default/myproject_prj/solution1/sim/verilog/myproject_dense_latency_ap_fixed_16_6_5_3_0_ap_fixed_38_18_5_3_0_config8_s.v" into library xil_defaultlib
INFO: [VRFC 10-311] analyzing module myproject_dense_latency_ap_fixed_16_6_5_3_0_ap_fixed_38_18_5_3_0_config8_s
INFO: [VRFC 10-2263] Analyzing SystemVerilog file "/nethome/dkulkarni47/LightningSimHLS4MLintegration/examples/fifo_benchmark_retry/dense_stream/default/myproject_prj/solution1/sim/verilog/myproject_dense_array_ap_fixed_32u_array_ap_fixed_38_18_5_3_0_5u_config8_s.v" into library xil_defaultlib
INFO: [VRFC 10-311] analyzing module myproject_dense_array_ap_fixed_32u_array_ap_fixed_38_18_5_3_0_5u_config8_s
INFO: [VRFC 10-2263] Analyzing SystemVerilog file "/nethome/dkulkarni47/LightningSimHLS4MLintegration/examples/fifo_benchmark_retry/dense_stream/default/myproject_prj/solution1/sim/verilog/myproject_init_exp_table_ap_ufixed_37_17_5_3_0_softmax_config9_s.v" into library xil_defaultlib
INFO: [VRFC 10-311] analyzing module myproject_init_exp_table_ap_ufixed_37_17_5_3_0_softmax_config9_s
INFO: [VRFC 10-2263] Analyzing SystemVerilog file "/nethome/dkulkarni47/LightningSimHLS4MLintegration/examples/fifo_benchmark_retry/dense_stream/default/myproject_prj/solution1/sim/verilog/myproject_softmax_stable_array_array_ap_fixed_16_6_5_3_0_5u_softmax_config9_s.v" into library xil_defaultlib
INFO: [VRFC 10-311] analyzing module myproject_softmax_stable_array_array_ap_fixed_16_6_5_3_0_5u_softmax_config9_s
INFO: [VRFC 10-2263] Analyzing SystemVerilog file "/nethome/dkulkarni47/LightningSimHLS4MLintegration/examples/fifo_benchmark_retry/dense_stream/default/myproject_prj/solution1/sim/verilog/myproject_softmax_array_array_ap_fixed_16_6_5_3_0_5u_softmax_config9_s.v" into library xil_defaultlib
INFO: [VRFC 10-311] analyzing module myproject_softmax_array_array_ap_fixed_16_6_5_3_0_5u_softmax_config9_s
INFO: [VRFC 10-2263] Analyzing SystemVerilog file "/nethome/dkulkarni47/LightningSimHLS4MLintegration/examples/fifo_benchmark_retry/dense_stream/default/myproject_prj/solution1/sim/verilog/myproject.v" into library xil_defaultlib
INFO: [VRFC 10-311] analyzing module myproject
INFO: [VRFC 10-2263] Analyzing SystemVerilog file "/nethome/dkulkarni47/LightningSimHLS4MLintegration/examples/fifo_benchmark_retry/dense_stream/default/myproject_prj/solution1/sim/verilog/myproject_flow_control_loop_pipe_sequential_init.v" into library xil_defaultlib
INFO: [VRFC 10-311] analyzing module myproject_flow_control_loop_pipe_sequential_init
INFO: [VRFC 10-2263] Analyzing SystemVerilog file "/nethome/dkulkarni47/LightningSimHLS4MLintegration/examples/fifo_benchmark_retry/dense_stream/default/myproject_prj/solution1/sim/verilog/myproject_mul_16s_8s_24_2_1.v" into library xil_defaultlib
INFO: [VRFC 10-311] analyzing module myproject_mul_16s_8s_24_2_1
INFO: [VRFC 10-2263] Analyzing SystemVerilog file "/nethome/dkulkarni47/LightningSimHLS4MLintegration/examples/fifo_benchmark_retry/dense_stream/default/myproject_prj/solution1/sim/verilog/myproject_mul_16s_7s_23_2_1.v" into library xil_defaultlib
INFO: [VRFC 10-311] analyzing module myproject_mul_16s_7s_23_2_1
INFO: [VRFC 10-2263] Analyzing SystemVerilog file "/nethome/dkulkarni47/LightningSimHLS4MLintegration/examples/fifo_benchmark_retry/dense_stream/default/myproject_prj/solution1/sim/verilog/myproject_mul_16s_8ns_24_2_1.v" into library xil_defaultlib
INFO: [VRFC 10-311] analyzing module myproject_mul_16s_8ns_24_2_1
INFO: [VRFC 10-2263] Analyzing SystemVerilog file "/nethome/dkulkarni47/LightningSimHLS4MLintegration/examples/fifo_benchmark_retry/dense_stream/default/myproject_prj/solution1/sim/verilog/myproject_mul_16s_9s_25_2_1.v" into library xil_defaultlib
INFO: [VRFC 10-311] analyzing module myproject_mul_16s_9s_25_2_1
INFO: [VRFC 10-2263] Analyzing SystemVerilog file "/nethome/dkulkarni47/LightningSimHLS4MLintegration/examples/fifo_benchmark_retry/dense_stream/default/myproject_prj/solution1/sim/verilog/myproject_mul_16s_9ns_25_2_1.v" into library xil_defaultlib
INFO: [VRFC 10-311] analyzing module myproject_mul_16s_9ns_25_2_1
INFO: [VRFC 10-2263] Analyzing SystemVerilog file "/nethome/dkulkarni47/LightningSimHLS4MLintegration/examples/fifo_benchmark_retry/dense_stream/default/myproject_prj/solution1/sim/verilog/myproject_mul_16s_10ns_26_2_1.v" into library xil_defaultlib
INFO: [VRFC 10-311] analyzing module myproject_mul_16s_10ns_26_2_1
INFO: [VRFC 10-2263] Analyzing SystemVerilog file "/nethome/dkulkarni47/LightningSimHLS4MLintegration/examples/fifo_benchmark_retry/dense_stream/default/myproject_prj/solution1/sim/verilog/myproject_mul_16s_7ns_23_2_1.v" into library xil_defaultlib
INFO: [VRFC 10-311] analyzing module myproject_mul_16s_7ns_23_2_1
INFO: [VRFC 10-2263] Analyzing SystemVerilog file "/nethome/dkulkarni47/LightningSimHLS4MLintegration/examples/fifo_benchmark_retry/dense_stream/default/myproject_prj/solution1/sim/verilog/myproject_mul_16s_10s_26_2_1.v" into library xil_defaultlib
INFO: [VRFC 10-311] analyzing module myproject_mul_16s_10s_26_2_1
INFO: [VRFC 10-2263] Analyzing SystemVerilog file "/nethome/dkulkarni47/LightningSimHLS4MLintegration/examples/fifo_benchmark_retry/dense_stream/default/myproject_prj/solution1/sim/verilog/myproject_mul_16s_6ns_22_2_1.v" into library xil_defaultlib
INFO: [VRFC 10-311] analyzing module myproject_mul_16s_6ns_22_2_1
INFO: [VRFC 10-2263] Analyzing SystemVerilog file "/nethome/dkulkarni47/LightningSimHLS4MLintegration/examples/fifo_benchmark_retry/dense_stream/default/myproject_prj/solution1/sim/verilog/myproject_mul_16s_6s_22_2_1.v" into library xil_defaultlib
INFO: [VRFC 10-311] analyzing module myproject_mul_16s_6s_22_2_1
INFO: [VRFC 10-2263] Analyzing SystemVerilog file "/nethome/dkulkarni47/LightningSimHLS4MLintegration/examples/fifo_benchmark_retry/dense_stream/default/myproject_prj/solution1/sim/verilog/myproject_mul_16s_5s_21_2_1.v" into library xil_defaultlib
INFO: [VRFC 10-311] analyzing module myproject_mul_16s_5s_21_2_1
INFO: [VRFC 10-2263] Analyzing SystemVerilog file "/nethome/dkulkarni47/LightningSimHLS4MLintegration/examples/fifo_benchmark_retry/dense_stream/default/myproject_prj/solution1/sim/verilog/myproject_mul_16s_5ns_21_2_1.v" into library xil_defaultlib
INFO: [VRFC 10-311] analyzing module myproject_mul_16s_5ns_21_2_1
INFO: [VRFC 10-2263] Analyzing SystemVerilog file "/nethome/dkulkarni47/LightningSimHLS4MLintegration/examples/fifo_benchmark_retry/dense_stream/default/myproject_prj/solution1/sim/verilog/myproject_regslice_both.v" into library xil_defaultlib
INFO: [VRFC 10-311] analyzing module myproject_regslice_both
INFO: [VRFC 10-2263] Analyzing SystemVerilog file "/nethome/dkulkarni47/LightningSimHLS4MLintegration/examples/fifo_benchmark_retry/dense_stream/default/myproject_prj/solution1/sim/verilog/myproject_fpext_32ns_64_4_no_dsp_1.v" into library xil_defaultlib
INFO: [VRFC 10-311] analyzing module myproject_fpext_32ns_64_4_no_dsp_1
INFO: [VRFC 10-2263] Analyzing SystemVerilog file "/nethome/dkulkarni47/LightningSimHLS4MLintegration/examples/fifo_benchmark_retry/dense_stream/default/myproject_prj/solution1/sim/verilog/myproject_fexp_32ns_32ns_32_31_full_dsp_1.v" into library xil_defaultlib
INFO: [VRFC 10-311] analyzing module myproject_fexp_32ns_32ns_32_31_full_dsp_1
INFO: [VRFC 10-2263] Analyzing SystemVerilog file "/nethome/dkulkarni47/LightningSimHLS4MLintegration/examples/fifo_benchmark_retry/dense_stream/default/myproject_prj/solution1/sim/verilog/myproject_ctlz_37_37_1_1.v" into library xil_defaultlib
INFO: [VRFC 10-311] analyzing module myproject_ctlz_37_37_1_1
INFO: [VRFC 10-2263] Analyzing SystemVerilog file "/nethome/dkulkarni47/LightningSimHLS4MLintegration/examples/fifo_benchmark_retry/dense_stream/default/myproject_prj/solution1/sim/verilog/myproject_bitselect_1ns_37ns_6ns_1_1_1.v" into library xil_defaultlib
INFO: [VRFC 10-311] analyzing module myproject_bitselect_1ns_37ns_6ns_1_1_1
INFO: [VRFC 10-2263] Analyzing SystemVerilog file "/nethome/dkulkarni47/LightningSimHLS4MLintegration/examples/fifo_benchmark_retry/dense_stream/default/myproject_prj/solution1/sim/verilog/myproject_lshr_37ns_32ns_37_7_1.v" into library xil_defaultlib
INFO: [VRFC 10-311] analyzing module myproject_lshr_37ns_32ns_37_7_1
INFO: [VRFC 10-2263] Analyzing SystemVerilog file "/nethome/dkulkarni47/LightningSimHLS4MLintegration/examples/fifo_benchmark_retry/dense_stream/default/myproject_prj/solution1/sim/verilog/myproject_shl_37ns_32ns_37_7_1.v" into library xil_defaultlib
INFO: [VRFC 10-311] analyzing module myproject_shl_37ns_32ns_37_7_1
INFO: [VRFC 10-2263] Analyzing SystemVerilog file "/nethome/dkulkarni47/LightningSimHLS4MLintegration/examples/fifo_benchmark_retry/dense_stream/default/myproject_prj/solution1/sim/verilog/myproject_bitselect_1ns_54ns_6ns_1_1_1.v" into library xil_defaultlib
INFO: [VRFC 10-311] analyzing module myproject_bitselect_1ns_54ns_6ns_1_1_1
INFO: [VRFC 10-2263] Analyzing SystemVerilog file "/nethome/dkulkarni47/LightningSimHLS4MLintegration/examples/fifo_benchmark_retry/dense_stream/default/myproject_prj/solution1/sim/verilog/myproject_ashr_54ns_11ns_54_7_1.v" into library xil_defaultlib
INFO: [VRFC 10-311] analyzing module myproject_ashr_54ns_11ns_54_7_1
INFO: [VRFC 10-2263] Analyzing SystemVerilog file "/nethome/dkulkarni47/LightningSimHLS4MLintegration/examples/fifo_benchmark_retry/dense_stream/default/myproject_prj/solution1/sim/verilog/myproject_lshr_54ns_6ns_54_7_1.v" into library xil_defaultlib
INFO: [VRFC 10-311] analyzing module myproject_lshr_54ns_6ns_54_7_1
INFO: [VRFC 10-2263] Analyzing SystemVerilog file "/nethome/dkulkarni47/LightningSimHLS4MLintegration/examples/fifo_benchmark_retry/dense_stream/default/myproject_prj/solution1/sim/verilog/myproject_sparsemux_7_2_18_1_1.v" into library xil_defaultlib
INFO: [VRFC 10-311] analyzing module myproject_sparsemux_7_2_18_1_1
INFO: [VRFC 10-2263] Analyzing SystemVerilog file "/nethome/dkulkarni47/LightningSimHLS4MLintegration/examples/fifo_benchmark_retry/dense_stream/default/myproject_prj/solution1/sim/verilog/myproject_sparsemux_7_2_1_1_1.v" into library xil_defaultlib
INFO: [VRFC 10-311] analyzing module myproject_sparsemux_7_2_1_1_1
INFO: [VRFC 10-2263] Analyzing SystemVerilog file "/nethome/dkulkarni47/LightningSimHLS4MLintegration/examples/fifo_benchmark_retry/dense_stream/default/myproject_prj/solution1/sim/verilog/myproject_sparsemux_7_2_16_1_1.v" into library xil_defaultlib
INFO: [VRFC 10-311] analyzing module myproject_sparsemux_7_2_16_1_1
INFO: [VRFC 10-2263] Analyzing SystemVerilog file "/nethome/dkulkarni47/LightningSimHLS4MLintegration/examples/fifo_benchmark_retry/dense_stream/default/myproject_prj/solution1/sim/verilog/myproject_mul_18s_16s_26_2_1.v" into library xil_defaultlib
INFO: [VRFC 10-311] analyzing module myproject_mul_18s_16s_26_2_1
INFO: [VRFC 10-2263] Analyzing SystemVerilog file "/nethome/dkulkarni47/LightningSimHLS4MLintegration/examples/fifo_benchmark_retry/dense_stream/default/myproject_prj/solution1/sim/verilog/myproject_softmax_stable_array_array_ap_fixed_16_6_5_3_0_5u_softmax_config9_s_invert_tabkb.v" into library xil_defaultlib
INFO: [VRFC 10-311] analyzing module myproject_softmax_stable_array_array_ap_fixed_16_6_5_3_0_5u_softmax_config9_s_invert_tabkb
INFO: [VRFC 10-2263] Analyzing SystemVerilog file "/nethome/dkulkarni47/LightningSimHLS4MLintegration/examples/fifo_benchmark_retry/dense_stream/default/myproject_prj/solution1/sim/verilog/myproject_softmax_stable_array_array_ap_fixed_16_6_5_3_0_5u_softmax_config9_s_exp_tablecud.v" into library xil_defaultlib
INFO: [VRFC 10-311] analyzing module myproject_softmax_stable_array_array_ap_fixed_16_6_5_3_0_5u_softmax_config9_s_exp_tablecud
INFO: [VRFC 10-2263] Analyzing SystemVerilog file "/nethome/dkulkarni47/LightningSimHLS4MLintegration/examples/fifo_benchmark_retry/dense_stream/default/myproject_prj/solution1/sim/verilog/myproject_fifo_w2368_d1_S.v" into library xil_defaultlib
INFO: [VRFC 10-311] analyzing module myproject_fifo_w2368_d1_S
INFO: [VRFC 10-311] analyzing module myproject_fifo_w2368_d1_S_ShiftReg
INFO: [VRFC 10-2263] Analyzing SystemVerilog file "/nethome/dkulkarni47/LightningSimHLS4MLintegration/examples/fifo_benchmark_retry/dense_stream/default/myproject_prj/solution1/sim/verilog/myproject_fifo_w1024_d1_S.v" into library xil_defaultlib
INFO: [VRFC 10-311] analyzing module myproject_fifo_w1024_d1_S
INFO: [VRFC 10-311] analyzing module myproject_fifo_w1024_d1_S_ShiftReg
INFO: [VRFC 10-2263] Analyzing SystemVerilog file "/nethome/dkulkarni47/LightningSimHLS4MLintegration/examples/fifo_benchmark_retry/dense_stream/default/myproject_prj/solution1/sim/verilog/myproject_fifo_w1248_d1_S.v" into library xil_defaultlib
INFO: [VRFC 10-311] analyzing module myproject_fifo_w1248_d1_S
INFO: [VRFC 10-311] analyzing module myproject_fifo_w1248_d1_S_ShiftReg
INFO: [VRFC 10-2263] Analyzing SystemVerilog file "/nethome/dkulkarni47/LightningSimHLS4MLintegration/examples/fifo_benchmark_retry/dense_stream/default/myproject_prj/solution1/sim/verilog/myproject_fifo_w512_d1_S.v" into library xil_defaultlib
INFO: [VRFC 10-311] analyzing module myproject_fifo_w512_d1_S
INFO: [VRFC 10-311] analyzing module myproject_fifo_w512_d1_S_ShiftReg
INFO: [VRFC 10-2263] Analyzing SystemVerilog file "/nethome/dkulkarni47/LightningSimHLS4MLintegration/examples/fifo_benchmark_retry/dense_stream/default/myproject_prj/solution1/sim/verilog/myproject_fifo_w1216_d1_S.v" into library xil_defaultlib
INFO: [VRFC 10-311] analyzing module myproject_fifo_w1216_d1_S
INFO: [VRFC 10-311] analyzing module myproject_fifo_w1216_d1_S_ShiftReg
INFO: [VRFC 10-2263] Analyzing SystemVerilog file "/nethome/dkulkarni47/LightningSimHLS4MLintegration/examples/fifo_benchmark_retry/dense_stream/default/myproject_prj/solution1/sim/verilog/myproject_fifo_w190_d1_S.v" into library xil_defaultlib
INFO: [VRFC 10-311] analyzing module myproject_fifo_w190_d1_S
INFO: [VRFC 10-311] analyzing module myproject_fifo_w190_d1_S_ShiftReg
INFO: [VRFC 10-2263] Analyzing SystemVerilog file "/nethome/dkulkarni47/LightningSimHLS4MLintegration/examples/fifo_benchmark_retry/dense_stream/default/myproject_prj/solution1/sim/verilog/myproject_start_for_relu_array_ap_fixed_64u_array_ap_fixed_16_6_5_3_0_64u_relu_config3_U0.v" into library xil_defaultlib
INFO: [VRFC 10-311] analyzing module myproject_start_for_relu_array_ap_fixed_64u_array_ap_fixed_16_6_5_3_0_64u_relu_config3_U0
INFO: [VRFC 10-311] analyzing module myproject_start_for_relu_array_ap_fixed_64u_array_ap_fixed_16_6_5_3_0_64u_relu_config3_U0_ShiftReg
INFO: [VRFC 10-2263] Analyzing SystemVerilog file "/nethome/dkulkarni47/LightningSimHLS4MLintegration/examples/fifo_benchmark_retry/dense_stream/default/myproject_prj/solution1/sim/verilog/myproject_start_for_dense_array_ap_fixed_64u_array_ap_fixed_39_19_5_3_0_32u_config4_U0.v" into library xil_defaultlib
INFO: [VRFC 10-311] analyzing module myproject_start_for_dense_array_ap_fixed_64u_array_ap_fixed_39_19_5_3_0_32u_config4_U0
INFO: [VRFC 10-311] analyzing module myproject_start_for_dense_array_ap_fixed_64u_array_ap_fixed_39_19_5_3_0_32u_config4_U0_ShiftReg
INFO: [VRFC 10-2263] Analyzing SystemVerilog file "/nethome/dkulkarni47/LightningSimHLS4MLintegration/examples/fifo_benchmark_retry/dense_stream/default/myproject_prj/solution1/sim/verilog/myproject_start_for_relu_array_ap_fixed_32u_array_ap_fixed_16_6_5_3_0_32u_relu_config5_U0.v" into library xil_defaultlib
INFO: [VRFC 10-311] analyzing module myproject_start_for_relu_array_ap_fixed_32u_array_ap_fixed_16_6_5_3_0_32u_relu_config5_U0
INFO: [VRFC 10-311] analyzing module myproject_start_for_relu_array_ap_fixed_32u_array_ap_fixed_16_6_5_3_0_32u_relu_config5_U0_ShiftReg
INFO: [VRFC 10-2263] Analyzing SystemVerilog file "/nethome/dkulkarni47/LightningSimHLS4MLintegration/examples/fifo_benchmark_retry/dense_stream/default/myproject_prj/solution1/sim/verilog/myproject_start_for_dense_array_ap_fixed_32u_array_ap_fixed_38_18_5_3_0_32u_config6_U0.v" into library xil_defaultlib
INFO: [VRFC 10-311] analyzing module myproject_start_for_dense_array_ap_fixed_32u_array_ap_fixed_38_18_5_3_0_32u_config6_U0
INFO: [VRFC 10-311] analyzing module myproject_start_for_dense_array_ap_fixed_32u_array_ap_fixed_38_18_5_3_0_32u_config6_U0_ShiftReg
INFO: [VRFC 10-2263] Analyzing SystemVerilog file "/nethome/dkulkarni47/LightningSimHLS4MLintegration/examples/fifo_benchmark_retry/dense_stream/default/myproject_prj/solution1/sim/verilog/myproject_start_for_relu_array_ap_fixed_32u_array_ap_fixed_16_6_5_3_0_32u_relu_config7_U0.v" into library xil_defaultlib
INFO: [VRFC 10-311] analyzing module myproject_start_for_relu_array_ap_fixed_32u_array_ap_fixed_16_6_5_3_0_32u_relu_config7_U0
INFO: [VRFC 10-311] analyzing module myproject_start_for_relu_array_ap_fixed_32u_array_ap_fixed_16_6_5_3_0_32u_relu_config7_U0_ShiftReg
INFO: [VRFC 10-2263] Analyzing SystemVerilog file "/nethome/dkulkarni47/LightningSimHLS4MLintegration/examples/fifo_benchmark_retry/dense_stream/default/myproject_prj/solution1/sim/verilog/myproject_start_for_dense_array_ap_fixed_32u_array_ap_fixed_38_18_5_3_0_5u_config8_U0.v" into library xil_defaultlib
INFO: [VRFC 10-311] analyzing module myproject_start_for_dense_array_ap_fixed_32u_array_ap_fixed_38_18_5_3_0_5u_config8_U0
INFO: [VRFC 10-311] analyzing module myproject_start_for_dense_array_ap_fixed_32u_array_ap_fixed_38_18_5_3_0_5u_config8_U0_ShiftReg
INFO: [VRFC 10-2263] Analyzing SystemVerilog file "/nethome/dkulkarni47/LightningSimHLS4MLintegration/examples/fifo_benchmark_retry/dense_stream/default/myproject_prj/solution1/sim/verilog/myproject_start_for_softmax_array_array_ap_fixed_16_6_5_3_0_5u_softmax_config9_U0.v" into library xil_defaultlib
INFO: [VRFC 10-311] analyzing module myproject_start_for_softmax_array_array_ap_fixed_16_6_5_3_0_5u_softmax_config9_U0
INFO: [VRFC 10-311] analyzing module myproject_start_for_softmax_array_array_ap_fixed_16_6_5_3_0_5u_softmax_config9_U0_ShiftReg
INFO: [VRFC 10-2263] Analyzing SystemVerilog file "/nethome/dkulkarni47/LightningSimHLS4MLintegration/examples/fifo_benchmark_retry/dense_stream/default/myproject_prj/solution1/sim/verilog/dataflow_monitor.sv" into library xil_defaultlib
INFO: [VRFC 10-311] analyzing module dataflow_monitor
INFO: [VRFC 10-2263] Analyzing SystemVerilog file "/nethome/dkulkarni47/LightningSimHLS4MLintegration/examples/fifo_benchmark_retry/dense_stream/default/myproject_prj/solution1/sim/verilog/file_agent/file_agent_pkg.sv" into library xil_defaultlib
INFO: [VRFC 10-2263] Analyzing SystemVerilog file "/nethome/dkulkarni47/LightningSimHLS4MLintegration/examples/fifo_benchmark_retry/dense_stream/default/myproject_prj/solution1/sim/verilog/svr/svr_pkg.sv" into library xil_defaultlib
INFO: [VRFC 10-2263] Analyzing SystemVerilog file "/nethome/dkulkarni47/LightningSimHLS4MLintegration/examples/fifo_benchmark_retry/dense_stream/default/myproject_prj/solution1/sim/verilog/svr/svr_if.sv" into library xil_defaultlib
INFO: [VRFC 10-2263] Analyzing SystemVerilog file "/nethome/dkulkarni47/LightningSimHLS4MLintegration/examples/fifo_benchmark_retry/dense_stream/default/myproject_prj/solution1/sim/verilog/myproject_subsystem/myproject_subsystem_pkg.sv" into library xil_defaultlib
INFO: [VRFC 10-2263] Analyzing SystemVerilog file "/nethome/dkulkarni47/LightningSimHLS4MLintegration/examples/fifo_benchmark_retry/dense_stream/default/myproject_prj/solution1/sim/verilog/svtb/misc_interface.sv" into library xil_defaultlib
INFO: [VRFC 10-2263] Analyzing SystemVerilog file "/nethome/dkulkarni47/LightningSimHLS4MLintegration/examples/fifo_benchmark_retry/dense_stream/default/myproject_prj/solution1/sim/verilog/svtb/sv_module_top.sv" into library xil_defaultlib
INFO: [VRFC 10-311] analyzing module sv_module_top
INFO: [VRFC 10-163] Analyzing VHDL file "/nethome/dkulkarni47/LightningSimHLS4MLintegration/examples/fifo_benchmark_retry/dense_stream/default/myproject_prj/solution1/sim/verilog/ip/xil_defaultlib/myproject_fpext_32ns_64_4_no_dsp_1_ip.vhd" into library xil_defaultlib
INFO: [VRFC 10-3107] analyzing entity 'myproject_fpext_32ns_64_4_no_dsp_1_ip'
INFO: [VRFC 10-163] Analyzing VHDL file "/nethome/dkulkarni47/LightningSimHLS4MLintegration/examples/fifo_benchmark_retry/dense_stream/default/myproject_prj/solution1/sim/verilog/ip/xil_defaultlib/myproject_fexp_32ns_32ns_32_31_full_dsp_1_ip.vhd" into library xil_defaultlib
INFO: [VRFC 10-3107] analyzing entity 'myproject_fexp_32ns_32ns_32_31_full_dsp_1_ip'
Starting static elaboration
Pass Through NonSizing Optimizer
Completed static elaboration
Starting simulation data flow analysis
WARNING: [XSIM 43-4099] "/proj/primebuilds/9999.0_PRIME_0428_0031/installs/data/system_verilog/uvm_1.2/xlnx_uvm_package.sv" Line 4356. Module uvm_pkg doesn't have a timescale but at least one module in design has a timescale.
Completed simulation data flow analysis
Time Resolution for simulation is 1ps
Compiling package std.standard
Compiling package std.textio
Compiling package ieee.std_logic_1164
Compiling package ieee.numeric_std
Compiling package floating_point_v7_1_21.floating_point_v7_1_21_viv_comp
Compiling package xbip_utils_v3_0_15.xbip_utils_v3_0_15_pkg
Compiling package axi_utils_v2_0_11.axi_utils_v2_0_11_pkg
Compiling package floating_point_v7_1_21.floating_point_v7_1_21_consts
Compiling package ieee.math_real
Compiling package floating_point_v7_1_21.floating_point_v7_1_21_exp_table...
Compiling package mult_gen_v12_0_24.mult_gen_v12_0_24_pkg
Compiling package ieee.std_logic_arith
Compiling package ieee.std_logic_signed
Compiling package floating_point_v7_1_21.floating_point_v7_1_21_pkg
Compiling package floating_point_v7_1_21.flt_utils
Compiling package unisim.vcomponents
Compiling package ieee.vital_timing
Compiling package ieee.vital_primitives
Compiling package unisim.vpkg
Compiling package xbip_pipe_v3_0_11.xbip_pipe_v3_0_11_viv_comp
Compiling package xil_defaultlib.$unit_sv_module_top_sv
Compiling package uvm.uvm_pkg
Compiling package std.std
Compiling package xil_defaultlib.svr_pkg
Compiling package xil_defaultlib.file_agent_pkg
Compiling package xil_defaultlib.myproject_subsystem_pkg
Compiling package xil_defaultlib.$unit_dataflow_monitor_sv
Compiling module xil_defaultlib.myproject_mul_16s_8s_24_2_1(NUM_...
Compiling module xil_defaultlib.myproject_mul_16s_7s_23_2_1(NUM_...
Compiling module xil_defaultlib.myproject_mul_16s_8ns_24_2_1(NUM...
Compiling module xil_defaultlib.myproject_mul_16s_9s_25_2_1(NUM_...
Compiling module xil_defaultlib.myproject_mul_16s_9ns_25_2_1(NUM...
Compiling module xil_defaultlib.myproject_mul_16s_10ns_26_2_1(NU...
Compiling module xil_defaultlib.myproject_mul_16s_7ns_23_2_1(NUM...
Compiling module xil_defaultlib.myproject_mul_16s_10s_26_2_1(NUM...
Compiling module xil_defaultlib.myproject_mul_16s_6ns_22_2_1(NUM...
Compiling module xil_defaultlib.myproject_mul_16s_6s_22_2_1(NUM_...
Compiling module xil_defaultlib.myproject_mul_16s_5s_21_2_1(NUM_...
Compiling module xil_defaultlib.myproject_mul_16s_5ns_21_2_1(NUM...
Compiling module xil_defaultlib.myproject_dense_latency_ap_fixed...
Compiling module xil_defaultlib.myproject_regslice_both(DataWidt...
Compiling module xil_defaultlib.myproject_dense_array_ap_fixed_1...
Compiling module xil_defaultlib.myproject_relu_array_ap_fixed_64...
Compiling module xil_defaultlib.myproject_dense_latency_ap_fixed...
Compiling module xil_defaultlib.myproject_dense_array_ap_fixed_6...
Compiling module xil_defaultlib.myproject_relu_array_ap_fixed_32...
Compiling module xil_defaultlib.myproject_dense_latency_ap_fixed...
Compiling module xil_defaultlib.myproject_dense_array_ap_fixed_3...
Compiling module xil_defaultlib.myproject_relu_array_ap_fixed_32...
Compiling module xil_defaultlib.myproject_dense_latency_ap_fixed...
Compiling module xil_defaultlib.myproject_dense_array_ap_fixed_3...
Compiling module xil_defaultlib.myproject_softmax_stable_array_a...
Compiling module xil_defaultlib.myproject_softmax_stable_array_a...
Compiling architecture synth of entity xbip_pipe_v3_0_11.xbip_pipe_v3_0_11_viv [\xbip_pipe_v3_0_11_viv(c_latency...]
Compiling architecture rtl of entity floating_point_v7_1_21.delay [\delay(width=23)\]
Compiling architecture synth of entity xbip_pipe_v3_0_11.xbip_pipe_v3_0_11_viv [\xbip_pipe_v3_0_11_viv(c_latency...]
Compiling architecture rtl of entity floating_point_v7_1_21.delay [\delay(width=8)\]
Compiling architecture muxcy_v of entity unisim.MUXCY [muxcy_default]
Compiling architecture fdre_v of entity unisim.FDRE [fdre_default]
Compiling architecture fde_v of entity unisim.FDE [fde_default]
Compiling architecture synth of entity xbip_pipe_v3_0_11.xbip_pipe_v3_0_11_viv [\xbip_pipe_v3_0_11_viv(c_has_ce=...]
Compiling architecture rtl of entity floating_point_v7_1_21.delay [\delay(length=0)\]
Compiling architecture synth of entity xbip_pipe_v3_0_11.xbip_pipe_v3_0_11_viv [\xbip_pipe_v3_0_11_viv(c_has_ce=...]
Compiling architecture rtl of entity floating_point_v7_1_21.delay [\delay(width=4,length=0)\]
Compiling architecture struct of entity floating_point_v7_1_21.carry_chain [\carry_chain(c_xdevicefamily="ki...]
Compiling architecture synth of entity floating_point_v7_1_21.compare_eq_im [\compare_eq_im(c_xdevicefamily="...]
Compiling architecture synth of entity xbip_pipe_v3_0_11.xbip_pipe_v3_0_11_viv [\xbip_pipe_v3_0_11_viv(c_latency...]
Compiling architecture rtl of entity floating_point_v7_1_21.delay [\delay(fast_input=true)\]
Compiling architecture rtl of entity floating_point_v7_1_21.special_detect [\special_detect(a_fw=24)(1,7)\]
Compiling architecture synth of entity xbip_pipe_v3_0_11.xbip_pipe_v3_0_11_viv [\xbip_pipe_v3_0_11_viv(c_latency...]
Compiling architecture rtl of entity floating_point_v7_1_21.delay [delay_default]
Compiling architecture synth of entity xbip_pipe_v3_0_11.xbip_pipe_v3_0_11_viv [\xbip_pipe_v3_0_11_viv(c_has_ce=...]
Compiling architecture rtl of entity floating_point_v7_1_21.delay [\delay(width=2,length=0)\]
Compiling architecture synth of entity xbip_pipe_v3_0_11.xbip_pipe_v3_0_11_viv [\xbip_pipe_v3_0_11_viv(c_has_ce=...]
Compiling architecture rtl of entity floating_point_v7_1_21.delay [\delay(width=4,length=0,fast_inp...]
Compiling architecture synth of entity xbip_pipe_v3_0_11.xbip_pipe_v3_0_11_viv [\xbip_pipe_v3_0_11_viv(c_has_ce=...]
Compiling architecture rtl of entity floating_point_v7_1_21.delay [\delay(length=0,fast_input=true)...]
Compiling architecture rtl of entity floating_point_v7_1_21.flt_to_flt_conv_exp [\flt_to_flt_conv_exp(r_w=64,r_ew...]
Compiling architecture synth of entity floating_point_v7_1_21.flt_dec_op [\flt_dec_op(c_xdevicefamily="zyn...]
Compiling architecture rtl of entity floating_point_v7_1_21.flt_to_flt_conv [\flt_to_flt_conv(c_xdevicefamily...]
Compiling architecture synth of entity xbip_pipe_v3_0_11.xbip_pipe_v3_0_11_viv [\xbip_pipe_v3_0_11_viv(c_latency...]
Compiling architecture synth of entity xbip_pipe_v3_0_11.xbip_pipe_v3_0_11_viv [\xbip_pipe_v3_0_11_viv(c_has_ce=...]
Compiling architecture rtl of entity floating_point_v7_1_21.delay [\delay(width=64,length=0)\]
Compiling architecture xilinx of entity floating_point_v7_1_21.floating_point_v7_1_21_viv [\floating_point_v7_1_21_viv(c_xd...]
Compiling architecture xilinx of entity floating_point_v7_1_21.floating_point_v7_1_21 [\floating_point_v7_1_21(c_xdevic...]
Compiling architecture myproject_fpext_32ns_64_4_no_dsp_1_ip_arch of entity xil_defaultlib.myproject_fpext_32ns_64_4_no_dsp_1_ip [myproject_fpext_32ns_64_4_no_dsp...]
Compiling module xil_defaultlib.myproject_fpext_32ns_64_4_no_dsp...
Compiling architecture dsp48e1_v of entity unisim.DSP48E1 [\DSP48E1(alumodereg=0,bcascreg=2...]
Compiling architecture synth of entity xbip_pipe_v3_0_11.xbip_pipe_v3_0_11_viv [\xbip_pipe_v3_0_11_viv(c_latency...]
Compiling architecture rtl of entity floating_point_v7_1_21.delay [\delay(length=2)\]
Compiling architecture synth of entity xbip_pipe_v3_0_11.xbip_pipe_v3_0_11_viv [\xbip_pipe_v3_0_11_viv(c_latency...]
Compiling architecture rtl of entity floating_point_v7_1_21.delay [\delay(width=43,length=2)\]
Compiling architecture synth of entity xbip_pipe_v3_0_11.xbip_pipe_v3_0_11_viv [\xbip_pipe_v3_0_11_viv(c_has_ce=...]
Compiling architecture rtl of entity floating_point_v7_1_21.delay [\delay(width=17,length=0)\]
Compiling architecture rtl of entity floating_point_v7_1_21.dsp48e1_wrapper [\dsp48e1_wrapper(a_width=17,b_wi...]
Compiling architecture rtl of entity floating_point_v7_1_21.special_detect [\special_detect(c_xdevicefamily=...]
Compiling architecture synth of entity xbip_pipe_v3_0_11.xbip_pipe_v3_0_11_viv [\xbip_pipe_v3_0_11_viv(c_latency...]
Compiling architecture rtl of entity floating_point_v7_1_21.delay [\delay(length=27)\]
Compiling architecture struct of entity floating_point_v7_1_21.carry_chain [\carry_chain(c_xdevicefamily="zy...]
Compiling architecture synth of entity floating_point_v7_1_21.compare_gt [\compare_gt(c_xdevicefamily="zyn...]
Compiling architecture synth of entity xbip_pipe_v3_0_11.xbip_pipe_v3_0_11_viv [\xbip_pipe_v3_0_11_viv(c_latency...]
Compiling architecture rtl of entity floating_point_v7_1_21.delay [\delay(width=2,length=27,fast_in...]
Compiling architecture synth of entity xbip_pipe_v3_0_11.xbip_pipe_v3_0_11_viv [\xbip_pipe_v3_0_11_viv(c_latency...]
Compiling architecture rtl of entity floating_point_v7_1_21.delay [\delay(length=28)\]
Compiling architecture synth of entity floating_point_v7_1_21.flt_exp_specialcase [\flt_exp_specialcase(c_xdevicefa...]
Compiling architecture synth of entity xbip_pipe_v3_0_11.xbip_pipe_v3_0_11_viv [\xbip_pipe_v3_0_11_viv(c_latency...]
Compiling architecture rtl of entity floating_point_v7_1_21.delay [\delay(width=10)\]
Compiling architecture rtl of entity floating_point_v7_1_21.delay_s [\delay_s(width=10)\]
Compiling architecture synth of entity xbip_pipe_v3_0_11.xbip_pipe_v3_0_11_viv [\xbip_pipe_v3_0_11_viv(c_latency...]
Compiling architecture rtl of entity floating_point_v7_1_21.delay [\delay(width=9)\]
Compiling architecture rtl of entity floating_point_v7_1_21.delay_s [\delay_s(width=9)\]
Compiling architecture synth of entity xbip_pipe_v3_0_11.xbip_pipe_v3_0_11_viv [\xbip_pipe_v3_0_11_viv(c_latency...]
Compiling architecture rtl of entity floating_point_v7_1_21.delay [\delay(width=2,length=4,fast_inp...]
Compiling architecture synth of entity xbip_pipe_v3_0_11.xbip_pipe_v3_0_11_viv [\xbip_pipe_v3_0_11_viv(c_latency...]
Compiling architecture rtl of entity floating_point_v7_1_21.delay [\delay(length=4,fast_input=true)...]
Compiling architecture synth of entity xbip_pipe_v3_0_11.xbip_pipe_v3_0_11_viv [\xbip_pipe_v3_0_11_viv(c_latency...]
Compiling architecture rtl of entity floating_point_v7_1_21.delay [\delay(width=16)\]
Compiling architecture synth of entity xbip_pipe_v3_0_11.xbip_pipe_v3_0_11_viv [\xbip_pipe_v3_0_11_viv(c_latency...]
Compiling architecture rtl of entity floating_point_v7_1_21.delay [\delay(width=2)\]
Compiling architecture synth of entity xbip_pipe_v3_0_11.xbip_pipe_v3_0_11_viv [\xbip_pipe_v3_0_11_viv(c_latency...]
Compiling architecture rtl of entity floating_point_v7_1_21.delay [\delay(width=2,length=2)\]
Compiling architecture muxf7_v of entity unisim.MUXF7 [muxf7_default]
Compiling architecture muxf8_v of entity unisim.MUXF8 [muxf8_default]
Compiling architecture synth of entity xbip_pipe_v3_0_11.xbip_pipe_v3_0_11_viv [\xbip_pipe_v3_0_11_viv(c_has_ce=...]
Compiling architecture rtl of entity floating_point_v7_1_21.delay [\delay(width=6,length=0)\]
Compiling architecture struct of entity floating_point_v7_1_21.carry_chain [\carry_chain(c_xdevicefamily="zy...]
Compiling architecture synth of entity floating_point_v7_1_21.compare_eq_im [\compare_eq_im(c_xdevicefamily="...]
Compiling architecture rtl of entity floating_point_v7_1_21.zero_det_sel [\zero_det_sel(c_xdevicefamily="z...]
Compiling architecture synth of entity xbip_pipe_v3_0_11.xbip_pipe_v3_0_11_viv [\xbip_pipe_v3_0_11_viv(c_latency...]
Compiling architecture rtl of entity floating_point_v7_1_21.delay [\delay(width=34)\]
Compiling architecture rtl of entity floating_point_v7_1_21.shift_msb_first [\shift_msb_first(a_width=24,resu...]
Compiling architecture synth of entity xbip_pipe_v3_0_11.xbip_pipe_v3_0_11_viv [\xbip_pipe_v3_0_11_viv(c_has_ce=...]
Compiling architecture rtl of entity floating_point_v7_1_21.delay [\delay(width=34,length=0)\]
Compiling architecture synth of entity xbip_pipe_v3_0_11.xbip_pipe_v3_0_11_viv [\xbip_pipe_v3_0_11_viv(c_latency...]
Compiling architecture rtl of entity floating_point_v7_1_21.delay [\delay(length=3)\]
Compiling architecture xorcy_v of entity unisim.XORCY [xorcy_default]
Compiling architecture synth of entity xbip_pipe_v3_0_11.xbip_pipe_v3_0_11_viv [\xbip_pipe_v3_0_11_viv(c_has_ce=...]
Compiling architecture rtl of entity floating_point_v7_1_21.delay [\delay(width=35,length=0)\]
Compiling architecture synth of entity xbip_pipe_v3_0_11.xbip_pipe_v3_0_11_viv [\xbip_pipe_v3_0_11_viv(c_latency...]
Compiling architecture rtl of entity floating_point_v7_1_21.delay [\delay(width=36)\]
Compiling architecture struct of entity floating_point_v7_1_21.carry_chain [\carry_chain(c_xdevicefamily="zy...]
Compiling architecture synth of entity floating_point_v7_1_21.flt_to_fix_conv [\flt_to_fix_conv(c_xdevicefamily...]
Compiling architecture synth of entity xbip_pipe_v3_0_11.xbip_pipe_v3_0_11_viv [\xbip_pipe_v3_0_11_viv(c_latency...]
Compiling architecture rtl of entity floating_point_v7_1_21.delay [\delay(length=6)\]
Compiling architecture synth of entity xbip_pipe_v3_0_11.xbip_pipe_v3_0_11_viv [\xbip_pipe_v3_0_11_viv(c_has_ce=...]
Compiling architecture rtl of entity floating_point_v7_1_21.delay [\delay(width=5,length=0)\]
Compiling architecture dsp48e1_v of entity unisim.DSP48E1 [\DSP48E1(adreg=0,dreg=0,inmodere...]
Compiling architecture synth of entity xbip_pipe_v3_0_11.xbip_pipe_v3_0_11_viv [\xbip_pipe_v3_0_11_viv(c_has_ce=...]
Compiling architecture rtl of entity floating_point_v7_1_21.delay [\delay(width=7,length=0)\]
Compiling architecture synth of entity xbip_pipe_v3_0_11.xbip_pipe_v3_0_11_viv [\xbip_pipe_v3_0_11_viv(c_has_ce=...]
Compiling architecture rtl of entity floating_point_v7_1_21.delay [\delay(width=48,length=0)\]
Compiling architecture synth of entity xbip_pipe_v3_0_11.xbip_pipe_v3_0_11_viv [\xbip_pipe_v3_0_11_viv(c_has_ce=...]
Compiling architecture rtl of entity floating_point_v7_1_21.delay [\delay(width=30,length=0)\]
Compiling architecture synth of entity xbip_pipe_v3_0_11.xbip_pipe_v3_0_11_viv [\xbip_pipe_v3_0_11_viv(c_has_ce=...]
Compiling architecture rtl of entity floating_point_v7_1_21.delay [\delay(width=18,length=0)\]
Compiling architecture synth of entity xbip_pipe_v3_0_11.xbip_pipe_v3_0_11_viv [\xbip_pipe_v3_0_11_viv(c_has_ce=...]
Compiling architecture rtl of entity floating_point_v7_1_21.delay [\delay(width=25,length=0)\]
Compiling architecture rtl of entity floating_point_v7_1_21.dsp48e1_wrapper [\dsp48e1_wrapper(a_width=30,b_wi...]
Compiling architecture synth of entity floating_point_v7_1_21.flt_log_addsub [\flt_log_addsub(c_xdevicefamily=...]
Compiling architecture synth of entity xbip_pipe_v3_0_11.xbip_pipe_v3_0_11_viv [\xbip_pipe_v3_0_11_viv(c_latency...]
Compiling architecture rtl of entity floating_point_v7_1_21.delay [\delay(width=5,length=2)\]
Compiling architecture rtl of entity floating_point_v7_1_21.flt_exp_ccm [\flt_exp_ccm(c_xdevicefamily="zy...]
Compiling architecture synth of entity xbip_pipe_v3_0_11.xbip_pipe_v3_0_11_viv [\xbip_pipe_v3_0_11_viv(c_latency...]
Compiling architecture rtl of entity floating_point_v7_1_21.delay [\delay(length=5)\]
Compiling architecture rtl of entity floating_point_v7_1_21.dsp48e1_wrapper [\dsp48e1_wrapper(c_part="xc7z020...]
Compiling architecture synth of entity floating_point_v7_1_21.flt_log_addsub [\flt_log_addsub(c_xdevicefamily=...]
Compiling architecture synth of entity xbip_pipe_v3_0_11.xbip_pipe_v3_0_11_viv [\xbip_pipe_v3_0_11_viv(c_latency...]
Compiling architecture rtl of entity floating_point_v7_1_21.delay [\delay(width=4,length=2)\]
Compiling architecture rtl of entity floating_point_v7_1_21.flt_exp_ccm [\flt_exp_ccm(c_xdevicefamily="zy...]
Compiling architecture synth of entity xbip_pipe_v3_0_11.xbip_pipe_v3_0_11_viv [\xbip_pipe_v3_0_11_viv(c_latency...]
Compiling architecture rtl of entity floating_point_v7_1_21.delay [\delay(width=33,length=10)\]
Compiling architecture synth of entity floating_point_v7_1_21.flt_log_addsub [\flt_log_addsub(c_xdevicefamily=...]
Compiling architecture rtl of entity floating_point_v7_1_21.flt_exp_e2A [\flt_exp_e2A(c_xdevicefamily="zy...]
Compiling architecture synth of entity xbip_pipe_v3_0_11.xbip_pipe_v3_0_11_viv [\xbip_pipe_v3_0_11_viv(c_latency...]
Compiling architecture rtl of entity floating_point_v7_1_21.delay [\delay(width=6)\]
Compiling architecture rtl of entity floating_point_v7_1_21.flt_exp_e2zmzm1 [\flt_exp_e2zmzm1(c_xdevicefamily...]
Compiling architecture synth of entity xbip_pipe_v3_0_11.xbip_pipe_v3_0_11_viv [\xbip_pipe_v3_0_11_viv(c_latency...]
Compiling architecture rtl of entity floating_point_v7_1_21.delay [\delay(width=16,length=2)\]
Compiling architecture synth of entity xbip_pipe_v3_0_11.xbip_pipe_v3_0_11_viv [\xbip_pipe_v3_0_11_viv(c_latency...]
Compiling architecture rtl of entity floating_point_v7_1_21.delay [\delay(width=8,length=16)\]
Compiling architecture synth of entity xbip_pipe_v3_0_11.xbip_pipe_v3_0_11_viv [\xbip_pipe_v3_0_11_viv(c_latency...]
Compiling architecture rtl of entity floating_point_v7_1_21.delay [\delay(length=11)\]
Compiling architecture synth of entity xbip_pipe_v3_0_11.xbip_pipe_v3_0_11_viv [\xbip_pipe_v3_0_11_viv(c_latency...]
Compiling architecture rtl of entity floating_point_v7_1_21.delay [\delay(width=8,length=3)\]
Compiling architecture synth of entity xbip_pipe_v3_0_11.xbip_pipe_v3_0_11_viv [\xbip_pipe_v3_0_11_viv(c_latency...]
Compiling architecture rtl of entity floating_point_v7_1_21.delay [\delay(width=8,length=2)\]
Compiling architecture dsp48e1_v of entity unisim.DSP48E1 [\DSP48E1(acascreg=0,adreg=0,areg...]
Compiling architecture rtl of entity floating_point_v7_1_21.dsp48e1_wrapper [\dsp48e1_wrapper(b_width=18,c_wi...]
Compiling architecture synth of entity xbip_pipe_v3_0_11.xbip_pipe_v3_0_11_viv [\xbip_pipe_v3_0_11_viv(c_latency...]
Compiling architecture rtl of entity floating_point_v7_1_21.delay [\delay(width=14)\]
Compiling architecture synth of entity xbip_pipe_v3_0_11.xbip_pipe_v3_0_11_viv [\xbip_pipe_v3_0_11_viv(c_latency...]
Compiling architecture rtl of entity floating_point_v7_1_21.delay [\delay(width=14,length=2)\]
Compiling architecture synth of entity xbip_pipe_v3_0_11.xbip_pipe_v3_0_11_viv [\xbip_pipe_v3_0_11_viv(c_latency...]
Compiling architecture rtl of entity floating_point_v7_1_21.delay [\delay(width=25,fast_input=true)...]
Compiling architecture synth of entity xbip_pipe_v3_0_11.xbip_pipe_v3_0_11_viv [\xbip_pipe_v3_0_11_viv(c_has_ce=...]
Compiling architecture rtl of entity floating_point_v7_1_21.delay [\delay(width=3,length=0)\]
Compiling architecture synth of entity xbip_pipe_v3_0_11.xbip_pipe_v3_0_11_viv [\xbip_pipe_v3_0_11_viv(c_latency...]
Compiling architecture rtl of entity floating_point_v7_1_21.delay [\delay(width=2,fast_input=true)\]
Compiling architecture rtl of entity floating_point_v7_1_21.flt_round_bit [\flt_round_bit(c_xdevicefamily="...]
Compiling architecture rtl of entity floating_point_v7_1_21.renorm_and_round_logic [\renorm_and_round_logic(c_xdevic...]
Compiling architecture lut4_v of entity unisim.LUT4 [\LUT4(init="1100110010010110")(0...]
Compiling architecture lut4_v of entity unisim.LUT4 [\LUT4(init="1100110000111100")(0...]
Compiling architecture synth of entity xbip_pipe_v3_0_11.xbip_pipe_v3_0_11_viv [\xbip_pipe_v3_0_11_viv(c_latency...]
Compiling architecture rtl of entity floating_point_v7_1_21.delay [\delay(width=9,fast_input=true)\]
Compiling architecture synth of entity floating_point_v7_1_21.flt_log_addsub [\flt_log_addsub(c_xdevicefamily=...]
Compiling architecture struct of entity floating_point_v7_1_21.carry_chain [\carry_chain(c_xdevicefamily="zy...]
Compiling architecture synth of entity floating_point_v7_1_21.compare_eq_im [\compare_eq_im(c_xdevicefamily="...]
Compiling architecture synth of entity floating_point_v7_1_21.compare_ne_im [\compare_ne_im(c_xdevicefamily="...]
Compiling architecture struct of entity floating_point_v7_1_21.carry_chain [\carry_chain(c_xdevicefamily="zy...]
Compiling architecture synth of entity floating_point_v7_1_21.compare_gt [\compare_gt(c_xdevicefamily="zyn...]
Compiling architecture synth of entity xbip_pipe_v3_0_11.xbip_pipe_v3_0_11_viv [\xbip_pipe_v3_0_11_viv(c_latency...]
Compiling architecture rtl of entity floating_point_v7_1_21.delay [\delay(width=32)\]
Compiling architecture synth of entity floating_point_v7_1_21.flt_exp_recomb [\flt_exp_recomb(c_xdevicefamily=...]
Compiling architecture synth of entity floating_point_v7_1_21.flt_exp [\flt_exp(c_xdevicefamily="zynq",...]
Compiling architecture synth of entity xbip_pipe_v3_0_11.xbip_pipe_v3_0_11_viv [\xbip_pipe_v3_0_11_viv(c_latency...]
Compiling architecture synth of entity xbip_pipe_v3_0_11.xbip_pipe_v3_0_11_viv [\xbip_pipe_v3_0_11_viv(c_has_ce=...]
Compiling architecture rtl of entity floating_point_v7_1_21.delay [\delay(width=32,length=0)\]
Compiling architecture xilinx of entity floating_point_v7_1_21.floating_point_v7_1_21_viv [\floating_point_v7_1_21_viv(c_xd...]
Compiling architecture xilinx of entity floating_point_v7_1_21.floating_point_v7_1_21 [\floating_point_v7_1_21(c_xdevic...]
Compiling architecture myproject_fexp_32ns_32ns_32_31_full_dsp_1_ip_arch of entity xil_defaultlib.myproject_fexp_32ns_32ns_32_31_full_dsp_1_ip [myproject_fexp_32ns_32ns_32_31_f...]
Compiling module xil_defaultlib.myproject_fexp_32ns_32ns_32_31_f...
Compiling module xil_defaultlib.myproject_ctlz_37_37_1_1(din_WID...
Compiling module xil_defaultlib.myproject_bitselect_1ns_37ns_6ns...
Compiling module xil_defaultlib.myproject_lshr_37ns_32ns_37_7_1(...
Compiling module xil_defaultlib.myproject_shl_37ns_32ns_37_7_1(N...
Compiling module xil_defaultlib.myproject_bitselect_1ns_54ns_6ns...
Compiling module xil_defaultlib.myproject_ashr_54ns_11ns_54_7_1(...
Compiling module xil_defaultlib.myproject_lshr_54ns_6ns_54_7_1(N...
Compiling module xil_defaultlib.myproject_shl_18ns_11ns_18_2_1(N...
Compiling module xil_defaultlib.myproject_sparsemux_7_2_18_1_1(d...
Compiling module xil_defaultlib.myproject_sparsemux_7_2_1_1_1(se...
Compiling module xil_defaultlib.myproject_sparsemux_7_2_16_1_1(d...
Compiling module xil_defaultlib.myproject_flow_control_loop_pipe...
Compiling module xil_defaultlib.myproject_init_exp_table_ap_ufix...
Compiling module xil_defaultlib.myproject_mul_18s_16s_26_2_1(NUM...
Compiling module xil_defaultlib.myproject_softmax_stable_array_a...
Compiling module xil_defaultlib.myproject_regslice_both(DataWidt...
Compiling module xil_defaultlib.myproject_softmax_array_array_ap...
Compiling module xil_defaultlib.myproject_fifo_w2368_d1_S_ShiftR...
Compiling module xil_defaultlib.myproject_fifo_w2368_d1_S_defaul...
Compiling module xil_defaultlib.myproject_fifo_w1024_d1_S_ShiftR...
Compiling module xil_defaultlib.myproject_fifo_w1024_d1_S_defaul...
Compiling module xil_defaultlib.myproject_fifo_w1248_d1_S_ShiftR...
Compiling module xil_defaultlib.myproject_fifo_w1248_d1_S_defaul...
Compiling module xil_defaultlib.myproject_fifo_w512_d1_S_ShiftRe...
Compiling module xil_defaultlib.myproject_fifo_w512_d1_S_default
Compiling module xil_defaultlib.myproject_fifo_w1216_d1_S_ShiftR...
Compiling module xil_defaultlib.myproject_fifo_w1216_d1_S_defaul...
Compiling module xil_defaultlib.myproject_fifo_w190_d1_S_ShiftRe...
Compiling module xil_defaultlib.myproject_fifo_w190_d1_S_default
Compiling module xil_defaultlib.myproject_start_for_relu_array_a...
Compiling module xil_defaultlib.myproject_start_for_relu_array_a...
Compiling module xil_defaultlib.myproject_start_for_dense_array_...
Compiling module xil_defaultlib.myproject_start_for_dense_array_...
Compiling module xil_defaultlib.myproject_start_for_relu_array_a...
Compiling module xil_defaultlib.myproject_start_for_relu_array_a...
Compiling module xil_defaultlib.myproject_start_for_dense_array_...
Compiling module xil_defaultlib.myproject_start_for_dense_array_...
Compiling module xil_defaultlib.myproject_start_for_relu_array_a...
Compiling module xil_defaultlib.myproject_start_for_relu_array_a...
Compiling module xil_defaultlib.myproject_start_for_dense_array_...
Compiling module xil_defaultlib.myproject_start_for_dense_array_...
Compiling module xil_defaultlib.myproject_start_for_softmax_arra...
Compiling module xil_defaultlib.myproject_start_for_softmax_arra...
Compiling module xil_defaultlib.myproject
Compiling module xil_defaultlib.misc_interface_default
Compiling module xil_defaultlib.svr_if(DATA_WIDTH=256)
Compiling module xil_defaultlib.svr_if(DATA_WIDTH=80)
Compiling module xil_defaultlib.sv_module_top
Compiling module xil_defaultlib.AESL_deadlock_detect_unit(PROC_N...
Compiling module xil_defaultlib.AESL_deadlock_detect_unit(PROC_N...
Compiling module xil_defaultlib.AESL_deadlock_detect_unit(PROC_N...
Compiling module xil_defaultlib.AESL_deadlock_detect_unit(PROC_N...
Compiling module xil_defaultlib.AESL_deadlock_detect_unit(PROC_N...
Compiling module xil_defaultlib.AESL_deadlock_detect_unit(PROC_N...
Compiling module xil_defaultlib.AESL_deadlock_detect_unit(PROC_N...
Compiling module xil_defaultlib.AESL_deadlock_detect_unit(PROC_N...
Compiling module xil_defaultlib.AESL_deadlock_report_unit(PROC_N...
Compiling module xil_defaultlib.AESL_deadlock_detector_1
Compiling module xil_defaultlib.AESL_deadlock_idx0_monitor
Compiling module xil_defaultlib.AESL_deadlock_kernel_monitor_top...
Compiling module xil_defaultlib.df_fifo_intf_default
Compiling module xil_defaultlib.df_process_intf_default
Compiling module xil_defaultlib.nodf_module_intf_default
Compiling module xil_defaultlib.upc_loop_intf(FSM_WIDTH=1)
Compiling module xil_defaultlib.dataflow_monitor_1
Compiling module xil_defaultlib.apatb_myproject_top
Compiling module xil_defaultlib.glbl
Built simulation snapshot myproject

****** xsim v2025.2.1 (64-bit)
  **** SW Build 6403652 on Thu Mar 19 13:47:00 MDT 2026
  **** IP Build 6403511 on Thu Mar 19 12:41:45 MDT 2026
  **** SharedData Build 6403650 on Thu Mar 19 14:02:13 MDT 2026
  **** Start of session at: Mon Sep 21 18:36:14 2026
    ** Copyright 1986-2022 Xilinx, Inc. All Rights Reserved.
    ** Copyright 2022-2026 Advanced Micro Devices, Inc. All Rights Reserved.

source xsim.dir/myproject/xsim_script.tcl
# xsim {myproject} -testplusarg UVM_VERBOSITY=UVM_NONE -testplusarg UVM_TESTNAME=myproject_test_lib -testplusarg UVM_TIMEOUT=20000000000000 -view {{myproject_dataflow_ana.wcfg}} -tclbatch {myproject.tcl} -protoinst {myproject.protoinst}
INFO: [Wavedata 42-565] Reading protoinst file myproject.protoinst
INFO: [Wavedata 42-564]   Found protocol instance at /apatb_myproject_top/AESL_inst_myproject//AESL_inst_myproject_activity
INFO: [Wavedata 42-564]   Found protocol instance at /apatb_myproject_top/AESL_inst_myproject/dense_array_ap_fixed_16u_array_ap_fixed_37_17_5_3_0_64u_config2_U0/dense_array_ap_fixed_16u_array_ap_fixed_37_17_5_3_0_64u_config2_U0_activity
INFO: [Wavedata 42-564]   Found protocol instance at /apatb_myproject_top/AESL_inst_myproject/dense_array_ap_fixed_32u_array_ap_fixed_38_18_5_3_0_32u_config6_U0/dense_array_ap_fixed_32u_array_ap_fixed_38_18_5_3_0_32u_config6_U0_activity
INFO: [Wavedata 42-564]   Found protocol instance at /apatb_myproject_top/AESL_inst_myproject/dense_array_ap_fixed_32u_array_ap_fixed_38_18_5_3_0_5u_config8_U0/dense_array_ap_fixed_32u_array_ap_fixed_38_18_5_3_0_5u_config8_U0_activity
INFO: [Wavedata 42-564]   Found protocol instance at /apatb_myproject_top/AESL_inst_myproject/dense_array_ap_fixed_64u_array_ap_fixed_39_19_5_3_0_32u_config4_U0/dense_array_ap_fixed_64u_array_ap_fixed_39_19_5_3_0_32u_config4_U0_activity
INFO: [Wavedata 42-564]   Found protocol instance at /apatb_myproject_top/AESL_inst_myproject/relu_array_ap_fixed_32u_array_ap_fixed_16_6_5_3_0_32u_relu_config5_U0/relu_array_ap_fixed_32u_array_ap_fixed_16_6_5_3_0_32u_relu_config5_U0_activity
INFO: [Wavedata 42-564]   Found protocol instance at /apatb_myproject_top/AESL_inst_myproject/relu_array_ap_fixed_32u_array_ap_fixed_16_6_5_3_0_32u_relu_config7_U0/relu_array_ap_fixed_32u_array_ap_fixed_16_6_5_3_0_32u_relu_config7_U0_activity
INFO: [Wavedata 42-564]   Found protocol instance at /apatb_myproject_top/AESL_inst_myproject/relu_array_ap_fixed_64u_array_ap_fixed_16_6_5_3_0_64u_relu_config3_U0/relu_array_ap_fixed_64u_array_ap_fixed_16_6_5_3_0_64u_relu_config3_U0_activity
INFO: [Wavedata 42-564]   Found protocol instance at /apatb_myproject_top/AESL_inst_myproject/softmax_array_array_ap_fixed_16_6_5_3_0_5u_softmax_config9_U0/grp_softmax_stable_array_array_ap_fixed_16_6_5_3_0_5u_softmax_config9_s_fu_24/grp_init_exp_table_ap_ufixed_37_17_5_3_0_softmax_config9_s_fu_285/grp_init_exp_table_ap_ufixed_37_17_5_3_0_softmax_config9_s_fu_285_activity
INFO: [Wavedata 42-564]   Found protocol instance at /apatb_myproject_top/AESL_inst_myproject/softmax_array_array_ap_fixed_16_6_5_3_0_5u_softmax_config9_U0/grp_softmax_stable_array_array_ap_fixed_16_6_5_3_0_5u_softmax_config9_s_fu_24/grp_softmax_stable_array_array_ap_fixed_16_6_5_3_0_5u_softmax_config9_s_fu_24_activity
INFO: [Wavedata 42-564]   Found protocol instance at /apatb_myproject_top/AESL_inst_myproject/softmax_array_array_ap_fixed_16_6_5_3_0_5u_softmax_config9_U0/softmax_array_array_ap_fixed_16_6_5_3_0_5u_softmax_config9_U0_activity
Time resolution is 1 ps
open_wave_config myproject_dataflow_ana.wcfg
WARNING: Simulation object /apatb_myproject_top/AESL_inst_myproject/softmax_array_array_ap_fixed_16_6_5_3_0_5u_softmax_config9_U0/invert_table_address0 was not found in the design.
WARNING: Simulation object /apatb_myproject_top/AESL_inst_myproject/softmax_array_array_ap_fixed_16_6_5_3_0_5u_softmax_config9_U0/invert_table_q0 was not found in the design.
WARNING: Simulation object /apatb_myproject_top/AESL_inst_myproject/softmax_array_array_ap_fixed_16_6_5_3_0_5u_softmax_config9_U0/invert_table_ce0 was not found in the design.
source myproject.tcl
## set designtopgroup [add_wave_group "Design Top Signals"]
## set coutputgroup [add_wave_group "C Outputs" -into $designtopgroup]
## set return_group [add_wave_group return(axis) -into $coutputgroup]
## add_wave /apatb_myproject_top/AESL_inst_myproject/layer9_out_TREADY -into $return_group -color #ffff00 -radix hex
## add_wave /apatb_myproject_top/AESL_inst_myproject/layer9_out_TVALID -into $return_group -color #ffff00 -radix hex
## add_wave /apatb_myproject_top/AESL_inst_myproject/layer9_out_TDATA -into $return_group -radix hex
## set cinputgroup [add_wave_group "C Inputs" -into $designtopgroup]
## set return_group [add_wave_group return(axis) -into $cinputgroup]
## add_wave /apatb_myproject_top/AESL_inst_myproject/model_input_TREADY -into $return_group -color #ffff00 -radix hex
## add_wave /apatb_myproject_top/AESL_inst_myproject/model_input_TVALID -into $return_group -color #ffff00 -radix hex
## add_wave /apatb_myproject_top/AESL_inst_myproject/model_input_TDATA -into $return_group -radix hex
## set blocksiggroup [add_wave_group "Block-level IO Handshake" -into $designtopgroup]
## add_wave /apatb_myproject_top/AESL_inst_myproject/ap_start -into $blocksiggroup
## add_wave /apatb_myproject_top/AESL_inst_myproject/ap_done -into $blocksiggroup
## add_wave /apatb_myproject_top/AESL_inst_myproject/ap_ready -into $blocksiggroup
## add_wave /apatb_myproject_top/AESL_inst_myproject/ap_idle -into $blocksiggroup
## set resetgroup [add_wave_group "Reset" -into $designtopgroup]
## add_wave /apatb_myproject_top/AESL_inst_myproject/ap_rst_n -into $resetgroup
## set clockgroup [add_wave_group "Clock" -into $designtopgroup]
## add_wave /apatb_myproject_top/AESL_inst_myproject/ap_clk -into $clockgroup
## set testbenchgroup [add_wave_group "Test Bench Signals"]
## set tbinternalsiggroup [add_wave_group "Internal Signals" -into $testbenchgroup]
## set tb_simstatus_group [add_wave_group "Simulation Status" -into $tbinternalsiggroup]
## set tb_portdepth_group [add_wave_group "Port Depth" -into $tbinternalsiggroup]
## add_wave /apatb_myproject_top/AUTOTB_TRANSACTION_NUM -into $tb_simstatus_group -radix hex
## add_wave /apatb_myproject_top/ready_cnt -into $tb_simstatus_group -radix hex
## add_wave /apatb_myproject_top/done_cnt -into $tb_simstatus_group -radix hex
## add_wave /apatb_myproject_top/LENGTH_layer9_out -into $tb_portdepth_group -radix hex
## add_wave /apatb_myproject_top/LENGTH_model_input -into $tb_portdepth_group -radix hex
## set tbcoutputgroup [add_wave_group "C Outputs" -into $testbenchgroup]
## set tb_return_group [add_wave_group return(axis) -into $tbcoutputgroup]
## add_wave /apatb_myproject_top/layer9_out_TREADY -into $tb_return_group -color #ffff00 -radix hex
## add_wave /apatb_myproject_top/layer9_out_TVALID -into $tb_return_group -color #ffff00 -radix hex
## add_wave /apatb_myproject_top/layer9_out_TDATA -into $tb_return_group -radix hex
## set tbcinputgroup [add_wave_group "C Inputs" -into $testbenchgroup]
## set tb_return_group [add_wave_group return(axis) -into $tbcinputgroup]
## add_wave /apatb_myproject_top/model_input_TREADY -into $tb_return_group -color #ffff00 -radix hex
## add_wave /apatb_myproject_top/model_input_TVALID -into $tb_return_group -color #ffff00 -radix hex
## add_wave /apatb_myproject_top/model_input_TDATA -into $tb_return_group -radix hex
## save_wave_config myproject.wcfg
## run all
UVM_INFO /tools/software/amd/xilinx/2025.2.1/Vivado/data/system_verilog/uvm_1.2/xlnx_uvm_package.sv(18601) @ 0: reporter [UVM/RELNOTES] 
----------------------------------------------------------------
UVM-1.2
(C) 2007-2014 Mentor Graphics Corporation
(C) 2007-2014 Cadence Design Systems, Inc.
(C) 2006-2014 Synopsys, Inc.
(C) 2011-2013 Cypress Semiconductor Corp.
(C) 2013-2014 NVIDIA Corporation
----------------------------------------------------------------

  ***********       IMPORTANT RELEASE NOTES         ************

  You are using a version of the UVM library that has been compiled
  with `UVM_NO_DEPRECATED undefined.

  You are using a version of the UVM library that has been compiled
  with `UVM_OBJECT_DO_NOT_NEED_CONSTRUCTOR undefined.

      (Specify +UVM_NO_RELNOTES to turn off this notice)

UVM_INFO /tools/software/amd/xilinx/2025.2.1/Vivado/data/system_verilog/uvm_1.2/xlnx_uvm_package.sv(18648) @ 0: reporter [NO_DPI_TSTNAME] UVM_NO_DPI defined--getting UVM_TESTNAME directly, without DPI
UVM_INFO /tools/software/amd/xilinx/2025.2.1/Vivado/data/system_verilog/uvm_1.2/xlnx_uvm_package.sv(18752) @ 0: reporter [UVMTOP] UVM testbench topology:
----------------------------------------------------------------------------------------------------------------------
Name                                                    Type                                     Size  Value          
----------------------------------------------------------------------------------------------------------------------
uvm_test_top                                            myproject_test_lib                       -     @352           
  top_env                                               myproject_env                            -     @363           
    env_master_svr_model_input                          uvm_env                                  -     @382           
      m_agt                                             uvm_agent                                -     @585           
        drv                                             uvm_driver #(REQ,RSP)                    -     @733           
          rsp_port                                      uvm_analysis_port                        -     @752           
          seq_item_port                                 uvm_seq_item_pull_port                   -     @742           
        mon                                             uvm_monitor                              -     @762           
          item_collect_port                             uvm_analysis_port                        -     @773           
        sqr                                             uvm_sequencer                            -     @596           
          rsp_export                                    uvm_analysis_export                      -     @605           
          seq_item_export                               uvm_seq_item_pull_imp                    -     @723           
          arbitration_queue                             array                                    0     -              
          lock_queue                                    array                                    0     -              
          num_last_reqs                                 integral                                 32    'd1            
          num_last_rsps                                 integral                                 32    'd1            
    env_slave_svr_layer9_out                            uvm_env                                  -     @395           
      s_agt                                             uvm_agent                                -     @791           
        drv                                             uvm_driver #(REQ,RSP)                    -     @939           
          rsp_port                                      uvm_analysis_port                        -     @958           
          seq_item_port                                 uvm_seq_item_pull_port                   -     @948           
        mon                                             uvm_monitor                              -     @968           
          item_collect_port                             uvm_analysis_port                        -     @979           
        sqr                                             uvm_sequencer                            -     @802           
          rsp_export                                    uvm_analysis_export                      -     @811           
          seq_item_export                               uvm_seq_item_pull_imp                    -     @929           
          arbitration_queue                             array                                    0     -              
          lock_queue                                    array                                    0     -              
          num_last_reqs                                 integral                                 32    'd1            
          num_last_rsps                                 integral                                 32    'd1            
    myproject_virtual_sqr                               myproject_virtual_sequencer              -     @447           
      rsp_export                                        uvm_analysis_export                      -     @456           
      seq_item_export                                   uvm_seq_item_pull_imp                    -     @574           
      arbitration_queue                                 array                                    0     -              
      lock_queue                                        array                                    0     -              
      num_last_reqs                                     integral                                 32    'd1            
      num_last_rsps                                     integral                                 32    'd1            
    refm                                                myproject_reference_model                -     @405           
      trans_num_idx                                     integral                                 32    'h0            
    subsys_mon                                          myproject_subsystem_monitor              -     @418           
      scbd                                              myproject_scoreboard                     -     @1006          
        refm                                            myproject_reference_model                -     @405           
          trans_num_idx                                 integral                                 32    'h0            
        file_rd_TVOUT_transaction_size                  <unknown>                                -     @1016          
          TV_FILE                                       string                                   0     ""             
          fp                                            integral                                 32    'hxxxxxxxx     
          TV_FILE_num                                   integral                                 32    'h0            
          HEX_read                                      integral                                 32    'h0            
          DEC_read                                      integral                                 32    'h0            
          is_binary                                     integral                                 32    'h0            
          TV_FILE_COMPARE                               string                                   0     ""             
          fp_compare                                    integral                                 32    'hxxxxxxxx     
        TVOUT_transaction_size_queue                    da(integral)                             0     -              
        file_wr_port_layer9_out_layer9_out_TDATA        <unknown>                                -     @1017          
          TV_FILE                                       string                                   0     ""             
          fp                                            integral                                 32    'hxxxxxxxx     
          file_open                                     integral                                 32    'h0            
          write_file_done                               integral                                 32    'h0            
          write_section_done                            integral                                 32    'h0            
          TRANSACTION_NUM                               integral                                 32    'h0            
          transaction_num_idx                           integral                                 32    'h0            
          TRANSACTION_DEPTH                             integral                                 32    'h0            
          TRANSACTION_DEPTH_queue                       da(integral)                             0     -              
          TRANSACTION_DEPTH_queue_for_depth_check       da(integral)                             0     -              
          transaction_depth_idx                         integral                                 32    'h0            
          ap_done_num_idx                               integral                                 32    'h0            
          is_binary                                     integral                                 32    'h0            
        write_file_done_layer9_out_layer9_out_TDATA     integral                                 32    'h0            
        write_section_done_layer9_out_layer9_out_TDATA  integral                                 32    'h0            
      svr_master_model_input_imp                        uvm_analysis_imp_svr_master_model_input  -     @427           
      svr_slave_layer9_out_imp                          uvm_analysis_imp_svr_slave_layer9_out    -     @437           
    env_master_svr_model_input                          uvm_env                                  -     @382           
    env_slave_svr_layer9_out                            uvm_env                                  -     @395           
    refm                                                myproject_reference_model                -     @405           
    myproject_virtual_sqr                               myproject_virtual_sequencer              -     @447           
    myproject_cfg                                       myproject_config                         -     @377           
      port_model_input_cfg                              svr_config                               -     @378           
        svr_type                                        svr_inst_type                            32    SVR_MASTER     
        prt_type                                        svr_protocol_type                        32    AXIS           
        is_active                                       svr_active_passive_enum                  1     SVR_ACTIVE     
        reset_level                                     svr_reset_level_enum                     1     RESET_LEVEL_LOW
        spec_cfg                                        svr_spec_cfg_enum                        32    NORMAL         
        clatency                                        svr_latency                              -     @379           
          transfer_latency                              integral                                 32    'h0            
      port_layer9_out_cfg                               svr_config                               -     @380           
        svr_type                                        svr_inst_type                            32    SVR_SLAVE      
        prt_type                                        svr_protocol_type                        32    AXIS           
        is_active                                       svr_active_passive_enum                  1     SVR_ACTIVE     
        reset_level                                     svr_reset_level_enum                     1     RESET_LEVEL_LOW
        spec_cfg                                        svr_spec_cfg_enum                        32    NORMAL         
        clatency                                        svr_latency                              -     @381           
          transfer_latency                              integral                                 32    'h0            
      check_ena                                         integral                                 32    'h0            
      cover_ena                                         integral                                 32    'h0            
----------------------------------------------------------------------------------------------------------------------

UVM_INFO /tools/software/amd/xilinx/2025.2.1/Vivado/data/system_verilog/uvm_1.2/xlnx_uvm_package.sv(20867) @ 0: reporter [UVM/COMP/NAMECHECK] This implementation of the component name checks requires DPI to be enabled
////////////////////////////////////////////////////////////////////////////////////
// Inter-Transaction Progress: Completed Transaction / Total Transaction
// Intra-Transaction Progress: Measured Latency / Latency Estimation * 100%
//
// RTL Simulation : "Inter-Transaction Progress" ["Intra-Transaction Progress"] @ "Simulation Time"
////////////////////////////////////////////////////////////////////////////////////
// RTL Simulation : 0 / 5 [0.00%] @ "113000"
// RTL Simulation : 1 / 5 [98.96%] @ "5893000"
// RTL Simulation : 2 / 5 [193.77%] @ "11418000"
// RTL Simulation : 3 / 5 [288.57%] @ "16943000"
// RTL Simulation : 4 / 5 [383.38%] @ "22468000"
// RTL Simulation : 5 / 5 [100.00%] @ "27993000"
////////////////////////////////////////////////////////////////////////////////////
$finish called at time : 28027500 ps : File "/tools/software/amd/xilinx/2025.2.1/Vivado/data/system_verilog/uvm_1.2/xlnx_uvm_package.sv" Line 18699
run: Time (s): cpu = 00:00:04 ; elapsed = 00:00:16 . Memory (MB): peak = 0.000 ; gain = 0.000 ; free physical = 6953 ; free virtual = 173152
## quit
INFO: xsimkernel Simulation Memory Usage: 576008 KB (Peak: 604756 KB), Simulation CPU Usage: 19420 ms
INFO: [Common 17-206] Exiting xsim at Mon Sep 21 18:36:41 2026...
