

================================================================
== Vitis HLS Report for 'dense_latency_ap_fixed_16_6_5_3_0_ap_fixed_16_6_5_3_0_config2_s'
================================================================
* Date:           Sat Aug 29 13:31:55 2026

* Version:        2025.2.1 (Build 6397637 on Mar 18 2026)
* Project:        myproject_prj
* Solution:       solution1 (Vivado IP Flow Target)
* Product family: virtexuplus
* Target device:  xcvu13p-flga2577-2-e


================================================================
== Performance Estimates
================================================================
+ Timing: 
    * Summary: 
    +--------+---------+----------+------------+
    |  Clock |  Target | Estimated| Uncertainty|
    +--------+---------+----------+------------+
    |ap_clk  |  5.00 ns|  3.490 ns|     1.35 ns|
    +--------+---------+----------+------------+

+ Latency: 
    * Summary: 
    +---------+---------+----------+----------+-----+-----+---------+
    |  Latency (cycles) |  Latency (absolute) |  Interval | Pipeline|
    |   min   |   max   |    min   |    max   | min | max |   Type  |
    +---------+---------+----------+----------+-----+-----+---------+
    |        1|        1|  5.000 ns|  5.000 ns|    1|    1|      yes|
    +---------+---------+----------+----------+-----+-----+---------+

    + Detail: 
        * Instance: 
        N/A

        * Loop: 
        N/A



================================================================
== Utilization Estimates
================================================================
* Summary: 
+---------------------+---------+-------+---------+---------+------+
|         Name        | BRAM_18K|  DSP  |    FF   |   LUT   | URAM |
+---------------------+---------+-------+---------+---------+------+
|DSP                  |        -|      -|        -|        -|     -|
|Expression           |        -|      -|        0|     7050|     -|
|FIFO                 |        -|      -|        -|        -|     -|
|Instance             |        -|    275|        0|     1375|     -|
|Memory               |        -|      -|        -|        -|     -|
|Multiplexer          |        -|      -|        -|        -|     -|
|Register             |        -|      -|      850|        -|     -|
+---------------------+---------+-------+---------+---------+------+
|Total                |        0|    275|      850|     8425|     0|
+---------------------+---------+-------+---------+---------+------+
|Available SLR        |     1344|   3072|   864000|   432000|   320|
+---------------------+---------+-------+---------+---------+------+
|Utilization SLR (%)  |        0|      8|       ~0|        1|     0|
+---------------------+---------+-------+---------+---------+------+
|Available            |     5376|  12288|  3456000|  1728000|  1280|
+---------------------+---------+-------+---------+---------+------+
|Utilization (%)      |        0|      2|       ~0|       ~0|     0|
+---------------------+---------+-------+---------+---------+------+

+ Detail: 
    * Instance: 
    +--------------------------+---------------------+---------+----+---+----+-----+
    |         Instance         |        Module       | BRAM_18K| DSP| FF| LUT| URAM|
    +--------------------------+---------------------+---------+----+---+----+-----+
    |mul_16s_10ns_26_1_1_U1    |mul_16s_10ns_26_1_1  |        0|   1|  0|   5|    0|
    |mul_16s_10ns_26_1_1_U9    |mul_16s_10ns_26_1_1  |        0|   1|  0|   5|    0|
    |mul_16s_10ns_26_1_1_U26   |mul_16s_10ns_26_1_1  |        0|   1|  0|   5|    0|
    |mul_16s_10ns_26_1_1_U28   |mul_16s_10ns_26_1_1  |        0|   1|  0|   5|    0|
    |mul_16s_10ns_26_1_1_U30   |mul_16s_10ns_26_1_1  |        0|   1|  0|   5|    0|
    |mul_16s_10ns_26_1_1_U40   |mul_16s_10ns_26_1_1  |        0|   1|  0|   5|    0|
    |mul_16s_10ns_26_1_1_U45   |mul_16s_10ns_26_1_1  |        0|   1|  0|   5|    0|
    |mul_16s_10ns_26_1_1_U51   |mul_16s_10ns_26_1_1  |        0|   1|  0|   5|    0|
    |mul_16s_10ns_26_1_1_U58   |mul_16s_10ns_26_1_1  |        0|   1|  0|   5|    0|
    |mul_16s_10ns_26_1_1_U68   |mul_16s_10ns_26_1_1  |        0|   1|  0|   5|    0|
    |mul_16s_10ns_26_1_1_U73   |mul_16s_10ns_26_1_1  |        0|   1|  0|   5|    0|
    |mul_16s_10ns_26_1_1_U78   |mul_16s_10ns_26_1_1  |        0|   1|  0|   5|    0|
    |mul_16s_10ns_26_1_1_U84   |mul_16s_10ns_26_1_1  |        0|   1|  0|   5|    0|
    |mul_16s_10ns_26_1_1_U85   |mul_16s_10ns_26_1_1  |        0|   1|  0|   5|    0|
    |mul_16s_10ns_26_1_1_U88   |mul_16s_10ns_26_1_1  |        0|   1|  0|   5|    0|
    |mul_16s_10ns_26_1_1_U90   |mul_16s_10ns_26_1_1  |        0|   1|  0|   5|    0|
    |mul_16s_10ns_26_1_1_U96   |mul_16s_10ns_26_1_1  |        0|   1|  0|   5|    0|
    |mul_16s_10ns_26_1_1_U122  |mul_16s_10ns_26_1_1  |        0|   1|  0|   5|    0|
    |mul_16s_10ns_26_1_1_U123  |mul_16s_10ns_26_1_1  |        0|   1|  0|   5|    0|
    |mul_16s_10ns_26_1_1_U125  |mul_16s_10ns_26_1_1  |        0|   1|  0|   5|    0|
    |mul_16s_10ns_26_1_1_U144  |mul_16s_10ns_26_1_1  |        0|   1|  0|   5|    0|
    |mul_16s_10ns_26_1_1_U165  |mul_16s_10ns_26_1_1  |        0|   1|  0|   5|    0|
    |mul_16s_10ns_26_1_1_U181  |mul_16s_10ns_26_1_1  |        0|   1|  0|   5|    0|
    |mul_16s_10ns_26_1_1_U194  |mul_16s_10ns_26_1_1  |        0|   1|  0|   5|    0|
    |mul_16s_10ns_26_1_1_U197  |mul_16s_10ns_26_1_1  |        0|   1|  0|   5|    0|
    |mul_16s_10ns_26_1_1_U199  |mul_16s_10ns_26_1_1  |        0|   1|  0|   5|    0|
    |mul_16s_10ns_26_1_1_U202  |mul_16s_10ns_26_1_1  |        0|   1|  0|   5|    0|
    |mul_16s_10ns_26_1_1_U204  |mul_16s_10ns_26_1_1  |        0|   1|  0|   5|    0|
    |mul_16s_10ns_26_1_1_U211  |mul_16s_10ns_26_1_1  |        0|   1|  0|   5|    0|
    |mul_16s_10ns_26_1_1_U214  |mul_16s_10ns_26_1_1  |        0|   1|  0|   5|    0|
    |mul_16s_10ns_26_1_1_U215  |mul_16s_10ns_26_1_1  |        0|   1|  0|   5|    0|
    |mul_16s_10ns_26_1_1_U219  |mul_16s_10ns_26_1_1  |        0|   1|  0|   5|    0|
    |mul_16s_10ns_26_1_1_U225  |mul_16s_10ns_26_1_1  |        0|   1|  0|   5|    0|
    |mul_16s_10ns_26_1_1_U227  |mul_16s_10ns_26_1_1  |        0|   1|  0|   5|    0|
    |mul_16s_10ns_26_1_1_U232  |mul_16s_10ns_26_1_1  |        0|   1|  0|   5|    0|
    |mul_16s_10ns_26_1_1_U239  |mul_16s_10ns_26_1_1  |        0|   1|  0|   5|    0|
    |mul_16s_10ns_26_1_1_U244  |mul_16s_10ns_26_1_1  |        0|   1|  0|   5|    0|
    |mul_16s_10ns_26_1_1_U248  |mul_16s_10ns_26_1_1  |        0|   1|  0|   5|    0|
    |mul_16s_10ns_26_1_1_U254  |mul_16s_10ns_26_1_1  |        0|   1|  0|   5|    0|
    |mul_16s_10ns_26_1_1_U255  |mul_16s_10ns_26_1_1  |        0|   1|  0|   5|    0|
    |mul_16s_10ns_26_1_1_U261  |mul_16s_10ns_26_1_1  |        0|   1|  0|   5|    0|
    |mul_16s_10ns_26_1_1_U267  |mul_16s_10ns_26_1_1  |        0|   1|  0|   5|    0|
    |mul_16s_10ns_26_1_1_U274  |mul_16s_10ns_26_1_1  |        0|   1|  0|   5|    0|
    |mul_16s_10ns_26_1_1_U275  |mul_16s_10ns_26_1_1  |        0|   1|  0|   5|    0|
    |mul_16s_10s_26_1_1_U6     |mul_16s_10s_26_1_1   |        0|   1|  0|   5|    0|
    |mul_16s_10s_26_1_1_U10    |mul_16s_10s_26_1_1   |        0|   1|  0|   5|    0|
    |mul_16s_10s_26_1_1_U16    |mul_16s_10s_26_1_1   |        0|   1|  0|   5|    0|
    |mul_16s_10s_26_1_1_U29    |mul_16s_10s_26_1_1   |        0|   1|  0|   5|    0|
    |mul_16s_10s_26_1_1_U33    |mul_16s_10s_26_1_1   |        0|   1|  0|   5|    0|
    |mul_16s_10s_26_1_1_U37    |mul_16s_10s_26_1_1   |        0|   1|  0|   5|    0|
    |mul_16s_10s_26_1_1_U39    |mul_16s_10s_26_1_1   |        0|   1|  0|   5|    0|
    |mul_16s_10s_26_1_1_U54    |mul_16s_10s_26_1_1   |        0|   1|  0|   5|    0|
    |mul_16s_10s_26_1_1_U61    |mul_16s_10s_26_1_1   |        0|   1|  0|   5|    0|
    |mul_16s_10s_26_1_1_U66    |mul_16s_10s_26_1_1   |        0|   1|  0|   5|    0|
    |mul_16s_10s_26_1_1_U71    |mul_16s_10s_26_1_1   |        0|   1|  0|   5|    0|
    |mul_16s_10s_26_1_1_U75    |mul_16s_10s_26_1_1   |        0|   1|  0|   5|    0|
    |mul_16s_10s_26_1_1_U77    |mul_16s_10s_26_1_1   |        0|   1|  0|   5|    0|
    |mul_16s_10s_26_1_1_U86    |mul_16s_10s_26_1_1   |        0|   1|  0|   5|    0|
    |mul_16s_10s_26_1_1_U94    |mul_16s_10s_26_1_1   |        0|   1|  0|   5|    0|
    |mul_16s_10s_26_1_1_U107   |mul_16s_10s_26_1_1   |        0|   1|  0|   5|    0|
    |mul_16s_10s_26_1_1_U108   |mul_16s_10s_26_1_1   |        0|   1|  0|   5|    0|
    |mul_16s_10s_26_1_1_U114   |mul_16s_10s_26_1_1   |        0|   1|  0|   5|    0|
    |mul_16s_10s_26_1_1_U126   |mul_16s_10s_26_1_1   |        0|   1|  0|   5|    0|
    |mul_16s_10s_26_1_1_U130   |mul_16s_10s_26_1_1   |        0|   1|  0|   5|    0|
    |mul_16s_10s_26_1_1_U135   |mul_16s_10s_26_1_1   |        0|   1|  0|   5|    0|
    |mul_16s_10s_26_1_1_U137   |mul_16s_10s_26_1_1   |        0|   1|  0|   5|    0|
    |mul_16s_10s_26_1_1_U138   |mul_16s_10s_26_1_1   |        0|   1|  0|   5|    0|
    |mul_16s_10s_26_1_1_U140   |mul_16s_10s_26_1_1   |        0|   1|  0|   5|    0|
    |mul_16s_10s_26_1_1_U143   |mul_16s_10s_26_1_1   |        0|   1|  0|   5|    0|
    |mul_16s_10s_26_1_1_U145   |mul_16s_10s_26_1_1   |        0|   1|  0|   5|    0|
    |mul_16s_10s_26_1_1_U152   |mul_16s_10s_26_1_1   |        0|   1|  0|   5|    0|
    |mul_16s_10s_26_1_1_U155   |mul_16s_10s_26_1_1   |        0|   1|  0|   5|    0|
    |mul_16s_10s_26_1_1_U160   |mul_16s_10s_26_1_1   |        0|   1|  0|   5|    0|
    |mul_16s_10s_26_1_1_U172   |mul_16s_10s_26_1_1   |        0|   1|  0|   5|    0|
    |mul_16s_10s_26_1_1_U173   |mul_16s_10s_26_1_1   |        0|   1|  0|   5|    0|
    |mul_16s_10s_26_1_1_U179   |mul_16s_10s_26_1_1   |        0|   1|  0|   5|    0|
    |mul_16s_10s_26_1_1_U185   |mul_16s_10s_26_1_1   |        0|   1|  0|   5|    0|
    |mul_16s_10s_26_1_1_U191   |mul_16s_10s_26_1_1   |        0|   1|  0|   5|    0|
    |mul_16s_10s_26_1_1_U192   |mul_16s_10s_26_1_1   |        0|   1|  0|   5|    0|
    |mul_16s_10s_26_1_1_U203   |mul_16s_10s_26_1_1   |        0|   1|  0|   5|    0|
    |mul_16s_10s_26_1_1_U208   |mul_16s_10s_26_1_1   |        0|   1|  0|   5|    0|
    |mul_16s_10s_26_1_1_U210   |mul_16s_10s_26_1_1   |        0|   1|  0|   5|    0|
    |mul_16s_10s_26_1_1_U216   |mul_16s_10s_26_1_1   |        0|   1|  0|   5|    0|
    |mul_16s_10s_26_1_1_U221   |mul_16s_10s_26_1_1   |        0|   1|  0|   5|    0|
    |mul_16s_10s_26_1_1_U229   |mul_16s_10s_26_1_1   |        0|   1|  0|   5|    0|
    |mul_16s_10s_26_1_1_U234   |mul_16s_10s_26_1_1   |        0|   1|  0|   5|    0|
    |mul_16s_10s_26_1_1_U238   |mul_16s_10s_26_1_1   |        0|   1|  0|   5|    0|
    |mul_16s_10s_26_1_1_U242   |mul_16s_10s_26_1_1   |        0|   1|  0|   5|    0|
    |mul_16s_10s_26_1_1_U243   |mul_16s_10s_26_1_1   |        0|   1|  0|   5|    0|
    |mul_16s_10s_26_1_1_U264   |mul_16s_10s_26_1_1   |        0|   1|  0|   5|    0|
    |mul_16s_10s_26_1_1_U265   |mul_16s_10s_26_1_1   |        0|   1|  0|   5|    0|
    |mul_16s_10s_26_1_1_U268   |mul_16s_10s_26_1_1   |        0|   1|  0|   5|    0|
    |mul_16s_11ns_26_1_1_U3    |mul_16s_11ns_26_1_1  |        0|   1|  0|   5|    0|
    |mul_16s_11ns_26_1_1_U5    |mul_16s_11ns_26_1_1  |        0|   1|  0|   5|    0|
    |mul_16s_11ns_26_1_1_U7    |mul_16s_11ns_26_1_1  |        0|   1|  0|   5|    0|
    |mul_16s_11ns_26_1_1_U8    |mul_16s_11ns_26_1_1  |        0|   1|  0|   5|    0|
    |mul_16s_11ns_26_1_1_U12   |mul_16s_11ns_26_1_1  |        0|   1|  0|   5|    0|
    |mul_16s_11ns_26_1_1_U17   |mul_16s_11ns_26_1_1  |        0|   1|  0|   5|    0|
    |mul_16s_11ns_26_1_1_U27   |mul_16s_11ns_26_1_1  |        0|   1|  0|   5|    0|
    |mul_16s_11ns_26_1_1_U46   |mul_16s_11ns_26_1_1  |        0|   1|  0|   5|    0|
    |mul_16s_11ns_26_1_1_U49   |mul_16s_11ns_26_1_1  |        0|   1|  0|   5|    0|
    |mul_16s_11ns_26_1_1_U72   |mul_16s_11ns_26_1_1  |        0|   1|  0|   5|    0|
    |mul_16s_11ns_26_1_1_U76   |mul_16s_11ns_26_1_1  |        0|   1|  0|   5|    0|
    |mul_16s_11ns_26_1_1_U87   |mul_16s_11ns_26_1_1  |        0|   1|  0|   5|    0|
    |mul_16s_11ns_26_1_1_U92   |mul_16s_11ns_26_1_1  |        0|   1|  0|   5|    0|
    |mul_16s_11ns_26_1_1_U97   |mul_16s_11ns_26_1_1  |        0|   1|  0|   5|    0|
    |mul_16s_11ns_26_1_1_U99   |mul_16s_11ns_26_1_1  |        0|   1|  0|   5|    0|
    |mul_16s_11ns_26_1_1_U105  |mul_16s_11ns_26_1_1  |        0|   1|  0|   5|    0|
    |mul_16s_11ns_26_1_1_U117  |mul_16s_11ns_26_1_1  |        0|   1|  0|   5|    0|
    |mul_16s_11ns_26_1_1_U118  |mul_16s_11ns_26_1_1  |        0|   1|  0|   5|    0|
    |mul_16s_11ns_26_1_1_U119  |mul_16s_11ns_26_1_1  |        0|   1|  0|   5|    0|
    |mul_16s_11ns_26_1_1_U120  |mul_16s_11ns_26_1_1  |        0|   1|  0|   5|    0|
    |mul_16s_11ns_26_1_1_U128  |mul_16s_11ns_26_1_1  |        0|   1|  0|   5|    0|
    |mul_16s_11ns_26_1_1_U131  |mul_16s_11ns_26_1_1  |        0|   1|  0|   5|    0|
    |mul_16s_11ns_26_1_1_U136  |mul_16s_11ns_26_1_1  |        0|   1|  0|   5|    0|
    |mul_16s_11ns_26_1_1_U141  |mul_16s_11ns_26_1_1  |        0|   1|  0|   5|    0|
    |mul_16s_11ns_26_1_1_U156  |mul_16s_11ns_26_1_1  |        0|   1|  0|   5|    0|
    |mul_16s_11ns_26_1_1_U161  |mul_16s_11ns_26_1_1  |        0|   1|  0|   5|    0|
    |mul_16s_11ns_26_1_1_U163  |mul_16s_11ns_26_1_1  |        0|   1|  0|   5|    0|
    |mul_16s_11ns_26_1_1_U164  |mul_16s_11ns_26_1_1  |        0|   1|  0|   5|    0|
    |mul_16s_11ns_26_1_1_U166  |mul_16s_11ns_26_1_1  |        0|   1|  0|   5|    0|
    |mul_16s_11ns_26_1_1_U174  |mul_16s_11ns_26_1_1  |        0|   1|  0|   5|    0|
    |mul_16s_11ns_26_1_1_U178  |mul_16s_11ns_26_1_1  |        0|   1|  0|   5|    0|
    |mul_16s_11ns_26_1_1_U180  |mul_16s_11ns_26_1_1  |        0|   1|  0|   5|    0|
    |mul_16s_11ns_26_1_1_U182  |mul_16s_11ns_26_1_1  |        0|   1|  0|   5|    0|
    |mul_16s_11ns_26_1_1_U187  |mul_16s_11ns_26_1_1  |        0|   1|  0|   5|    0|
    |mul_16s_11ns_26_1_1_U198  |mul_16s_11ns_26_1_1  |        0|   1|  0|   5|    0|
    |mul_16s_11ns_26_1_1_U209  |mul_16s_11ns_26_1_1  |        0|   1|  0|   5|    0|
    |mul_16s_11ns_26_1_1_U212  |mul_16s_11ns_26_1_1  |        0|   1|  0|   5|    0|
    |mul_16s_11ns_26_1_1_U223  |mul_16s_11ns_26_1_1  |        0|   1|  0|   5|    0|
    |mul_16s_11ns_26_1_1_U230  |mul_16s_11ns_26_1_1  |        0|   1|  0|   5|    0|
    |mul_16s_11ns_26_1_1_U247  |mul_16s_11ns_26_1_1  |        0|   1|  0|   5|    0|
    |mul_16s_11ns_26_1_1_U250  |mul_16s_11ns_26_1_1  |        0|   1|  0|   5|    0|
    |mul_16s_11ns_26_1_1_U258  |mul_16s_11ns_26_1_1  |        0|   1|  0|   5|    0|
    |mul_16s_11ns_26_1_1_U271  |mul_16s_11ns_26_1_1  |        0|   1|  0|   5|    0|
    |mul_16s_11ns_26_1_1_U273  |mul_16s_11ns_26_1_1  |        0|   1|  0|   5|    0|
    |mul_16s_11s_26_1_1_U14    |mul_16s_11s_26_1_1   |        0|   1|  0|   5|    0|
    |mul_16s_11s_26_1_1_U19    |mul_16s_11s_26_1_1   |        0|   1|  0|   5|    0|
    |mul_16s_11s_26_1_1_U20    |mul_16s_11s_26_1_1   |        0|   1|  0|   5|    0|
    |mul_16s_11s_26_1_1_U31    |mul_16s_11s_26_1_1   |        0|   1|  0|   5|    0|
    |mul_16s_11s_26_1_1_U34    |mul_16s_11s_26_1_1   |        0|   1|  0|   5|    0|
    |mul_16s_11s_26_1_1_U42    |mul_16s_11s_26_1_1   |        0|   1|  0|   5|    0|
    |mul_16s_11s_26_1_1_U56    |mul_16s_11s_26_1_1   |        0|   1|  0|   5|    0|
    |mul_16s_11s_26_1_1_U59    |mul_16s_11s_26_1_1   |        0|   1|  0|   5|    0|
    |mul_16s_11s_26_1_1_U63    |mul_16s_11s_26_1_1   |        0|   1|  0|   5|    0|
    |mul_16s_11s_26_1_1_U79    |mul_16s_11s_26_1_1   |        0|   1|  0|   5|    0|
    |mul_16s_11s_26_1_1_U106   |mul_16s_11s_26_1_1   |        0|   1|  0|   5|    0|
    |mul_16s_11s_26_1_1_U109   |mul_16s_11s_26_1_1   |        0|   1|  0|   5|    0|
    |mul_16s_11s_26_1_1_U127   |mul_16s_11s_26_1_1   |        0|   1|  0|   5|    0|
    |mul_16s_11s_26_1_1_U146   |mul_16s_11s_26_1_1   |        0|   1|  0|   5|    0|
    |mul_16s_11s_26_1_1_U147   |mul_16s_11s_26_1_1   |        0|   1|  0|   5|    0|
    |mul_16s_11s_26_1_1_U148   |mul_16s_11s_26_1_1   |        0|   1|  0|   5|    0|
    |mul_16s_11s_26_1_1_U168   |mul_16s_11s_26_1_1   |        0|   1|  0|   5|    0|
    |mul_16s_11s_26_1_1_U176   |mul_16s_11s_26_1_1   |        0|   1|  0|   5|    0|
    |mul_16s_11s_26_1_1_U184   |mul_16s_11s_26_1_1   |        0|   1|  0|   5|    0|
    |mul_16s_11s_26_1_1_U186   |mul_16s_11s_26_1_1   |        0|   1|  0|   5|    0|
    |mul_16s_11s_26_1_1_U201   |mul_16s_11s_26_1_1   |        0|   1|  0|   5|    0|
    |mul_16s_11s_26_1_1_U217   |mul_16s_11s_26_1_1   |        0|   1|  0|   5|    0|
    |mul_16s_11s_26_1_1_U236   |mul_16s_11s_26_1_1   |        0|   1|  0|   5|    0|
    |mul_16s_11s_26_1_1_U263   |mul_16s_11s_26_1_1   |        0|   1|  0|   5|    0|
    |mul_16s_11s_26_1_1_U269   |mul_16s_11s_26_1_1   |        0|   1|  0|   5|    0|
    |mul_16s_12ns_26_1_1_U183  |mul_16s_12ns_26_1_1  |        0|   1|  0|   5|    0|
    |mul_16s_12s_26_1_1_U47    |mul_16s_12s_26_1_1   |        0|   1|  0|   5|    0|
    |mul_16s_12s_26_1_1_U98    |mul_16s_12s_26_1_1   |        0|   1|  0|   5|    0|
    |mul_16s_12s_26_1_1_U113   |mul_16s_12s_26_1_1   |        0|   1|  0|   5|    0|
    |mul_16s_12s_26_1_1_U149   |mul_16s_12s_26_1_1   |        0|   1|  0|   5|    0|
    |mul_16s_12s_26_1_1_U169   |mul_16s_12s_26_1_1   |        0|   1|  0|   5|    0|
    |mul_16s_12s_26_1_1_U188   |mul_16s_12s_26_1_1   |        0|   1|  0|   5|    0|
    |mul_16s_12s_26_1_1_U193   |mul_16s_12s_26_1_1   |        0|   1|  0|   5|    0|
    |mul_16s_5s_21_1_1_U253    |mul_16s_5s_21_1_1    |        0|   1|  0|   5|    0|
    |mul_16s_6ns_22_1_1_U103   |mul_16s_6ns_22_1_1   |        0|   1|  0|   5|    0|
    |mul_16s_6ns_22_1_1_U142   |mul_16s_6ns_22_1_1   |        0|   1|  0|   5|    0|
    |mul_16s_6ns_22_1_1_U220   |mul_16s_6ns_22_1_1   |        0|   1|  0|   5|    0|
    |mul_16s_6s_22_1_1_U50     |mul_16s_6s_22_1_1    |        0|   1|  0|   5|    0|
    |mul_16s_6s_22_1_1_U60     |mul_16s_6s_22_1_1    |        0|   1|  0|   5|    0|
    |mul_16s_6s_22_1_1_U124    |mul_16s_6s_22_1_1    |        0|   1|  0|   5|    0|
    |mul_16s_7ns_23_1_1_U22    |mul_16s_7ns_23_1_1   |        0|   1|  0|   5|    0|
    |mul_16s_7ns_23_1_1_U80    |mul_16s_7ns_23_1_1   |        0|   1|  0|   5|    0|
    |mul_16s_7ns_23_1_1_U167   |mul_16s_7ns_23_1_1   |        0|   1|  0|   5|    0|
    |mul_16s_7ns_23_1_1_U240   |mul_16s_7ns_23_1_1   |        0|   1|  0|   5|    0|
    |mul_16s_7ns_23_1_1_U241   |mul_16s_7ns_23_1_1   |        0|   1|  0|   5|    0|
    |mul_16s_7s_23_1_1_U4      |mul_16s_7s_23_1_1    |        0|   1|  0|   5|    0|
    |mul_16s_7s_23_1_1_U23     |mul_16s_7s_23_1_1    |        0|   1|  0|   5|    0|
    |mul_16s_7s_23_1_1_U35     |mul_16s_7s_23_1_1    |        0|   1|  0|   5|    0|
    |mul_16s_7s_23_1_1_U55     |mul_16s_7s_23_1_1    |        0|   1|  0|   5|    0|
    |mul_16s_7s_23_1_1_U101    |mul_16s_7s_23_1_1    |        0|   1|  0|   5|    0|
    |mul_16s_7s_23_1_1_U132    |mul_16s_7s_23_1_1    |        0|   1|  0|   5|    0|
    |mul_16s_7s_23_1_1_U171    |mul_16s_7s_23_1_1    |        0|   1|  0|   5|    0|
    |mul_16s_7s_23_1_1_U233    |mul_16s_7s_23_1_1    |        0|   1|  0|   5|    0|
    |mul_16s_7s_23_1_1_U245    |mul_16s_7s_23_1_1    |        0|   1|  0|   5|    0|
    |mul_16s_8ns_24_1_1_U21    |mul_16s_8ns_24_1_1   |        0|   1|  0|   5|    0|
    |mul_16s_8ns_24_1_1_U38    |mul_16s_8ns_24_1_1   |        0|   1|  0|   5|    0|
    |mul_16s_8ns_24_1_1_U57    |mul_16s_8ns_24_1_1   |        0|   1|  0|   5|    0|
    |mul_16s_8ns_24_1_1_U69    |mul_16s_8ns_24_1_1   |        0|   1|  0|   5|    0|
    |mul_16s_8ns_24_1_1_U93    |mul_16s_8ns_24_1_1   |        0|   1|  0|   5|    0|
    |mul_16s_8ns_24_1_1_U134   |mul_16s_8ns_24_1_1   |        0|   1|  0|   5|    0|
    |mul_16s_8ns_24_1_1_U159   |mul_16s_8ns_24_1_1   |        0|   1|  0|   5|    0|
    |mul_16s_8ns_24_1_1_U196   |mul_16s_8ns_24_1_1   |        0|   1|  0|   5|    0|
    |mul_16s_8ns_24_1_1_U266   |mul_16s_8ns_24_1_1   |        0|   1|  0|   5|    0|
    |mul_16s_8s_24_1_1_U11     |mul_16s_8s_24_1_1    |        0|   1|  0|   5|    0|
    |mul_16s_8s_24_1_1_U13     |mul_16s_8s_24_1_1    |        0|   1|  0|   5|    0|
    |mul_16s_8s_24_1_1_U25     |mul_16s_8s_24_1_1    |        0|   1|  0|   5|    0|
    |mul_16s_8s_24_1_1_U70     |mul_16s_8s_24_1_1    |        0|   1|  0|   5|    0|
    |mul_16s_8s_24_1_1_U150    |mul_16s_8s_24_1_1    |        0|   1|  0|   5|    0|
    |mul_16s_8s_24_1_1_U157    |mul_16s_8s_24_1_1    |        0|   1|  0|   5|    0|
    |mul_16s_8s_24_1_1_U222    |mul_16s_8s_24_1_1    |        0|   1|  0|   5|    0|
    |mul_16s_8s_24_1_1_U237    |mul_16s_8s_24_1_1    |        0|   1|  0|   5|    0|
    |mul_16s_9ns_25_1_1_U2     |mul_16s_9ns_25_1_1   |        0|   1|  0|   5|    0|
    |mul_16s_9ns_25_1_1_U15    |mul_16s_9ns_25_1_1   |        0|   1|  0|   5|    0|
    |mul_16s_9ns_25_1_1_U18    |mul_16s_9ns_25_1_1   |        0|   1|  0|   5|    0|
    |mul_16s_9ns_25_1_1_U32    |mul_16s_9ns_25_1_1   |        0|   1|  0|   5|    0|
    |mul_16s_9ns_25_1_1_U41    |mul_16s_9ns_25_1_1   |        0|   1|  0|   5|    0|
    |mul_16s_9ns_25_1_1_U48    |mul_16s_9ns_25_1_1   |        0|   1|  0|   5|    0|
    |mul_16s_9ns_25_1_1_U52    |mul_16s_9ns_25_1_1   |        0|   1|  0|   5|    0|
    |mul_16s_9ns_25_1_1_U62    |mul_16s_9ns_25_1_1   |        0|   1|  0|   5|    0|
    |mul_16s_9ns_25_1_1_U64    |mul_16s_9ns_25_1_1   |        0|   1|  0|   5|    0|
    |mul_16s_9ns_25_1_1_U65    |mul_16s_9ns_25_1_1   |        0|   1|  0|   5|    0|
    |mul_16s_9ns_25_1_1_U81    |mul_16s_9ns_25_1_1   |        0|   1|  0|   5|    0|
    |mul_16s_9ns_25_1_1_U83    |mul_16s_9ns_25_1_1   |        0|   1|  0|   5|    0|
    |mul_16s_9ns_25_1_1_U89    |mul_16s_9ns_25_1_1   |        0|   1|  0|   5|    0|
    |mul_16s_9ns_25_1_1_U91    |mul_16s_9ns_25_1_1   |        0|   1|  0|   5|    0|
    |mul_16s_9ns_25_1_1_U104   |mul_16s_9ns_25_1_1   |        0|   1|  0|   5|    0|
    |mul_16s_9ns_25_1_1_U110   |mul_16s_9ns_25_1_1   |        0|   1|  0|   5|    0|
    |mul_16s_9ns_25_1_1_U115   |mul_16s_9ns_25_1_1   |        0|   1|  0|   5|    0|
    |mul_16s_9ns_25_1_1_U116   |mul_16s_9ns_25_1_1   |        0|   1|  0|   5|    0|
    |mul_16s_9ns_25_1_1_U121   |mul_16s_9ns_25_1_1   |        0|   1|  0|   5|    0|
    |mul_16s_9ns_25_1_1_U139   |mul_16s_9ns_25_1_1   |        0|   1|  0|   5|    0|
    |mul_16s_9ns_25_1_1_U153   |mul_16s_9ns_25_1_1   |        0|   1|  0|   5|    0|
    |mul_16s_9ns_25_1_1_U158   |mul_16s_9ns_25_1_1   |        0|   1|  0|   5|    0|
    |mul_16s_9ns_25_1_1_U162   |mul_16s_9ns_25_1_1   |        0|   1|  0|   5|    0|
    |mul_16s_9ns_25_1_1_U170   |mul_16s_9ns_25_1_1   |        0|   1|  0|   5|    0|
    |mul_16s_9ns_25_1_1_U175   |mul_16s_9ns_25_1_1   |        0|   1|  0|   5|    0|
    |mul_16s_9ns_25_1_1_U177   |mul_16s_9ns_25_1_1   |        0|   1|  0|   5|    0|
    |mul_16s_9ns_25_1_1_U189   |mul_16s_9ns_25_1_1   |        0|   1|  0|   5|    0|
    |mul_16s_9ns_25_1_1_U200   |mul_16s_9ns_25_1_1   |        0|   1|  0|   5|    0|
    |mul_16s_9ns_25_1_1_U205   |mul_16s_9ns_25_1_1   |        0|   1|  0|   5|    0|
    |mul_16s_9ns_25_1_1_U206   |mul_16s_9ns_25_1_1   |        0|   1|  0|   5|    0|
    |mul_16s_9ns_25_1_1_U213   |mul_16s_9ns_25_1_1   |        0|   1|  0|   5|    0|
    |mul_16s_9ns_25_1_1_U224   |mul_16s_9ns_25_1_1   |        0|   1|  0|   5|    0|
    |mul_16s_9ns_25_1_1_U228   |mul_16s_9ns_25_1_1   |        0|   1|  0|   5|    0|
    |mul_16s_9ns_25_1_1_U231   |mul_16s_9ns_25_1_1   |        0|   1|  0|   5|    0|
    |mul_16s_9ns_25_1_1_U246   |mul_16s_9ns_25_1_1   |        0|   1|  0|   5|    0|
    |mul_16s_9ns_25_1_1_U251   |mul_16s_9ns_25_1_1   |        0|   1|  0|   5|    0|
    |mul_16s_9ns_25_1_1_U256   |mul_16s_9ns_25_1_1   |        0|   1|  0|   5|    0|
    |mul_16s_9ns_25_1_1_U260   |mul_16s_9ns_25_1_1   |        0|   1|  0|   5|    0|
    |mul_16s_9ns_25_1_1_U272   |mul_16s_9ns_25_1_1   |        0|   1|  0|   5|    0|
    |mul_16s_9s_25_1_1_U24     |mul_16s_9s_25_1_1    |        0|   1|  0|   5|    0|
    |mul_16s_9s_25_1_1_U36     |mul_16s_9s_25_1_1    |        0|   1|  0|   5|    0|
    |mul_16s_9s_25_1_1_U43     |mul_16s_9s_25_1_1    |        0|   1|  0|   5|    0|
    |mul_16s_9s_25_1_1_U44     |mul_16s_9s_25_1_1    |        0|   1|  0|   5|    0|
    |mul_16s_9s_25_1_1_U53     |mul_16s_9s_25_1_1    |        0|   1|  0|   5|    0|
    |mul_16s_9s_25_1_1_U67     |mul_16s_9s_25_1_1    |        0|   1|  0|   5|    0|
    |mul_16s_9s_25_1_1_U74     |mul_16s_9s_25_1_1    |        0|   1|  0|   5|    0|
    |mul_16s_9s_25_1_1_U82     |mul_16s_9s_25_1_1    |        0|   1|  0|   5|    0|
    |mul_16s_9s_25_1_1_U95     |mul_16s_9s_25_1_1    |        0|   1|  0|   5|    0|
    |mul_16s_9s_25_1_1_U100    |mul_16s_9s_25_1_1    |        0|   1|  0|   5|    0|
    |mul_16s_9s_25_1_1_U102    |mul_16s_9s_25_1_1    |        0|   1|  0|   5|    0|
    |mul_16s_9s_25_1_1_U111    |mul_16s_9s_25_1_1    |        0|   1|  0|   5|    0|
    |mul_16s_9s_25_1_1_U112    |mul_16s_9s_25_1_1    |        0|   1|  0|   5|    0|
    |mul_16s_9s_25_1_1_U129    |mul_16s_9s_25_1_1    |        0|   1|  0|   5|    0|
    |mul_16s_9s_25_1_1_U133    |mul_16s_9s_25_1_1    |        0|   1|  0|   5|    0|
    |mul_16s_9s_25_1_1_U151    |mul_16s_9s_25_1_1    |        0|   1|  0|   5|    0|
    |mul_16s_9s_25_1_1_U154    |mul_16s_9s_25_1_1    |        0|   1|  0|   5|    0|
    |mul_16s_9s_25_1_1_U190    |mul_16s_9s_25_1_1    |        0|   1|  0|   5|    0|
    |mul_16s_9s_25_1_1_U195    |mul_16s_9s_25_1_1    |        0|   1|  0|   5|    0|
    |mul_16s_9s_25_1_1_U207    |mul_16s_9s_25_1_1    |        0|   1|  0|   5|    0|
    |mul_16s_9s_25_1_1_U218    |mul_16s_9s_25_1_1    |        0|   1|  0|   5|    0|
    |mul_16s_9s_25_1_1_U226    |mul_16s_9s_25_1_1    |        0|   1|  0|   5|    0|
    |mul_16s_9s_25_1_1_U235    |mul_16s_9s_25_1_1    |        0|   1|  0|   5|    0|
    |mul_16s_9s_25_1_1_U249    |mul_16s_9s_25_1_1    |        0|   1|  0|   5|    0|
    |mul_16s_9s_25_1_1_U252    |mul_16s_9s_25_1_1    |        0|   1|  0|   5|    0|
    |mul_16s_9s_25_1_1_U257    |mul_16s_9s_25_1_1    |        0|   1|  0|   5|    0|
    |mul_16s_9s_25_1_1_U259    |mul_16s_9s_25_1_1    |        0|   1|  0|   5|    0|
    |mul_16s_9s_25_1_1_U262    |mul_16s_9s_25_1_1    |        0|   1|  0|   5|    0|
    |mul_16s_9s_25_1_1_U270    |mul_16s_9s_25_1_1    |        0|   1|  0|   5|    0|
    +--------------------------+---------------------+---------+----+---+----+-----+
    |Total                     |                     |        0| 275|  0|1375|    0|
    +--------------------------+---------------------+---------+----+---+----+-----+

    * DSP: 
    N/A

    * Memory: 
    N/A

    * FIFO: 
    N/A

    * Expression: 
    +---------------------------+----------+----+---+----+------------+------------+
    |       Variable Name       | Operation| DSP| FF| LUT| Bitwidth P0| Bitwidth P1|
    +---------------------------+----------+----+---+----+------------+------------+
    |add_ln42_1_fu_281194_p2    |         +|   0|  0|  33|          26|          26|
    |add_ln42_fu_280602_p2      |         +|   0|  0|  33|          26|          26|
    |add_ln58_100_fu_285779_p2  |         +|   0|  0|  23|          16|          16|
    |add_ln58_101_fu_285785_p2  |         +|   0|  0|  16|          16|          16|
    |add_ln58_102_fu_285791_p2  |         +|   0|  0|  16|          16|          16|
    |add_ln58_103_fu_285797_p2  |         +|   0|  0|  16|          16|          16|
    |add_ln58_104_fu_282277_p2  |         +|   0|  0|  23|          16|          16|
    |add_ln58_105_fu_282283_p2  |         +|   0|  0|  16|          16|          16|
    |add_ln58_106_fu_282289_p2  |         +|   0|  0|  16|          16|           9|
    |add_ln58_107_fu_282295_p2  |         +|   0|  0|  16|          16|          16|
    |add_ln58_108_fu_282301_p2  |         +|   0|  0|  16|          16|          16|
    |add_ln58_109_fu_285803_p2  |         +|   0|  0|  16|          16|          16|
    |add_ln58_110_fu_285808_p2  |         +|   0|  0|  23|          16|          16|
    |add_ln58_111_fu_285814_p2  |         +|   0|  0|  16|          16|          16|
    |add_ln58_112_fu_285820_p2  |         +|   0|  0|  16|          16|          16|
    |add_ln58_113_fu_285826_p2  |         +|   0|  0|  16|          16|          16|
    |add_ln58_114_fu_282307_p2  |         +|   0|  0|  23|          16|          16|
    |add_ln58_115_fu_282313_p2  |         +|   0|  0|  16|          16|          16|
    |add_ln58_116_fu_282319_p2  |         +|   0|  0|  16|          16|           3|
    |add_ln58_117_fu_282325_p2  |         +|   0|  0|  16|          16|          16|
    |add_ln58_118_fu_282331_p2  |         +|   0|  0|  16|          16|          16|
    |add_ln58_119_fu_285832_p2  |         +|   0|  0|  16|          16|          16|
    |add_ln58_120_fu_285837_p2  |         +|   0|  0|  22|          15|          15|
    |add_ln58_121_fu_285847_p2  |         +|   0|  0|  16|          16|          16|
    |add_ln58_122_fu_285853_p2  |         +|   0|  0|  16|          16|          16|
    |add_ln58_123_fu_285859_p2  |         +|   0|  0|  16|          16|          16|
    |add_ln58_124_fu_282337_p2  |         +|   0|  0|  23|          16|          16|
    |add_ln58_125_fu_282343_p2  |         +|   0|  0|  16|          16|          16|
    |add_ln58_126_fu_282349_p2  |         +|   0|  0|  16|          16|          10|
    |add_ln58_127_fu_282355_p2  |         +|   0|  0|  16|          16|          16|
    |add_ln58_128_fu_282361_p2  |         +|   0|  0|  16|          16|          16|
    |add_ln58_129_fu_285865_p2  |         +|   0|  0|  16|          16|          16|
    |add_ln58_130_fu_285870_p2  |         +|   0|  0|  23|          16|          16|
    |add_ln58_131_fu_285876_p2  |         +|   0|  0|  20|          13|          13|
    |add_ln58_132_fu_285886_p2  |         +|   0|  0|  23|          16|          16|
    |add_ln58_133_fu_285892_p2  |         +|   0|  0|  16|          16|          16|
    |add_ln58_134_fu_282367_p2  |         +|   0|  0|  23|          16|          16|
    |add_ln58_135_fu_282373_p2  |         +|   0|  0|  16|          16|          16|
    |add_ln58_136_fu_282379_p2  |         +|   0|  0|  16|          16|           9|
    |add_ln58_137_fu_282385_p2  |         +|   0|  0|  16|          16|          16|
    |add_ln58_138_fu_282391_p2  |         +|   0|  0|  16|          16|          16|
    |add_ln58_139_fu_285898_p2  |         +|   0|  0|  16|          16|          16|
    |add_ln58_140_fu_285903_p2  |         +|   0|  0|  23|          16|          16|
    |add_ln58_141_fu_285909_p2  |         +|   0|  0|  16|          16|          16|
    |add_ln58_142_fu_285915_p2  |         +|   0|  0|  16|          16|          16|
    |add_ln58_143_fu_285921_p2  |         +|   0|  0|  16|          16|          16|
    |add_ln58_144_fu_282397_p2  |         +|   0|  0|  23|          16|          16|
    |add_ln58_145_fu_282403_p2  |         +|   0|  0|  16|          16|          16|
    |add_ln58_146_fu_282409_p2  |         +|   0|  0|  16|          16|           9|
    |add_ln58_147_fu_282415_p2  |         +|   0|  0|  16|          16|          16|
    |add_ln58_148_fu_282421_p2  |         +|   0|  0|  16|          16|          16|
    |add_ln58_149_fu_285927_p2  |         +|   0|  0|  16|          16|          16|
    |add_ln58_150_fu_285932_p2  |         +|   0|  0|  23|          16|          16|
    |add_ln58_151_fu_285938_p2  |         +|   0|  0|  16|          16|          16|
    |add_ln58_152_fu_285944_p2  |         +|   0|  0|  16|          16|          16|
    |add_ln58_153_fu_285950_p2  |         +|   0|  0|  16|          16|          16|
    |add_ln58_154_fu_282427_p2  |         +|   0|  0|  23|          16|          16|
    |add_ln58_155_fu_282433_p2  |         +|   0|  0|  16|          16|          16|
    |add_ln58_156_fu_282439_p2  |         +|   0|  0|  16|          16|           8|
    |add_ln58_157_fu_282445_p2  |         +|   0|  0|  16|          16|          16|
    |add_ln58_158_fu_282451_p2  |         +|   0|  0|  16|          16|          16|
    |add_ln58_159_fu_285956_p2  |         +|   0|  0|  16|          16|          16|
    |add_ln58_160_fu_285961_p2  |         +|   0|  0|  23|          16|          16|
    |add_ln58_161_fu_285967_p2  |         +|   0|  0|  16|          16|          16|
    |add_ln58_162_fu_285973_p2  |         +|   0|  0|  16|          16|          16|
    |add_ln58_163_fu_285979_p2  |         +|   0|  0|  16|          16|          16|
    |add_ln58_164_fu_282457_p2  |         +|   0|  0|  22|          15|          15|
    |add_ln58_165_fu_282467_p2  |         +|   0|  0|  16|          16|          16|
    |add_ln58_166_fu_282473_p2  |         +|   0|  0|  16|          16|          10|
    |add_ln58_167_fu_282479_p2  |         +|   0|  0|  16|          16|          16|
    |add_ln58_168_fu_282485_p2  |         +|   0|  0|  16|          16|          16|
    |add_ln58_169_fu_285985_p2  |         +|   0|  0|  16|          16|          16|
    |add_ln58_170_fu_285990_p2  |         +|   0|  0|  23|          16|          16|
    |add_ln58_171_fu_285996_p2  |         +|   0|  0|  16|          16|          16|
    |add_ln58_172_fu_286002_p2  |         +|   0|  0|  16|          16|          16|
    |add_ln58_173_fu_286008_p2  |         +|   0|  0|  16|          16|          16|
    |add_ln58_174_fu_282491_p2  |         +|   0|  0|  23|          16|          16|
    |add_ln58_175_fu_282497_p2  |         +|   0|  0|  16|          16|          16|
    |add_ln58_176_fu_282503_p2  |         +|   0|  0|  16|          16|          10|
    |add_ln58_177_fu_282509_p2  |         +|   0|  0|  16|          16|          16|
    |add_ln58_178_fu_282515_p2  |         +|   0|  0|  16|          16|          16|
    |add_ln58_179_fu_286014_p2  |         +|   0|  0|  16|          16|          16|
    |add_ln58_180_fu_286019_p2  |         +|   0|  0|  23|          16|          16|
    |add_ln58_181_fu_286025_p2  |         +|   0|  0|  16|          16|          16|
    |add_ln58_182_fu_286031_p2  |         +|   0|  0|  16|          16|          16|
    |add_ln58_183_fu_286037_p2  |         +|   0|  0|  16|          16|          16|
    |add_ln58_184_fu_282521_p2  |         +|   0|  0|  23|          16|          16|
    |add_ln58_185_fu_282527_p2  |         +|   0|  0|  16|          16|          16|
    |add_ln58_186_fu_282533_p2  |         +|   0|  0|  16|          16|           7|
    |add_ln58_187_fu_282539_p2  |         +|   0|  0|  16|          16|          16|
    |add_ln58_188_fu_282545_p2  |         +|   0|  0|  16|          16|          16|
    |add_ln58_189_fu_286043_p2  |         +|   0|  0|  16|          16|          16|
    |add_ln58_190_fu_286048_p2  |         +|   0|  0|  21|          14|          14|
    |add_ln58_191_fu_286058_p2  |         +|   0|  0|  16|          16|          16|
    |add_ln58_192_fu_286064_p2  |         +|   0|  0|  16|          16|          16|
    |add_ln58_193_fu_286070_p2  |         +|   0|  0|  16|          16|          16|
    |add_ln58_194_fu_282551_p2  |         +|   0|  0|  23|          16|          16|
    |add_ln58_195_fu_282557_p2  |         +|   0|  0|  16|          16|          16|
    |add_ln58_196_fu_282563_p2  |         +|   0|  0|  16|          16|           8|
    |add_ln58_197_fu_282569_p2  |         +|   0|  0|  16|          16|          16|
    |add_ln58_198_fu_282575_p2  |         +|   0|  0|  16|          16|          16|
    |add_ln58_199_fu_286076_p2  |         +|   0|  0|  16|          16|          16|
    |add_ln58_200_fu_286081_p2  |         +|   0|  0|  23|          16|          16|
    |add_ln58_201_fu_286087_p2  |         +|   0|  0|  16|          16|          16|
    |add_ln58_202_fu_286093_p2  |         +|   0|  0|  16|          16|          16|
    |add_ln58_203_fu_286099_p2  |         +|   0|  0|  16|          16|          16|
    |add_ln58_204_fu_282581_p2  |         +|   0|  0|  23|          16|          16|
    |add_ln58_205_fu_282587_p2  |         +|   0|  0|  16|          16|          16|
    |add_ln58_206_fu_282593_p2  |         +|   0|  0|  16|          16|          11|
    |add_ln58_207_fu_282599_p2  |         +|   0|  0|  16|          16|          16|
    |add_ln58_208_fu_282605_p2  |         +|   0|  0|  16|          16|          16|
    |add_ln58_209_fu_286105_p2  |         +|   0|  0|  16|          16|          16|
    |add_ln58_210_fu_286110_p2  |         +|   0|  0|  23|          16|          16|
    |add_ln58_211_fu_286116_p2  |         +|   0|  0|  16|          16|          16|
    |add_ln58_212_fu_286122_p2  |         +|   0|  0|  16|          16|          16|
    |add_ln58_213_fu_286128_p2  |         +|   0|  0|  16|          16|          16|
    |add_ln58_214_fu_282611_p2  |         +|   0|  0|  23|          16|          16|
    |add_ln58_215_fu_286134_p2  |         +|   0|  0|  16|          16|          16|
    |add_ln58_216_fu_282617_p2  |         +|   0|  0|  22|          15|           9|
    |add_ln58_217_fu_282627_p2  |         +|   0|  0|  23|          16|          16|
    |add_ln58_218_fu_286139_p2  |         +|   0|  0|  16|          16|          16|
    |add_ln58_219_fu_286144_p2  |         +|   0|  0|  16|          16|          16|
    |add_ln58_220_fu_286150_p2  |         +|   0|  0|  23|          16|          16|
    |add_ln58_221_fu_286156_p2  |         +|   0|  0|  16|          16|          16|
    |add_ln58_222_fu_286162_p2  |         +|   0|  0|  16|          16|          16|
    |add_ln58_223_fu_286168_p2  |         +|   0|  0|  16|          16|          16|
    |add_ln58_224_fu_282633_p2  |         +|   0|  0|  23|          16|          16|
    |add_ln58_225_fu_282639_p2  |         +|   0|  0|  16|          16|          16|
    |add_ln58_226_fu_282645_p2  |         +|   0|  0|  16|          16|           9|
    |add_ln58_227_fu_282651_p2  |         +|   0|  0|  16|          16|          16|
    |add_ln58_228_fu_282657_p2  |         +|   0|  0|  16|          16|          16|
    |add_ln58_229_fu_286174_p2  |         +|   0|  0|  16|          16|          16|
    |add_ln58_230_fu_286179_p2  |         +|   0|  0|  23|          16|          16|
    |add_ln58_231_fu_286185_p2  |         +|   0|  0|  16|          16|          16|
    |add_ln58_232_fu_286191_p2  |         +|   0|  0|  16|          16|          16|
    |add_ln58_233_fu_286197_p2  |         +|   0|  0|  16|          16|          16|
    |add_ln58_234_fu_282663_p2  |         +|   0|  0|  23|          16|          16|
    |add_ln58_235_fu_282669_p2  |         +|   0|  0|  16|          16|          16|
    |add_ln58_236_fu_282675_p2  |         +|   0|  0|  21|          14|           7|
    |add_ln58_237_fu_282685_p2  |         +|   0|  0|  23|          16|          16|
    |add_ln58_238_fu_282691_p2  |         +|   0|  0|  16|          16|          16|
    |add_ln58_239_fu_286203_p2  |         +|   0|  0|  16|          16|          16|
    |add_ln58_240_fu_286208_p2  |         +|   0|  0|  23|          16|          16|
    |add_ln58_241_fu_286214_p2  |         +|   0|  0|  16|          16|          16|
    |add_ln58_242_fu_286220_p2  |         +|   0|  0|  16|          16|          16|
    |add_ln58_243_fu_286226_p2  |         +|   0|  0|  16|          16|          16|
    |add_ln58_244_fu_282697_p2  |         +|   0|  0|  23|          16|          16|
    |add_ln58_245_fu_282703_p2  |         +|   0|  0|  16|          16|          16|
    |add_ln58_246_fu_282709_p2  |         +|   0|  0|  16|          16|           9|
    |add_ln58_247_fu_282715_p2  |         +|   0|  0|  16|          16|          16|
    |add_ln58_248_fu_282721_p2  |         +|   0|  0|  16|          16|          16|
    |add_ln58_249_fu_286232_p2  |         +|   0|  0|  16|          16|          16|
    |add_ln58_250_fu_286237_p2  |         +|   0|  0|  23|          16|          16|
    |add_ln58_251_fu_286243_p2  |         +|   0|  0|  16|          16|          16|
    |add_ln58_252_fu_286249_p2  |         +|   0|  0|  16|          16|          16|
    |add_ln58_253_fu_286255_p2  |         +|   0|  0|  16|          16|          16|
    |add_ln58_254_fu_282727_p2  |         +|   0|  0|  23|          16|          16|
    |add_ln58_255_fu_282733_p2  |         +|   0|  0|  16|          16|          16|
    |add_ln58_256_fu_282739_p2  |         +|   0|  0|  16|          16|           6|
    |add_ln58_257_fu_282745_p2  |         +|   0|  0|  16|          16|          16|
    |add_ln58_258_fu_282751_p2  |         +|   0|  0|  16|          16|          16|
    |add_ln58_259_fu_286261_p2  |         +|   0|  0|  16|          16|          16|
    |add_ln58_260_fu_286266_p2  |         +|   0|  0|  23|          16|          16|
    |add_ln58_261_fu_286272_p2  |         +|   0|  0|  16|          16|          16|
    |add_ln58_262_fu_286278_p2  |         +|   0|  0|  16|          16|          16|
    |add_ln58_263_fu_286284_p2  |         +|   0|  0|  16|          16|          16|
    |add_ln58_264_fu_282757_p2  |         +|   0|  0|  23|          16|          16|
    |add_ln58_265_fu_282763_p2  |         +|   0|  0|  16|          16|          16|
    |add_ln58_266_fu_282769_p2  |         +|   0|  0|  16|          16|          10|
    |add_ln58_267_fu_282775_p2  |         +|   0|  0|  16|          16|          16|
    |add_ln58_268_fu_282781_p2  |         +|   0|  0|  16|          16|          16|
    |add_ln58_269_fu_286290_p2  |         +|   0|  0|  16|          16|          16|
    |add_ln58_270_fu_286295_p2  |         +|   0|  0|  23|          16|          16|
    |add_ln58_271_fu_286301_p2  |         +|   0|  0|  16|          16|          16|
    |add_ln58_272_fu_286307_p2  |         +|   0|  0|  16|          16|          16|
    |add_ln58_273_fu_286313_p2  |         +|   0|  0|  16|          16|          16|
    |add_ln58_274_fu_282787_p2  |         +|   0|  0|  23|          16|          16|
    |add_ln58_275_fu_282793_p2  |         +|   0|  0|  16|          16|          16|
    |add_ln58_276_fu_282799_p2  |         +|   0|  0|  16|          16|          10|
    |add_ln58_277_fu_282805_p2  |         +|   0|  0|  16|          16|          16|
    |add_ln58_278_fu_282811_p2  |         +|   0|  0|  16|          16|          16|
    |add_ln58_279_fu_286319_p2  |         +|   0|  0|  16|          16|          16|
    |add_ln58_280_fu_286324_p2  |         +|   0|  0|  23|          16|          16|
    |add_ln58_281_fu_286330_p2  |         +|   0|  0|  16|          16|          16|
    |add_ln58_282_fu_286336_p2  |         +|   0|  0|  16|          16|          16|
    |add_ln58_283_fu_286342_p2  |         +|   0|  0|  16|          16|          16|
    |add_ln58_284_fu_282817_p2  |         +|   0|  0|  23|          16|          16|
    |add_ln58_285_fu_282823_p2  |         +|   0|  0|  16|          16|          16|
    |add_ln58_286_fu_282829_p2  |         +|   0|  0|  16|          16|           4|
    |add_ln58_287_fu_282835_p2  |         +|   0|  0|  16|          16|          16|
    |add_ln58_288_fu_282841_p2  |         +|   0|  0|  16|          16|          16|
    |add_ln58_289_fu_286348_p2  |         +|   0|  0|  16|          16|          16|
    |add_ln58_290_fu_286353_p2  |         +|   0|  0|  23|          16|          16|
    |add_ln58_291_fu_286359_p2  |         +|   0|  0|  16|          16|          16|
    |add_ln58_292_fu_286365_p2  |         +|   0|  0|  16|          16|          16|
    |add_ln58_293_fu_286371_p2  |         +|   0|  0|  16|          16|          16|
    |add_ln58_294_fu_282847_p2  |         +|   0|  0|  23|          16|          16|
    |add_ln58_295_fu_286377_p2  |         +|   0|  0|  16|          16|          16|
    |add_ln58_296_fu_282853_p2  |         +|   0|  0|  21|          14|           9|
    |add_ln58_297_fu_282863_p2  |         +|   0|  0|  23|          16|          16|
    |add_ln58_298_fu_286382_p2  |         +|   0|  0|  16|          16|          16|
    |add_ln58_299_fu_286387_p2  |         +|   0|  0|  16|          16|          16|
    |add_ln58_300_fu_286393_p2  |         +|   0|  0|  23|          16|          16|
    |add_ln58_301_fu_286399_p2  |         +|   0|  0|  16|          16|          16|
    |add_ln58_302_fu_286405_p2  |         +|   0|  0|  16|          16|          16|
    |add_ln58_303_fu_286411_p2  |         +|   0|  0|  16|          16|          16|
    |add_ln58_304_fu_282869_p2  |         +|   0|  0|  23|          16|          16|
    |add_ln58_305_fu_286417_p2  |         +|   0|  0|  16|          16|          16|
    |add_ln58_306_fu_282875_p2  |         +|   0|  0|  22|          15|           7|
    |add_ln58_307_fu_282885_p2  |         +|   0|  0|  23|          16|          16|
    |add_ln58_308_fu_286422_p2  |         +|   0|  0|  16|          16|          16|
    |add_ln58_309_fu_286427_p2  |         +|   0|  0|  16|          16|          16|
    |add_ln58_310_fu_286433_p2  |         +|   0|  0|  23|          16|          16|
    |add_ln58_311_fu_286439_p2  |         +|   0|  0|  16|          16|          16|
    |add_ln58_312_fu_286445_p2  |         +|   0|  0|  16|          16|          16|
    |add_ln58_313_fu_286451_p2  |         +|   0|  0|  16|          16|          16|
    |add_ln58_314_fu_282891_p2  |         +|   0|  0|  23|          16|          16|
    |add_ln58_315_fu_286457_p2  |         +|   0|  0|  16|          16|          16|
    |add_ln58_316_fu_282897_p2  |         +|   0|  0|  20|          13|           9|
    |add_ln58_317_fu_282907_p2  |         +|   0|  0|  23|          16|          16|
    |add_ln58_318_fu_286462_p2  |         +|   0|  0|  16|          16|          16|
    |add_ln58_319_fu_286467_p2  |         +|   0|  0|  16|          16|          16|
    |add_ln58_320_fu_286473_p2  |         +|   0|  0|  23|          16|          16|
    |add_ln58_321_fu_286479_p2  |         +|   0|  0|  16|          16|          16|
    |add_ln58_322_fu_286485_p2  |         +|   0|  0|  16|          16|          16|
    |add_ln58_323_fu_286491_p2  |         +|   0|  0|  16|          16|          16|
    |add_ln58_324_fu_282913_p2  |         +|   0|  0|  23|          16|          16|
    |add_ln58_325_fu_282919_p2  |         +|   0|  0|  16|          16|          16|
    |add_ln58_326_fu_282925_p2  |         +|   0|  0|  16|          16|           9|
    |add_ln58_327_fu_282931_p2  |         +|   0|  0|  16|          16|          16|
    |add_ln58_328_fu_282937_p2  |         +|   0|  0|  16|          16|          16|
    |add_ln58_329_fu_286497_p2  |         +|   0|  0|  16|          16|          16|
    |add_ln58_32_fu_285559_p2   |         +|   0|  0|  16|          16|          16|
    |add_ln58_330_fu_286502_p2  |         +|   0|  0|  23|          16|          16|
    |add_ln58_331_fu_286508_p2  |         +|   0|  0|  16|          16|          16|
    |add_ln58_332_fu_286514_p2  |         +|   0|  0|  16|          16|          16|
    |add_ln58_333_fu_286520_p2  |         +|   0|  0|  16|          16|          16|
    |add_ln58_334_fu_282943_p2  |         +|   0|  0|  23|          16|          16|
    |add_ln58_335_fu_282949_p2  |         +|   0|  0|  16|          16|          16|
    |add_ln58_336_fu_282955_p2  |         +|   0|  0|  16|          16|          10|
    |add_ln58_337_fu_282961_p2  |         +|   0|  0|  16|          16|          16|
    |add_ln58_338_fu_282967_p2  |         +|   0|  0|  16|          16|          16|
    |add_ln58_339_fu_286526_p2  |         +|   0|  0|  16|          16|          16|
    |add_ln58_33_fu_285565_p2   |         +|   0|  0|  16|          16|          16|
    |add_ln58_340_fu_286531_p2  |         +|   0|  0|  23|          16|          16|
    |add_ln58_341_fu_286537_p2  |         +|   0|  0|  16|          16|          16|
    |add_ln58_342_fu_286543_p2  |         +|   0|  0|  16|          16|          16|
    |add_ln58_343_fu_286549_p2  |         +|   0|  0|  16|          16|          16|
    |add_ln58_344_fu_282973_p2  |         +|   0|  0|  23|          16|          16|
    |add_ln58_345_fu_286555_p2  |         +|   0|  0|  16|          16|          16|
    |add_ln58_346_fu_282979_p2  |         +|   0|  0|  21|          14|           6|
    |add_ln58_347_fu_282989_p2  |         +|   0|  0|  23|          16|          16|
    |add_ln58_348_fu_286559_p2  |         +|   0|  0|  16|          16|          16|
    |add_ln58_349_fu_286564_p2  |         +|   0|  0|  16|          16|          16|
    |add_ln58_34_fu_285571_p2   |         +|   0|  0|  16|          16|          16|
    |add_ln58_35_fu_282077_p2   |         +|   0|  0|  23|          16|          16|
    |add_ln58_36_fu_282083_p2   |         +|   0|  0|  16|          16|          16|
    |add_ln58_37_fu_282089_p2   |         +|   0|  0|  16|          16|          10|
    |add_ln58_38_fu_282095_p2   |         +|   0|  0|  16|          16|          16|
    |add_ln58_39_fu_282101_p2   |         +|   0|  0|  16|          16|          16|
    |add_ln58_40_fu_285577_p2   |         +|   0|  0|  16|          16|          16|
    |add_ln58_41_fu_285582_p2   |         +|   0|  0|  23|          16|          16|
    |add_ln58_42_fu_285588_p2   |         +|   0|  0|  16|          16|          16|
    |add_ln58_43_fu_285594_p2   |         +|   0|  0|  16|          16|          16|
    |add_ln58_44_fu_285600_p2   |         +|   0|  0|  16|          16|          16|
    |add_ln58_45_fu_282107_p2   |         +|   0|  0|  23|          16|          16|
    |add_ln58_46_fu_282113_p2   |         +|   0|  0|  16|          16|          16|
    |add_ln58_47_fu_282119_p2   |         +|   0|  0|  16|          16|          10|
    |add_ln58_48_fu_282125_p2   |         +|   0|  0|  16|          16|          16|
    |add_ln58_49_fu_282131_p2   |         +|   0|  0|  16|          16|          16|
    |add_ln58_50_fu_285606_p2   |         +|   0|  0|  16|          16|          16|
    |add_ln58_51_fu_285611_p2   |         +|   0|  0|  22|          15|          15|
    |add_ln58_52_fu_285621_p2   |         +|   0|  0|  16|          16|          16|
    |add_ln58_53_fu_285627_p2   |         +|   0|  0|  16|          16|          16|
    |add_ln58_54_fu_285633_p2   |         +|   0|  0|  16|          16|          16|
    |add_ln58_55_fu_282137_p2   |         +|   0|  0|  23|          16|          16|
    |add_ln58_56_fu_285639_p2   |         +|   0|  0|  16|          16|          16|
    |add_ln58_57_fu_282143_p2   |         +|   0|  0|  21|          14|          10|
    |add_ln58_58_fu_282153_p2   |         +|   0|  0|  23|          16|          16|
    |add_ln58_59_fu_285644_p2   |         +|   0|  0|  16|          16|          16|
    |add_ln58_60_fu_285649_p2   |         +|   0|  0|  16|          16|          16|
    |add_ln58_61_fu_285655_p2   |         +|   0|  0|  22|          15|          15|
    |add_ln58_62_fu_285665_p2   |         +|   0|  0|  16|          16|          16|
    |add_ln58_63_fu_285671_p2   |         +|   0|  0|  16|          16|          16|
    |add_ln58_64_fu_285677_p2   |         +|   0|  0|  16|          16|          16|
    |add_ln58_65_fu_282159_p2   |         +|   0|  0|  23|          16|          16|
    |add_ln58_66_fu_282165_p2   |         +|   0|  0|  16|          16|          16|
    |add_ln58_67_fu_282171_p2   |         +|   0|  0|  16|          16|           7|
    |add_ln58_68_fu_282177_p2   |         +|   0|  0|  16|          16|          16|
    |add_ln58_69_fu_282183_p2   |         +|   0|  0|  16|          16|          16|
    |add_ln58_70_fu_285683_p2   |         +|   0|  0|  16|          16|          16|
    |add_ln58_71_fu_285688_p2   |         +|   0|  0|  23|          16|          16|
    |add_ln58_72_fu_285694_p2   |         +|   0|  0|  16|          16|          16|
    |add_ln58_73_fu_285700_p2   |         +|   0|  0|  16|          16|          16|
    |add_ln58_74_fu_285706_p2   |         +|   0|  0|  16|          16|          16|
    |add_ln58_75_fu_282189_p2   |         +|   0|  0|  23|          16|          16|
    |add_ln58_76_fu_282195_p2   |         +|   0|  0|  16|          16|          16|
    |add_ln58_77_fu_282201_p2   |         +|   0|  0|  16|          16|           9|
    |add_ln58_78_fu_282207_p2   |         +|   0|  0|  16|          16|          16|
    |add_ln58_79_fu_282213_p2   |         +|   0|  0|  16|          16|          16|
    |add_ln58_80_fu_285712_p2   |         +|   0|  0|  16|          16|          16|
    |add_ln58_81_fu_285717_p2   |         +|   0|  0|  23|          16|          16|
    |add_ln58_82_fu_285723_p2   |         +|   0|  0|  16|          16|          16|
    |add_ln58_83_fu_285729_p2   |         +|   0|  0|  16|          16|          16|
    |add_ln58_84_fu_285735_p2   |         +|   0|  0|  16|          16|          16|
    |add_ln58_85_fu_282219_p2   |         +|   0|  0|  21|          14|          14|
    |add_ln58_86_fu_282229_p2   |         +|   0|  0|  23|          16|          16|
    |add_ln58_87_fu_282235_p2   |         +|   0|  0|  16|          16|          16|
    |add_ln58_88_fu_282241_p2   |         +|   0|  0|  16|          16|          16|
    |add_ln58_89_fu_285741_p2   |         +|   0|  0|  16|          16|          16|
    |add_ln58_90_fu_285746_p2   |         +|   0|  0|  21|          14|          14|
    |add_ln58_91_fu_285756_p2   |         +|   0|  0|  16|          16|          16|
    |add_ln58_92_fu_285762_p2   |         +|   0|  0|  16|          16|          16|
    |add_ln58_93_fu_285768_p2   |         +|   0|  0|  16|          16|          16|
    |add_ln58_94_fu_282247_p2   |         +|   0|  0|  23|          16|          16|
    |add_ln58_95_fu_282253_p2   |         +|   0|  0|  16|          16|          16|
    |add_ln58_96_fu_282259_p2   |         +|   0|  0|  16|          16|          10|
    |add_ln58_97_fu_282265_p2   |         +|   0|  0|  16|          16|          16|
    |add_ln58_98_fu_282271_p2   |         +|   0|  0|  16|          16|          16|
    |add_ln58_99_fu_285774_p2   |         +|   0|  0|  16|          16|          16|
    |add_ln58_fu_285553_p2      |         +|   0|  0|  23|          16|          16|
    |add_ln73_1_fu_283215_p2    |         +|   0|  0|  33|          26|          26|
    |add_ln73_2_fu_284076_p2    |         +|   0|  0|  29|          22|          22|
    |add_ln73_3_fu_284875_p2    |         +|   0|  0|  32|          25|          25|
    |add_ln73_4_fu_279645_p2    |         +|   0|  0|  27|          20|          20|
    |add_ln73_5_fu_279737_p2    |         +|   0|  0|  32|          25|          25|
    |add_ln73_6_fu_280442_p2    |         +|   0|  0|  28|          21|          21|
    |add_ln73_7_fu_280926_p2    |         +|   0|  0|  28|          21|          21|
    |add_ln73_fu_283104_p2      |         +|   0|  0|  30|          23|          23|
    |sub_ln42_1_fu_281741_p2    |         -|   0|  0|  33|          26|          26|
    |sub_ln42_fu_280504_p2      |         -|   0|  0|  33|           1|          26|
    |sub_ln73_10_fu_284028_p2   |         -|   0|  0|  20|           1|          20|
    |sub_ln73_11_fu_284034_p2   |         -|   0|  0|  20|          20|          20|
    |sub_ln73_12_fu_284505_p2   |         -|   0|  0|  30|          23|          23|
    |sub_ln73_13_fu_284561_p2   |         -|   0|  0|  27|          20|          20|
    |sub_ln73_14_fu_284916_p2   |         -|   0|  0|  26|           1|          26|
    |sub_ln73_15_fu_284933_p2   |         -|   0|  0|  26|          26|          26|
    |sub_ln73_16_fu_284980_p2   |         -|   0|  0|  30|          23|          23|
    |sub_ln73_17_fu_285203_p2   |         -|   0|  0|  28|          21|          21|
    |sub_ln73_18_fu_285288_p2   |         -|   0|  0|  26|           1|          26|
    |sub_ln73_19_fu_285298_p2   |         -|   0|  0|  26|          26|          26|
    |sub_ln73_20_fu_285487_p2   |         -|   0|  0|  33|          26|          26|
    |sub_ln73_21_fu_279583_p2   |         -|   0|  0|  29|          22|          22|
    |sub_ln73_22_fu_279917_p2   |         -|   0|  0|  25|           1|          25|
    |sub_ln73_23_fu_279923_p2   |         -|   0|  0|  25|          25|          25|
    |sub_ln73_24_fu_279955_p2   |         -|   0|  0|  32|          25|          25|
    |sub_ln73_25_fu_279997_p2   |         -|   0|  0|  33|          26|          26|
    |sub_ln73_26_fu_280336_p2   |         -|   0|  0|  22|           1|          22|
    |sub_ln73_27_fu_280354_p2   |         -|   0|  0|  22|          22|          22|
    |sub_ln73_28_fu_280666_p2   |         -|   0|  0|  33|          26|          26|
    |sub_ln73_29_fu_280708_p2   |         -|   0|  0|  26|           1|          26|
    |sub_ln73_2_fu_283160_p2    |         -|   0|  0|  33|          26|          26|
    |sub_ln73_30_fu_280714_p2   |         -|   0|  0|  26|          26|          26|
    |sub_ln73_31_fu_280768_p2   |         -|   0|  0|  31|          24|          24|
    |sub_ln73_32_fu_280820_p2   |         -|   0|  0|  30|          23|          23|
    |sub_ln73_33_fu_280866_p2   |         -|   0|  0|  26|          19|          19|
    |sub_ln73_34_fu_280950_p2   |         -|   0|  0|  31|          24|          24|
    |sub_ln73_35_fu_281278_p2   |         -|   0|  0|  31|          24|          24|
    |sub_ln73_36_fu_281498_p2   |         -|   0|  0|  32|          25|          25|
    |sub_ln73_37_fu_281518_p2   |         -|   0|  0|  31|           1|          24|
    |sub_ln73_3_fu_283280_p2    |         -|   0|  0|  20|           1|          20|
    |sub_ln73_4_fu_283286_p2    |         -|   0|  0|  20|          20|          20|
    |sub_ln73_5_fu_283380_p2    |         -|   0|  0|  31|          24|          24|
    |sub_ln73_6_fu_283449_p2    |         -|   0|  0|  30|          23|          23|
    |sub_ln73_7_fu_283497_p2    |         -|   0|  0|  29|          22|          22|
    |sub_ln73_8_fu_283781_p2    |         -|   0|  0|  30|          23|          23|
    |sub_ln73_9_fu_283873_p2    |         -|   0|  0|  30|          23|          23|
    |sub_ln73_fu_283059_p2      |         -|   0|  0|  32|          25|          25|
    |ap_enable_pp0              |       xor|   0|  0|   2|           1|           2|
    +---------------------------+----------+----+---+----+------------+------------+
    |Total                      |          |   0|  0|7050|        6031|        6019|
    +---------------------------+----------+----+---+----+------------+------------+

    * Multiplexer: 
    N/A

    * Register: 
    +-------------------------+----+----+-----+-----------+
    |           Name          | FF | LUT| Bits| Const Bits|
    +-------------------------+----+----+-----+-----------+
    |a_1_reg_286780           |  16|   0|   16|          0|
    |a_2_reg_286799           |  16|   0|   16|          0|
    |a_3_reg_286814           |  16|   0|   16|          0|
    |a_4_reg_286839           |  16|   0|   16|          0|
    |a_reg_286762             |  16|   0|   16|          0|
    |add_ln58_108_reg_286917  |  16|   0|   16|          0|
    |add_ln58_118_reg_286922  |  16|   0|   16|          0|
    |add_ln58_128_reg_286927  |  16|   0|   16|          0|
    |add_ln58_138_reg_286932  |  16|   0|   16|          0|
    |add_ln58_148_reg_286937  |  16|   0|   16|          0|
    |add_ln58_158_reg_286942  |  16|   0|   16|          0|
    |add_ln58_168_reg_286947  |  16|   0|   16|          0|
    |add_ln58_178_reg_286952  |  16|   0|   16|          0|
    |add_ln58_188_reg_286957  |  16|   0|   16|          0|
    |add_ln58_198_reg_286962  |  16|   0|   16|          0|
    |add_ln58_208_reg_286967  |  16|   0|   16|          0|
    |add_ln58_214_reg_286972  |  16|   0|   16|          0|
    |add_ln58_217_reg_286977  |  16|   0|   16|          0|
    |add_ln58_228_reg_286982  |  16|   0|   16|          0|
    |add_ln58_238_reg_286987  |  16|   0|   16|          0|
    |add_ln58_248_reg_286992  |  16|   0|   16|          0|
    |add_ln58_258_reg_286997  |  16|   0|   16|          0|
    |add_ln58_268_reg_287002  |  16|   0|   16|          0|
    |add_ln58_278_reg_287007  |  16|   0|   16|          0|
    |add_ln58_288_reg_287012  |  16|   0|   16|          0|
    |add_ln58_294_reg_287017  |  16|   0|   16|          0|
    |add_ln58_297_reg_287022  |  16|   0|   16|          0|
    |add_ln58_304_reg_287027  |  16|   0|   16|          0|
    |add_ln58_307_reg_287032  |  16|   0|   16|          0|
    |add_ln58_314_reg_287037  |  16|   0|   16|          0|
    |add_ln58_317_reg_287042  |  16|   0|   16|          0|
    |add_ln58_328_reg_287047  |  16|   0|   16|          0|
    |add_ln58_338_reg_287052  |  16|   0|   16|          0|
    |add_ln58_344_reg_287057  |  16|   0|   16|          0|
    |add_ln58_347_reg_287062  |  16|   0|   16|          0|
    |add_ln58_39_reg_286877   |  16|   0|   16|          0|
    |add_ln58_49_reg_286882   |  16|   0|   16|          0|
    |add_ln58_55_reg_286887   |  16|   0|   16|          0|
    |add_ln58_58_reg_286892   |  16|   0|   16|          0|
    |add_ln58_69_reg_286897   |  16|   0|   16|          0|
    |add_ln58_79_reg_286902   |  16|   0|   16|          0|
    |add_ln58_88_reg_286907   |  16|   0|   16|          0|
    |add_ln58_98_reg_286912   |  16|   0|   16|          0|
    |ap_CS_fsm                |   1|   0|    1|          0|
    |ap_enable_reg_pp0_iter1  |   1|   0|    1|          0|
    |mult_106_reg_286821      |  12|   0|   12|          0|
    |mult_122_reg_286834      |  12|   0|   12|          0|
    |mult_185_reg_286867      |  15|   0|   15|          0|
    |mult_186_reg_286872      |  15|   0|   15|          0|
    |sext_ln42_89_reg_286862  |  16|   0|   16|          0|
    |sext_ln70_38_reg_286855  |  26|   0|   26|          0|
    |tmp_14_reg_286790        |  16|   0|   16|          0|
    |tmp_20_reg_286806        |  16|   0|   16|          0|
    |tmp_25_reg_286826        |  16|   0|   16|          0|
    |tmp_30_reg_286847        |  16|   0|   16|          0|
    +-------------------------+----+----+-----+-----------+
    |Total                    | 850|   0|  850|          0|
    +-------------------------+----+----+-----+-----------+



================================================================
== Interface
================================================================
* Summary: 
+--------------+-----+-----+------------+----------------------------------------------------------------------------+--------------+
|   RTL Ports  | Dir | Bits|  Protocol  |                                Source Object                               |    C Type    |
+--------------+-----+-----+------------+----------------------------------------------------------------------------+--------------+
|ap_clk        |   in|    1|  ap_ctrl_hs|  dense_latency<ap_fixed<16, 6, 5, 3, 0>, ap_fixed<16, 6, 5, 3, 0>, config2>|  return value|
|ap_rst        |   in|    1|  ap_ctrl_hs|  dense_latency<ap_fixed<16, 6, 5, 3, 0>, ap_fixed<16, 6, 5, 3, 0>, config2>|  return value|
|ap_start      |   in|    1|  ap_ctrl_hs|  dense_latency<ap_fixed<16, 6, 5, 3, 0>, ap_fixed<16, 6, 5, 3, 0>, config2>|  return value|
|ap_done       |  out|    1|  ap_ctrl_hs|  dense_latency<ap_fixed<16, 6, 5, 3, 0>, ap_fixed<16, 6, 5, 3, 0>, config2>|  return value|
|ap_idle       |  out|    1|  ap_ctrl_hs|  dense_latency<ap_fixed<16, 6, 5, 3, 0>, ap_fixed<16, 6, 5, 3, 0>, config2>|  return value|
|ap_ready      |  out|    1|  ap_ctrl_hs|  dense_latency<ap_fixed<16, 6, 5, 3, 0>, ap_fixed<16, 6, 5, 3, 0>, config2>|  return value|
|ap_ce         |   in|    1|  ap_ctrl_hs|  dense_latency<ap_fixed<16, 6, 5, 3, 0>, ap_fixed<16, 6, 5, 3, 0>, config2>|  return value|
|ap_return_0   |  out|   16|  ap_ctrl_hs|  dense_latency<ap_fixed<16, 6, 5, 3, 0>, ap_fixed<16, 6, 5, 3, 0>, config2>|  return value|
|ap_return_1   |  out|   16|  ap_ctrl_hs|  dense_latency<ap_fixed<16, 6, 5, 3, 0>, ap_fixed<16, 6, 5, 3, 0>, config2>|  return value|
|ap_return_2   |  out|   16|  ap_ctrl_hs|  dense_latency<ap_fixed<16, 6, 5, 3, 0>, ap_fixed<16, 6, 5, 3, 0>, config2>|  return value|
|ap_return_3   |  out|   16|  ap_ctrl_hs|  dense_latency<ap_fixed<16, 6, 5, 3, 0>, ap_fixed<16, 6, 5, 3, 0>, config2>|  return value|
|ap_return_4   |  out|   16|  ap_ctrl_hs|  dense_latency<ap_fixed<16, 6, 5, 3, 0>, ap_fixed<16, 6, 5, 3, 0>, config2>|  return value|
|ap_return_5   |  out|   16|  ap_ctrl_hs|  dense_latency<ap_fixed<16, 6, 5, 3, 0>, ap_fixed<16, 6, 5, 3, 0>, config2>|  return value|
|ap_return_6   |  out|   16|  ap_ctrl_hs|  dense_latency<ap_fixed<16, 6, 5, 3, 0>, ap_fixed<16, 6, 5, 3, 0>, config2>|  return value|
|ap_return_7   |  out|   16|  ap_ctrl_hs|  dense_latency<ap_fixed<16, 6, 5, 3, 0>, ap_fixed<16, 6, 5, 3, 0>, config2>|  return value|
|ap_return_8   |  out|   16|  ap_ctrl_hs|  dense_latency<ap_fixed<16, 6, 5, 3, 0>, ap_fixed<16, 6, 5, 3, 0>, config2>|  return value|
|ap_return_9   |  out|   16|  ap_ctrl_hs|  dense_latency<ap_fixed<16, 6, 5, 3, 0>, ap_fixed<16, 6, 5, 3, 0>, config2>|  return value|
|ap_return_10  |  out|   16|  ap_ctrl_hs|  dense_latency<ap_fixed<16, 6, 5, 3, 0>, ap_fixed<16, 6, 5, 3, 0>, config2>|  return value|
|ap_return_11  |  out|   16|  ap_ctrl_hs|  dense_latency<ap_fixed<16, 6, 5, 3, 0>, ap_fixed<16, 6, 5, 3, 0>, config2>|  return value|
|ap_return_12  |  out|   16|  ap_ctrl_hs|  dense_latency<ap_fixed<16, 6, 5, 3, 0>, ap_fixed<16, 6, 5, 3, 0>, config2>|  return value|
|ap_return_13  |  out|   16|  ap_ctrl_hs|  dense_latency<ap_fixed<16, 6, 5, 3, 0>, ap_fixed<16, 6, 5, 3, 0>, config2>|  return value|
|ap_return_14  |  out|   16|  ap_ctrl_hs|  dense_latency<ap_fixed<16, 6, 5, 3, 0>, ap_fixed<16, 6, 5, 3, 0>, config2>|  return value|
|ap_return_15  |  out|   16|  ap_ctrl_hs|  dense_latency<ap_fixed<16, 6, 5, 3, 0>, ap_fixed<16, 6, 5, 3, 0>, config2>|  return value|
|ap_return_16  |  out|   16|  ap_ctrl_hs|  dense_latency<ap_fixed<16, 6, 5, 3, 0>, ap_fixed<16, 6, 5, 3, 0>, config2>|  return value|
|ap_return_17  |  out|   16|  ap_ctrl_hs|  dense_latency<ap_fixed<16, 6, 5, 3, 0>, ap_fixed<16, 6, 5, 3, 0>, config2>|  return value|
|ap_return_18  |  out|   16|  ap_ctrl_hs|  dense_latency<ap_fixed<16, 6, 5, 3, 0>, ap_fixed<16, 6, 5, 3, 0>, config2>|  return value|
|ap_return_19  |  out|   16|  ap_ctrl_hs|  dense_latency<ap_fixed<16, 6, 5, 3, 0>, ap_fixed<16, 6, 5, 3, 0>, config2>|  return value|
|ap_return_20  |  out|   16|  ap_ctrl_hs|  dense_latency<ap_fixed<16, 6, 5, 3, 0>, ap_fixed<16, 6, 5, 3, 0>, config2>|  return value|
|ap_return_21  |  out|   16|  ap_ctrl_hs|  dense_latency<ap_fixed<16, 6, 5, 3, 0>, ap_fixed<16, 6, 5, 3, 0>, config2>|  return value|
|ap_return_22  |  out|   16|  ap_ctrl_hs|  dense_latency<ap_fixed<16, 6, 5, 3, 0>, ap_fixed<16, 6, 5, 3, 0>, config2>|  return value|
|ap_return_23  |  out|   16|  ap_ctrl_hs|  dense_latency<ap_fixed<16, 6, 5, 3, 0>, ap_fixed<16, 6, 5, 3, 0>, config2>|  return value|
|ap_return_24  |  out|   16|  ap_ctrl_hs|  dense_latency<ap_fixed<16, 6, 5, 3, 0>, ap_fixed<16, 6, 5, 3, 0>, config2>|  return value|
|ap_return_25  |  out|   16|  ap_ctrl_hs|  dense_latency<ap_fixed<16, 6, 5, 3, 0>, ap_fixed<16, 6, 5, 3, 0>, config2>|  return value|
|ap_return_26  |  out|   16|  ap_ctrl_hs|  dense_latency<ap_fixed<16, 6, 5, 3, 0>, ap_fixed<16, 6, 5, 3, 0>, config2>|  return value|
|ap_return_27  |  out|   16|  ap_ctrl_hs|  dense_latency<ap_fixed<16, 6, 5, 3, 0>, ap_fixed<16, 6, 5, 3, 0>, config2>|  return value|
|ap_return_28  |  out|   16|  ap_ctrl_hs|  dense_latency<ap_fixed<16, 6, 5, 3, 0>, ap_fixed<16, 6, 5, 3, 0>, config2>|  return value|
|ap_return_29  |  out|   16|  ap_ctrl_hs|  dense_latency<ap_fixed<16, 6, 5, 3, 0>, ap_fixed<16, 6, 5, 3, 0>, config2>|  return value|
|ap_return_30  |  out|   16|  ap_ctrl_hs|  dense_latency<ap_fixed<16, 6, 5, 3, 0>, ap_fixed<16, 6, 5, 3, 0>, config2>|  return value|
|ap_return_31  |  out|   16|  ap_ctrl_hs|  dense_latency<ap_fixed<16, 6, 5, 3, 0>, ap_fixed<16, 6, 5, 3, 0>, config2>|  return value|
|data_val      |   in|  160|     ap_none|                                                                    data_val|        scalar|
+--------------+-----+-----+------------+----------------------------------------------------------------------------+--------------+

