

================================================================
== Vitis HLS Report for 'dense_latency_ap_fixed_16_6_5_3_0_ap_fixed_16_6_5_3_0_config4_s'
================================================================
* Date:           Sat Aug 29 13:31:58 2026

* Version:        2025.2.1 (Build 6397637 on Mar 18 2026)
* Project:        myproject_prj
* Solution:       solution1 (Vivado IP Flow Target)
* Product family: virtexuplus
* Target device:  xcvu13p-flga2577-2-e


================================================================
== Performance Estimates
================================================================
+ Timing: 
    * Summary: 
    +--------+---------+----------+------------+
    |  Clock |  Target | Estimated| Uncertainty|
    +--------+---------+----------+------------+
    |ap_clk  |  5.00 ns|  3.400 ns|     1.35 ns|
    +--------+---------+----------+------------+

+ Latency: 
    * Summary: 
    +---------+---------+----------+----------+-----+-----+---------+
    |  Latency (cycles) |  Latency (absolute) |  Interval | Pipeline|
    |   min   |   max   |    min   |    max   | min | max |   Type  |
    +---------+---------+----------+----------+-----+-----+---------+
    |        1|        1|  5.000 ns|  5.000 ns|    1|    1|      yes|
    +---------+---------+----------+----------+-----+-----+---------+

    + Detail: 
        * Instance: 
        N/A

        * Loop: 
        N/A



================================================================
== Utilization Estimates
================================================================
* Summary: 
+---------------------+---------+-------+---------+---------+------+
|         Name        | BRAM_18K|  DSP  |    FF   |   LUT   | URAM |
+---------------------+---------+-------+---------+---------+------+
|DSP                  |        -|      -|        -|        -|     -|
|Expression           |        -|      -|        0|      647|     -|
|FIFO                 |        -|      -|        -|        -|     -|
|Instance             |        -|     30|        0|      150|     -|
|Memory               |        -|      -|        -|        -|     -|
|Multiplexer          |        -|      -|        -|        -|     -|
|Register             |        -|      -|      178|        -|     -|
+---------------------+---------+-------+---------+---------+------+
|Total                |        0|     30|      178|      797|     0|
+---------------------+---------+-------+---------+---------+------+
|Available SLR        |     1344|   3072|   864000|   432000|   320|
+---------------------+---------+-------+---------+---------+------+
|Utilization SLR (%)  |        0|     ~0|       ~0|       ~0|     0|
+---------------------+---------+-------+---------+---------+------+
|Available            |     5376|  12288|  3456000|  1728000|  1280|
+---------------------+---------+-------+---------+---------+------+
|Utilization (%)      |        0|     ~0|       ~0|       ~0|     0|
+---------------------+---------+-------+---------+---------+------+

+ Detail: 
    * Instance: 
    +--------------------------+---------------------+---------+----+---+----+-----+
    |         Instance         |        Module       | BRAM_18K| DSP| FF| LUT| URAM|
    +--------------------------+---------------------+---------+----+---+----+-----+
    |mul_16s_10ns_26_1_1_U328  |mul_16s_10ns_26_1_1  |        0|   1|  0|   5|    0|
    |mul_16s_10ns_26_1_1_U338  |mul_16s_10ns_26_1_1  |        0|   1|  0|   5|    0|
    |mul_16s_10ns_26_1_1_U343  |mul_16s_10ns_26_1_1  |        0|   1|  0|   5|    0|
    |mul_16s_10ns_26_1_1_U349  |mul_16s_10ns_26_1_1  |        0|   1|  0|   5|    0|
    |mul_16s_10ns_26_1_1_U350  |mul_16s_10ns_26_1_1  |        0|   1|  0|   5|    0|
    |mul_16s_10s_26_1_1_U329   |mul_16s_10s_26_1_1   |        0|   1|  0|   5|    0|
    |mul_16s_10s_26_1_1_U331   |mul_16s_10s_26_1_1   |        0|   1|  0|   5|    0|
    |mul_16s_10s_26_1_1_U332   |mul_16s_10s_26_1_1   |        0|   1|  0|   5|    0|
    |mul_16s_10s_26_1_1_U342   |mul_16s_10s_26_1_1   |        0|   1|  0|   5|    0|
    |mul_16s_10s_26_1_1_U344   |mul_16s_10s_26_1_1   |        0|   1|  0|   5|    0|
    |mul_16s_11ns_26_1_1_U333  |mul_16s_11ns_26_1_1  |        0|   1|  0|   5|    0|
    |mul_16s_11ns_26_1_1_U335  |mul_16s_11ns_26_1_1  |        0|   1|  0|   5|    0|
    |mul_16s_11ns_26_1_1_U341  |mul_16s_11ns_26_1_1  |        0|   1|  0|   5|    0|
    |mul_16s_11ns_26_1_1_U345  |mul_16s_11ns_26_1_1  |        0|   1|  0|   5|    0|
    |mul_16s_11ns_26_1_1_U352  |mul_16s_11ns_26_1_1  |        0|   1|  0|   5|    0|
    |mul_16s_11s_26_1_1_U327   |mul_16s_11s_26_1_1   |        0|   1|  0|   5|    0|
    |mul_16s_11s_26_1_1_U330   |mul_16s_11s_26_1_1   |        0|   1|  0|   5|    0|
    |mul_16s_11s_26_1_1_U334   |mul_16s_11s_26_1_1   |        0|   1|  0|   5|    0|
    |mul_16s_11s_26_1_1_U347   |mul_16s_11s_26_1_1   |        0|   1|  0|   5|    0|
    |mul_16s_11s_26_1_1_U348   |mul_16s_11s_26_1_1   |        0|   1|  0|   5|    0|
    |mul_16s_11s_26_1_1_U351   |mul_16s_11s_26_1_1   |        0|   1|  0|   5|    0|
    |mul_16s_11s_26_1_1_U353   |mul_16s_11s_26_1_1   |        0|   1|  0|   5|    0|
    |mul_16s_12ns_26_1_1_U324  |mul_16s_12ns_26_1_1  |        0|   1|  0|   5|    0|
    |mul_16s_12ns_26_1_1_U340  |mul_16s_12ns_26_1_1  |        0|   1|  0|   5|    0|
    |mul_16s_12ns_26_1_1_U346  |mul_16s_12ns_26_1_1  |        0|   1|  0|   5|    0|
    |mul_16s_12s_26_1_1_U325   |mul_16s_12s_26_1_1   |        0|   1|  0|   5|    0|
    |mul_16s_12s_26_1_1_U326   |mul_16s_12s_26_1_1   |        0|   1|  0|   5|    0|
    |mul_16s_12s_26_1_1_U336   |mul_16s_12s_26_1_1   |        0|   1|  0|   5|    0|
    |mul_16s_9s_25_1_1_U337    |mul_16s_9s_25_1_1    |        0|   1|  0|   5|    0|
    |mul_16s_9s_25_1_1_U339    |mul_16s_9s_25_1_1    |        0|   1|  0|   5|    0|
    +--------------------------+---------------------+---------+----+---+----+-----+
    |Total                     |                     |        0|  30|  0| 150|    0|
    +--------------------------+---------------------+---------+----+---+----+-----+

    * DSP: 
    N/A

    * Memory: 
    N/A

    * FIFO: 
    N/A

    * Expression: 
    +------------------------+----------+----+---+----+------------+------------+
    |      Variable Name     | Operation| DSP| FF| LUT| Bitwidth P0| Bitwidth P1|
    +------------------------+----------+----+---+----+------------+------------+
    |add_ln58_10_fu_5023_p2  |         +|   0|  0|  16|          16|          16|
    |add_ln58_11_fu_5029_p2  |         +|   0|  0|  23|          16|          16|
    |add_ln58_12_fu_5035_p2  |         +|   0|  0|  16|          16|          16|
    |add_ln58_13_fu_5126_p2  |         +|   0|  0|  16|          16|          16|
    |add_ln58_14_fu_5131_p2  |         +|   0|  0|  16|          16|          16|
    |add_ln58_15_fu_5041_p2  |         +|   0|  0|  16|          16|          16|
    |add_ln58_16_fu_5047_p2  |         +|   0|  0|  23|          16|          16|
    |add_ln58_17_fu_5053_p2  |         +|   0|  0|  16|          16|          16|
    |add_ln58_18_fu_5059_p2  |         +|   0|  0|  16|          16|          16|
    |add_ln58_19_fu_5065_p2  |         +|   0|  0|  23|          16|          16|
    |add_ln58_1_fu_4987_p2   |         +|   0|  0|  23|          16|          16|
    |add_ln58_20_fu_5071_p2  |         +|   0|  0|  16|          16|          16|
    |add_ln58_21_fu_5137_p2  |         +|   0|  0|  16|          16|          16|
    |add_ln58_22_fu_5077_p2  |         +|   0|  0|  23|          16|          16|
    |add_ln58_23_fu_5083_p2  |         +|   0|  0|  23|          16|          16|
    |add_ln58_24_fu_5141_p2  |         +|   0|  0|  16|          16|          16|
    |add_ln58_25_fu_5089_p2  |         +|   0|  0|  16|          16|          16|
    |add_ln58_26_fu_5095_p2  |         +|   0|  0|  16|          16|           7|
    |add_ln58_27_fu_5101_p2  |         +|   0|  0|  16|          16|          16|
    |add_ln58_28_fu_5107_p2  |         +|   0|  0|  16|          16|          16|
    |add_ln58_29_fu_5145_p2  |         +|   0|  0|  16|          16|          16|
    |add_ln58_2_fu_5113_p2   |         +|   0|  0|  16|          16|          16|
    |add_ln58_30_fu_5150_p2  |         +|   0|  0|  16|          16|          16|
    |add_ln58_3_fu_4993_p2   |         +|   0|  0|  16|          16|          16|
    |add_ln58_4_fu_4999_p2   |         +|   0|  0|  23|          16|          16|
    |add_ln58_5_fu_5005_p2   |         +|   0|  0|  16|          16|          16|
    |add_ln58_6_fu_5117_p2   |         +|   0|  0|  16|          16|          16|
    |add_ln58_7_fu_5011_p2   |         +|   0|  0|  23|          16|          16|
    |add_ln58_8_fu_5017_p2   |         +|   0|  0|  23|          16|          16|
    |add_ln58_9_fu_5122_p2   |         +|   0|  0|  16|          16|          16|
    |add_ln58_fu_4981_p2     |         +|   0|  0|  23|          16|          16|
    |ap_return               |         +|   0|  0|  16|          16|          16|
    |sub_ln73_1_fu_4822_p2   |         -|   0|  0|  31|           1|          24|
    |sub_ln73_fu_4595_p2     |         -|   0|  0|  32|          25|          25|
    |ap_enable_pp0           |       xor|   0|  0|   2|           1|           2|
    +------------------------+----------+----+---+----+------------+------------+
    |Total                   |          |   0|  0| 647|         539|         554|
    +------------------------+----------+----+---+----+------------+------------+

    * Multiplexer: 
    N/A

    * Register: 
    +-------------------------+----+----+-----+-----------+
    |           Name          | FF | LUT| Bits| Const Bits|
    +-------------------------+----+----+-----+-----------+
    |add_ln58_12_reg_5187     |  16|   0|   16|          0|
    |add_ln58_17_reg_5192     |  16|   0|   16|          0|
    |add_ln58_1_reg_5167      |  16|   0|   16|          0|
    |add_ln58_20_reg_5197     |  16|   0|   16|          0|
    |add_ln58_22_reg_5202     |  16|   0|   16|          0|
    |add_ln58_23_reg_5207     |  16|   0|   16|          0|
    |add_ln58_28_reg_5212     |  16|   0|   16|          0|
    |add_ln58_5_reg_5172      |  16|   0|   16|          0|
    |add_ln58_7_reg_5177      |  16|   0|   16|          0|
    |add_ln58_8_reg_5182      |  16|   0|   16|          0|
    |add_ln58_reg_5162        |  16|   0|   16|          0|
    |ap_CS_fsm                |   1|   0|    1|          0|
    |ap_enable_reg_pp0_iter1  |   1|   0|    1|          0|
    +-------------------------+----+----+-----+-----------+
    |Total                    | 178|   0|  178|          0|
    +-------------------------+----+----+-----+-----------+



================================================================
== Interface
================================================================
* Summary: 
+-------------+-----+-----+------------+----------------------------------------------------------------------------+--------------+
|  RTL Ports  | Dir | Bits|  Protocol  |                                Source Object                               |    C Type    |
+-------------+-----+-----+------------+----------------------------------------------------------------------------+--------------+
|ap_clk       |   in|    1|  ap_ctrl_hs|  dense_latency<ap_fixed<16, 6, 5, 3, 0>, ap_fixed<16, 6, 5, 3, 0>, config4>|  return value|
|ap_rst       |   in|    1|  ap_ctrl_hs|  dense_latency<ap_fixed<16, 6, 5, 3, 0>, ap_fixed<16, 6, 5, 3, 0>, config4>|  return value|
|ap_start     |   in|    1|  ap_ctrl_hs|  dense_latency<ap_fixed<16, 6, 5, 3, 0>, ap_fixed<16, 6, 5, 3, 0>, config4>|  return value|
|ap_done      |  out|    1|  ap_ctrl_hs|  dense_latency<ap_fixed<16, 6, 5, 3, 0>, ap_fixed<16, 6, 5, 3, 0>, config4>|  return value|
|ap_idle      |  out|    1|  ap_ctrl_hs|  dense_latency<ap_fixed<16, 6, 5, 3, 0>, ap_fixed<16, 6, 5, 3, 0>, config4>|  return value|
|ap_ready     |  out|    1|  ap_ctrl_hs|  dense_latency<ap_fixed<16, 6, 5, 3, 0>, ap_fixed<16, 6, 5, 3, 0>, config4>|  return value|
|ap_ce        |   in|    1|  ap_ctrl_hs|  dense_latency<ap_fixed<16, 6, 5, 3, 0>, ap_fixed<16, 6, 5, 3, 0>, config4>|  return value|
|ap_return    |  out|   16|  ap_ctrl_hs|  dense_latency<ap_fixed<16, 6, 5, 3, 0>, ap_fixed<16, 6, 5, 3, 0>, config4>|  return value|
|data_0_val   |   in|   16|     ap_none|                                                                  data_0_val|        scalar|
|data_1_val   |   in|   16|     ap_none|                                                                  data_1_val|        scalar|
|data_2_val   |   in|   16|     ap_none|                                                                  data_2_val|        scalar|
|data_3_val   |   in|   16|     ap_none|                                                                  data_3_val|        scalar|
|data_4_val   |   in|   16|     ap_none|                                                                  data_4_val|        scalar|
|data_5_val   |   in|   16|     ap_none|                                                                  data_5_val|        scalar|
|data_6_val   |   in|   16|     ap_none|                                                                  data_6_val|        scalar|
|data_7_val   |   in|   16|     ap_none|                                                                  data_7_val|        scalar|
|data_8_val   |   in|   16|     ap_none|                                                                  data_8_val|        scalar|
|data_9_val   |   in|   16|     ap_none|                                                                  data_9_val|        scalar|
|data_10_val  |   in|   16|     ap_none|                                                                 data_10_val|        scalar|
|data_11_val  |   in|   16|     ap_none|                                                                 data_11_val|        scalar|
|data_12_val  |   in|   16|     ap_none|                                                                 data_12_val|        scalar|
|data_13_val  |   in|   16|     ap_none|                                                                 data_13_val|        scalar|
|data_14_val  |   in|   16|     ap_none|                                                                 data_14_val|        scalar|
|data_15_val  |   in|   16|     ap_none|                                                                 data_15_val|        scalar|
|data_16_val  |   in|   16|     ap_none|                                                                 data_16_val|        scalar|
|data_17_val  |   in|   16|     ap_none|                                                                 data_17_val|        scalar|
|data_18_val  |   in|   16|     ap_none|                                                                 data_18_val|        scalar|
|data_19_val  |   in|   16|     ap_none|                                                                 data_19_val|        scalar|
|data_20_val  |   in|   16|     ap_none|                                                                 data_20_val|        scalar|
|data_21_val  |   in|   16|     ap_none|                                                                 data_21_val|        scalar|
|data_22_val  |   in|   16|     ap_none|                                                                 data_22_val|        scalar|
|data_23_val  |   in|   16|     ap_none|                                                                 data_23_val|        scalar|
|data_24_val  |   in|   16|     ap_none|                                                                 data_24_val|        scalar|
|data_25_val  |   in|   16|     ap_none|                                                                 data_25_val|        scalar|
|data_26_val  |   in|   16|     ap_none|                                                                 data_26_val|        scalar|
|data_27_val  |   in|   16|     ap_none|                                                                 data_27_val|        scalar|
|data_28_val  |   in|   16|     ap_none|                                                                 data_28_val|        scalar|
|data_29_val  |   in|   16|     ap_none|                                                                 data_29_val|        scalar|
|data_30_val  |   in|   16|     ap_none|                                                                 data_30_val|        scalar|
|data_31_val  |   in|   16|     ap_none|                                                                 data_31_val|        scalar|
+-------------+-----+-----+------------+----------------------------------------------------------------------------+--------------+

