

================================================================
== Vitis HLS Report for 'myproject'
================================================================
* Date:           Sat Aug 29 13:31:58 2026

* Version:        2025.2.1 (Build 6397637 on Mar 18 2026)
* Project:        myproject_prj
* Solution:       solution1 (Vivado IP Flow Target)
* Product family: virtexuplus
* Target device:  xcvu13p-flga2577-2-e


================================================================
== Performance Estimates
================================================================
+ Timing: 
    * Summary: 
    +--------+---------+----------+------------+
    |  Clock |  Target | Estimated| Uncertainty|
    +--------+---------+----------+------------+
    |ap_clk  |  5.00 ns|  3.490 ns|     1.35 ns|
    +--------+---------+----------+------------+

+ Latency: 
    * Summary: 
    +---------+---------+-----------+-----------+-----+-----+---------+
    |  Latency (cycles) |   Latency (absolute)  |  Interval | Pipeline|
    |   min   |   max   |    min    |    max    | min | max |   Type  |
    +---------+---------+-----------+-----------+-----+-----+---------+
    |        7|        7|  35.000 ns|  35.000 ns|    1|    1|      yes|
    +---------+---------+-----------+-----------+-----+-----+---------+

    + Detail: 
        * Instance: 
        +------------------------------------------------------------------------------+-------------------------------------------------------------------+---------+---------+-----------+-----------+-----+-----+---------+
        |                                                                              |                                                                   |  Latency (cycles) |   Latency (absolute)  |  Interval | Pipeline|
        |                                   Instance                                   |                               Module                              |   min   |   max   |    min    |    max    | min | max |   Type  |
        +------------------------------------------------------------------------------+-------------------------------------------------------------------+---------+---------+-----------+-----------+-----+-----+---------+
        |grp_dense_latency_ap_fixed_16_6_5_3_0_ap_fixed_16_6_5_3_0_config2_s_fu_49     |dense_latency_ap_fixed_16_6_5_3_0_ap_fixed_16_6_5_3_0_config2_s    |        1|        1|   5.000 ns|   5.000 ns|    1|    1|      yes|
        |call_ret2_relu_ap_fixed_16_6_5_3_0_ap_fixed_16_6_5_3_0_relu_config3_s_fu_55   |relu_ap_fixed_16_6_5_3_0_ap_fixed_16_6_5_3_0_relu_config3_s        |        0|        0|       0 ns|       0 ns|    1|    1|      yes|
        |grp_dense_latency_ap_fixed_16_6_5_3_0_ap_fixed_16_6_5_3_0_config4_s_fu_91     |dense_latency_ap_fixed_16_6_5_3_0_ap_fixed_16_6_5_3_0_config4_s    |        1|        1|   5.000 ns|   5.000 ns|    1|    1|      yes|
        |grp_sigmoid_ap_fixed_16_6_5_3_0_ap_fixed_16_6_5_3_0_sigmoid_config5_s_fu_127  |sigmoid_ap_fixed_16_6_5_3_0_ap_fixed_16_6_5_3_0_sigmoid_config5_s  |        2|        2|  10.000 ns|  10.000 ns|    1|    1|      yes|
        +------------------------------------------------------------------------------+-------------------------------------------------------------------+---------+---------+-----------+-----------+-----+-----+---------+

        * Loop: 
        N/A



================================================================
== Utilization Estimates
================================================================
* Summary: 
+---------------------+---------+-------+---------+---------+------+
|         Name        | BRAM_18K|  DSP  |    FF   |   LUT   | URAM |
+---------------------+---------+-------+---------+---------+------+
|DSP                  |        -|      -|        -|        -|     -|
|Expression           |        -|      -|        0|       10|     -|
|FIFO                 |        -|      -|        -|        -|     -|
|Instance             |        1|    305|     1041|    10551|     -|
|Memory               |        -|      -|        -|        -|     -|
|Multiplexer          |        -|      -|        0|       36|     -|
|Register             |        -|      -|     1212|        -|     -|
+---------------------+---------+-------+---------+---------+------+
|Total                |        1|    305|     2253|    10597|     0|
+---------------------+---------+-------+---------+---------+------+
|Available SLR        |     1344|   3072|   864000|   432000|   320|
+---------------------+---------+-------+---------+---------+------+
|Utilization SLR (%)  |       ~0|      9|       ~0|        2|     0|
+---------------------+---------+-------+---------+---------+------+
|Available            |     5376|  12288|  3456000|  1728000|  1280|
+---------------------+---------+-------+---------+---------+------+
|Utilization (%)      |       ~0|      2|       ~0|       ~0|     0|
+---------------------+---------+-------+---------+---------+------+

+ Detail: 
    * Instance: 
    +------------------------------------------------------------------------------+-------------------------------------------------------------------+---------+-----+-----+------+-----+
    |                                   Instance                                   |                               Module                              | BRAM_18K| DSP |  FF |  LUT | URAM|
    +------------------------------------------------------------------------------+-------------------------------------------------------------------+---------+-----+-----+------+-----+
    |grp_dense_latency_ap_fixed_16_6_5_3_0_ap_fixed_16_6_5_3_0_config2_s_fu_49     |dense_latency_ap_fixed_16_6_5_3_0_ap_fixed_16_6_5_3_0_config2_s    |        0|  275|  850|  8425|    0|
    |grp_dense_latency_ap_fixed_16_6_5_3_0_ap_fixed_16_6_5_3_0_config4_s_fu_91     |dense_latency_ap_fixed_16_6_5_3_0_ap_fixed_16_6_5_3_0_config4_s    |        0|   30|  178|   797|    0|
    |call_ret2_relu_ap_fixed_16_6_5_3_0_ap_fixed_16_6_5_3_0_relu_config3_s_fu_55   |relu_ap_fixed_16_6_5_3_0_ap_fixed_16_6_5_3_0_relu_config3_s        |        0|    0|    0|  1216|    0|
    |grp_sigmoid_ap_fixed_16_6_5_3_0_ap_fixed_16_6_5_3_0_sigmoid_config5_s_fu_127  |sigmoid_ap_fixed_16_6_5_3_0_ap_fixed_16_6_5_3_0_sigmoid_config5_s  |        1|    0|   13|   113|    0|
    +------------------------------------------------------------------------------+-------------------------------------------------------------------+---------+-----+-----+------+-----+
    |Total                                                                         |                                                                   |        1|  305| 1041| 10551|    0|
    +------------------------------------------------------------------------------+-------------------------------------------------------------------+---------+-----+-----+------+-----+

    * DSP: 
    N/A

    * Memory: 
    N/A

    * FIFO: 
    N/A

    * Expression: 
    +------------------------------------------+----------+----+---+----+------------+------------+
    |               Variable Name              | Operation| DSP| FF| LUT| Bitwidth P0| Bitwidth P1|
    +------------------------------------------+----------+----+---+----+------------+------------+
    |ap_block_pp0_stage0_11001                 |       and|   0|  0|   2|           1|           1|
    |ap_block_pp0_stage0_11001_ignoreCallOp10  |       and|   0|  0|   2|           1|           1|
    |ap_block_pp0_stage0_11001_ignoreCallOp77  |       and|   0|  0|   2|           1|           1|
    |ap_block_pp0_stage0_11001_ignoreCallOp79  |       and|   0|  0|   2|           1|           1|
    |ap_enable_pp0                             |       xor|   0|  0|   2|           1|           2|
    +------------------------------------------+----------+----+---+----+------------+------------+
    |Total                                     |          |   0|  0|  10|           5|           6|
    +------------------------------------------+----------+----+---+----+------------+------------+

    * Multiplexer: 
    +-----------------------+----+-----------+-----+-----------+
    |          Name         | LUT| Input Size| Bits| Total Bits|
    +-----------------------+----+-----------+-----+-----------+
    |input_1_ap_vld_in_sig  |   9|          2|    1|          2|
    |input_1_ap_vld_preg    |   9|          2|    1|          2|
    |input_1_blk_n          |   9|          2|    1|          2|
    |input_1_in_sig         |   9|          2|  160|        320|
    +-----------------------+----+-----------+-----+-----------+
    |Total                  |  36|          8|  163|        326|
    +-----------------------+----+-----------+-----+-----------+

    * Register: 
    +-------------------------------------------------------------------------------------------+-----+----+-----+-----------+
    |                                            Name                                           |  FF | LUT| Bits| Const Bits|
    +-------------------------------------------------------------------------------------------+-----+----+-----+-----------+
    |ap_CS_fsm                                                                                  |    1|   0|    1|          0|
    |ap_block_pp0_stage0_subdone_grp0_done_reg                                                  |    1|   0|    1|          0|
    |ap_enable_reg_pp0_iter1                                                                    |    1|   0|    1|          0|
    |ap_enable_reg_pp0_iter2                                                                    |    1|   0|    1|          0|
    |ap_enable_reg_pp0_iter3                                                                    |    1|   0|    1|          0|
    |ap_enable_reg_pp0_iter4                                                                    |    1|   0|    1|          0|
    |ap_enable_reg_pp0_iter5                                                                    |    1|   0|    1|          0|
    |ap_enable_reg_pp0_iter6                                                                    |    1|   0|    1|          0|
    |ap_enable_reg_pp0_iter7                                                                    |    1|   0|    1|          0|
    |grp_dense_latency_ap_fixed_16_6_5_3_0_ap_fixed_16_6_5_3_0_config4_s_fu_91_ap_start_reg     |    1|   0|    1|          0|
    |grp_sigmoid_ap_fixed_16_6_5_3_0_ap_fixed_16_6_5_3_0_sigmoid_config5_s_fu_127_ap_start_reg  |    1|   0|    1|          0|
    |input_1_ap_vld_preg                                                                        |    1|   0|    1|          0|
    |input_1_preg                                                                               |  160|   0|  160|          0|
    |layer2_out_10_reg_445                                                                      |   16|   0|   16|          0|
    |layer2_out_11_reg_450                                                                      |   16|   0|   16|          0|
    |layer2_out_12_reg_455                                                                      |   16|   0|   16|          0|
    |layer2_out_13_reg_460                                                                      |   16|   0|   16|          0|
    |layer2_out_14_reg_465                                                                      |   16|   0|   16|          0|
    |layer2_out_15_reg_470                                                                      |   16|   0|   16|          0|
    |layer2_out_16_reg_475                                                                      |   16|   0|   16|          0|
    |layer2_out_17_reg_480                                                                      |   16|   0|   16|          0|
    |layer2_out_18_reg_485                                                                      |   16|   0|   16|          0|
    |layer2_out_19_reg_490                                                                      |   16|   0|   16|          0|
    |layer2_out_1_reg_400                                                                       |   16|   0|   16|          0|
    |layer2_out_20_reg_495                                                                      |   16|   0|   16|          0|
    |layer2_out_21_reg_500                                                                      |   16|   0|   16|          0|
    |layer2_out_22_reg_505                                                                      |   16|   0|   16|          0|
    |layer2_out_23_reg_510                                                                      |   16|   0|   16|          0|
    |layer2_out_24_reg_515                                                                      |   16|   0|   16|          0|
    |layer2_out_25_reg_520                                                                      |   16|   0|   16|          0|
    |layer2_out_26_reg_525                                                                      |   16|   0|   16|          0|
    |layer2_out_27_reg_530                                                                      |   16|   0|   16|          0|
    |layer2_out_28_reg_535                                                                      |   16|   0|   16|          0|
    |layer2_out_29_reg_540                                                                      |   16|   0|   16|          0|
    |layer2_out_2_reg_405                                                                       |   16|   0|   16|          0|
    |layer2_out_30_reg_545                                                                      |   16|   0|   16|          0|
    |layer2_out_31_reg_550                                                                      |   16|   0|   16|          0|
    |layer2_out_3_reg_410                                                                       |   16|   0|   16|          0|
    |layer2_out_4_reg_415                                                                       |   16|   0|   16|          0|
    |layer2_out_5_reg_420                                                                       |   16|   0|   16|          0|
    |layer2_out_6_reg_425                                                                       |   16|   0|   16|          0|
    |layer2_out_7_reg_430                                                                       |   16|   0|   16|          0|
    |layer2_out_8_reg_435                                                                       |   16|   0|   16|          0|
    |layer2_out_9_reg_440                                                                       |   16|   0|   16|          0|
    |layer2_out_reg_395                                                                         |   16|   0|   16|          0|
    |layer3_out_10_reg_605                                                                      |   16|   0|   16|          0|
    |layer3_out_11_reg_610                                                                      |   16|   0|   16|          0|
    |layer3_out_12_reg_615                                                                      |   16|   0|   16|          0|
    |layer3_out_13_reg_620                                                                      |   16|   0|   16|          0|
    |layer3_out_14_reg_625                                                                      |   16|   0|   16|          0|
    |layer3_out_15_reg_630                                                                      |   16|   0|   16|          0|
    |layer3_out_16_reg_635                                                                      |   16|   0|   16|          0|
    |layer3_out_17_reg_640                                                                      |   16|   0|   16|          0|
    |layer3_out_18_reg_645                                                                      |   16|   0|   16|          0|
    |layer3_out_19_reg_650                                                                      |   16|   0|   16|          0|
    |layer3_out_1_reg_560                                                                       |   16|   0|   16|          0|
    |layer3_out_20_reg_655                                                                      |   16|   0|   16|          0|
    |layer3_out_21_reg_660                                                                      |   16|   0|   16|          0|
    |layer3_out_22_reg_665                                                                      |   16|   0|   16|          0|
    |layer3_out_23_reg_670                                                                      |   16|   0|   16|          0|
    |layer3_out_24_reg_675                                                                      |   16|   0|   16|          0|
    |layer3_out_25_reg_680                                                                      |   16|   0|   16|          0|
    |layer3_out_26_reg_685                                                                      |   16|   0|   16|          0|
    |layer3_out_27_reg_690                                                                      |   16|   0|   16|          0|
    |layer3_out_28_reg_695                                                                      |   16|   0|   16|          0|
    |layer3_out_29_reg_700                                                                      |   16|   0|   16|          0|
    |layer3_out_2_reg_565                                                                       |   16|   0|   16|          0|
    |layer3_out_30_reg_705                                                                      |   16|   0|   16|          0|
    |layer3_out_31_reg_710                                                                      |   16|   0|   16|          0|
    |layer3_out_3_reg_570                                                                       |   16|   0|   16|          0|
    |layer3_out_4_reg_575                                                                       |   16|   0|   16|          0|
    |layer3_out_5_reg_580                                                                       |   16|   0|   16|          0|
    |layer3_out_6_reg_585                                                                       |   16|   0|   16|          0|
    |layer3_out_7_reg_590                                                                       |   16|   0|   16|          0|
    |layer3_out_8_reg_595                                                                       |   16|   0|   16|          0|
    |layer3_out_9_reg_600                                                                       |   16|   0|   16|          0|
    |layer3_out_reg_555                                                                         |   16|   0|   16|          0|
    |layer4_out_reg_715                                                                         |   16|   0|   16|          0|
    +-------------------------------------------------------------------------------------------+-----+----+-----+-----------+
    |Total                                                                                      | 1212|   0| 1212|          0|
    +-------------------------------------------------------------------------------------------+-----+----+-----+-----------+



================================================================
== Interface
================================================================
* Summary: 
+-------------------+-----+-----+------------+--------------+--------------+
|     RTL Ports     | Dir | Bits|  Protocol  | Source Object|    C Type    |
+-------------------+-----+-----+------------+--------------+--------------+
|ap_clk             |   in|    1|  ap_ctrl_hs|     myproject|  return value|
|ap_rst             |   in|    1|  ap_ctrl_hs|     myproject|  return value|
|ap_start           |   in|    1|  ap_ctrl_hs|     myproject|  return value|
|ap_done            |  out|    1|  ap_ctrl_hs|     myproject|  return value|
|ap_idle            |  out|    1|  ap_ctrl_hs|     myproject|  return value|
|ap_ready           |  out|    1|  ap_ctrl_hs|     myproject|  return value|
|input_1_ap_vld     |   in|    1|      ap_vld|       input_1|       pointer|
|input_1            |   in|  160|      ap_vld|       input_1|       pointer|
|layer5_out         |  out|   16|      ap_vld|    layer5_out|       pointer|
|layer5_out_ap_vld  |  out|    1|      ap_vld|    layer5_out|       pointer|
+-------------------+-----+-----+------------+--------------+--------------+

