Mon Sep 21 23:19:43 2026: Running xcd server. This server was built by gradle.
Mon Sep 21 23:19:43 2026: Server was asked to start on port: '43593'
Mon Sep 21 23:19:43 2026: Server is using token UUID: '58c80b14-0d3d-4ed9-a648-6da00ea15811'
Mon Sep 21 23:19:43 2026: SESSION_MGR: creating session with session uuid: '6d04a3e9-ade5-4ab9-8d63-1f78fcd2ec76' and name 'default'
Mon Sep 21 23:19:43 2026: Attempting to start server on port '43593'
Mon Sep 21 23:19:43 2026: XCD main fifo: created main fifo '/tmp/xcdmain58c80b14-0d3d-4ed9-a648-6da00ea15811', fd read = 13
Mon Sep 21 23:19:43 2026: Running Dispatch Server
Mon Sep 21 23:19:43 2026: Version 2.2.0
Mon Sep 21 23:19:50 2026: Dispatch Server: Accepted socket connection from client
Mon Sep 21 23:19:50 2026: Starting Socket connection
Mon Sep 21 23:19:50 2026: EXCHANGE_TOKEN received, server token: 58c80b14-0d3d-4ed9-a648-6da00ea15811, passed token: 58c80b14-0d3d-4ed9-a648-6da00ea15811
Mon Sep 21 23:19:51 2026: DISPATCH_HANDLER: Adding handler from function makeHandler in library libxv_system_diagram
Mon Sep 21 23:19:51 2026: SESSION_MGR: creating session with session uuid: '0df81e7b-15de-43f3-8cb2-43b227e6649c' and name 'vitis-run_compile_hls'
Mon Sep 21 23:19:51 2026: KERNEL_SVC: creating session with uuid: '0df81e7b-15de-43f3-8cb2-43b227e6649c' and name 'vitis-run_compile_hls'
Mon Sep 21 23:19:51 2026: GUIDANCE_SMGR: creating guidance session with uuid: '0df81e7b-15de-43f3-8cb2-43b227e6649c' and name 'vitis-run_compile_hls'
Mon Sep 21 23:19:51 2026: SYSTEM_DIAGRAM: creating session with uuid: '0df81e7b-15de-43f3-8cb2-43b227e6649c' and name 'vitis-run_compile_hls'
Mon Sep 21 23:20:49 2026: Dispatch Server: Accepted socket connection from client
Mon Sep 21 23:20:49 2026: Starting Socket connection
Mon Sep 21 23:22:15 2026: SESSION_MGR: closing session for UUID '0df81e7b-15de-43f3-8cb2-43b227e6649c' with name 'vitis-run_compile_hls'
Mon Sep 21 23:22:15 2026: KERNEL_SVC: closing session for UUID '0df81e7b-15de-43f3-8cb2-43b227e6649c' with name 'vitis-run_compile_hls'
Mon Sep 21 23:22:15 2026: GUIDANCE_SMGR: closing session for UUID '0df81e7b-15de-43f3-8cb2-43b227e6649c' with name 'vitis-run_compile_hls'
Mon Sep 21 23:22:15 2026: SYSTEM_DIAGRAM: closing session for UUID '0df81e7b-15de-43f3-8cb2-43b227e6649c' with name 'vitis-run_compile_hls'
Mon Sep 21 23:22:15 2026: STOP_SERVER received, server token: 58c80b14-0d3d-4ed9-a648-6da00ea15811, passed token: 58c80b14-0d3d-4ed9-a648-6da00ea15811
Mon Sep 21 23:22:15 2026: Socket received request to stop server.
Mon Sep 21 23:22:15 2026: Dispatch Server: do_await_stop
Mon Sep 21 23:22:15 2026: Dispatch Server: stopping mainFifo_
Mon Sep 21 23:22:15 2026: XCD main fifo: Stopping
Mon Sep 21 23:22:15 2026: XCD main fifo: do_read error code: Operation canceled
Mon Sep 21 23:22:15 2026: XCD main fifo: bytes_transferred: 0
Mon Sep 21 23:22:15 2026: SERVER: destructor for server bound to port 43593
Mon Sep 21 23:22:15 2026: XCD main fifo: Good unlink of /tmp/xcdmain58c80b14-0d3d-4ed9-a648-6da00ea15811
Mon Sep 21 23:22:15 2026: Server exiting with status 0.
Mon Sep 21 23:22:15 2026: Closing log file.
