warning: ignoring debug info with an invalid version (0) in 
Analyzing project...
Waiting for bitcode to be generated...
Generating support code...
Linking bitcode...
Compiling bitcode...
Linking testbench...
Running testbench...
Parsing schedule data from C synthesis...
Resolving dynamic schedule from trace...
Saved trace to pickle file.
Running heuristic optimization for level: 0.01...
Running heuristic optimization for level: 0.05...
Running heuristic optimization for level: 0.1...
Running heuristic optimization for level: 0.2...
Running heuristic optimization for level: 0.5...
Running heuristic optimization for level: 1.0...
real 16.93
user 26.05
sys 1.55
FIFOAdvisor batch-normalization cold status: 0
