DEBUG conda.gateways.logging:set_log_level(234): log_level set to 10
DEBUG conda.base.context:root_writable(696): [Errno 13] Permission denied: '/opt/conda/conda-meta/history'
DEBUG conda.gateways.subprocess:subprocess_call(97): executing>> /usr/bin/bash /tmp/tmpwx1aqpu0
[22:27:25] [INFO] LightningSim: Analyzing project...
warning: ignoring debug info with an invalid version (0) in 
[22:27:25] [INFO] LightningSim: Compiling project...
[22:27:51] [INFO] LightningSim: Running testbench...
[22:27:52] [INFO] LightningSim: Parsing schedule...
[22:27:52] [INFO] LightningSim: Resolving schedule from trace...
Intermediate objects are being written to /tmp/lightningsim.bf43ywhj
Build artifacts are being written to /tmp/lightningsim.u4tc_omi
Traceback (most recent call last):
  File "/nethome/dkulkarni47/.conda/envs/fifo-advisor/bin/lightningsim", line 11, in <module>
    sys.exit(main())
             ^^^^^^
  File "/nethome/dkulkarni47/.conda/envs/fifo-advisor/lib/python3.12/site-packages/lightningsim/main.py", line 540, in main
    return run(run_simple(solution_dir, debug=args.debug))
           ^^^^^^^^^^^^^^^^^^^^^^^^^^^^^^^^^^^^^^^^^^^^^^^
  File "/nethome/dkulkarni47/.conda/envs/fifo-advisor/lib/python3.12/asyncio/runners.py", line 195, in run
    return runner.run(main)
           ^^^^^^^^^^^^^^^^
  File "/nethome/dkulkarni47/.conda/envs/fifo-advisor/lib/python3.12/asyncio/runners.py", line 118, in run
    return self._loop.run_until_complete(task)
           ^^^^^^^^^^^^^^^^^^^^^^^^^^^^^^^^^^^
  File "/nethome/dkulkarni47/.conda/envs/fifo-advisor/lib/python3.12/asyncio/base_events.py", line 691, in run_until_complete
    return future.result()
           ^^^^^^^^^^^^^^^
  File "/nethome/dkulkarni47/.conda/envs/fifo-advisor/lib/python3.12/site-packages/lightningsim/main.py", line 441, in run_simple
    trace = await runner.run()
            ^^^^^^^^^^^^^^^^^^
  File "/nethome/dkulkarni47/.conda/envs/fifo-advisor/lib/python3.12/site-packages/lightningsim/runner.py", line 642, in run
    trace = await resolve_trace(trace, progress_callback=step.set_progress)
            ^^^^^^^^^^^^^^^^^^^^^^^^^^^^^^^^^^^^^^^^^^^^^^^^^^^^^^^^^^^^^^^
  File "/nethome/dkulkarni47/.conda/envs/fifo-advisor/lib/python3.12/site-packages/lightningsim/trace_file.py", line 671, in resolve_trace
    raise ValueError("kernel did not run. Did the testbench call it?")
ValueError: kernel did not run. Did the testbench call it?
ERROR conda.cli.main_run:execute(125): `conda run lightningsim --debug --cli /nethome/dkulkarni47/LightningSimHLS4MLintegration/examples/fifo_benchmark_vitis2024/dense_stream/default/myproject_prj/solution1` failed. (See above for error)
LightningSim exit status: 1
