

================================================================
== Vitis HLS Report for 'myproject'
================================================================
* Date:           Mon Sep 21 18:27:45 2026

* Version:        2025.2.1 (Build 6397637 on Mar 18 2026)
* Project:        myproject_prj
* Solution:       solution1 (Vivado IP Flow Target)
* Product family: zynq
* Target device:  xc7z020-clg400-1


================================================================
== Performance Estimates
================================================================
+ Timing: 
    * Summary: 
    +--------+---------+----------+------------+
    |  Clock |  Target | Estimated| Uncertainty|
    +--------+---------+----------+------------+
    |ap_clk  |  5.00 ns|  3.853 ns|     1.35 ns|
    +--------+---------+----------+------------+

+ Latency: 
    * Summary: 
    +---------+---------+----------+----------+------+------+----------+
    |  Latency (cycles) |  Latency (absolute) |   Interval  | Pipeline |
    |   min   |   max   |    min   |    max   |  min |  max |   Type   |
    +---------+---------+----------+----------+------+------+----------+
    |     1155|     1155|  5.775 us|  5.775 us|  1107|  1107|  dataflow|
    +---------+---------+----------+----------+------+------+----------+

    + Detail: 
        * Instance: 
        +---------------------------------------------------------------------------------+----------------------------------------------------------------------+---------+---------+-----------+-----------+------+------+---------+
        |                                                                                 |                                                                      |  Latency (cycles) |   Latency (absolute)  |   Interval  | Pipeline|
        |                                     Instance                                    |                                Module                                |   min   |   max   |    min    |    max    |  min |  max |   Type  |
        +---------------------------------------------------------------------------------+----------------------------------------------------------------------+---------+---------+-----------+-----------+------+------+---------+
        |grp_dense_array_ap_fixed_16u_array_ap_fixed_37_17_5_3_0_64u_config2_s_fu_94      |dense_array_ap_fixed_16u_array_ap_fixed_37_17_5_3_0_64u_config2_s     |        8|        8|  40.000 ns|  40.000 ns|     8|     8|       no|
        |grp_relu_array_ap_fixed_64u_array_ap_fixed_16_6_5_3_0_64u_relu_config3_s_fu_101  |relu_array_ap_fixed_64u_array_ap_fixed_16_6_5_3_0_64u_relu_config3_s  |        2|        2|  10.000 ns|  10.000 ns|     2|     2|       no|
        |grp_dense_array_ap_fixed_64u_array_ap_fixed_39_19_5_3_0_32u_config4_s_fu_107     |dense_array_ap_fixed_64u_array_ap_fixed_39_19_5_3_0_32u_config4_s     |       10|       10|  50.000 ns|  50.000 ns|    10|    10|       no|
        |grp_relu_array_ap_fixed_32u_array_ap_fixed_16_6_5_3_0_32u_relu_config5_s_fu_113  |relu_array_ap_fixed_32u_array_ap_fixed_16_6_5_3_0_32u_relu_config5_s  |        2|        2|  10.000 ns|  10.000 ns|     2|     2|       no|
        |grp_dense_array_ap_fixed_32u_array_ap_fixed_38_18_5_3_0_32u_config6_s_fu_119     |dense_array_ap_fixed_32u_array_ap_fixed_38_18_5_3_0_32u_config6_s     |        9|        9|  45.000 ns|  45.000 ns|     9|     9|       no|
        |grp_relu_array_ap_fixed_32u_array_ap_fixed_16_6_5_3_0_32u_relu_config7_s_fu_125  |relu_array_ap_fixed_32u_array_ap_fixed_16_6_5_3_0_32u_relu_config7_s  |        2|        2|  10.000 ns|  10.000 ns|     2|     2|       no|
        |grp_dense_array_ap_fixed_32u_array_ap_fixed_38_18_5_3_0_5u_config8_s_fu_131      |dense_array_ap_fixed_32u_array_ap_fixed_38_18_5_3_0_5u_config8_s      |        9|        9|  45.000 ns|  45.000 ns|     9|     9|       no|
        |grp_softmax_array_array_ap_fixed_16_6_5_3_0_5u_softmax_config9_s_fu_137          |softmax_array_array_ap_fixed_16_6_5_3_0_5u_softmax_config9_s          |     1106|     1106|   5.530 us|   5.530 us|  1106|  1106|       no|
        +---------------------------------------------------------------------------------+----------------------------------------------------------------------+---------+---------+-----------+-----------+------+------+---------+

        * Loop: 
        N/A

============================================================
+ Verbose Summary: Synthesis Manager
============================================================
InlineROM: 1
ExposeGlobal: 0
============================================================
+ Verbose Summary: CDFG Model
============================================================
IsTopModel: 1
ResetActiveHigh: 1
IsCombinational: 2
IsDatapathOnly: 0
HasWiredReturn: 1
HasMFsm: 0
HasVarLatency: 1
IsPipeline: 0
IsRtlPipelined: 0
IsInstanceOverlapped: 0
IsDontTouch: 0
HasImplIP: 0
IsGatedGlobalClock: 0


============================================================
+ Verbose Summary: Schedule
============================================================
* Number of FSM states : 18
* Pipeline : 0
* Dataflow Pipeline: 1
  DF-Pipeline-0: Size = 18, States = { 1 2 3 4 5 6 7 8 9 10 11 12 13 14 15 16 17 18 }

* FSM state transitions: 
1 --> 2 
2 --> 3 
3 --> 4 
4 --> 5 
5 --> 6 
6 --> 7 
7 --> 8 
8 --> 9 
9 --> 10 
10 --> 11 
11 --> 12 
12 --> 13 
13 --> 14 
14 --> 15 
15 --> 16 
16 --> 17 
17 --> 18 
18 --> 

* FSM state operations: 

State 1 <SV = 0> <Delay = 0.00>
ST_1 : Operation 19 [1/1] (0.00ns)   --->   "%layer2_out = alloca i64 1" [firmware/myproject.cpp:36]   --->   Operation 19 'alloca' 'layer2_out' <Predicate = true> <Delay = 0.00> <CoreInst = "FIFO_SRL">   --->   Core 80 'FIFO_SRL' <Latency = 0> <II = 1> <Delay = 3.63> <Storage> <Opcode : 'read' 'write' 'nbread' 'nbwrite'> <Ports = 0> <Width = 2368> <Depth = 1> <FIFO>
ST_1 : Operation 20 [1/1] (0.00ns)   --->   "%layer3_out = alloca i64 1" [firmware/myproject.cpp:39]   --->   Operation 20 'alloca' 'layer3_out' <Predicate = true> <Delay = 0.00> <CoreInst = "FIFO_SRL">   --->   Core 80 'FIFO_SRL' <Latency = 0> <II = 1> <Delay = 3.63> <Storage> <Opcode : 'read' 'write' 'nbread' 'nbwrite'> <Ports = 0> <Width = 1024> <Depth = 1> <FIFO>
ST_1 : Operation 21 [1/1] (0.00ns)   --->   "%layer4_out = alloca i64 1" [firmware/myproject.cpp:42]   --->   Operation 21 'alloca' 'layer4_out' <Predicate = true> <Delay = 0.00> <CoreInst = "FIFO_SRL">   --->   Core 80 'FIFO_SRL' <Latency = 0> <II = 1> <Delay = 3.63> <Storage> <Opcode : 'read' 'write' 'nbread' 'nbwrite'> <Ports = 0> <Width = 1248> <Depth = 1> <FIFO>
ST_1 : Operation 22 [1/1] (0.00ns)   --->   "%layer5_out = alloca i64 1" [firmware/myproject.cpp:45]   --->   Operation 22 'alloca' 'layer5_out' <Predicate = true> <Delay = 0.00> <CoreInst = "FIFO_SRL">   --->   Core 80 'FIFO_SRL' <Latency = 0> <II = 1> <Delay = 3.63> <Storage> <Opcode : 'read' 'write' 'nbread' 'nbwrite'> <Ports = 0> <Width = 512> <Depth = 1> <FIFO>
ST_1 : Operation 23 [1/1] (0.00ns)   --->   "%layer6_out = alloca i64 1" [firmware/myproject.cpp:48]   --->   Operation 23 'alloca' 'layer6_out' <Predicate = true> <Delay = 0.00> <CoreInst = "FIFO_SRL">   --->   Core 80 'FIFO_SRL' <Latency = 0> <II = 1> <Delay = 3.63> <Storage> <Opcode : 'read' 'write' 'nbread' 'nbwrite'> <Ports = 0> <Width = 1216> <Depth = 1> <FIFO>
ST_1 : Operation 24 [1/1] (0.00ns)   --->   "%layer7_out = alloca i64 1" [firmware/myproject.cpp:51]   --->   Operation 24 'alloca' 'layer7_out' <Predicate = true> <Delay = 0.00> <CoreInst = "FIFO_SRL">   --->   Core 80 'FIFO_SRL' <Latency = 0> <II = 1> <Delay = 3.63> <Storage> <Opcode : 'read' 'write' 'nbread' 'nbwrite'> <Ports = 0> <Width = 512> <Depth = 1> <FIFO>
ST_1 : Operation 25 [1/1] (0.00ns)   --->   "%layer8_out = alloca i64 1" [firmware/myproject.cpp:54]   --->   Operation 25 'alloca' 'layer8_out' <Predicate = true> <Delay = 0.00> <CoreInst = "FIFO_SRL">   --->   Core 80 'FIFO_SRL' <Latency = 0> <II = 1> <Delay = 3.63> <Storage> <Opcode : 'read' 'write' 'nbread' 'nbwrite'> <Ports = 0> <Width = 190> <Depth = 1> <FIFO>

State 2 <SV = 1> <Delay = 0.00>
ST_2 : Operation 26 [2/2] (0.00ns)   --->   "%call_ln57 = call void @dense<array<ap_fixed,16u>,array<ap_fixed<37,17,5,3,0>,64u>,config2>, i256 %model_input, i2368 %layer2_out" [firmware/myproject.cpp:57]   --->   Operation 26 'call' 'call_ln57' <Predicate = true> <Delay = 0.00> <CoreType = "Generic">   --->   Generic Core

State 3 <SV = 2> <Delay = 0.00>
ST_3 : Operation 27 [1/2] (0.00ns)   --->   "%call_ln57 = call void @dense<array<ap_fixed,16u>,array<ap_fixed<37,17,5,3,0>,64u>,config2>, i256 %model_input, i2368 %layer2_out" [firmware/myproject.cpp:57]   --->   Operation 27 'call' 'call_ln57' <Predicate = true> <Delay = 0.00> <CoreType = "Generic">   --->   Generic Core

State 4 <SV = 3> <Delay = 0.00>
ST_4 : Operation 28 [2/2] (0.00ns)   --->   "%call_ln59 = call void @relu<array<ap_fixed,64u>,array<ap_fixed<16,6,5,3,0>,64u>,relu_config3>, i2368 %layer2_out, i1024 %layer3_out" [firmware/myproject.cpp:59]   --->   Operation 28 'call' 'call_ln59' <Predicate = true> <Delay = 0.00> <CoreType = "Generic">   --->   Generic Core

State 5 <SV = 4> <Delay = 0.00>
ST_5 : Operation 29 [1/2] (0.00ns)   --->   "%call_ln59 = call void @relu<array<ap_fixed,64u>,array<ap_fixed<16,6,5,3,0>,64u>,relu_config3>, i2368 %layer2_out, i1024 %layer3_out" [firmware/myproject.cpp:59]   --->   Operation 29 'call' 'call_ln59' <Predicate = true> <Delay = 0.00> <CoreType = "Generic">   --->   Generic Core

State 6 <SV = 5> <Delay = 0.00>
ST_6 : Operation 30 [2/2] (0.00ns)   --->   "%call_ln61 = call void @dense<array<ap_fixed,64u>,array<ap_fixed<39,19,5,3,0>,32u>,config4>, i1024 %layer3_out, i1248 %layer4_out" [firmware/myproject.cpp:61]   --->   Operation 30 'call' 'call_ln61' <Predicate = true> <Delay = 0.00> <CoreType = "Generic">   --->   Generic Core

State 7 <SV = 6> <Delay = 0.00>
ST_7 : Operation 31 [1/2] (0.00ns)   --->   "%call_ln61 = call void @dense<array<ap_fixed,64u>,array<ap_fixed<39,19,5,3,0>,32u>,config4>, i1024 %layer3_out, i1248 %layer4_out" [firmware/myproject.cpp:61]   --->   Operation 31 'call' 'call_ln61' <Predicate = true> <Delay = 0.00> <CoreType = "Generic">   --->   Generic Core

State 8 <SV = 7> <Delay = 0.00>
ST_8 : Operation 32 [2/2] (0.00ns)   --->   "%call_ln63 = call void @relu<array<ap_fixed,32u>,array<ap_fixed<16,6,5,3,0>,32u>,relu_config5>, i1248 %layer4_out, i512 %layer5_out" [firmware/myproject.cpp:63]   --->   Operation 32 'call' 'call_ln63' <Predicate = true> <Delay = 0.00> <CoreType = "Generic">   --->   Generic Core

State 9 <SV = 8> <Delay = 0.00>
ST_9 : Operation 33 [1/2] (0.00ns)   --->   "%call_ln63 = call void @relu<array<ap_fixed,32u>,array<ap_fixed<16,6,5,3,0>,32u>,relu_config5>, i1248 %layer4_out, i512 %layer5_out" [firmware/myproject.cpp:63]   --->   Operation 33 'call' 'call_ln63' <Predicate = true> <Delay = 0.00> <CoreType = "Generic">   --->   Generic Core

State 10 <SV = 9> <Delay = 0.00>
ST_10 : Operation 34 [2/2] (0.00ns)   --->   "%call_ln65 = call void @dense<array<ap_fixed,32u>,array<ap_fixed<38,18,5,3,0>,32u>,config6>, i512 %layer5_out, i1216 %layer6_out" [firmware/myproject.cpp:65]   --->   Operation 34 'call' 'call_ln65' <Predicate = true> <Delay = 0.00> <CoreType = "Generic">   --->   Generic Core

State 11 <SV = 10> <Delay = 0.00>
ST_11 : Operation 35 [1/2] (0.00ns)   --->   "%call_ln65 = call void @dense<array<ap_fixed,32u>,array<ap_fixed<38,18,5,3,0>,32u>,config6>, i512 %layer5_out, i1216 %layer6_out" [firmware/myproject.cpp:65]   --->   Operation 35 'call' 'call_ln65' <Predicate = true> <Delay = 0.00> <CoreType = "Generic">   --->   Generic Core

State 12 <SV = 11> <Delay = 0.00>
ST_12 : Operation 36 [2/2] (0.00ns)   --->   "%call_ln67 = call void @relu<array<ap_fixed,32u>,array<ap_fixed<16,6,5,3,0>,32u>,relu_config7>, i1216 %layer6_out, i512 %layer7_out" [firmware/myproject.cpp:67]   --->   Operation 36 'call' 'call_ln67' <Predicate = true> <Delay = 0.00> <CoreType = "Generic">   --->   Generic Core

State 13 <SV = 12> <Delay = 0.00>
ST_13 : Operation 37 [1/2] (0.00ns)   --->   "%call_ln67 = call void @relu<array<ap_fixed,32u>,array<ap_fixed<16,6,5,3,0>,32u>,relu_config7>, i1216 %layer6_out, i512 %layer7_out" [firmware/myproject.cpp:67]   --->   Operation 37 'call' 'call_ln67' <Predicate = true> <Delay = 0.00> <CoreType = "Generic">   --->   Generic Core

State 14 <SV = 13> <Delay = 0.00>
ST_14 : Operation 38 [2/2] (0.00ns)   --->   "%call_ln69 = call void @dense<array<ap_fixed,32u>,array<ap_fixed<38,18,5,3,0>,5u>,config8>, i512 %layer7_out, i190 %layer8_out" [firmware/myproject.cpp:69]   --->   Operation 38 'call' 'call_ln69' <Predicate = true> <Delay = 0.00> <CoreType = "Generic">   --->   Generic Core

State 15 <SV = 14> <Delay = 0.00>
ST_15 : Operation 39 [1/2] (0.00ns)   --->   "%call_ln69 = call void @dense<array<ap_fixed,32u>,array<ap_fixed<38,18,5,3,0>,5u>,config8>, i512 %layer7_out, i190 %layer8_out" [firmware/myproject.cpp:69]   --->   Operation 39 'call' 'call_ln69' <Predicate = true> <Delay = 0.00> <CoreType = "Generic">   --->   Generic Core

State 16 <SV = 15> <Delay = 0.00>
ST_16 : Operation 40 [2/2] (0.00ns)   --->   "%call_ln71 = call void @softmax<array,array<ap_fixed<16,6,5,3,0>,5u>,softmax_config9>, i190 %layer8_out, i80 %layer9_out, i18 %invert_table" [firmware/myproject.cpp:71]   --->   Operation 40 'call' 'call_ln71' <Predicate = true> <Delay = 0.00> <CoreType = "Generic">   --->   Generic Core

State 17 <SV = 16> <Delay = 0.00>
ST_17 : Operation 41 [1/2] (0.00ns)   --->   "%call_ln71 = call void @softmax<array,array<ap_fixed<16,6,5,3,0>,5u>,softmax_config9>, i190 %layer8_out, i80 %layer9_out, i18 %invert_table" [firmware/myproject.cpp:71]   --->   Operation 41 'call' 'call_ln71' <Predicate = true> <Delay = 0.00> <CoreType = "Generic">   --->   Generic Core

State 18 <SV = 17> <Delay = 0.00>
ST_18 : Operation 42 [1/1] (0.00ns)   --->   "%specdataflowpipeline_ln14 = specdataflowpipeline void @_ssdm_op_SpecDataflowPipeline, i32 4294967295, i32 0, void @empty_0" [firmware/myproject.cpp:14]   --->   Operation 42 'specdataflowpipeline' 'specdataflowpipeline_ln14' <Predicate = true> <Delay = 0.00>
ST_18 : Operation 43 [1/1] (0.00ns)   --->   "%spectopmodule_ln7 = spectopmodule void @_ssdm_op_SpecTopModule, void @empty_2" [firmware/myproject.cpp:7]   --->   Operation 43 'spectopmodule' 'spectopmodule_ln7' <Predicate = true> <Delay = 0.00>
ST_18 : Operation 44 [1/1] (0.00ns)   --->   "%specinterface_ln0 = specinterface void @_ssdm_op_SpecInterface, i256 %model_input, void @empty_9, i32 1, i32 1, void @empty_10, i32 0, i32 0, void @empty_0, void @empty_0, void @empty_0, i32 0, i32 0, i32 0, i32 0, void @empty_0, void @empty_0, i32 4294967295, i32 0, i32 0, i32 0"   --->   Operation 44 'specinterface' 'specinterface_ln0' <Predicate = true> <Delay = 0.00>
ST_18 : Operation 45 [1/1] (0.00ns)   --->   "%specbitsmap_ln0 = specbitsmap void @_ssdm_op_SpecBitsMap, i256 %model_input"   --->   Operation 45 'specbitsmap' 'specbitsmap_ln0' <Predicate = true> <Delay = 0.00>
ST_18 : Operation 46 [1/1] (0.00ns)   --->   "%specinterface_ln0 = specinterface void @_ssdm_op_SpecInterface, i80 %layer9_out, void @empty_9, i32 1, i32 1, void @empty_10, i32 0, i32 0, void @empty_0, void @empty_0, void @empty_0, i32 0, i32 0, i32 0, i32 0, void @empty_0, void @empty_0, i32 4294967295, i32 0, i32 0, i32 0"   --->   Operation 46 'specinterface' 'specinterface_ln0' <Predicate = true> <Delay = 0.00>
ST_18 : Operation 47 [1/1] (0.00ns)   --->   "%specbitsmap_ln0 = specbitsmap void @_ssdm_op_SpecBitsMap, i80 %layer9_out"   --->   Operation 47 'specbitsmap' 'specbitsmap_ln0' <Predicate = true> <Delay = 0.00>
ST_18 : Operation 48 [1/1] (0.00ns)   --->   "%empty = specchannel i32 @_ssdm_op_SpecChannel, void @layer2_out_str, i32 1, void @p_str, void @p_str, i32 1, i32 1, i2368 %layer2_out, i2368 %layer2_out"   --->   Operation 48 'specchannel' 'empty' <Predicate = true> <Delay = 0.00>
ST_18 : Operation 49 [1/1] (0.00ns)   --->   "%specinterface_ln0 = specinterface void @_ssdm_op_SpecInterface, i2368 %layer2_out, void @empty_11, i32 0, i32 0, void @empty_0, i32 0, i32 0, void @empty_0, void @empty_0, void @empty_0, i32 0, i32 0, i32 0, i32 0, void @empty_0, void @empty_0, i32 4294967295, i32 0, i32 0, i32 0"   --->   Operation 49 'specinterface' 'specinterface_ln0' <Predicate = true> <Delay = 0.00>
ST_18 : Operation 50 [1/1] (0.00ns)   --->   "%empty_69 = specchannel i32 @_ssdm_op_SpecChannel, void @layer3_out_str, i32 1, void @p_str, void @p_str, i32 1, i32 1, i1024 %layer3_out, i1024 %layer3_out"   --->   Operation 50 'specchannel' 'empty_69' <Predicate = true> <Delay = 0.00>
ST_18 : Operation 51 [1/1] (0.00ns)   --->   "%specinterface_ln0 = specinterface void @_ssdm_op_SpecInterface, i1024 %layer3_out, void @empty_11, i32 0, i32 0, void @empty_0, i32 0, i32 0, void @empty_0, void @empty_0, void @empty_0, i32 0, i32 0, i32 0, i32 0, void @empty_0, void @empty_0, i32 4294967295, i32 0, i32 0, i32 0"   --->   Operation 51 'specinterface' 'specinterface_ln0' <Predicate = true> <Delay = 0.00>
ST_18 : Operation 52 [1/1] (0.00ns)   --->   "%empty_70 = specchannel i32 @_ssdm_op_SpecChannel, void @layer4_out_str, i32 1, void @p_str, void @p_str, i32 1, i32 1, i1248 %layer4_out, i1248 %layer4_out"   --->   Operation 52 'specchannel' 'empty_70' <Predicate = true> <Delay = 0.00>
ST_18 : Operation 53 [1/1] (0.00ns)   --->   "%specinterface_ln0 = specinterface void @_ssdm_op_SpecInterface, i1248 %layer4_out, void @empty_11, i32 0, i32 0, void @empty_0, i32 0, i32 0, void @empty_0, void @empty_0, void @empty_0, i32 0, i32 0, i32 0, i32 0, void @empty_0, void @empty_0, i32 4294967295, i32 0, i32 0, i32 0"   --->   Operation 53 'specinterface' 'specinterface_ln0' <Predicate = true> <Delay = 0.00>
ST_18 : Operation 54 [1/1] (0.00ns)   --->   "%empty_71 = specchannel i32 @_ssdm_op_SpecChannel, void @layer5_out_str, i32 1, void @p_str, void @p_str, i32 1, i32 1, i512 %layer5_out, i512 %layer5_out"   --->   Operation 54 'specchannel' 'empty_71' <Predicate = true> <Delay = 0.00>
ST_18 : Operation 55 [1/1] (0.00ns)   --->   "%specinterface_ln0 = specinterface void @_ssdm_op_SpecInterface, i512 %layer5_out, void @empty_11, i32 0, i32 0, void @empty_0, i32 0, i32 0, void @empty_0, void @empty_0, void @empty_0, i32 0, i32 0, i32 0, i32 0, void @empty_0, void @empty_0, i32 4294967295, i32 0, i32 0, i32 0"   --->   Operation 55 'specinterface' 'specinterface_ln0' <Predicate = true> <Delay = 0.00>
ST_18 : Operation 56 [1/1] (0.00ns)   --->   "%empty_72 = specchannel i32 @_ssdm_op_SpecChannel, void @layer6_out_str, i32 1, void @p_str, void @p_str, i32 1, i32 1, i1216 %layer6_out, i1216 %layer6_out"   --->   Operation 56 'specchannel' 'empty_72' <Predicate = true> <Delay = 0.00>
ST_18 : Operation 57 [1/1] (0.00ns)   --->   "%specinterface_ln0 = specinterface void @_ssdm_op_SpecInterface, i1216 %layer6_out, void @empty_11, i32 0, i32 0, void @empty_0, i32 0, i32 0, void @empty_0, void @empty_0, void @empty_0, i32 0, i32 0, i32 0, i32 0, void @empty_0, void @empty_0, i32 4294967295, i32 0, i32 0, i32 0"   --->   Operation 57 'specinterface' 'specinterface_ln0' <Predicate = true> <Delay = 0.00>
ST_18 : Operation 58 [1/1] (0.00ns)   --->   "%empty_73 = specchannel i32 @_ssdm_op_SpecChannel, void @layer7_out_str, i32 1, void @p_str, void @p_str, i32 1, i32 1, i512 %layer7_out, i512 %layer7_out"   --->   Operation 58 'specchannel' 'empty_73' <Predicate = true> <Delay = 0.00>
ST_18 : Operation 59 [1/1] (0.00ns)   --->   "%specinterface_ln0 = specinterface void @_ssdm_op_SpecInterface, i512 %layer7_out, void @empty_11, i32 0, i32 0, void @empty_0, i32 0, i32 0, void @empty_0, void @empty_0, void @empty_0, i32 0, i32 0, i32 0, i32 0, void @empty_0, void @empty_0, i32 4294967295, i32 0, i32 0, i32 0"   --->   Operation 59 'specinterface' 'specinterface_ln0' <Predicate = true> <Delay = 0.00>
ST_18 : Operation 60 [1/1] (0.00ns)   --->   "%empty_74 = specchannel i32 @_ssdm_op_SpecChannel, void @layer8_out_str, i32 1, void @p_str, void @p_str, i32 1, i32 1, i190 %layer8_out, i190 %layer8_out"   --->   Operation 60 'specchannel' 'empty_74' <Predicate = true> <Delay = 0.00>
ST_18 : Operation 61 [1/1] (0.00ns)   --->   "%specinterface_ln0 = specinterface void @_ssdm_op_SpecInterface, i190 %layer8_out, void @empty_11, i32 0, i32 0, void @empty_0, i32 0, i32 0, void @empty_0, void @empty_0, void @empty_0, i32 0, i32 0, i32 0, i32 0, void @empty_0, void @empty_0, i32 4294967295, i32 0, i32 0, i32 0"   --->   Operation 61 'specinterface' 'specinterface_ln0' <Predicate = true> <Delay = 0.00>
ST_18 : Operation 62 [1/1] (0.00ns)   --->   "%ret_ln73 = ret" [firmware/myproject.cpp:73]   --->   Operation 62 'ret' 'ret_ln73' <Predicate = true> <Delay = 0.00>


============================================================
+ Verbose Summary: Binding
============================================================
STG Binding: 
---------------- STG Properties BEGIN ----------------
- Is combinational: 0
- Is one-state seq: 0
- Is datapath-only: 0
- Is pipelined: 0
- Is top level: 1
Port [ Return ] is wired: 1; IO mode=ap_ctrl_hs:ce=0
Port [ model_input]:  wired=1; compound=1; hidden=0; nouse=0; global=0; static=0; extern=0; dir=0; type=0; pingpong=0; private_global=0; IO mode=axis:ce=0
Port [ layer9_out]:  wired=1; compound=1; hidden=0; nouse=0; global=0; static=0; extern=0; dir=1; type=0; pingpong=0; private_global=0; IO mode=axis:ce=0
Port [ invert_table]:  wired=0; compound=1; hidden=1; nouse=1; global=1; static=1; extern=0; dir=0; type=1; pingpong=0; private_global=0; MemPort=[1]; IO mode=ap_memory:ce=0
---------------- STG Properties END ------------------

---------------- Datapath Model BEGIN ----------------

<LifeTime>
<method=bitvector/>
layer2_out                (alloca              ) [ 0011111111111111111]
layer3_out                (alloca              ) [ 0011111111111111111]
layer4_out                (alloca              ) [ 0011111111111111111]
layer5_out                (alloca              ) [ 0011111111111111111]
layer6_out                (alloca              ) [ 0011111111111111111]
layer7_out                (alloca              ) [ 0011111111111111111]
layer8_out                (alloca              ) [ 0011111111111111111]
call_ln57                 (call                ) [ 0000000000000000000]
call_ln59                 (call                ) [ 0000000000000000000]
call_ln61                 (call                ) [ 0000000000000000000]
call_ln63                 (call                ) [ 0000000000000000000]
call_ln65                 (call                ) [ 0000000000000000000]
call_ln67                 (call                ) [ 0000000000000000000]
call_ln69                 (call                ) [ 0000000000000000000]
call_ln71                 (call                ) [ 0000000000000000000]
specdataflowpipeline_ln14 (specdataflowpipeline) [ 0000000000000000000]
spectopmodule_ln7         (spectopmodule       ) [ 0000000000000000000]
specinterface_ln0         (specinterface       ) [ 0000000000000000000]
specbitsmap_ln0           (specbitsmap         ) [ 0000000000000000000]
specinterface_ln0         (specinterface       ) [ 0000000000000000000]
specbitsmap_ln0           (specbitsmap         ) [ 0000000000000000000]
empty                     (specchannel         ) [ 0000000000000000000]
specinterface_ln0         (specinterface       ) [ 0000000000000000000]
empty_69                  (specchannel         ) [ 0000000000000000000]
specinterface_ln0         (specinterface       ) [ 0000000000000000000]
empty_70                  (specchannel         ) [ 0000000000000000000]
specinterface_ln0         (specinterface       ) [ 0000000000000000000]
empty_71                  (specchannel         ) [ 0000000000000000000]
specinterface_ln0         (specinterface       ) [ 0000000000000000000]
empty_72                  (specchannel         ) [ 0000000000000000000]
specinterface_ln0         (specinterface       ) [ 0000000000000000000]
empty_73                  (specchannel         ) [ 0000000000000000000]
specinterface_ln0         (specinterface       ) [ 0000000000000000000]
empty_74                  (specchannel         ) [ 0000000000000000000]
specinterface_ln0         (specinterface       ) [ 0000000000000000000]
ret_ln73                  (ret                 ) [ 0000000000000000000]
</LifeTime>

<model>

<comp_list>
<comp id="0" class="1000" name="model_input">
<pin_list>
<pin id="1" dir="1" index="0" bw="1" slack="0"/>
</pin_list>
<bind>
<StgValue><ssdm name="model_input"/></StgValue>
</bind>
</comp>

<comp id="2" class="1000" name="layer9_out">
<pin_list>
<pin id="3" dir="1" index="0" bw="1" slack="0"/>
</pin_list>
<bind>
<StgValue><ssdm name="layer9_out"/></StgValue>
</bind>
</comp>

<comp id="4" class="1000" name="invert_table">
<pin_list>
<pin id="5" dir="1" index="0" bw="1" slack="0"/>
</pin_list>
<bind>
<StgValue><ssdm name="invert_table"/><MemPortTyVec>1 </MemPortTyVec>
</StgValue>
</bind>
</comp>

<comp id="6" class="1001" name="const_6">
<pin_list>
<pin id="7" dir="1" index="0" bw="1" slack="0"/>
</pin_list>
<bind>
<StgValue><ssdm name=""/></StgValue>
</bind>
</comp>

<comp id="8" class="1001" name="const_8">
<pin_list>
<pin id="9" dir="1" index="0" bw="1" slack="0"/>
</pin_list>
<bind>
<StgValue><ssdm name="dense<array<ap_fixed,16u>,array<ap_fixed<37,17,5,3,0>,64u>,config2>"/></StgValue>
</bind>
</comp>

<comp id="10" class="1001" name="const_10">
<pin_list>
<pin id="11" dir="1" index="0" bw="1" slack="0"/>
</pin_list>
<bind>
<StgValue><ssdm name="relu<array<ap_fixed,64u>,array<ap_fixed<16,6,5,3,0>,64u>,relu_config3>"/></StgValue>
</bind>
</comp>

<comp id="12" class="1001" name="const_12">
<pin_list>
<pin id="13" dir="1" index="0" bw="1" slack="0"/>
</pin_list>
<bind>
<StgValue><ssdm name="dense<array<ap_fixed,64u>,array<ap_fixed<39,19,5,3,0>,32u>,config4>"/></StgValue>
</bind>
</comp>

<comp id="14" class="1001" name="const_14">
<pin_list>
<pin id="15" dir="1" index="0" bw="1" slack="0"/>
</pin_list>
<bind>
<StgValue><ssdm name="relu<array<ap_fixed,32u>,array<ap_fixed<16,6,5,3,0>,32u>,relu_config5>"/></StgValue>
</bind>
</comp>

<comp id="16" class="1001" name="const_16">
<pin_list>
<pin id="17" dir="1" index="0" bw="1" slack="0"/>
</pin_list>
<bind>
<StgValue><ssdm name="dense<array<ap_fixed,32u>,array<ap_fixed<38,18,5,3,0>,32u>,config6>"/></StgValue>
</bind>
</comp>

<comp id="18" class="1001" name="const_18">
<pin_list>
<pin id="19" dir="1" index="0" bw="1" slack="0"/>
</pin_list>
<bind>
<StgValue><ssdm name="relu<array<ap_fixed,32u>,array<ap_fixed<16,6,5,3,0>,32u>,relu_config7>"/></StgValue>
</bind>
</comp>

<comp id="20" class="1001" name="const_20">
<pin_list>
<pin id="21" dir="1" index="0" bw="1" slack="0"/>
</pin_list>
<bind>
<StgValue><ssdm name="dense<array<ap_fixed,32u>,array<ap_fixed<38,18,5,3,0>,5u>,config8>"/></StgValue>
</bind>
</comp>

<comp id="22" class="1001" name="const_22">
<pin_list>
<pin id="23" dir="1" index="0" bw="1" slack="0"/>
</pin_list>
<bind>
<StgValue><ssdm name="softmax<array,array<ap_fixed<16,6,5,3,0>,5u>,softmax_config9>"/></StgValue>
</bind>
</comp>

<comp id="24" class="1001" name="const_24">
<pin_list>
<pin id="25" dir="1" index="0" bw="1" slack="2147483647"/>
</pin_list>
<bind>
<StgValue><ssdm name="_ssdm_op_SpecDataflowPipeline"/></StgValue>
</bind>
</comp>

<comp id="26" class="1001" name="const_26">
<pin_list>
<pin id="27" dir="1" index="0" bw="1" slack="2147483647"/>
</pin_list>
<bind>
<StgValue><ssdm name=""/></StgValue>
</bind>
</comp>

<comp id="28" class="1001" name="const_28">
<pin_list>
<pin id="29" dir="1" index="0" bw="1" slack="2147483647"/>
</pin_list>
<bind>
<StgValue><ssdm name=""/></StgValue>
</bind>
</comp>

<comp id="30" class="1001" name="const_30">
<pin_list>
<pin id="31" dir="1" index="0" bw="1" slack="2147483647"/>
</pin_list>
<bind>
<StgValue><ssdm name="empty_0"/></StgValue>
</bind>
</comp>

<comp id="32" class="1001" name="const_32">
<pin_list>
<pin id="33" dir="1" index="0" bw="1" slack="2147483647"/>
</pin_list>
<bind>
<StgValue><ssdm name="_ssdm_op_SpecTopModule"/></StgValue>
</bind>
</comp>

<comp id="34" class="1001" name="const_34">
<pin_list>
<pin id="35" dir="1" index="0" bw="1" slack="2147483647"/>
</pin_list>
<bind>
<StgValue><ssdm name="empty_2"/></StgValue>
</bind>
</comp>

<comp id="36" class="1001" name="const_36">
<pin_list>
<pin id="37" dir="1" index="0" bw="1" slack="2147483647"/>
</pin_list>
<bind>
<StgValue><ssdm name="_ssdm_op_SpecInterface"/></StgValue>
</bind>
</comp>

<comp id="38" class="1001" name="const_38">
<pin_list>
<pin id="39" dir="1" index="0" bw="1" slack="2147483647"/>
</pin_list>
<bind>
<StgValue><ssdm name="empty_9"/></StgValue>
</bind>
</comp>

<comp id="40" class="1001" name="const_40">
<pin_list>
<pin id="41" dir="1" index="0" bw="1" slack="2147483647"/>
</pin_list>
<bind>
<StgValue><ssdm name=""/></StgValue>
</bind>
</comp>

<comp id="42" class="1001" name="const_42">
<pin_list>
<pin id="43" dir="1" index="0" bw="1" slack="2147483647"/>
</pin_list>
<bind>
<StgValue><ssdm name="empty_10"/></StgValue>
</bind>
</comp>

<comp id="44" class="1001" name="const_44">
<pin_list>
<pin id="45" dir="1" index="0" bw="1" slack="2147483647"/>
</pin_list>
<bind>
<StgValue><ssdm name="_ssdm_op_SpecBitsMap"/></StgValue>
</bind>
</comp>

<comp id="46" class="1001" name="const_46">
<pin_list>
<pin id="47" dir="1" index="0" bw="1" slack="2147483647"/>
</pin_list>
<bind>
<StgValue><ssdm name="_ssdm_op_SpecChannel"/></StgValue>
</bind>
</comp>

<comp id="48" class="1001" name="const_48">
<pin_list>
<pin id="49" dir="1" index="0" bw="1" slack="2147483647"/>
</pin_list>
<bind>
<StgValue><ssdm name="layer2_out_str"/></StgValue>
</bind>
</comp>

<comp id="50" class="1001" name="const_50">
<pin_list>
<pin id="51" dir="1" index="0" bw="1" slack="2147483647"/>
</pin_list>
<bind>
<StgValue><ssdm name="p_str"/></StgValue>
</bind>
</comp>

<comp id="52" class="1001" name="const_52">
<pin_list>
<pin id="53" dir="1" index="0" bw="1" slack="2147483647"/>
</pin_list>
<bind>
<StgValue><ssdm name="empty_11"/></StgValue>
</bind>
</comp>

<comp id="54" class="1001" name="const_54">
<pin_list>
<pin id="55" dir="1" index="0" bw="1" slack="2147483647"/>
</pin_list>
<bind>
<StgValue><ssdm name="layer3_out_str"/></StgValue>
</bind>
</comp>

<comp id="56" class="1001" name="const_56">
<pin_list>
<pin id="57" dir="1" index="0" bw="1" slack="2147483647"/>
</pin_list>
<bind>
<StgValue><ssdm name="layer4_out_str"/></StgValue>
</bind>
</comp>

<comp id="58" class="1001" name="const_58">
<pin_list>
<pin id="59" dir="1" index="0" bw="1" slack="2147483647"/>
</pin_list>
<bind>
<StgValue><ssdm name="layer5_out_str"/></StgValue>
</bind>
</comp>

<comp id="60" class="1001" name="const_60">
<pin_list>
<pin id="61" dir="1" index="0" bw="1" slack="2147483647"/>
</pin_list>
<bind>
<StgValue><ssdm name="layer6_out_str"/></StgValue>
</bind>
</comp>

<comp id="62" class="1001" name="const_62">
<pin_list>
<pin id="63" dir="1" index="0" bw="1" slack="2147483647"/>
</pin_list>
<bind>
<StgValue><ssdm name="layer7_out_str"/></StgValue>
</bind>
</comp>

<comp id="64" class="1001" name="const_64">
<pin_list>
<pin id="65" dir="1" index="0" bw="1" slack="2147483647"/>
</pin_list>
<bind>
<StgValue><ssdm name="layer8_out_str"/></StgValue>
</bind>
</comp>

<comp id="66" class="1004" name="layer2_out_fu_66">
<pin_list>
<pin id="67" dir="0" index="0" bw="1" slack="0"/>
<pin id="68" dir="1" index="1" bw="2368" slack="1"/>
</pin_list>
<bind>
<opcode="alloca(26) " fcode="alloca"/>
<opset="layer2_out/1 "/>
</bind>
</comp>

<comp id="70" class="1004" name="layer3_out_fu_70">
<pin_list>
<pin id="71" dir="0" index="0" bw="1" slack="0"/>
<pin id="72" dir="1" index="1" bw="1024" slack="3"/>
</pin_list>
<bind>
<opcode="alloca(26) " fcode="alloca"/>
<opset="layer3_out/1 "/>
</bind>
</comp>

<comp id="74" class="1004" name="layer4_out_fu_74">
<pin_list>
<pin id="75" dir="0" index="0" bw="1" slack="0"/>
<pin id="76" dir="1" index="1" bw="1248" slack="5"/>
</pin_list>
<bind>
<opcode="alloca(26) " fcode="alloca"/>
<opset="layer4_out/1 "/>
</bind>
</comp>

<comp id="78" class="1004" name="layer5_out_fu_78">
<pin_list>
<pin id="79" dir="0" index="0" bw="1" slack="0"/>
<pin id="80" dir="1" index="1" bw="512" slack="7"/>
</pin_list>
<bind>
<opcode="alloca(26) " fcode="alloca"/>
<opset="layer5_out/1 "/>
</bind>
</comp>

<comp id="82" class="1004" name="layer6_out_fu_82">
<pin_list>
<pin id="83" dir="0" index="0" bw="1" slack="0"/>
<pin id="84" dir="1" index="1" bw="1216" slack="9"/>
</pin_list>
<bind>
<opcode="alloca(26) " fcode="alloca"/>
<opset="layer6_out/1 "/>
</bind>
</comp>

<comp id="86" class="1004" name="layer7_out_fu_86">
<pin_list>
<pin id="87" dir="0" index="0" bw="1" slack="0"/>
<pin id="88" dir="1" index="1" bw="512" slack="11"/>
</pin_list>
<bind>
<opcode="alloca(26) " fcode="alloca"/>
<opset="layer7_out/1 "/>
</bind>
</comp>

<comp id="90" class="1004" name="layer8_out_fu_90">
<pin_list>
<pin id="91" dir="0" index="0" bw="1" slack="0"/>
<pin id="92" dir="1" index="1" bw="190" slack="13"/>
</pin_list>
<bind>
<opcode="alloca(26) " fcode="alloca"/>
<opset="layer8_out/1 "/>
</bind>
</comp>

<comp id="94" class="1004" name="grp_dense_array_ap_fixed_16u_array_ap_fixed_37_17_5_3_0_64u_config2_s_fu_94">
<pin_list>
<pin id="95" dir="0" index="0" bw="0" slack="0"/>
<pin id="96" dir="0" index="1" bw="256" slack="0"/>
<pin id="97" dir="0" index="2" bw="2368" slack="1"/>
<pin id="98" dir="1" index="3" bw="0" slack="2147483647"/>
</pin_list>
<bind>
<opcode="call(48) " fcode="call"/>
<opset="call_ln57/2 "/>
</bind>
</comp>

<comp id="101" class="1004" name="grp_relu_array_ap_fixed_64u_array_ap_fixed_16_6_5_3_0_64u_relu_config3_s_fu_101">
<pin_list>
<pin id="102" dir="0" index="0" bw="0" slack="0"/>
<pin id="103" dir="0" index="1" bw="2368" slack="3"/>
<pin id="104" dir="0" index="2" bw="1024" slack="3"/>
<pin id="105" dir="1" index="3" bw="0" slack="2147483647"/>
</pin_list>
<bind>
<opcode="call(48) " fcode="call"/>
<opset="call_ln59/4 "/>
</bind>
</comp>

<comp id="107" class="1004" name="grp_dense_array_ap_fixed_64u_array_ap_fixed_39_19_5_3_0_32u_config4_s_fu_107">
<pin_list>
<pin id="108" dir="0" index="0" bw="0" slack="0"/>
<pin id="109" dir="0" index="1" bw="1024" slack="5"/>
<pin id="110" dir="0" index="2" bw="1248" slack="5"/>
<pin id="111" dir="1" index="3" bw="0" slack="2147483647"/>
</pin_list>
<bind>
<opcode="call(48) " fcode="call"/>
<opset="call_ln61/6 "/>
</bind>
</comp>

<comp id="113" class="1004" name="grp_relu_array_ap_fixed_32u_array_ap_fixed_16_6_5_3_0_32u_relu_config5_s_fu_113">
<pin_list>
<pin id="114" dir="0" index="0" bw="0" slack="0"/>
<pin id="115" dir="0" index="1" bw="1248" slack="7"/>
<pin id="116" dir="0" index="2" bw="512" slack="7"/>
<pin id="117" dir="1" index="3" bw="0" slack="2147483647"/>
</pin_list>
<bind>
<opcode="call(48) " fcode="call"/>
<opset="call_ln63/8 "/>
</bind>
</comp>

<comp id="119" class="1004" name="grp_dense_array_ap_fixed_32u_array_ap_fixed_38_18_5_3_0_32u_config6_s_fu_119">
<pin_list>
<pin id="120" dir="0" index="0" bw="0" slack="0"/>
<pin id="121" dir="0" index="1" bw="512" slack="9"/>
<pin id="122" dir="0" index="2" bw="1216" slack="9"/>
<pin id="123" dir="1" index="3" bw="0" slack="2147483647"/>
</pin_list>
<bind>
<opcode="call(48) " fcode="call"/>
<opset="call_ln65/10 "/>
</bind>
</comp>

<comp id="125" class="1004" name="grp_relu_array_ap_fixed_32u_array_ap_fixed_16_6_5_3_0_32u_relu_config7_s_fu_125">
<pin_list>
<pin id="126" dir="0" index="0" bw="0" slack="0"/>
<pin id="127" dir="0" index="1" bw="1216" slack="11"/>
<pin id="128" dir="0" index="2" bw="512" slack="11"/>
<pin id="129" dir="1" index="3" bw="0" slack="2147483647"/>
</pin_list>
<bind>
<opcode="call(48) " fcode="call"/>
<opset="call_ln67/12 "/>
</bind>
</comp>

<comp id="131" class="1004" name="grp_dense_array_ap_fixed_32u_array_ap_fixed_38_18_5_3_0_5u_config8_s_fu_131">
<pin_list>
<pin id="132" dir="0" index="0" bw="0" slack="0"/>
<pin id="133" dir="0" index="1" bw="512" slack="13"/>
<pin id="134" dir="0" index="2" bw="190" slack="13"/>
<pin id="135" dir="1" index="3" bw="0" slack="2147483647"/>
</pin_list>
<bind>
<opcode="call(48) " fcode="call"/>
<opset="call_ln69/14 "/>
</bind>
</comp>

<comp id="137" class="1004" name="grp_softmax_array_array_ap_fixed_16_6_5_3_0_5u_softmax_config9_s_fu_137">
<pin_list>
<pin id="138" dir="0" index="0" bw="0" slack="0"/>
<pin id="139" dir="0" index="1" bw="190" slack="15"/>
<pin id="140" dir="0" index="2" bw="80" slack="0"/>
<pin id="141" dir="0" index="3" bw="18" slack="0"/>
<pin id="142" dir="1" index="4" bw="0" slack="2147483647"/>
</pin_list>
<bind>
<opcode="call(48) " fcode="call"/>
<opset="call_ln71/16 "/>
</bind>
</comp>

<comp id="146" class="1005" name="layer2_out_reg_146">
<pin_list>
<pin id="147" dir="0" index="0" bw="2368" slack="1"/>
<pin id="148" dir="1" index="1" bw="2368" slack="1"/>
</pin_list>
<bind>
<opset="layer2_out "/>
</bind>
</comp>

<comp id="152" class="1005" name="layer3_out_reg_152">
<pin_list>
<pin id="153" dir="0" index="0" bw="1024" slack="3"/>
<pin id="154" dir="1" index="1" bw="1024" slack="3"/>
</pin_list>
<bind>
<opset="layer3_out "/>
</bind>
</comp>

<comp id="158" class="1005" name="layer4_out_reg_158">
<pin_list>
<pin id="159" dir="0" index="0" bw="1248" slack="5"/>
<pin id="160" dir="1" index="1" bw="1248" slack="5"/>
</pin_list>
<bind>
<opset="layer4_out "/>
</bind>
</comp>

<comp id="164" class="1005" name="layer5_out_reg_164">
<pin_list>
<pin id="165" dir="0" index="0" bw="512" slack="7"/>
<pin id="166" dir="1" index="1" bw="512" slack="7"/>
</pin_list>
<bind>
<opset="layer5_out "/>
</bind>
</comp>

<comp id="170" class="1005" name="layer6_out_reg_170">
<pin_list>
<pin id="171" dir="0" index="0" bw="1216" slack="9"/>
<pin id="172" dir="1" index="1" bw="1216" slack="9"/>
</pin_list>
<bind>
<opset="layer6_out "/>
</bind>
</comp>

<comp id="176" class="1005" name="layer7_out_reg_176">
<pin_list>
<pin id="177" dir="0" index="0" bw="512" slack="11"/>
<pin id="178" dir="1" index="1" bw="512" slack="11"/>
</pin_list>
<bind>
<opset="layer7_out "/>
</bind>
</comp>

<comp id="182" class="1005" name="layer8_out_reg_182">
<pin_list>
<pin id="183" dir="0" index="0" bw="190" slack="13"/>
<pin id="184" dir="1" index="1" bw="190" slack="13"/>
</pin_list>
<bind>
<opset="layer8_out "/>
</bind>
</comp>

</comp_list>

<net_list>
<net id="69"><net_src comp="6" pin="0"/><net_sink comp="66" pin=0"/></net>

<net id="73"><net_src comp="6" pin="0"/><net_sink comp="70" pin=0"/></net>

<net id="77"><net_src comp="6" pin="0"/><net_sink comp="74" pin=0"/></net>

<net id="81"><net_src comp="6" pin="0"/><net_sink comp="78" pin=0"/></net>

<net id="85"><net_src comp="6" pin="0"/><net_sink comp="82" pin=0"/></net>

<net id="89"><net_src comp="6" pin="0"/><net_sink comp="86" pin=0"/></net>

<net id="93"><net_src comp="6" pin="0"/><net_sink comp="90" pin=0"/></net>

<net id="99"><net_src comp="8" pin="0"/><net_sink comp="94" pin=0"/></net>

<net id="100"><net_src comp="0" pin="0"/><net_sink comp="94" pin=1"/></net>

<net id="106"><net_src comp="10" pin="0"/><net_sink comp="101" pin=0"/></net>

<net id="112"><net_src comp="12" pin="0"/><net_sink comp="107" pin=0"/></net>

<net id="118"><net_src comp="14" pin="0"/><net_sink comp="113" pin=0"/></net>

<net id="124"><net_src comp="16" pin="0"/><net_sink comp="119" pin=0"/></net>

<net id="130"><net_src comp="18" pin="0"/><net_sink comp="125" pin=0"/></net>

<net id="136"><net_src comp="20" pin="0"/><net_sink comp="131" pin=0"/></net>

<net id="143"><net_src comp="22" pin="0"/><net_sink comp="137" pin=0"/></net>

<net id="144"><net_src comp="2" pin="0"/><net_sink comp="137" pin=2"/></net>

<net id="145"><net_src comp="4" pin="0"/><net_sink comp="137" pin=3"/></net>

<net id="149"><net_src comp="66" pin="1"/><net_sink comp="146" pin=0"/></net>

<net id="150"><net_src comp="146" pin="1"/><net_sink comp="94" pin=2"/></net>

<net id="151"><net_src comp="146" pin="1"/><net_sink comp="101" pin=1"/></net>

<net id="155"><net_src comp="70" pin="1"/><net_sink comp="152" pin=0"/></net>

<net id="156"><net_src comp="152" pin="1"/><net_sink comp="101" pin=2"/></net>

<net id="157"><net_src comp="152" pin="1"/><net_sink comp="107" pin=1"/></net>

<net id="161"><net_src comp="74" pin="1"/><net_sink comp="158" pin=0"/></net>

<net id="162"><net_src comp="158" pin="1"/><net_sink comp="107" pin=2"/></net>

<net id="163"><net_src comp="158" pin="1"/><net_sink comp="113" pin=1"/></net>

<net id="167"><net_src comp="78" pin="1"/><net_sink comp="164" pin=0"/></net>

<net id="168"><net_src comp="164" pin="1"/><net_sink comp="113" pin=2"/></net>

<net id="169"><net_src comp="164" pin="1"/><net_sink comp="119" pin=1"/></net>

<net id="173"><net_src comp="82" pin="1"/><net_sink comp="170" pin=0"/></net>

<net id="174"><net_src comp="170" pin="1"/><net_sink comp="119" pin=2"/></net>

<net id="175"><net_src comp="170" pin="1"/><net_sink comp="125" pin=1"/></net>

<net id="179"><net_src comp="86" pin="1"/><net_sink comp="176" pin=0"/></net>

<net id="180"><net_src comp="176" pin="1"/><net_sink comp="125" pin=2"/></net>

<net id="181"><net_src comp="176" pin="1"/><net_sink comp="131" pin=1"/></net>

<net id="185"><net_src comp="90" pin="1"/><net_sink comp="182" pin=0"/></net>

<net id="186"><net_src comp="182" pin="1"/><net_sink comp="131" pin=2"/></net>

<net id="187"><net_src comp="182" pin="1"/><net_sink comp="137" pin=1"/></net>

</net_list>

</model> 
---------------- Datapath Model END ------------------

* FSMD analyzer results:
  - Output states:
	Port: layer9_out | {16 17 }
 - Input state : 
	Port: myproject : model_input | {2 3 }
	Port: myproject : invert_table | {16 17 }
  - Chain level:
	State 1
	State 2
	State 3
	State 4
	State 5
	State 6
	State 7
	State 8
	State 9
	State 10
	State 11
	State 12
	State 13
	State 14
	State 15
	State 16
	State 17
	State 18


============================================================
+ Verbose Summary: Datapath Resource usage 
============================================================

* Functional unit list:
|----------|---------------------------------------------------------------------------------|---------|---------|---------|---------|---------|---------|
| Operation|                                 Functional Unit                                 |   BRAM  |   DSP   |  Delay  |    FF   |   LUT   |   URAM  |
|----------|---------------------------------------------------------------------------------|---------|---------|---------|---------|---------|---------|
|          |   grp_dense_array_ap_fixed_16u_array_ap_fixed_37_17_5_3_0_64u_config2_s_fu_94   |    0    |   728   | 1143.36 |  81936  |  34667  |    0    |
|          | grp_relu_array_ap_fixed_64u_array_ap_fixed_16_6_5_3_0_64u_relu_config3_s_fu_101 |    0    |    0    |    0    |   4416  |   3840  |    0    |
|          |   grp_dense_array_ap_fixed_64u_array_ap_fixed_39_19_5_3_0_32u_config4_s_fu_107  |    0    |   1505  | 2370.88 |  167071 |  70604  |    0    |
|   call   | grp_relu_array_ap_fixed_32u_array_ap_fixed_16_6_5_3_0_32u_relu_config5_s_fu_113 |    0    |    0    |    0    |   2272  |   1984  |    0    |
|          |   grp_dense_array_ap_fixed_32u_array_ap_fixed_38_18_5_3_0_32u_config6_s_fu_119  |    0    |   789   | 1248.17 |  87819  |  35173  |    0    |
|          | grp_relu_array_ap_fixed_32u_array_ap_fixed_16_6_5_3_0_32u_relu_config7_s_fu_125 |    0    |    0    |    0    |   2240  |   1952  |    0    |
|          |   grp_dense_array_ap_fixed_32u_array_ap_fixed_38_18_5_3_0_5u_config8_s_fu_131   |    0    |   128   | 203.264 |  16129  |   5703  |    0    |
|          |     grp_softmax_array_array_ap_fixed_16_6_5_3_0_5u_softmax_config9_s_fu_137     |    1    |    12   | 29.2998 |   5378  |   4787  |    0    |
|----------|---------------------------------------------------------------------------------|---------|---------|---------|---------|---------|---------|
|   Total  |                                                                                 |    1    |   3162  | 4994.98 |  367261 |  158710 |    0    |
|----------|---------------------------------------------------------------------------------|---------|---------|---------|---------|---------|---------|

Memories:
+------------+--------+--------+--------+
|            |  BRAM  |   FF   |   LUT  |
+------------+--------+--------+--------+
|invert_table|    1   |    0   |    0   |
+------------+--------+--------+--------+
|    Total   |    1   |    0   |    0   |
+------------+--------+--------+--------+

* Register list:
+------------------+--------+
|                  |   FF   |
+------------------+--------+
|layer2_out_reg_146|  2368  |
|layer3_out_reg_152|  1024  |
|layer4_out_reg_158|  1248  |
|layer5_out_reg_164|   512  |
|layer6_out_reg_170|  1216  |
|layer7_out_reg_176|   512  |
|layer8_out_reg_182|   190  |
+------------------+--------+
|       Total      |  7070  |
+------------------+--------+

* Multiplexer (MUX) list: 
|--------|------|------|------|--------|
|  Comp  |  Pin | Size |  BW  | S x BW |
|--------|------|------|------|--------|
|  Total |      |      |      |    0   |
|--------|------|------|------|--------|



* Summary:
+-----------+--------+--------+--------+--------+--------+--------+
|           |  BRAM  |   DSP  |  Delay |   FF   |   LUT  |  URAM  |
+-----------+--------+--------+--------+--------+--------+--------+
|  Function |    1   |  3162  |  4994  | 367261 | 158710 |    0   |
|   Memory  |    1   |    -   |    -   |    0   |    0   |    -   |
|Multiplexer|    -   |    -   |    -   |    -   |    -   |    -   |
|  Register |    -   |    -   |    -   |  7070  |    -   |    -   |
+-----------+--------+--------+--------+--------+--------+--------+
|   Total   |    2   |  3162  |  4994  | 374331 | 158710 |    0   |
+-----------+--------+--------+--------+--------+--------+--------+
