

================================================================
== Vitis HLS Report for 'relu_array_ap_fixed_64u_array_ap_fixed_16_6_5_3_0_64u_relu_config3_s'
================================================================
* Date:           Mon Sep 21 18:25:20 2026

* Version:        2025.2.1 (Build 6397637 on Mar 18 2026)
* Project:        myproject_prj
* Solution:       solution1 (Vivado IP Flow Target)
* Product family: zynq
* Target device:  xc7z020-clg400-1


================================================================
== Performance Estimates
================================================================
+ Timing: 
    * Summary: 
    +--------+---------+----------+------------+
    |  Clock |  Target | Estimated| Uncertainty|
    +--------+---------+----------+------------+
    |ap_clk  |  5.00 ns|  3.560 ns|     1.35 ns|
    +--------+---------+----------+------------+

+ Latency: 
    * Summary: 
    +---------+---------+-----------+-----------+-----+-----+---------+
    |  Latency (cycles) |   Latency (absolute)  |  Interval | Pipeline|
    |   min   |   max   |    min    |    max    | min | max |   Type  |
    +---------+---------+-----------+-----------+-----+-----+---------+
    |        2|        2|  10.000 ns|  10.000 ns|    2|    2|       no|
    +---------+---------+-----------+-----------+-----+-----+---------+

    + Detail: 
        * Instance: 
        N/A

        * Loop: 
        N/A

============================================================
+ Verbose Summary: Synthesis Manager
============================================================
InlineROM: 1
ExposeGlobal: 0
============================================================
+ Verbose Summary: CDFG Model
============================================================
IsTopModel: 0
ResetActiveHigh: 1
IsCombinational: 2
IsDatapathOnly: 0
HasWiredReturn: 1
HasMFsm: 0
HasVarLatency: 1
IsPipeline: 0
IsRtlPipelined: 0
IsInstanceOverlapped: 0
IsDontTouch: 0
HasImplIP: 0
IsGatedGlobalClock: 0


============================================================
+ Verbose Summary: Schedule
============================================================
* Number of FSM states : 3
* Pipeline : 0
* Dataflow Pipeline: 0

* FSM state transitions: 
1 --> 2 
2 --> 3 
3 --> 

* FSM state operations: 

State 1 <SV = 0> <Delay = 1.82>
ST_1 : Operation 4 [1/1] ( I:1.82ns O:1.82ns )   --->   "%layer2_out_read = read i2368 @_ssdm_op_Read.ap_fifo.volatile.i2368P0A, i2368 %layer2_out" [firmware/nnet_utils/nnet_activation_stream.h:44]   --->   Operation 4 'read' 'layer2_out_read' <Predicate = true> <Delay = 1.82> <CoreInst = "FIFO_SRL">   --->   Core 80 'FIFO_SRL' <Latency = 0> <II = 1> <Delay = 3.63> <Storage> <Opcode : 'read' 'write' 'nbread' 'nbwrite'> <Ports = 0> <Width = 2368> <Depth = 1> <FIFO>
ST_1 : Operation 5 [1/1] (0.00ns)   --->   "%trunc_ln44 = trunc i2368 %layer2_out_read" [firmware/nnet_utils/nnet_activation_stream.h:44]   --->   Operation 5 'trunc' 'trunc_ln44' <Predicate = true> <Delay = 0.00>
ST_1 : Operation 6 [1/1] (0.00ns)   --->   "%trunc_ln44_s = partselect i37 @_ssdm_op_PartSelect.i37.i2368.i32.i32, i2368 %layer2_out_read, i32 37, i32 73" [firmware/nnet_utils/nnet_activation_stream.h:44]   --->   Operation 6 'partselect' 'trunc_ln44_s' <Predicate = true> <Delay = 0.00>
ST_1 : Operation 7 [1/1] (0.00ns)   --->   "%trunc_ln44_1 = partselect i37 @_ssdm_op_PartSelect.i37.i2368.i32.i32, i2368 %layer2_out_read, i32 74, i32 110" [firmware/nnet_utils/nnet_activation_stream.h:44]   --->   Operation 7 'partselect' 'trunc_ln44_1' <Predicate = true> <Delay = 0.00>
ST_1 : Operation 8 [1/1] (0.00ns)   --->   "%trunc_ln44_2 = partselect i37 @_ssdm_op_PartSelect.i37.i2368.i32.i32, i2368 %layer2_out_read, i32 111, i32 147" [firmware/nnet_utils/nnet_activation_stream.h:44]   --->   Operation 8 'partselect' 'trunc_ln44_2' <Predicate = true> <Delay = 0.00>
ST_1 : Operation 9 [1/1] (0.00ns)   --->   "%trunc_ln44_3 = partselect i37 @_ssdm_op_PartSelect.i37.i2368.i32.i32, i2368 %layer2_out_read, i32 148, i32 184" [firmware/nnet_utils/nnet_activation_stream.h:44]   --->   Operation 9 'partselect' 'trunc_ln44_3' <Predicate = true> <Delay = 0.00>
ST_1 : Operation 10 [1/1] (0.00ns)   --->   "%trunc_ln44_4 = partselect i37 @_ssdm_op_PartSelect.i37.i2368.i32.i32, i2368 %layer2_out_read, i32 185, i32 221" [firmware/nnet_utils/nnet_activation_stream.h:44]   --->   Operation 10 'partselect' 'trunc_ln44_4' <Predicate = true> <Delay = 0.00>
ST_1 : Operation 11 [1/1] (0.00ns)   --->   "%trunc_ln44_5 = partselect i37 @_ssdm_op_PartSelect.i37.i2368.i32.i32, i2368 %layer2_out_read, i32 222, i32 258" [firmware/nnet_utils/nnet_activation_stream.h:44]   --->   Operation 11 'partselect' 'trunc_ln44_5' <Predicate = true> <Delay = 0.00>
ST_1 : Operation 12 [1/1] (0.00ns)   --->   "%trunc_ln44_6 = partselect i37 @_ssdm_op_PartSelect.i37.i2368.i32.i32, i2368 %layer2_out_read, i32 259, i32 295" [firmware/nnet_utils/nnet_activation_stream.h:44]   --->   Operation 12 'partselect' 'trunc_ln44_6' <Predicate = true> <Delay = 0.00>
ST_1 : Operation 13 [1/1] (0.00ns)   --->   "%trunc_ln44_7 = partselect i37 @_ssdm_op_PartSelect.i37.i2368.i32.i32, i2368 %layer2_out_read, i32 296, i32 332" [firmware/nnet_utils/nnet_activation_stream.h:44]   --->   Operation 13 'partselect' 'trunc_ln44_7' <Predicate = true> <Delay = 0.00>
ST_1 : Operation 14 [1/1] (0.00ns)   --->   "%trunc_ln44_8 = partselect i37 @_ssdm_op_PartSelect.i37.i2368.i32.i32, i2368 %layer2_out_read, i32 333, i32 369" [firmware/nnet_utils/nnet_activation_stream.h:44]   --->   Operation 14 'partselect' 'trunc_ln44_8' <Predicate = true> <Delay = 0.00>
ST_1 : Operation 15 [1/1] (0.00ns)   --->   "%trunc_ln44_9 = partselect i37 @_ssdm_op_PartSelect.i37.i2368.i32.i32, i2368 %layer2_out_read, i32 370, i32 406" [firmware/nnet_utils/nnet_activation_stream.h:44]   --->   Operation 15 'partselect' 'trunc_ln44_9' <Predicate = true> <Delay = 0.00>
ST_1 : Operation 16 [1/1] (0.00ns)   --->   "%trunc_ln44_10 = partselect i37 @_ssdm_op_PartSelect.i37.i2368.i32.i32, i2368 %layer2_out_read, i32 407, i32 443" [firmware/nnet_utils/nnet_activation_stream.h:44]   --->   Operation 16 'partselect' 'trunc_ln44_10' <Predicate = true> <Delay = 0.00>
ST_1 : Operation 17 [1/1] (0.00ns)   --->   "%trunc_ln44_11 = partselect i37 @_ssdm_op_PartSelect.i37.i2368.i32.i32, i2368 %layer2_out_read, i32 444, i32 480" [firmware/nnet_utils/nnet_activation_stream.h:44]   --->   Operation 17 'partselect' 'trunc_ln44_11' <Predicate = true> <Delay = 0.00>
ST_1 : Operation 18 [1/1] (0.00ns)   --->   "%trunc_ln44_12 = partselect i37 @_ssdm_op_PartSelect.i37.i2368.i32.i32, i2368 %layer2_out_read, i32 481, i32 517" [firmware/nnet_utils/nnet_activation_stream.h:44]   --->   Operation 18 'partselect' 'trunc_ln44_12' <Predicate = true> <Delay = 0.00>
ST_1 : Operation 19 [1/1] (0.00ns)   --->   "%trunc_ln44_13 = partselect i37 @_ssdm_op_PartSelect.i37.i2368.i32.i32, i2368 %layer2_out_read, i32 518, i32 554" [firmware/nnet_utils/nnet_activation_stream.h:44]   --->   Operation 19 'partselect' 'trunc_ln44_13' <Predicate = true> <Delay = 0.00>
ST_1 : Operation 20 [1/1] (0.00ns)   --->   "%trunc_ln44_14 = partselect i37 @_ssdm_op_PartSelect.i37.i2368.i32.i32, i2368 %layer2_out_read, i32 555, i32 591" [firmware/nnet_utils/nnet_activation_stream.h:44]   --->   Operation 20 'partselect' 'trunc_ln44_14' <Predicate = true> <Delay = 0.00>
ST_1 : Operation 21 [1/1] (0.00ns)   --->   "%trunc_ln44_15 = partselect i37 @_ssdm_op_PartSelect.i37.i2368.i32.i32, i2368 %layer2_out_read, i32 592, i32 628" [firmware/nnet_utils/nnet_activation_stream.h:44]   --->   Operation 21 'partselect' 'trunc_ln44_15' <Predicate = true> <Delay = 0.00>
ST_1 : Operation 22 [1/1] (0.00ns)   --->   "%trunc_ln44_16 = partselect i37 @_ssdm_op_PartSelect.i37.i2368.i32.i32, i2368 %layer2_out_read, i32 629, i32 665" [firmware/nnet_utils/nnet_activation_stream.h:44]   --->   Operation 22 'partselect' 'trunc_ln44_16' <Predicate = true> <Delay = 0.00>
ST_1 : Operation 23 [1/1] (0.00ns)   --->   "%trunc_ln44_17 = partselect i37 @_ssdm_op_PartSelect.i37.i2368.i32.i32, i2368 %layer2_out_read, i32 666, i32 702" [firmware/nnet_utils/nnet_activation_stream.h:44]   --->   Operation 23 'partselect' 'trunc_ln44_17' <Predicate = true> <Delay = 0.00>
ST_1 : Operation 24 [1/1] (0.00ns)   --->   "%trunc_ln44_18 = partselect i37 @_ssdm_op_PartSelect.i37.i2368.i32.i32, i2368 %layer2_out_read, i32 703, i32 739" [firmware/nnet_utils/nnet_activation_stream.h:44]   --->   Operation 24 'partselect' 'trunc_ln44_18' <Predicate = true> <Delay = 0.00>
ST_1 : Operation 25 [1/1] (0.00ns)   --->   "%trunc_ln44_19 = partselect i37 @_ssdm_op_PartSelect.i37.i2368.i32.i32, i2368 %layer2_out_read, i32 740, i32 776" [firmware/nnet_utils/nnet_activation_stream.h:44]   --->   Operation 25 'partselect' 'trunc_ln44_19' <Predicate = true> <Delay = 0.00>
ST_1 : Operation 26 [1/1] (0.00ns)   --->   "%trunc_ln44_20 = partselect i37 @_ssdm_op_PartSelect.i37.i2368.i32.i32, i2368 %layer2_out_read, i32 777, i32 813" [firmware/nnet_utils/nnet_activation_stream.h:44]   --->   Operation 26 'partselect' 'trunc_ln44_20' <Predicate = true> <Delay = 0.00>
ST_1 : Operation 27 [1/1] (0.00ns)   --->   "%trunc_ln44_21 = partselect i37 @_ssdm_op_PartSelect.i37.i2368.i32.i32, i2368 %layer2_out_read, i32 814, i32 850" [firmware/nnet_utils/nnet_activation_stream.h:44]   --->   Operation 27 'partselect' 'trunc_ln44_21' <Predicate = true> <Delay = 0.00>
ST_1 : Operation 28 [1/1] (0.00ns)   --->   "%trunc_ln44_22 = partselect i37 @_ssdm_op_PartSelect.i37.i2368.i32.i32, i2368 %layer2_out_read, i32 851, i32 887" [firmware/nnet_utils/nnet_activation_stream.h:44]   --->   Operation 28 'partselect' 'trunc_ln44_22' <Predicate = true> <Delay = 0.00>
ST_1 : Operation 29 [1/1] (0.00ns)   --->   "%trunc_ln44_23 = partselect i37 @_ssdm_op_PartSelect.i37.i2368.i32.i32, i2368 %layer2_out_read, i32 888, i32 924" [firmware/nnet_utils/nnet_activation_stream.h:44]   --->   Operation 29 'partselect' 'trunc_ln44_23' <Predicate = true> <Delay = 0.00>
ST_1 : Operation 30 [1/1] (0.00ns)   --->   "%trunc_ln44_24 = partselect i37 @_ssdm_op_PartSelect.i37.i2368.i32.i32, i2368 %layer2_out_read, i32 925, i32 961" [firmware/nnet_utils/nnet_activation_stream.h:44]   --->   Operation 30 'partselect' 'trunc_ln44_24' <Predicate = true> <Delay = 0.00>
ST_1 : Operation 31 [1/1] (0.00ns)   --->   "%trunc_ln44_25 = partselect i37 @_ssdm_op_PartSelect.i37.i2368.i32.i32, i2368 %layer2_out_read, i32 962, i32 998" [firmware/nnet_utils/nnet_activation_stream.h:44]   --->   Operation 31 'partselect' 'trunc_ln44_25' <Predicate = true> <Delay = 0.00>
ST_1 : Operation 32 [1/1] (0.00ns)   --->   "%trunc_ln44_26 = partselect i37 @_ssdm_op_PartSelect.i37.i2368.i32.i32, i2368 %layer2_out_read, i32 999, i32 1035" [firmware/nnet_utils/nnet_activation_stream.h:44]   --->   Operation 32 'partselect' 'trunc_ln44_26' <Predicate = true> <Delay = 0.00>
ST_1 : Operation 33 [1/1] (0.00ns)   --->   "%trunc_ln44_27 = partselect i37 @_ssdm_op_PartSelect.i37.i2368.i32.i32, i2368 %layer2_out_read, i32 1036, i32 1072" [firmware/nnet_utils/nnet_activation_stream.h:44]   --->   Operation 33 'partselect' 'trunc_ln44_27' <Predicate = true> <Delay = 0.00>
ST_1 : Operation 34 [1/1] (0.00ns)   --->   "%trunc_ln44_28 = partselect i37 @_ssdm_op_PartSelect.i37.i2368.i32.i32, i2368 %layer2_out_read, i32 1073, i32 1109" [firmware/nnet_utils/nnet_activation_stream.h:44]   --->   Operation 34 'partselect' 'trunc_ln44_28' <Predicate = true> <Delay = 0.00>
ST_1 : Operation 35 [1/1] (0.00ns)   --->   "%trunc_ln44_29 = partselect i37 @_ssdm_op_PartSelect.i37.i2368.i32.i32, i2368 %layer2_out_read, i32 1110, i32 1146" [firmware/nnet_utils/nnet_activation_stream.h:44]   --->   Operation 35 'partselect' 'trunc_ln44_29' <Predicate = true> <Delay = 0.00>
ST_1 : Operation 36 [1/1] (0.00ns)   --->   "%trunc_ln44_30 = partselect i37 @_ssdm_op_PartSelect.i37.i2368.i32.i32, i2368 %layer2_out_read, i32 1147, i32 1183" [firmware/nnet_utils/nnet_activation_stream.h:44]   --->   Operation 36 'partselect' 'trunc_ln44_30' <Predicate = true> <Delay = 0.00>
ST_1 : Operation 37 [1/1] (0.00ns)   --->   "%trunc_ln44_31 = partselect i37 @_ssdm_op_PartSelect.i37.i2368.i32.i32, i2368 %layer2_out_read, i32 1184, i32 1220" [firmware/nnet_utils/nnet_activation_stream.h:44]   --->   Operation 37 'partselect' 'trunc_ln44_31' <Predicate = true> <Delay = 0.00>
ST_1 : Operation 38 [1/1] (0.00ns)   --->   "%trunc_ln44_32 = partselect i37 @_ssdm_op_PartSelect.i37.i2368.i32.i32, i2368 %layer2_out_read, i32 1221, i32 1257" [firmware/nnet_utils/nnet_activation_stream.h:44]   --->   Operation 38 'partselect' 'trunc_ln44_32' <Predicate = true> <Delay = 0.00>
ST_1 : Operation 39 [1/1] (0.00ns)   --->   "%trunc_ln44_33 = partselect i37 @_ssdm_op_PartSelect.i37.i2368.i32.i32, i2368 %layer2_out_read, i32 1258, i32 1294" [firmware/nnet_utils/nnet_activation_stream.h:44]   --->   Operation 39 'partselect' 'trunc_ln44_33' <Predicate = true> <Delay = 0.00>
ST_1 : Operation 40 [1/1] (0.00ns)   --->   "%trunc_ln44_34 = partselect i37 @_ssdm_op_PartSelect.i37.i2368.i32.i32, i2368 %layer2_out_read, i32 1295, i32 1331" [firmware/nnet_utils/nnet_activation_stream.h:44]   --->   Operation 40 'partselect' 'trunc_ln44_34' <Predicate = true> <Delay = 0.00>
ST_1 : Operation 41 [1/1] (0.00ns)   --->   "%trunc_ln44_35 = partselect i37 @_ssdm_op_PartSelect.i37.i2368.i32.i32, i2368 %layer2_out_read, i32 1332, i32 1368" [firmware/nnet_utils/nnet_activation_stream.h:44]   --->   Operation 41 'partselect' 'trunc_ln44_35' <Predicate = true> <Delay = 0.00>
ST_1 : Operation 42 [1/1] (0.00ns)   --->   "%trunc_ln44_36 = partselect i37 @_ssdm_op_PartSelect.i37.i2368.i32.i32, i2368 %layer2_out_read, i32 1369, i32 1405" [firmware/nnet_utils/nnet_activation_stream.h:44]   --->   Operation 42 'partselect' 'trunc_ln44_36' <Predicate = true> <Delay = 0.00>
ST_1 : Operation 43 [1/1] (0.00ns)   --->   "%trunc_ln44_37 = partselect i37 @_ssdm_op_PartSelect.i37.i2368.i32.i32, i2368 %layer2_out_read, i32 1406, i32 1442" [firmware/nnet_utils/nnet_activation_stream.h:44]   --->   Operation 43 'partselect' 'trunc_ln44_37' <Predicate = true> <Delay = 0.00>
ST_1 : Operation 44 [1/1] (0.00ns)   --->   "%trunc_ln44_38 = partselect i37 @_ssdm_op_PartSelect.i37.i2368.i32.i32, i2368 %layer2_out_read, i32 1443, i32 1479" [firmware/nnet_utils/nnet_activation_stream.h:44]   --->   Operation 44 'partselect' 'trunc_ln44_38' <Predicate = true> <Delay = 0.00>
ST_1 : Operation 45 [1/1] (0.00ns)   --->   "%trunc_ln44_39 = partselect i37 @_ssdm_op_PartSelect.i37.i2368.i32.i32, i2368 %layer2_out_read, i32 1480, i32 1516" [firmware/nnet_utils/nnet_activation_stream.h:44]   --->   Operation 45 'partselect' 'trunc_ln44_39' <Predicate = true> <Delay = 0.00>
ST_1 : Operation 46 [1/1] (0.00ns)   --->   "%trunc_ln44_40 = partselect i37 @_ssdm_op_PartSelect.i37.i2368.i32.i32, i2368 %layer2_out_read, i32 1517, i32 1553" [firmware/nnet_utils/nnet_activation_stream.h:44]   --->   Operation 46 'partselect' 'trunc_ln44_40' <Predicate = true> <Delay = 0.00>
ST_1 : Operation 47 [1/1] (0.00ns)   --->   "%trunc_ln44_41 = partselect i37 @_ssdm_op_PartSelect.i37.i2368.i32.i32, i2368 %layer2_out_read, i32 1554, i32 1590" [firmware/nnet_utils/nnet_activation_stream.h:44]   --->   Operation 47 'partselect' 'trunc_ln44_41' <Predicate = true> <Delay = 0.00>
ST_1 : Operation 48 [1/1] (0.00ns)   --->   "%trunc_ln44_42 = partselect i37 @_ssdm_op_PartSelect.i37.i2368.i32.i32, i2368 %layer2_out_read, i32 1591, i32 1627" [firmware/nnet_utils/nnet_activation_stream.h:44]   --->   Operation 48 'partselect' 'trunc_ln44_42' <Predicate = true> <Delay = 0.00>
ST_1 : Operation 49 [1/1] (0.00ns)   --->   "%trunc_ln44_43 = partselect i37 @_ssdm_op_PartSelect.i37.i2368.i32.i32, i2368 %layer2_out_read, i32 1628, i32 1664" [firmware/nnet_utils/nnet_activation_stream.h:44]   --->   Operation 49 'partselect' 'trunc_ln44_43' <Predicate = true> <Delay = 0.00>
ST_1 : Operation 50 [1/1] (0.00ns)   --->   "%trunc_ln44_44 = partselect i37 @_ssdm_op_PartSelect.i37.i2368.i32.i32, i2368 %layer2_out_read, i32 1665, i32 1701" [firmware/nnet_utils/nnet_activation_stream.h:44]   --->   Operation 50 'partselect' 'trunc_ln44_44' <Predicate = true> <Delay = 0.00>
ST_1 : Operation 51 [1/1] (0.00ns)   --->   "%trunc_ln44_45 = partselect i37 @_ssdm_op_PartSelect.i37.i2368.i32.i32, i2368 %layer2_out_read, i32 1702, i32 1738" [firmware/nnet_utils/nnet_activation_stream.h:44]   --->   Operation 51 'partselect' 'trunc_ln44_45' <Predicate = true> <Delay = 0.00>
ST_1 : Operation 52 [1/1] (0.00ns)   --->   "%trunc_ln44_46 = partselect i37 @_ssdm_op_PartSelect.i37.i2368.i32.i32, i2368 %layer2_out_read, i32 1739, i32 1775" [firmware/nnet_utils/nnet_activation_stream.h:44]   --->   Operation 52 'partselect' 'trunc_ln44_46' <Predicate = true> <Delay = 0.00>
ST_1 : Operation 53 [1/1] (0.00ns)   --->   "%trunc_ln44_47 = partselect i37 @_ssdm_op_PartSelect.i37.i2368.i32.i32, i2368 %layer2_out_read, i32 1776, i32 1812" [firmware/nnet_utils/nnet_activation_stream.h:44]   --->   Operation 53 'partselect' 'trunc_ln44_47' <Predicate = true> <Delay = 0.00>
ST_1 : Operation 54 [1/1] (0.00ns)   --->   "%trunc_ln44_48 = partselect i37 @_ssdm_op_PartSelect.i37.i2368.i32.i32, i2368 %layer2_out_read, i32 1813, i32 1849" [firmware/nnet_utils/nnet_activation_stream.h:44]   --->   Operation 54 'partselect' 'trunc_ln44_48' <Predicate = true> <Delay = 0.00>
ST_1 : Operation 55 [1/1] (0.00ns)   --->   "%trunc_ln44_49 = partselect i37 @_ssdm_op_PartSelect.i37.i2368.i32.i32, i2368 %layer2_out_read, i32 1850, i32 1886" [firmware/nnet_utils/nnet_activation_stream.h:44]   --->   Operation 55 'partselect' 'trunc_ln44_49' <Predicate = true> <Delay = 0.00>
ST_1 : Operation 56 [1/1] (0.00ns)   --->   "%trunc_ln44_50 = partselect i37 @_ssdm_op_PartSelect.i37.i2368.i32.i32, i2368 %layer2_out_read, i32 1887, i32 1923" [firmware/nnet_utils/nnet_activation_stream.h:44]   --->   Operation 56 'partselect' 'trunc_ln44_50' <Predicate = true> <Delay = 0.00>
ST_1 : Operation 57 [1/1] (0.00ns)   --->   "%trunc_ln44_51 = partselect i37 @_ssdm_op_PartSelect.i37.i2368.i32.i32, i2368 %layer2_out_read, i32 1924, i32 1960" [firmware/nnet_utils/nnet_activation_stream.h:44]   --->   Operation 57 'partselect' 'trunc_ln44_51' <Predicate = true> <Delay = 0.00>
ST_1 : Operation 58 [1/1] (0.00ns)   --->   "%trunc_ln44_52 = partselect i37 @_ssdm_op_PartSelect.i37.i2368.i32.i32, i2368 %layer2_out_read, i32 1961, i32 1997" [firmware/nnet_utils/nnet_activation_stream.h:44]   --->   Operation 58 'partselect' 'trunc_ln44_52' <Predicate = true> <Delay = 0.00>
ST_1 : Operation 59 [1/1] (0.00ns)   --->   "%trunc_ln44_53 = partselect i37 @_ssdm_op_PartSelect.i37.i2368.i32.i32, i2368 %layer2_out_read, i32 1998, i32 2034" [firmware/nnet_utils/nnet_activation_stream.h:44]   --->   Operation 59 'partselect' 'trunc_ln44_53' <Predicate = true> <Delay = 0.00>
ST_1 : Operation 60 [1/1] (0.00ns)   --->   "%trunc_ln44_54 = partselect i37 @_ssdm_op_PartSelect.i37.i2368.i32.i32, i2368 %layer2_out_read, i32 2035, i32 2071" [firmware/nnet_utils/nnet_activation_stream.h:44]   --->   Operation 60 'partselect' 'trunc_ln44_54' <Predicate = true> <Delay = 0.00>
ST_1 : Operation 61 [1/1] (0.00ns)   --->   "%trunc_ln44_55 = partselect i37 @_ssdm_op_PartSelect.i37.i2368.i32.i32, i2368 %layer2_out_read, i32 2072, i32 2108" [firmware/nnet_utils/nnet_activation_stream.h:44]   --->   Operation 61 'partselect' 'trunc_ln44_55' <Predicate = true> <Delay = 0.00>
ST_1 : Operation 62 [1/1] (0.00ns)   --->   "%trunc_ln44_56 = partselect i37 @_ssdm_op_PartSelect.i37.i2368.i32.i32, i2368 %layer2_out_read, i32 2109, i32 2145" [firmware/nnet_utils/nnet_activation_stream.h:44]   --->   Operation 62 'partselect' 'trunc_ln44_56' <Predicate = true> <Delay = 0.00>
ST_1 : Operation 63 [1/1] (0.00ns)   --->   "%trunc_ln44_57 = partselect i37 @_ssdm_op_PartSelect.i37.i2368.i32.i32, i2368 %layer2_out_read, i32 2146, i32 2182" [firmware/nnet_utils/nnet_activation_stream.h:44]   --->   Operation 63 'partselect' 'trunc_ln44_57' <Predicate = true> <Delay = 0.00>
ST_1 : Operation 64 [1/1] (0.00ns)   --->   "%trunc_ln44_58 = partselect i37 @_ssdm_op_PartSelect.i37.i2368.i32.i32, i2368 %layer2_out_read, i32 2183, i32 2219" [firmware/nnet_utils/nnet_activation_stream.h:44]   --->   Operation 64 'partselect' 'trunc_ln44_58' <Predicate = true> <Delay = 0.00>
ST_1 : Operation 65 [1/1] (0.00ns)   --->   "%trunc_ln44_59 = partselect i37 @_ssdm_op_PartSelect.i37.i2368.i32.i32, i2368 %layer2_out_read, i32 2220, i32 2256" [firmware/nnet_utils/nnet_activation_stream.h:44]   --->   Operation 65 'partselect' 'trunc_ln44_59' <Predicate = true> <Delay = 0.00>
ST_1 : Operation 66 [1/1] (0.00ns)   --->   "%trunc_ln44_60 = partselect i37 @_ssdm_op_PartSelect.i37.i2368.i32.i32, i2368 %layer2_out_read, i32 2257, i32 2293" [firmware/nnet_utils/nnet_activation_stream.h:44]   --->   Operation 66 'partselect' 'trunc_ln44_60' <Predicate = true> <Delay = 0.00>
ST_1 : Operation 67 [1/1] (0.00ns)   --->   "%trunc_ln44_61 = partselect i37 @_ssdm_op_PartSelect.i37.i2368.i32.i32, i2368 %layer2_out_read, i32 2294, i32 2330" [firmware/nnet_utils/nnet_activation_stream.h:44]   --->   Operation 67 'partselect' 'trunc_ln44_61' <Predicate = true> <Delay = 0.00>
ST_1 : Operation 68 [1/1] (0.00ns)   --->   "%trunc_ln44_62 = partselect i37 @_ssdm_op_PartSelect.i37.i2368.i32.i32, i2368 %layer2_out_read, i32 2331, i32 2367" [firmware/nnet_utils/nnet_activation_stream.h:44]   --->   Operation 68 'partselect' 'trunc_ln44_62' <Predicate = true> <Delay = 0.00>
ST_1 : Operation 69 [1/1] (0.00ns)   --->   "%trunc_ln4 = partselect i16 @_ssdm_op_PartSelect.i16.i2368.i32.i32, i2368 %layer2_out_read, i32 10, i32 25" [firmware/nnet_utils/nnet_activation_stream.h:52]   --->   Operation 69 'partselect' 'trunc_ln4' <Predicate = true> <Delay = 0.00>
ST_1 : Operation 70 [1/1] (0.00ns)   --->   "%trunc_ln52_s = partselect i16 @_ssdm_op_PartSelect.i16.i2368.i32.i32, i2368 %layer2_out_read, i32 47, i32 62" [firmware/nnet_utils/nnet_activation_stream.h:52]   --->   Operation 70 'partselect' 'trunc_ln52_s' <Predicate = true> <Delay = 0.00>
ST_1 : Operation 71 [1/1] (0.00ns)   --->   "%trunc_ln52_1 = partselect i16 @_ssdm_op_PartSelect.i16.i2368.i32.i32, i2368 %layer2_out_read, i32 84, i32 99" [firmware/nnet_utils/nnet_activation_stream.h:52]   --->   Operation 71 'partselect' 'trunc_ln52_1' <Predicate = true> <Delay = 0.00>
ST_1 : Operation 72 [1/1] (0.00ns)   --->   "%trunc_ln52_2 = partselect i16 @_ssdm_op_PartSelect.i16.i2368.i32.i32, i2368 %layer2_out_read, i32 121, i32 136" [firmware/nnet_utils/nnet_activation_stream.h:52]   --->   Operation 72 'partselect' 'trunc_ln52_2' <Predicate = true> <Delay = 0.00>
ST_1 : Operation 73 [1/1] (0.00ns)   --->   "%trunc_ln52_3 = partselect i16 @_ssdm_op_PartSelect.i16.i2368.i32.i32, i2368 %layer2_out_read, i32 158, i32 173" [firmware/nnet_utils/nnet_activation_stream.h:52]   --->   Operation 73 'partselect' 'trunc_ln52_3' <Predicate = true> <Delay = 0.00>
ST_1 : Operation 74 [1/1] (0.00ns)   --->   "%trunc_ln52_4 = partselect i16 @_ssdm_op_PartSelect.i16.i2368.i32.i32, i2368 %layer2_out_read, i32 195, i32 210" [firmware/nnet_utils/nnet_activation_stream.h:52]   --->   Operation 74 'partselect' 'trunc_ln52_4' <Predicate = true> <Delay = 0.00>
ST_1 : Operation 75 [1/1] (0.00ns)   --->   "%trunc_ln52_5 = partselect i16 @_ssdm_op_PartSelect.i16.i2368.i32.i32, i2368 %layer2_out_read, i32 232, i32 247" [firmware/nnet_utils/nnet_activation_stream.h:52]   --->   Operation 75 'partselect' 'trunc_ln52_5' <Predicate = true> <Delay = 0.00>
ST_1 : Operation 76 [1/1] (0.00ns)   --->   "%trunc_ln52_6 = partselect i16 @_ssdm_op_PartSelect.i16.i2368.i32.i32, i2368 %layer2_out_read, i32 269, i32 284" [firmware/nnet_utils/nnet_activation_stream.h:52]   --->   Operation 76 'partselect' 'trunc_ln52_6' <Predicate = true> <Delay = 0.00>
ST_1 : Operation 77 [1/1] (0.00ns)   --->   "%trunc_ln52_7 = partselect i16 @_ssdm_op_PartSelect.i16.i2368.i32.i32, i2368 %layer2_out_read, i32 306, i32 321" [firmware/nnet_utils/nnet_activation_stream.h:52]   --->   Operation 77 'partselect' 'trunc_ln52_7' <Predicate = true> <Delay = 0.00>
ST_1 : Operation 78 [1/1] (0.00ns)   --->   "%trunc_ln52_8 = partselect i16 @_ssdm_op_PartSelect.i16.i2368.i32.i32, i2368 %layer2_out_read, i32 343, i32 358" [firmware/nnet_utils/nnet_activation_stream.h:52]   --->   Operation 78 'partselect' 'trunc_ln52_8' <Predicate = true> <Delay = 0.00>
ST_1 : Operation 79 [1/1] (0.00ns)   --->   "%trunc_ln52_9 = partselect i16 @_ssdm_op_PartSelect.i16.i2368.i32.i32, i2368 %layer2_out_read, i32 380, i32 395" [firmware/nnet_utils/nnet_activation_stream.h:52]   --->   Operation 79 'partselect' 'trunc_ln52_9' <Predicate = true> <Delay = 0.00>
ST_1 : Operation 80 [1/1] (0.00ns)   --->   "%trunc_ln52_10 = partselect i16 @_ssdm_op_PartSelect.i16.i2368.i32.i32, i2368 %layer2_out_read, i32 417, i32 432" [firmware/nnet_utils/nnet_activation_stream.h:52]   --->   Operation 80 'partselect' 'trunc_ln52_10' <Predicate = true> <Delay = 0.00>
ST_1 : Operation 81 [1/1] (0.00ns)   --->   "%trunc_ln52_11 = partselect i16 @_ssdm_op_PartSelect.i16.i2368.i32.i32, i2368 %layer2_out_read, i32 454, i32 469" [firmware/nnet_utils/nnet_activation_stream.h:52]   --->   Operation 81 'partselect' 'trunc_ln52_11' <Predicate = true> <Delay = 0.00>
ST_1 : Operation 82 [1/1] (0.00ns)   --->   "%trunc_ln52_12 = partselect i16 @_ssdm_op_PartSelect.i16.i2368.i32.i32, i2368 %layer2_out_read, i32 491, i32 506" [firmware/nnet_utils/nnet_activation_stream.h:52]   --->   Operation 82 'partselect' 'trunc_ln52_12' <Predicate = true> <Delay = 0.00>
ST_1 : Operation 83 [1/1] (0.00ns)   --->   "%trunc_ln52_13 = partselect i16 @_ssdm_op_PartSelect.i16.i2368.i32.i32, i2368 %layer2_out_read, i32 528, i32 543" [firmware/nnet_utils/nnet_activation_stream.h:52]   --->   Operation 83 'partselect' 'trunc_ln52_13' <Predicate = true> <Delay = 0.00>
ST_1 : Operation 84 [1/1] (0.00ns)   --->   "%trunc_ln52_14 = partselect i16 @_ssdm_op_PartSelect.i16.i2368.i32.i32, i2368 %layer2_out_read, i32 565, i32 580" [firmware/nnet_utils/nnet_activation_stream.h:52]   --->   Operation 84 'partselect' 'trunc_ln52_14' <Predicate = true> <Delay = 0.00>
ST_1 : Operation 85 [1/1] (0.00ns)   --->   "%trunc_ln52_15 = partselect i16 @_ssdm_op_PartSelect.i16.i2368.i32.i32, i2368 %layer2_out_read, i32 602, i32 617" [firmware/nnet_utils/nnet_activation_stream.h:52]   --->   Operation 85 'partselect' 'trunc_ln52_15' <Predicate = true> <Delay = 0.00>
ST_1 : Operation 86 [1/1] (0.00ns)   --->   "%trunc_ln52_16 = partselect i16 @_ssdm_op_PartSelect.i16.i2368.i32.i32, i2368 %layer2_out_read, i32 639, i32 654" [firmware/nnet_utils/nnet_activation_stream.h:52]   --->   Operation 86 'partselect' 'trunc_ln52_16' <Predicate = true> <Delay = 0.00>
ST_1 : Operation 87 [1/1] (0.00ns)   --->   "%trunc_ln52_17 = partselect i16 @_ssdm_op_PartSelect.i16.i2368.i32.i32, i2368 %layer2_out_read, i32 676, i32 691" [firmware/nnet_utils/nnet_activation_stream.h:52]   --->   Operation 87 'partselect' 'trunc_ln52_17' <Predicate = true> <Delay = 0.00>
ST_1 : Operation 88 [1/1] (0.00ns)   --->   "%trunc_ln52_18 = partselect i16 @_ssdm_op_PartSelect.i16.i2368.i32.i32, i2368 %layer2_out_read, i32 713, i32 728" [firmware/nnet_utils/nnet_activation_stream.h:52]   --->   Operation 88 'partselect' 'trunc_ln52_18' <Predicate = true> <Delay = 0.00>
ST_1 : Operation 89 [1/1] (0.00ns)   --->   "%trunc_ln52_19 = partselect i16 @_ssdm_op_PartSelect.i16.i2368.i32.i32, i2368 %layer2_out_read, i32 750, i32 765" [firmware/nnet_utils/nnet_activation_stream.h:52]   --->   Operation 89 'partselect' 'trunc_ln52_19' <Predicate = true> <Delay = 0.00>
ST_1 : Operation 90 [1/1] (0.00ns)   --->   "%trunc_ln52_20 = partselect i16 @_ssdm_op_PartSelect.i16.i2368.i32.i32, i2368 %layer2_out_read, i32 787, i32 802" [firmware/nnet_utils/nnet_activation_stream.h:52]   --->   Operation 90 'partselect' 'trunc_ln52_20' <Predicate = true> <Delay = 0.00>
ST_1 : Operation 91 [1/1] (0.00ns)   --->   "%trunc_ln52_21 = partselect i16 @_ssdm_op_PartSelect.i16.i2368.i32.i32, i2368 %layer2_out_read, i32 824, i32 839" [firmware/nnet_utils/nnet_activation_stream.h:52]   --->   Operation 91 'partselect' 'trunc_ln52_21' <Predicate = true> <Delay = 0.00>
ST_1 : Operation 92 [1/1] (0.00ns)   --->   "%trunc_ln52_22 = partselect i16 @_ssdm_op_PartSelect.i16.i2368.i32.i32, i2368 %layer2_out_read, i32 861, i32 876" [firmware/nnet_utils/nnet_activation_stream.h:52]   --->   Operation 92 'partselect' 'trunc_ln52_22' <Predicate = true> <Delay = 0.00>
ST_1 : Operation 93 [1/1] (0.00ns)   --->   "%trunc_ln52_23 = partselect i16 @_ssdm_op_PartSelect.i16.i2368.i32.i32, i2368 %layer2_out_read, i32 898, i32 913" [firmware/nnet_utils/nnet_activation_stream.h:52]   --->   Operation 93 'partselect' 'trunc_ln52_23' <Predicate = true> <Delay = 0.00>
ST_1 : Operation 94 [1/1] (0.00ns)   --->   "%trunc_ln52_24 = partselect i16 @_ssdm_op_PartSelect.i16.i2368.i32.i32, i2368 %layer2_out_read, i32 935, i32 950" [firmware/nnet_utils/nnet_activation_stream.h:52]   --->   Operation 94 'partselect' 'trunc_ln52_24' <Predicate = true> <Delay = 0.00>
ST_1 : Operation 95 [1/1] (0.00ns)   --->   "%trunc_ln52_25 = partselect i16 @_ssdm_op_PartSelect.i16.i2368.i32.i32, i2368 %layer2_out_read, i32 972, i32 987" [firmware/nnet_utils/nnet_activation_stream.h:52]   --->   Operation 95 'partselect' 'trunc_ln52_25' <Predicate = true> <Delay = 0.00>
ST_1 : Operation 96 [1/1] (0.00ns)   --->   "%trunc_ln52_26 = partselect i16 @_ssdm_op_PartSelect.i16.i2368.i32.i32, i2368 %layer2_out_read, i32 1009, i32 1024" [firmware/nnet_utils/nnet_activation_stream.h:52]   --->   Operation 96 'partselect' 'trunc_ln52_26' <Predicate = true> <Delay = 0.00>
ST_1 : Operation 97 [1/1] (0.00ns)   --->   "%trunc_ln52_27 = partselect i16 @_ssdm_op_PartSelect.i16.i2368.i32.i32, i2368 %layer2_out_read, i32 1046, i32 1061" [firmware/nnet_utils/nnet_activation_stream.h:52]   --->   Operation 97 'partselect' 'trunc_ln52_27' <Predicate = true> <Delay = 0.00>
ST_1 : Operation 98 [1/1] (0.00ns)   --->   "%trunc_ln52_28 = partselect i16 @_ssdm_op_PartSelect.i16.i2368.i32.i32, i2368 %layer2_out_read, i32 1083, i32 1098" [firmware/nnet_utils/nnet_activation_stream.h:52]   --->   Operation 98 'partselect' 'trunc_ln52_28' <Predicate = true> <Delay = 0.00>
ST_1 : Operation 99 [1/1] (0.00ns)   --->   "%trunc_ln52_29 = partselect i16 @_ssdm_op_PartSelect.i16.i2368.i32.i32, i2368 %layer2_out_read, i32 1120, i32 1135" [firmware/nnet_utils/nnet_activation_stream.h:52]   --->   Operation 99 'partselect' 'trunc_ln52_29' <Predicate = true> <Delay = 0.00>
ST_1 : Operation 100 [1/1] (0.00ns)   --->   "%trunc_ln52_30 = partselect i16 @_ssdm_op_PartSelect.i16.i2368.i32.i32, i2368 %layer2_out_read, i32 1157, i32 1172" [firmware/nnet_utils/nnet_activation_stream.h:52]   --->   Operation 100 'partselect' 'trunc_ln52_30' <Predicate = true> <Delay = 0.00>
ST_1 : Operation 101 [1/1] (0.00ns)   --->   "%trunc_ln52_31 = partselect i16 @_ssdm_op_PartSelect.i16.i2368.i32.i32, i2368 %layer2_out_read, i32 1194, i32 1209" [firmware/nnet_utils/nnet_activation_stream.h:52]   --->   Operation 101 'partselect' 'trunc_ln52_31' <Predicate = true> <Delay = 0.00>
ST_1 : Operation 102 [1/1] (0.00ns)   --->   "%trunc_ln52_32 = partselect i16 @_ssdm_op_PartSelect.i16.i2368.i32.i32, i2368 %layer2_out_read, i32 1231, i32 1246" [firmware/nnet_utils/nnet_activation_stream.h:52]   --->   Operation 102 'partselect' 'trunc_ln52_32' <Predicate = true> <Delay = 0.00>
ST_1 : Operation 103 [1/1] (0.00ns)   --->   "%trunc_ln52_33 = partselect i16 @_ssdm_op_PartSelect.i16.i2368.i32.i32, i2368 %layer2_out_read, i32 1268, i32 1283" [firmware/nnet_utils/nnet_activation_stream.h:52]   --->   Operation 103 'partselect' 'trunc_ln52_33' <Predicate = true> <Delay = 0.00>
ST_1 : Operation 104 [1/1] (0.00ns)   --->   "%trunc_ln52_34 = partselect i16 @_ssdm_op_PartSelect.i16.i2368.i32.i32, i2368 %layer2_out_read, i32 1305, i32 1320" [firmware/nnet_utils/nnet_activation_stream.h:52]   --->   Operation 104 'partselect' 'trunc_ln52_34' <Predicate = true> <Delay = 0.00>
ST_1 : Operation 105 [1/1] (0.00ns)   --->   "%trunc_ln52_35 = partselect i16 @_ssdm_op_PartSelect.i16.i2368.i32.i32, i2368 %layer2_out_read, i32 1342, i32 1357" [firmware/nnet_utils/nnet_activation_stream.h:52]   --->   Operation 105 'partselect' 'trunc_ln52_35' <Predicate = true> <Delay = 0.00>
ST_1 : Operation 106 [1/1] (0.00ns)   --->   "%trunc_ln52_36 = partselect i16 @_ssdm_op_PartSelect.i16.i2368.i32.i32, i2368 %layer2_out_read, i32 1379, i32 1394" [firmware/nnet_utils/nnet_activation_stream.h:52]   --->   Operation 106 'partselect' 'trunc_ln52_36' <Predicate = true> <Delay = 0.00>
ST_1 : Operation 107 [1/1] (0.00ns)   --->   "%trunc_ln52_37 = partselect i16 @_ssdm_op_PartSelect.i16.i2368.i32.i32, i2368 %layer2_out_read, i32 1416, i32 1431" [firmware/nnet_utils/nnet_activation_stream.h:52]   --->   Operation 107 'partselect' 'trunc_ln52_37' <Predicate = true> <Delay = 0.00>
ST_1 : Operation 108 [1/1] (0.00ns)   --->   "%trunc_ln52_38 = partselect i16 @_ssdm_op_PartSelect.i16.i2368.i32.i32, i2368 %layer2_out_read, i32 1453, i32 1468" [firmware/nnet_utils/nnet_activation_stream.h:52]   --->   Operation 108 'partselect' 'trunc_ln52_38' <Predicate = true> <Delay = 0.00>
ST_1 : Operation 109 [1/1] (0.00ns)   --->   "%trunc_ln52_39 = partselect i16 @_ssdm_op_PartSelect.i16.i2368.i32.i32, i2368 %layer2_out_read, i32 1490, i32 1505" [firmware/nnet_utils/nnet_activation_stream.h:52]   --->   Operation 109 'partselect' 'trunc_ln52_39' <Predicate = true> <Delay = 0.00>
ST_1 : Operation 110 [1/1] (0.00ns)   --->   "%trunc_ln52_40 = partselect i16 @_ssdm_op_PartSelect.i16.i2368.i32.i32, i2368 %layer2_out_read, i32 1527, i32 1542" [firmware/nnet_utils/nnet_activation_stream.h:52]   --->   Operation 110 'partselect' 'trunc_ln52_40' <Predicate = true> <Delay = 0.00>
ST_1 : Operation 111 [1/1] (0.00ns)   --->   "%trunc_ln52_41 = partselect i16 @_ssdm_op_PartSelect.i16.i2368.i32.i32, i2368 %layer2_out_read, i32 1564, i32 1579" [firmware/nnet_utils/nnet_activation_stream.h:52]   --->   Operation 111 'partselect' 'trunc_ln52_41' <Predicate = true> <Delay = 0.00>
ST_1 : Operation 112 [1/1] (0.00ns)   --->   "%trunc_ln52_42 = partselect i16 @_ssdm_op_PartSelect.i16.i2368.i32.i32, i2368 %layer2_out_read, i32 1601, i32 1616" [firmware/nnet_utils/nnet_activation_stream.h:52]   --->   Operation 112 'partselect' 'trunc_ln52_42' <Predicate = true> <Delay = 0.00>
ST_1 : Operation 113 [1/1] (0.00ns)   --->   "%trunc_ln52_43 = partselect i16 @_ssdm_op_PartSelect.i16.i2368.i32.i32, i2368 %layer2_out_read, i32 1638, i32 1653" [firmware/nnet_utils/nnet_activation_stream.h:52]   --->   Operation 113 'partselect' 'trunc_ln52_43' <Predicate = true> <Delay = 0.00>
ST_1 : Operation 114 [1/1] (0.00ns)   --->   "%trunc_ln52_44 = partselect i16 @_ssdm_op_PartSelect.i16.i2368.i32.i32, i2368 %layer2_out_read, i32 1675, i32 1690" [firmware/nnet_utils/nnet_activation_stream.h:52]   --->   Operation 114 'partselect' 'trunc_ln52_44' <Predicate = true> <Delay = 0.00>
ST_1 : Operation 115 [1/1] (0.00ns)   --->   "%trunc_ln52_45 = partselect i16 @_ssdm_op_PartSelect.i16.i2368.i32.i32, i2368 %layer2_out_read, i32 1712, i32 1727" [firmware/nnet_utils/nnet_activation_stream.h:52]   --->   Operation 115 'partselect' 'trunc_ln52_45' <Predicate = true> <Delay = 0.00>
ST_1 : Operation 116 [1/1] (0.00ns)   --->   "%trunc_ln52_46 = partselect i16 @_ssdm_op_PartSelect.i16.i2368.i32.i32, i2368 %layer2_out_read, i32 1749, i32 1764" [firmware/nnet_utils/nnet_activation_stream.h:52]   --->   Operation 116 'partselect' 'trunc_ln52_46' <Predicate = true> <Delay = 0.00>
ST_1 : Operation 117 [1/1] (0.00ns)   --->   "%trunc_ln52_47 = partselect i16 @_ssdm_op_PartSelect.i16.i2368.i32.i32, i2368 %layer2_out_read, i32 1786, i32 1801" [firmware/nnet_utils/nnet_activation_stream.h:52]   --->   Operation 117 'partselect' 'trunc_ln52_47' <Predicate = true> <Delay = 0.00>
ST_1 : Operation 118 [1/1] (0.00ns)   --->   "%trunc_ln52_48 = partselect i16 @_ssdm_op_PartSelect.i16.i2368.i32.i32, i2368 %layer2_out_read, i32 1823, i32 1838" [firmware/nnet_utils/nnet_activation_stream.h:52]   --->   Operation 118 'partselect' 'trunc_ln52_48' <Predicate = true> <Delay = 0.00>
ST_1 : Operation 119 [1/1] (0.00ns)   --->   "%trunc_ln52_49 = partselect i16 @_ssdm_op_PartSelect.i16.i2368.i32.i32, i2368 %layer2_out_read, i32 1860, i32 1875" [firmware/nnet_utils/nnet_activation_stream.h:52]   --->   Operation 119 'partselect' 'trunc_ln52_49' <Predicate = true> <Delay = 0.00>
ST_1 : Operation 120 [1/1] (0.00ns)   --->   "%trunc_ln52_50 = partselect i16 @_ssdm_op_PartSelect.i16.i2368.i32.i32, i2368 %layer2_out_read, i32 1897, i32 1912" [firmware/nnet_utils/nnet_activation_stream.h:52]   --->   Operation 120 'partselect' 'trunc_ln52_50' <Predicate = true> <Delay = 0.00>
ST_1 : Operation 121 [1/1] (0.00ns)   --->   "%trunc_ln52_51 = partselect i16 @_ssdm_op_PartSelect.i16.i2368.i32.i32, i2368 %layer2_out_read, i32 1934, i32 1949" [firmware/nnet_utils/nnet_activation_stream.h:52]   --->   Operation 121 'partselect' 'trunc_ln52_51' <Predicate = true> <Delay = 0.00>
ST_1 : Operation 122 [1/1] (0.00ns)   --->   "%trunc_ln52_52 = partselect i16 @_ssdm_op_PartSelect.i16.i2368.i32.i32, i2368 %layer2_out_read, i32 1971, i32 1986" [firmware/nnet_utils/nnet_activation_stream.h:52]   --->   Operation 122 'partselect' 'trunc_ln52_52' <Predicate = true> <Delay = 0.00>
ST_1 : Operation 123 [1/1] (0.00ns)   --->   "%trunc_ln52_53 = partselect i16 @_ssdm_op_PartSelect.i16.i2368.i32.i32, i2368 %layer2_out_read, i32 2008, i32 2023" [firmware/nnet_utils/nnet_activation_stream.h:52]   --->   Operation 123 'partselect' 'trunc_ln52_53' <Predicate = true> <Delay = 0.00>
ST_1 : Operation 124 [1/1] (0.00ns)   --->   "%trunc_ln52_54 = partselect i16 @_ssdm_op_PartSelect.i16.i2368.i32.i32, i2368 %layer2_out_read, i32 2045, i32 2060" [firmware/nnet_utils/nnet_activation_stream.h:52]   --->   Operation 124 'partselect' 'trunc_ln52_54' <Predicate = true> <Delay = 0.00>
ST_1 : Operation 125 [1/1] (0.00ns)   --->   "%trunc_ln52_55 = partselect i16 @_ssdm_op_PartSelect.i16.i2368.i32.i32, i2368 %layer2_out_read, i32 2082, i32 2097" [firmware/nnet_utils/nnet_activation_stream.h:52]   --->   Operation 125 'partselect' 'trunc_ln52_55' <Predicate = true> <Delay = 0.00>
ST_1 : Operation 126 [1/1] (0.00ns)   --->   "%trunc_ln52_56 = partselect i16 @_ssdm_op_PartSelect.i16.i2368.i32.i32, i2368 %layer2_out_read, i32 2119, i32 2134" [firmware/nnet_utils/nnet_activation_stream.h:52]   --->   Operation 126 'partselect' 'trunc_ln52_56' <Predicate = true> <Delay = 0.00>
ST_1 : Operation 127 [1/1] (0.00ns)   --->   "%trunc_ln52_57 = partselect i16 @_ssdm_op_PartSelect.i16.i2368.i32.i32, i2368 %layer2_out_read, i32 2156, i32 2171" [firmware/nnet_utils/nnet_activation_stream.h:52]   --->   Operation 127 'partselect' 'trunc_ln52_57' <Predicate = true> <Delay = 0.00>
ST_1 : Operation 128 [1/1] (0.00ns)   --->   "%trunc_ln52_58 = partselect i16 @_ssdm_op_PartSelect.i16.i2368.i32.i32, i2368 %layer2_out_read, i32 2193, i32 2208" [firmware/nnet_utils/nnet_activation_stream.h:52]   --->   Operation 128 'partselect' 'trunc_ln52_58' <Predicate = true> <Delay = 0.00>
ST_1 : Operation 129 [1/1] (0.00ns)   --->   "%trunc_ln52_59 = partselect i16 @_ssdm_op_PartSelect.i16.i2368.i32.i32, i2368 %layer2_out_read, i32 2230, i32 2245" [firmware/nnet_utils/nnet_activation_stream.h:52]   --->   Operation 129 'partselect' 'trunc_ln52_59' <Predicate = true> <Delay = 0.00>
ST_1 : Operation 130 [1/1] (0.00ns)   --->   "%trunc_ln52_60 = partselect i16 @_ssdm_op_PartSelect.i16.i2368.i32.i32, i2368 %layer2_out_read, i32 2267, i32 2282" [firmware/nnet_utils/nnet_activation_stream.h:52]   --->   Operation 130 'partselect' 'trunc_ln52_60' <Predicate = true> <Delay = 0.00>
ST_1 : Operation 131 [1/1] (0.00ns)   --->   "%trunc_ln52_61 = partselect i16 @_ssdm_op_PartSelect.i16.i2368.i32.i32, i2368 %layer2_out_read, i32 2304, i32 2319" [firmware/nnet_utils/nnet_activation_stream.h:52]   --->   Operation 131 'partselect' 'trunc_ln52_61' <Predicate = true> <Delay = 0.00>
ST_1 : Operation 132 [1/1] (0.00ns)   --->   "%trunc_ln52_62 = partselect i16 @_ssdm_op_PartSelect.i16.i2368.i32.i32, i2368 %layer2_out_read, i32 2341, i32 2356" [firmware/nnet_utils/nnet_activation_stream.h:52]   --->   Operation 132 'partselect' 'trunc_ln52_62' <Predicate = true> <Delay = 0.00>

State 2 <SV = 1> <Delay = 3.56>
ST_2 : Operation 133 [1/1] (2.75ns)   --->   "%icmp_ln51 = icmp_sgt  i37 %trunc_ln44, i37 0" [firmware/nnet_utils/nnet_activation_stream.h:51]   --->   Operation 133 'icmp' 'icmp_ln51' <Predicate = true> <Delay = 2.75> <CoreInst = "Cmp">   --->   Core 9 'Cmp' <Latency = 0> <II = 1> <Delay = 2.75> <FuncUnit> <Opcode : 'seteq' 'setne' 'setle' 'setge' 'setlt' 'setgt'> <InPorts = 2> <OutPorts = 1>
ST_2 : Operation 134 [1/1] (0.80ns)   --->   "%select_ln51 = select i1 %icmp_ln51, i16 %trunc_ln4, i16 0" [firmware/nnet_utils/nnet_activation_stream.h:51]   --->   Operation 134 'select' 'select_ln51' <Predicate = true> <Delay = 0.80> <CoreInst = "Sel">   --->   Core 73 'Sel' <Latency = 0> <II = 1> <Delay = 0.80> <FuncUnit> <Opcode : 'select'> <InPorts = 3> <OutPorts = 1>
ST_2 : Operation 135 [1/1] (2.75ns)   --->   "%icmp_ln51_1 = icmp_sgt  i37 %trunc_ln44_s, i37 0" [firmware/nnet_utils/nnet_activation_stream.h:51]   --->   Operation 135 'icmp' 'icmp_ln51_1' <Predicate = true> <Delay = 2.75> <CoreInst = "Cmp">   --->   Core 9 'Cmp' <Latency = 0> <II = 1> <Delay = 2.75> <FuncUnit> <Opcode : 'seteq' 'setne' 'setle' 'setge' 'setlt' 'setgt'> <InPorts = 2> <OutPorts = 1>
ST_2 : Operation 136 [1/1] (0.80ns)   --->   "%select_ln51_1 = select i1 %icmp_ln51_1, i16 %trunc_ln52_s, i16 0" [firmware/nnet_utils/nnet_activation_stream.h:51]   --->   Operation 136 'select' 'select_ln51_1' <Predicate = true> <Delay = 0.80> <CoreInst = "Sel">   --->   Core 73 'Sel' <Latency = 0> <II = 1> <Delay = 0.80> <FuncUnit> <Opcode : 'select'> <InPorts = 3> <OutPorts = 1>
ST_2 : Operation 137 [1/1] (2.75ns)   --->   "%icmp_ln51_2 = icmp_sgt  i37 %trunc_ln44_1, i37 0" [firmware/nnet_utils/nnet_activation_stream.h:51]   --->   Operation 137 'icmp' 'icmp_ln51_2' <Predicate = true> <Delay = 2.75> <CoreInst = "Cmp">   --->   Core 9 'Cmp' <Latency = 0> <II = 1> <Delay = 2.75> <FuncUnit> <Opcode : 'seteq' 'setne' 'setle' 'setge' 'setlt' 'setgt'> <InPorts = 2> <OutPorts = 1>
ST_2 : Operation 138 [1/1] (0.80ns)   --->   "%select_ln51_2 = select i1 %icmp_ln51_2, i16 %trunc_ln52_1, i16 0" [firmware/nnet_utils/nnet_activation_stream.h:51]   --->   Operation 138 'select' 'select_ln51_2' <Predicate = true> <Delay = 0.80> <CoreInst = "Sel">   --->   Core 73 'Sel' <Latency = 0> <II = 1> <Delay = 0.80> <FuncUnit> <Opcode : 'select'> <InPorts = 3> <OutPorts = 1>
ST_2 : Operation 139 [1/1] (2.75ns)   --->   "%icmp_ln51_3 = icmp_sgt  i37 %trunc_ln44_2, i37 0" [firmware/nnet_utils/nnet_activation_stream.h:51]   --->   Operation 139 'icmp' 'icmp_ln51_3' <Predicate = true> <Delay = 2.75> <CoreInst = "Cmp">   --->   Core 9 'Cmp' <Latency = 0> <II = 1> <Delay = 2.75> <FuncUnit> <Opcode : 'seteq' 'setne' 'setle' 'setge' 'setlt' 'setgt'> <InPorts = 2> <OutPorts = 1>
ST_2 : Operation 140 [1/1] (0.80ns)   --->   "%select_ln51_3 = select i1 %icmp_ln51_3, i16 %trunc_ln52_2, i16 0" [firmware/nnet_utils/nnet_activation_stream.h:51]   --->   Operation 140 'select' 'select_ln51_3' <Predicate = true> <Delay = 0.80> <CoreInst = "Sel">   --->   Core 73 'Sel' <Latency = 0> <II = 1> <Delay = 0.80> <FuncUnit> <Opcode : 'select'> <InPorts = 3> <OutPorts = 1>
ST_2 : Operation 141 [1/1] (2.75ns)   --->   "%icmp_ln51_4 = icmp_sgt  i37 %trunc_ln44_3, i37 0" [firmware/nnet_utils/nnet_activation_stream.h:51]   --->   Operation 141 'icmp' 'icmp_ln51_4' <Predicate = true> <Delay = 2.75> <CoreInst = "Cmp">   --->   Core 9 'Cmp' <Latency = 0> <II = 1> <Delay = 2.75> <FuncUnit> <Opcode : 'seteq' 'setne' 'setle' 'setge' 'setlt' 'setgt'> <InPorts = 2> <OutPorts = 1>
ST_2 : Operation 142 [1/1] (0.80ns)   --->   "%select_ln51_4 = select i1 %icmp_ln51_4, i16 %trunc_ln52_3, i16 0" [firmware/nnet_utils/nnet_activation_stream.h:51]   --->   Operation 142 'select' 'select_ln51_4' <Predicate = true> <Delay = 0.80> <CoreInst = "Sel">   --->   Core 73 'Sel' <Latency = 0> <II = 1> <Delay = 0.80> <FuncUnit> <Opcode : 'select'> <InPorts = 3> <OutPorts = 1>
ST_2 : Operation 143 [1/1] (2.75ns)   --->   "%icmp_ln51_5 = icmp_sgt  i37 %trunc_ln44_4, i37 0" [firmware/nnet_utils/nnet_activation_stream.h:51]   --->   Operation 143 'icmp' 'icmp_ln51_5' <Predicate = true> <Delay = 2.75> <CoreInst = "Cmp">   --->   Core 9 'Cmp' <Latency = 0> <II = 1> <Delay = 2.75> <FuncUnit> <Opcode : 'seteq' 'setne' 'setle' 'setge' 'setlt' 'setgt'> <InPorts = 2> <OutPorts = 1>
ST_2 : Operation 144 [1/1] (0.80ns)   --->   "%select_ln51_5 = select i1 %icmp_ln51_5, i16 %trunc_ln52_4, i16 0" [firmware/nnet_utils/nnet_activation_stream.h:51]   --->   Operation 144 'select' 'select_ln51_5' <Predicate = true> <Delay = 0.80> <CoreInst = "Sel">   --->   Core 73 'Sel' <Latency = 0> <II = 1> <Delay = 0.80> <FuncUnit> <Opcode : 'select'> <InPorts = 3> <OutPorts = 1>
ST_2 : Operation 145 [1/1] (2.75ns)   --->   "%icmp_ln51_6 = icmp_sgt  i37 %trunc_ln44_5, i37 0" [firmware/nnet_utils/nnet_activation_stream.h:51]   --->   Operation 145 'icmp' 'icmp_ln51_6' <Predicate = true> <Delay = 2.75> <CoreInst = "Cmp">   --->   Core 9 'Cmp' <Latency = 0> <II = 1> <Delay = 2.75> <FuncUnit> <Opcode : 'seteq' 'setne' 'setle' 'setge' 'setlt' 'setgt'> <InPorts = 2> <OutPorts = 1>
ST_2 : Operation 146 [1/1] (0.80ns)   --->   "%select_ln51_6 = select i1 %icmp_ln51_6, i16 %trunc_ln52_5, i16 0" [firmware/nnet_utils/nnet_activation_stream.h:51]   --->   Operation 146 'select' 'select_ln51_6' <Predicate = true> <Delay = 0.80> <CoreInst = "Sel">   --->   Core 73 'Sel' <Latency = 0> <II = 1> <Delay = 0.80> <FuncUnit> <Opcode : 'select'> <InPorts = 3> <OutPorts = 1>
ST_2 : Operation 147 [1/1] (2.75ns)   --->   "%icmp_ln51_7 = icmp_sgt  i37 %trunc_ln44_6, i37 0" [firmware/nnet_utils/nnet_activation_stream.h:51]   --->   Operation 147 'icmp' 'icmp_ln51_7' <Predicate = true> <Delay = 2.75> <CoreInst = "Cmp">   --->   Core 9 'Cmp' <Latency = 0> <II = 1> <Delay = 2.75> <FuncUnit> <Opcode : 'seteq' 'setne' 'setle' 'setge' 'setlt' 'setgt'> <InPorts = 2> <OutPorts = 1>
ST_2 : Operation 148 [1/1] (0.80ns)   --->   "%select_ln51_7 = select i1 %icmp_ln51_7, i16 %trunc_ln52_6, i16 0" [firmware/nnet_utils/nnet_activation_stream.h:51]   --->   Operation 148 'select' 'select_ln51_7' <Predicate = true> <Delay = 0.80> <CoreInst = "Sel">   --->   Core 73 'Sel' <Latency = 0> <II = 1> <Delay = 0.80> <FuncUnit> <Opcode : 'select'> <InPorts = 3> <OutPorts = 1>
ST_2 : Operation 149 [1/1] (2.75ns)   --->   "%icmp_ln51_8 = icmp_sgt  i37 %trunc_ln44_7, i37 0" [firmware/nnet_utils/nnet_activation_stream.h:51]   --->   Operation 149 'icmp' 'icmp_ln51_8' <Predicate = true> <Delay = 2.75> <CoreInst = "Cmp">   --->   Core 9 'Cmp' <Latency = 0> <II = 1> <Delay = 2.75> <FuncUnit> <Opcode : 'seteq' 'setne' 'setle' 'setge' 'setlt' 'setgt'> <InPorts = 2> <OutPorts = 1>
ST_2 : Operation 150 [1/1] (0.80ns)   --->   "%select_ln51_8 = select i1 %icmp_ln51_8, i16 %trunc_ln52_7, i16 0" [firmware/nnet_utils/nnet_activation_stream.h:51]   --->   Operation 150 'select' 'select_ln51_8' <Predicate = true> <Delay = 0.80> <CoreInst = "Sel">   --->   Core 73 'Sel' <Latency = 0> <II = 1> <Delay = 0.80> <FuncUnit> <Opcode : 'select'> <InPorts = 3> <OutPorts = 1>
ST_2 : Operation 151 [1/1] (2.75ns)   --->   "%icmp_ln51_9 = icmp_sgt  i37 %trunc_ln44_8, i37 0" [firmware/nnet_utils/nnet_activation_stream.h:51]   --->   Operation 151 'icmp' 'icmp_ln51_9' <Predicate = true> <Delay = 2.75> <CoreInst = "Cmp">   --->   Core 9 'Cmp' <Latency = 0> <II = 1> <Delay = 2.75> <FuncUnit> <Opcode : 'seteq' 'setne' 'setle' 'setge' 'setlt' 'setgt'> <InPorts = 2> <OutPorts = 1>
ST_2 : Operation 152 [1/1] (0.80ns)   --->   "%select_ln51_9 = select i1 %icmp_ln51_9, i16 %trunc_ln52_8, i16 0" [firmware/nnet_utils/nnet_activation_stream.h:51]   --->   Operation 152 'select' 'select_ln51_9' <Predicate = true> <Delay = 0.80> <CoreInst = "Sel">   --->   Core 73 'Sel' <Latency = 0> <II = 1> <Delay = 0.80> <FuncUnit> <Opcode : 'select'> <InPorts = 3> <OutPorts = 1>
ST_2 : Operation 153 [1/1] (2.75ns)   --->   "%icmp_ln51_10 = icmp_sgt  i37 %trunc_ln44_9, i37 0" [firmware/nnet_utils/nnet_activation_stream.h:51]   --->   Operation 153 'icmp' 'icmp_ln51_10' <Predicate = true> <Delay = 2.75> <CoreInst = "Cmp">   --->   Core 9 'Cmp' <Latency = 0> <II = 1> <Delay = 2.75> <FuncUnit> <Opcode : 'seteq' 'setne' 'setle' 'setge' 'setlt' 'setgt'> <InPorts = 2> <OutPorts = 1>
ST_2 : Operation 154 [1/1] (0.80ns)   --->   "%select_ln51_10 = select i1 %icmp_ln51_10, i16 %trunc_ln52_9, i16 0" [firmware/nnet_utils/nnet_activation_stream.h:51]   --->   Operation 154 'select' 'select_ln51_10' <Predicate = true> <Delay = 0.80> <CoreInst = "Sel">   --->   Core 73 'Sel' <Latency = 0> <II = 1> <Delay = 0.80> <FuncUnit> <Opcode : 'select'> <InPorts = 3> <OutPorts = 1>
ST_2 : Operation 155 [1/1] (2.75ns)   --->   "%icmp_ln51_11 = icmp_sgt  i37 %trunc_ln44_10, i37 0" [firmware/nnet_utils/nnet_activation_stream.h:51]   --->   Operation 155 'icmp' 'icmp_ln51_11' <Predicate = true> <Delay = 2.75> <CoreInst = "Cmp">   --->   Core 9 'Cmp' <Latency = 0> <II = 1> <Delay = 2.75> <FuncUnit> <Opcode : 'seteq' 'setne' 'setle' 'setge' 'setlt' 'setgt'> <InPorts = 2> <OutPorts = 1>
ST_2 : Operation 156 [1/1] (0.80ns)   --->   "%select_ln51_11 = select i1 %icmp_ln51_11, i16 %trunc_ln52_10, i16 0" [firmware/nnet_utils/nnet_activation_stream.h:51]   --->   Operation 156 'select' 'select_ln51_11' <Predicate = true> <Delay = 0.80> <CoreInst = "Sel">   --->   Core 73 'Sel' <Latency = 0> <II = 1> <Delay = 0.80> <FuncUnit> <Opcode : 'select'> <InPorts = 3> <OutPorts = 1>
ST_2 : Operation 157 [1/1] (2.75ns)   --->   "%icmp_ln51_12 = icmp_sgt  i37 %trunc_ln44_11, i37 0" [firmware/nnet_utils/nnet_activation_stream.h:51]   --->   Operation 157 'icmp' 'icmp_ln51_12' <Predicate = true> <Delay = 2.75> <CoreInst = "Cmp">   --->   Core 9 'Cmp' <Latency = 0> <II = 1> <Delay = 2.75> <FuncUnit> <Opcode : 'seteq' 'setne' 'setle' 'setge' 'setlt' 'setgt'> <InPorts = 2> <OutPorts = 1>
ST_2 : Operation 158 [1/1] (0.80ns)   --->   "%select_ln51_12 = select i1 %icmp_ln51_12, i16 %trunc_ln52_11, i16 0" [firmware/nnet_utils/nnet_activation_stream.h:51]   --->   Operation 158 'select' 'select_ln51_12' <Predicate = true> <Delay = 0.80> <CoreInst = "Sel">   --->   Core 73 'Sel' <Latency = 0> <II = 1> <Delay = 0.80> <FuncUnit> <Opcode : 'select'> <InPorts = 3> <OutPorts = 1>
ST_2 : Operation 159 [1/1] (2.75ns)   --->   "%icmp_ln51_13 = icmp_sgt  i37 %trunc_ln44_12, i37 0" [firmware/nnet_utils/nnet_activation_stream.h:51]   --->   Operation 159 'icmp' 'icmp_ln51_13' <Predicate = true> <Delay = 2.75> <CoreInst = "Cmp">   --->   Core 9 'Cmp' <Latency = 0> <II = 1> <Delay = 2.75> <FuncUnit> <Opcode : 'seteq' 'setne' 'setle' 'setge' 'setlt' 'setgt'> <InPorts = 2> <OutPorts = 1>
ST_2 : Operation 160 [1/1] (0.80ns)   --->   "%select_ln51_13 = select i1 %icmp_ln51_13, i16 %trunc_ln52_12, i16 0" [firmware/nnet_utils/nnet_activation_stream.h:51]   --->   Operation 160 'select' 'select_ln51_13' <Predicate = true> <Delay = 0.80> <CoreInst = "Sel">   --->   Core 73 'Sel' <Latency = 0> <II = 1> <Delay = 0.80> <FuncUnit> <Opcode : 'select'> <InPorts = 3> <OutPorts = 1>
ST_2 : Operation 161 [1/1] (2.75ns)   --->   "%icmp_ln51_14 = icmp_sgt  i37 %trunc_ln44_13, i37 0" [firmware/nnet_utils/nnet_activation_stream.h:51]   --->   Operation 161 'icmp' 'icmp_ln51_14' <Predicate = true> <Delay = 2.75> <CoreInst = "Cmp">   --->   Core 9 'Cmp' <Latency = 0> <II = 1> <Delay = 2.75> <FuncUnit> <Opcode : 'seteq' 'setne' 'setle' 'setge' 'setlt' 'setgt'> <InPorts = 2> <OutPorts = 1>
ST_2 : Operation 162 [1/1] (0.80ns)   --->   "%select_ln51_14 = select i1 %icmp_ln51_14, i16 %trunc_ln52_13, i16 0" [firmware/nnet_utils/nnet_activation_stream.h:51]   --->   Operation 162 'select' 'select_ln51_14' <Predicate = true> <Delay = 0.80> <CoreInst = "Sel">   --->   Core 73 'Sel' <Latency = 0> <II = 1> <Delay = 0.80> <FuncUnit> <Opcode : 'select'> <InPorts = 3> <OutPorts = 1>
ST_2 : Operation 163 [1/1] (2.75ns)   --->   "%icmp_ln51_15 = icmp_sgt  i37 %trunc_ln44_14, i37 0" [firmware/nnet_utils/nnet_activation_stream.h:51]   --->   Operation 163 'icmp' 'icmp_ln51_15' <Predicate = true> <Delay = 2.75> <CoreInst = "Cmp">   --->   Core 9 'Cmp' <Latency = 0> <II = 1> <Delay = 2.75> <FuncUnit> <Opcode : 'seteq' 'setne' 'setle' 'setge' 'setlt' 'setgt'> <InPorts = 2> <OutPorts = 1>
ST_2 : Operation 164 [1/1] (0.80ns)   --->   "%select_ln51_15 = select i1 %icmp_ln51_15, i16 %trunc_ln52_14, i16 0" [firmware/nnet_utils/nnet_activation_stream.h:51]   --->   Operation 164 'select' 'select_ln51_15' <Predicate = true> <Delay = 0.80> <CoreInst = "Sel">   --->   Core 73 'Sel' <Latency = 0> <II = 1> <Delay = 0.80> <FuncUnit> <Opcode : 'select'> <InPorts = 3> <OutPorts = 1>
ST_2 : Operation 165 [1/1] (2.75ns)   --->   "%icmp_ln51_16 = icmp_sgt  i37 %trunc_ln44_15, i37 0" [firmware/nnet_utils/nnet_activation_stream.h:51]   --->   Operation 165 'icmp' 'icmp_ln51_16' <Predicate = true> <Delay = 2.75> <CoreInst = "Cmp">   --->   Core 9 'Cmp' <Latency = 0> <II = 1> <Delay = 2.75> <FuncUnit> <Opcode : 'seteq' 'setne' 'setle' 'setge' 'setlt' 'setgt'> <InPorts = 2> <OutPorts = 1>
ST_2 : Operation 166 [1/1] (0.80ns)   --->   "%select_ln51_16 = select i1 %icmp_ln51_16, i16 %trunc_ln52_15, i16 0" [firmware/nnet_utils/nnet_activation_stream.h:51]   --->   Operation 166 'select' 'select_ln51_16' <Predicate = true> <Delay = 0.80> <CoreInst = "Sel">   --->   Core 73 'Sel' <Latency = 0> <II = 1> <Delay = 0.80> <FuncUnit> <Opcode : 'select'> <InPorts = 3> <OutPorts = 1>
ST_2 : Operation 167 [1/1] (2.75ns)   --->   "%icmp_ln51_17 = icmp_sgt  i37 %trunc_ln44_16, i37 0" [firmware/nnet_utils/nnet_activation_stream.h:51]   --->   Operation 167 'icmp' 'icmp_ln51_17' <Predicate = true> <Delay = 2.75> <CoreInst = "Cmp">   --->   Core 9 'Cmp' <Latency = 0> <II = 1> <Delay = 2.75> <FuncUnit> <Opcode : 'seteq' 'setne' 'setle' 'setge' 'setlt' 'setgt'> <InPorts = 2> <OutPorts = 1>
ST_2 : Operation 168 [1/1] (0.80ns)   --->   "%select_ln51_17 = select i1 %icmp_ln51_17, i16 %trunc_ln52_16, i16 0" [firmware/nnet_utils/nnet_activation_stream.h:51]   --->   Operation 168 'select' 'select_ln51_17' <Predicate = true> <Delay = 0.80> <CoreInst = "Sel">   --->   Core 73 'Sel' <Latency = 0> <II = 1> <Delay = 0.80> <FuncUnit> <Opcode : 'select'> <InPorts = 3> <OutPorts = 1>
ST_2 : Operation 169 [1/1] (2.75ns)   --->   "%icmp_ln51_18 = icmp_sgt  i37 %trunc_ln44_17, i37 0" [firmware/nnet_utils/nnet_activation_stream.h:51]   --->   Operation 169 'icmp' 'icmp_ln51_18' <Predicate = true> <Delay = 2.75> <CoreInst = "Cmp">   --->   Core 9 'Cmp' <Latency = 0> <II = 1> <Delay = 2.75> <FuncUnit> <Opcode : 'seteq' 'setne' 'setle' 'setge' 'setlt' 'setgt'> <InPorts = 2> <OutPorts = 1>
ST_2 : Operation 170 [1/1] (0.80ns)   --->   "%select_ln51_18 = select i1 %icmp_ln51_18, i16 %trunc_ln52_17, i16 0" [firmware/nnet_utils/nnet_activation_stream.h:51]   --->   Operation 170 'select' 'select_ln51_18' <Predicate = true> <Delay = 0.80> <CoreInst = "Sel">   --->   Core 73 'Sel' <Latency = 0> <II = 1> <Delay = 0.80> <FuncUnit> <Opcode : 'select'> <InPorts = 3> <OutPorts = 1>
ST_2 : Operation 171 [1/1] (2.75ns)   --->   "%icmp_ln51_19 = icmp_sgt  i37 %trunc_ln44_18, i37 0" [firmware/nnet_utils/nnet_activation_stream.h:51]   --->   Operation 171 'icmp' 'icmp_ln51_19' <Predicate = true> <Delay = 2.75> <CoreInst = "Cmp">   --->   Core 9 'Cmp' <Latency = 0> <II = 1> <Delay = 2.75> <FuncUnit> <Opcode : 'seteq' 'setne' 'setle' 'setge' 'setlt' 'setgt'> <InPorts = 2> <OutPorts = 1>
ST_2 : Operation 172 [1/1] (0.80ns)   --->   "%select_ln51_19 = select i1 %icmp_ln51_19, i16 %trunc_ln52_18, i16 0" [firmware/nnet_utils/nnet_activation_stream.h:51]   --->   Operation 172 'select' 'select_ln51_19' <Predicate = true> <Delay = 0.80> <CoreInst = "Sel">   --->   Core 73 'Sel' <Latency = 0> <II = 1> <Delay = 0.80> <FuncUnit> <Opcode : 'select'> <InPorts = 3> <OutPorts = 1>
ST_2 : Operation 173 [1/1] (2.75ns)   --->   "%icmp_ln51_20 = icmp_sgt  i37 %trunc_ln44_19, i37 0" [firmware/nnet_utils/nnet_activation_stream.h:51]   --->   Operation 173 'icmp' 'icmp_ln51_20' <Predicate = true> <Delay = 2.75> <CoreInst = "Cmp">   --->   Core 9 'Cmp' <Latency = 0> <II = 1> <Delay = 2.75> <FuncUnit> <Opcode : 'seteq' 'setne' 'setle' 'setge' 'setlt' 'setgt'> <InPorts = 2> <OutPorts = 1>
ST_2 : Operation 174 [1/1] (0.80ns)   --->   "%select_ln51_20 = select i1 %icmp_ln51_20, i16 %trunc_ln52_19, i16 0" [firmware/nnet_utils/nnet_activation_stream.h:51]   --->   Operation 174 'select' 'select_ln51_20' <Predicate = true> <Delay = 0.80> <CoreInst = "Sel">   --->   Core 73 'Sel' <Latency = 0> <II = 1> <Delay = 0.80> <FuncUnit> <Opcode : 'select'> <InPorts = 3> <OutPorts = 1>
ST_2 : Operation 175 [1/1] (2.75ns)   --->   "%icmp_ln51_21 = icmp_sgt  i37 %trunc_ln44_20, i37 0" [firmware/nnet_utils/nnet_activation_stream.h:51]   --->   Operation 175 'icmp' 'icmp_ln51_21' <Predicate = true> <Delay = 2.75> <CoreInst = "Cmp">   --->   Core 9 'Cmp' <Latency = 0> <II = 1> <Delay = 2.75> <FuncUnit> <Opcode : 'seteq' 'setne' 'setle' 'setge' 'setlt' 'setgt'> <InPorts = 2> <OutPorts = 1>
ST_2 : Operation 176 [1/1] (0.80ns)   --->   "%select_ln51_21 = select i1 %icmp_ln51_21, i16 %trunc_ln52_20, i16 0" [firmware/nnet_utils/nnet_activation_stream.h:51]   --->   Operation 176 'select' 'select_ln51_21' <Predicate = true> <Delay = 0.80> <CoreInst = "Sel">   --->   Core 73 'Sel' <Latency = 0> <II = 1> <Delay = 0.80> <FuncUnit> <Opcode : 'select'> <InPorts = 3> <OutPorts = 1>
ST_2 : Operation 177 [1/1] (2.75ns)   --->   "%icmp_ln51_22 = icmp_sgt  i37 %trunc_ln44_21, i37 0" [firmware/nnet_utils/nnet_activation_stream.h:51]   --->   Operation 177 'icmp' 'icmp_ln51_22' <Predicate = true> <Delay = 2.75> <CoreInst = "Cmp">   --->   Core 9 'Cmp' <Latency = 0> <II = 1> <Delay = 2.75> <FuncUnit> <Opcode : 'seteq' 'setne' 'setle' 'setge' 'setlt' 'setgt'> <InPorts = 2> <OutPorts = 1>
ST_2 : Operation 178 [1/1] (0.80ns)   --->   "%select_ln51_22 = select i1 %icmp_ln51_22, i16 %trunc_ln52_21, i16 0" [firmware/nnet_utils/nnet_activation_stream.h:51]   --->   Operation 178 'select' 'select_ln51_22' <Predicate = true> <Delay = 0.80> <CoreInst = "Sel">   --->   Core 73 'Sel' <Latency = 0> <II = 1> <Delay = 0.80> <FuncUnit> <Opcode : 'select'> <InPorts = 3> <OutPorts = 1>
ST_2 : Operation 179 [1/1] (2.75ns)   --->   "%icmp_ln51_23 = icmp_sgt  i37 %trunc_ln44_22, i37 0" [firmware/nnet_utils/nnet_activation_stream.h:51]   --->   Operation 179 'icmp' 'icmp_ln51_23' <Predicate = true> <Delay = 2.75> <CoreInst = "Cmp">   --->   Core 9 'Cmp' <Latency = 0> <II = 1> <Delay = 2.75> <FuncUnit> <Opcode : 'seteq' 'setne' 'setle' 'setge' 'setlt' 'setgt'> <InPorts = 2> <OutPorts = 1>
ST_2 : Operation 180 [1/1] (0.80ns)   --->   "%select_ln51_23 = select i1 %icmp_ln51_23, i16 %trunc_ln52_22, i16 0" [firmware/nnet_utils/nnet_activation_stream.h:51]   --->   Operation 180 'select' 'select_ln51_23' <Predicate = true> <Delay = 0.80> <CoreInst = "Sel">   --->   Core 73 'Sel' <Latency = 0> <II = 1> <Delay = 0.80> <FuncUnit> <Opcode : 'select'> <InPorts = 3> <OutPorts = 1>
ST_2 : Operation 181 [1/1] (2.75ns)   --->   "%icmp_ln51_24 = icmp_sgt  i37 %trunc_ln44_23, i37 0" [firmware/nnet_utils/nnet_activation_stream.h:51]   --->   Operation 181 'icmp' 'icmp_ln51_24' <Predicate = true> <Delay = 2.75> <CoreInst = "Cmp">   --->   Core 9 'Cmp' <Latency = 0> <II = 1> <Delay = 2.75> <FuncUnit> <Opcode : 'seteq' 'setne' 'setle' 'setge' 'setlt' 'setgt'> <InPorts = 2> <OutPorts = 1>
ST_2 : Operation 182 [1/1] (0.80ns)   --->   "%select_ln51_24 = select i1 %icmp_ln51_24, i16 %trunc_ln52_23, i16 0" [firmware/nnet_utils/nnet_activation_stream.h:51]   --->   Operation 182 'select' 'select_ln51_24' <Predicate = true> <Delay = 0.80> <CoreInst = "Sel">   --->   Core 73 'Sel' <Latency = 0> <II = 1> <Delay = 0.80> <FuncUnit> <Opcode : 'select'> <InPorts = 3> <OutPorts = 1>
ST_2 : Operation 183 [1/1] (2.75ns)   --->   "%icmp_ln51_25 = icmp_sgt  i37 %trunc_ln44_24, i37 0" [firmware/nnet_utils/nnet_activation_stream.h:51]   --->   Operation 183 'icmp' 'icmp_ln51_25' <Predicate = true> <Delay = 2.75> <CoreInst = "Cmp">   --->   Core 9 'Cmp' <Latency = 0> <II = 1> <Delay = 2.75> <FuncUnit> <Opcode : 'seteq' 'setne' 'setle' 'setge' 'setlt' 'setgt'> <InPorts = 2> <OutPorts = 1>
ST_2 : Operation 184 [1/1] (0.80ns)   --->   "%select_ln51_25 = select i1 %icmp_ln51_25, i16 %trunc_ln52_24, i16 0" [firmware/nnet_utils/nnet_activation_stream.h:51]   --->   Operation 184 'select' 'select_ln51_25' <Predicate = true> <Delay = 0.80> <CoreInst = "Sel">   --->   Core 73 'Sel' <Latency = 0> <II = 1> <Delay = 0.80> <FuncUnit> <Opcode : 'select'> <InPorts = 3> <OutPorts = 1>
ST_2 : Operation 185 [1/1] (2.75ns)   --->   "%icmp_ln51_26 = icmp_sgt  i37 %trunc_ln44_25, i37 0" [firmware/nnet_utils/nnet_activation_stream.h:51]   --->   Operation 185 'icmp' 'icmp_ln51_26' <Predicate = true> <Delay = 2.75> <CoreInst = "Cmp">   --->   Core 9 'Cmp' <Latency = 0> <II = 1> <Delay = 2.75> <FuncUnit> <Opcode : 'seteq' 'setne' 'setle' 'setge' 'setlt' 'setgt'> <InPorts = 2> <OutPorts = 1>
ST_2 : Operation 186 [1/1] (0.80ns)   --->   "%select_ln51_26 = select i1 %icmp_ln51_26, i16 %trunc_ln52_25, i16 0" [firmware/nnet_utils/nnet_activation_stream.h:51]   --->   Operation 186 'select' 'select_ln51_26' <Predicate = true> <Delay = 0.80> <CoreInst = "Sel">   --->   Core 73 'Sel' <Latency = 0> <II = 1> <Delay = 0.80> <FuncUnit> <Opcode : 'select'> <InPorts = 3> <OutPorts = 1>
ST_2 : Operation 187 [1/1] (2.75ns)   --->   "%icmp_ln51_27 = icmp_sgt  i37 %trunc_ln44_26, i37 0" [firmware/nnet_utils/nnet_activation_stream.h:51]   --->   Operation 187 'icmp' 'icmp_ln51_27' <Predicate = true> <Delay = 2.75> <CoreInst = "Cmp">   --->   Core 9 'Cmp' <Latency = 0> <II = 1> <Delay = 2.75> <FuncUnit> <Opcode : 'seteq' 'setne' 'setle' 'setge' 'setlt' 'setgt'> <InPorts = 2> <OutPorts = 1>
ST_2 : Operation 188 [1/1] (0.80ns)   --->   "%select_ln51_27 = select i1 %icmp_ln51_27, i16 %trunc_ln52_26, i16 0" [firmware/nnet_utils/nnet_activation_stream.h:51]   --->   Operation 188 'select' 'select_ln51_27' <Predicate = true> <Delay = 0.80> <CoreInst = "Sel">   --->   Core 73 'Sel' <Latency = 0> <II = 1> <Delay = 0.80> <FuncUnit> <Opcode : 'select'> <InPorts = 3> <OutPorts = 1>
ST_2 : Operation 189 [1/1] (2.75ns)   --->   "%icmp_ln51_28 = icmp_sgt  i37 %trunc_ln44_27, i37 0" [firmware/nnet_utils/nnet_activation_stream.h:51]   --->   Operation 189 'icmp' 'icmp_ln51_28' <Predicate = true> <Delay = 2.75> <CoreInst = "Cmp">   --->   Core 9 'Cmp' <Latency = 0> <II = 1> <Delay = 2.75> <FuncUnit> <Opcode : 'seteq' 'setne' 'setle' 'setge' 'setlt' 'setgt'> <InPorts = 2> <OutPorts = 1>
ST_2 : Operation 190 [1/1] (0.80ns)   --->   "%select_ln51_28 = select i1 %icmp_ln51_28, i16 %trunc_ln52_27, i16 0" [firmware/nnet_utils/nnet_activation_stream.h:51]   --->   Operation 190 'select' 'select_ln51_28' <Predicate = true> <Delay = 0.80> <CoreInst = "Sel">   --->   Core 73 'Sel' <Latency = 0> <II = 1> <Delay = 0.80> <FuncUnit> <Opcode : 'select'> <InPorts = 3> <OutPorts = 1>
ST_2 : Operation 191 [1/1] (2.75ns)   --->   "%icmp_ln51_29 = icmp_sgt  i37 %trunc_ln44_28, i37 0" [firmware/nnet_utils/nnet_activation_stream.h:51]   --->   Operation 191 'icmp' 'icmp_ln51_29' <Predicate = true> <Delay = 2.75> <CoreInst = "Cmp">   --->   Core 9 'Cmp' <Latency = 0> <II = 1> <Delay = 2.75> <FuncUnit> <Opcode : 'seteq' 'setne' 'setle' 'setge' 'setlt' 'setgt'> <InPorts = 2> <OutPorts = 1>
ST_2 : Operation 192 [1/1] (0.80ns)   --->   "%select_ln51_29 = select i1 %icmp_ln51_29, i16 %trunc_ln52_28, i16 0" [firmware/nnet_utils/nnet_activation_stream.h:51]   --->   Operation 192 'select' 'select_ln51_29' <Predicate = true> <Delay = 0.80> <CoreInst = "Sel">   --->   Core 73 'Sel' <Latency = 0> <II = 1> <Delay = 0.80> <FuncUnit> <Opcode : 'select'> <InPorts = 3> <OutPorts = 1>
ST_2 : Operation 193 [1/1] (2.75ns)   --->   "%icmp_ln51_30 = icmp_sgt  i37 %trunc_ln44_29, i37 0" [firmware/nnet_utils/nnet_activation_stream.h:51]   --->   Operation 193 'icmp' 'icmp_ln51_30' <Predicate = true> <Delay = 2.75> <CoreInst = "Cmp">   --->   Core 9 'Cmp' <Latency = 0> <II = 1> <Delay = 2.75> <FuncUnit> <Opcode : 'seteq' 'setne' 'setle' 'setge' 'setlt' 'setgt'> <InPorts = 2> <OutPorts = 1>
ST_2 : Operation 194 [1/1] (0.80ns)   --->   "%select_ln51_30 = select i1 %icmp_ln51_30, i16 %trunc_ln52_29, i16 0" [firmware/nnet_utils/nnet_activation_stream.h:51]   --->   Operation 194 'select' 'select_ln51_30' <Predicate = true> <Delay = 0.80> <CoreInst = "Sel">   --->   Core 73 'Sel' <Latency = 0> <II = 1> <Delay = 0.80> <FuncUnit> <Opcode : 'select'> <InPorts = 3> <OutPorts = 1>
ST_2 : Operation 195 [1/1] (2.75ns)   --->   "%icmp_ln51_31 = icmp_sgt  i37 %trunc_ln44_30, i37 0" [firmware/nnet_utils/nnet_activation_stream.h:51]   --->   Operation 195 'icmp' 'icmp_ln51_31' <Predicate = true> <Delay = 2.75> <CoreInst = "Cmp">   --->   Core 9 'Cmp' <Latency = 0> <II = 1> <Delay = 2.75> <FuncUnit> <Opcode : 'seteq' 'setne' 'setle' 'setge' 'setlt' 'setgt'> <InPorts = 2> <OutPorts = 1>
ST_2 : Operation 196 [1/1] (0.80ns)   --->   "%select_ln51_31 = select i1 %icmp_ln51_31, i16 %trunc_ln52_30, i16 0" [firmware/nnet_utils/nnet_activation_stream.h:51]   --->   Operation 196 'select' 'select_ln51_31' <Predicate = true> <Delay = 0.80> <CoreInst = "Sel">   --->   Core 73 'Sel' <Latency = 0> <II = 1> <Delay = 0.80> <FuncUnit> <Opcode : 'select'> <InPorts = 3> <OutPorts = 1>
ST_2 : Operation 197 [1/1] (2.75ns)   --->   "%icmp_ln51_32 = icmp_sgt  i37 %trunc_ln44_31, i37 0" [firmware/nnet_utils/nnet_activation_stream.h:51]   --->   Operation 197 'icmp' 'icmp_ln51_32' <Predicate = true> <Delay = 2.75> <CoreInst = "Cmp">   --->   Core 9 'Cmp' <Latency = 0> <II = 1> <Delay = 2.75> <FuncUnit> <Opcode : 'seteq' 'setne' 'setle' 'setge' 'setlt' 'setgt'> <InPorts = 2> <OutPorts = 1>
ST_2 : Operation 198 [1/1] (0.80ns)   --->   "%select_ln51_32 = select i1 %icmp_ln51_32, i16 %trunc_ln52_31, i16 0" [firmware/nnet_utils/nnet_activation_stream.h:51]   --->   Operation 198 'select' 'select_ln51_32' <Predicate = true> <Delay = 0.80> <CoreInst = "Sel">   --->   Core 73 'Sel' <Latency = 0> <II = 1> <Delay = 0.80> <FuncUnit> <Opcode : 'select'> <InPorts = 3> <OutPorts = 1>
ST_2 : Operation 199 [1/1] (2.75ns)   --->   "%icmp_ln51_33 = icmp_sgt  i37 %trunc_ln44_32, i37 0" [firmware/nnet_utils/nnet_activation_stream.h:51]   --->   Operation 199 'icmp' 'icmp_ln51_33' <Predicate = true> <Delay = 2.75> <CoreInst = "Cmp">   --->   Core 9 'Cmp' <Latency = 0> <II = 1> <Delay = 2.75> <FuncUnit> <Opcode : 'seteq' 'setne' 'setle' 'setge' 'setlt' 'setgt'> <InPorts = 2> <OutPorts = 1>
ST_2 : Operation 200 [1/1] (0.80ns)   --->   "%select_ln51_33 = select i1 %icmp_ln51_33, i16 %trunc_ln52_32, i16 0" [firmware/nnet_utils/nnet_activation_stream.h:51]   --->   Operation 200 'select' 'select_ln51_33' <Predicate = true> <Delay = 0.80> <CoreInst = "Sel">   --->   Core 73 'Sel' <Latency = 0> <II = 1> <Delay = 0.80> <FuncUnit> <Opcode : 'select'> <InPorts = 3> <OutPorts = 1>
ST_2 : Operation 201 [1/1] (2.75ns)   --->   "%icmp_ln51_34 = icmp_sgt  i37 %trunc_ln44_33, i37 0" [firmware/nnet_utils/nnet_activation_stream.h:51]   --->   Operation 201 'icmp' 'icmp_ln51_34' <Predicate = true> <Delay = 2.75> <CoreInst = "Cmp">   --->   Core 9 'Cmp' <Latency = 0> <II = 1> <Delay = 2.75> <FuncUnit> <Opcode : 'seteq' 'setne' 'setle' 'setge' 'setlt' 'setgt'> <InPorts = 2> <OutPorts = 1>
ST_2 : Operation 202 [1/1] (0.80ns)   --->   "%select_ln51_34 = select i1 %icmp_ln51_34, i16 %trunc_ln52_33, i16 0" [firmware/nnet_utils/nnet_activation_stream.h:51]   --->   Operation 202 'select' 'select_ln51_34' <Predicate = true> <Delay = 0.80> <CoreInst = "Sel">   --->   Core 73 'Sel' <Latency = 0> <II = 1> <Delay = 0.80> <FuncUnit> <Opcode : 'select'> <InPorts = 3> <OutPorts = 1>
ST_2 : Operation 203 [1/1] (2.75ns)   --->   "%icmp_ln51_35 = icmp_sgt  i37 %trunc_ln44_34, i37 0" [firmware/nnet_utils/nnet_activation_stream.h:51]   --->   Operation 203 'icmp' 'icmp_ln51_35' <Predicate = true> <Delay = 2.75> <CoreInst = "Cmp">   --->   Core 9 'Cmp' <Latency = 0> <II = 1> <Delay = 2.75> <FuncUnit> <Opcode : 'seteq' 'setne' 'setle' 'setge' 'setlt' 'setgt'> <InPorts = 2> <OutPorts = 1>
ST_2 : Operation 204 [1/1] (0.80ns)   --->   "%select_ln51_35 = select i1 %icmp_ln51_35, i16 %trunc_ln52_34, i16 0" [firmware/nnet_utils/nnet_activation_stream.h:51]   --->   Operation 204 'select' 'select_ln51_35' <Predicate = true> <Delay = 0.80> <CoreInst = "Sel">   --->   Core 73 'Sel' <Latency = 0> <II = 1> <Delay = 0.80> <FuncUnit> <Opcode : 'select'> <InPorts = 3> <OutPorts = 1>
ST_2 : Operation 205 [1/1] (2.75ns)   --->   "%icmp_ln51_36 = icmp_sgt  i37 %trunc_ln44_35, i37 0" [firmware/nnet_utils/nnet_activation_stream.h:51]   --->   Operation 205 'icmp' 'icmp_ln51_36' <Predicate = true> <Delay = 2.75> <CoreInst = "Cmp">   --->   Core 9 'Cmp' <Latency = 0> <II = 1> <Delay = 2.75> <FuncUnit> <Opcode : 'seteq' 'setne' 'setle' 'setge' 'setlt' 'setgt'> <InPorts = 2> <OutPorts = 1>
ST_2 : Operation 206 [1/1] (0.80ns)   --->   "%select_ln51_36 = select i1 %icmp_ln51_36, i16 %trunc_ln52_35, i16 0" [firmware/nnet_utils/nnet_activation_stream.h:51]   --->   Operation 206 'select' 'select_ln51_36' <Predicate = true> <Delay = 0.80> <CoreInst = "Sel">   --->   Core 73 'Sel' <Latency = 0> <II = 1> <Delay = 0.80> <FuncUnit> <Opcode : 'select'> <InPorts = 3> <OutPorts = 1>
ST_2 : Operation 207 [1/1] (2.75ns)   --->   "%icmp_ln51_37 = icmp_sgt  i37 %trunc_ln44_36, i37 0" [firmware/nnet_utils/nnet_activation_stream.h:51]   --->   Operation 207 'icmp' 'icmp_ln51_37' <Predicate = true> <Delay = 2.75> <CoreInst = "Cmp">   --->   Core 9 'Cmp' <Latency = 0> <II = 1> <Delay = 2.75> <FuncUnit> <Opcode : 'seteq' 'setne' 'setle' 'setge' 'setlt' 'setgt'> <InPorts = 2> <OutPorts = 1>
ST_2 : Operation 208 [1/1] (0.80ns)   --->   "%select_ln51_37 = select i1 %icmp_ln51_37, i16 %trunc_ln52_36, i16 0" [firmware/nnet_utils/nnet_activation_stream.h:51]   --->   Operation 208 'select' 'select_ln51_37' <Predicate = true> <Delay = 0.80> <CoreInst = "Sel">   --->   Core 73 'Sel' <Latency = 0> <II = 1> <Delay = 0.80> <FuncUnit> <Opcode : 'select'> <InPorts = 3> <OutPorts = 1>
ST_2 : Operation 209 [1/1] (2.75ns)   --->   "%icmp_ln51_38 = icmp_sgt  i37 %trunc_ln44_37, i37 0" [firmware/nnet_utils/nnet_activation_stream.h:51]   --->   Operation 209 'icmp' 'icmp_ln51_38' <Predicate = true> <Delay = 2.75> <CoreInst = "Cmp">   --->   Core 9 'Cmp' <Latency = 0> <II = 1> <Delay = 2.75> <FuncUnit> <Opcode : 'seteq' 'setne' 'setle' 'setge' 'setlt' 'setgt'> <InPorts = 2> <OutPorts = 1>
ST_2 : Operation 210 [1/1] (0.80ns)   --->   "%select_ln51_38 = select i1 %icmp_ln51_38, i16 %trunc_ln52_37, i16 0" [firmware/nnet_utils/nnet_activation_stream.h:51]   --->   Operation 210 'select' 'select_ln51_38' <Predicate = true> <Delay = 0.80> <CoreInst = "Sel">   --->   Core 73 'Sel' <Latency = 0> <II = 1> <Delay = 0.80> <FuncUnit> <Opcode : 'select'> <InPorts = 3> <OutPorts = 1>
ST_2 : Operation 211 [1/1] (2.75ns)   --->   "%icmp_ln51_39 = icmp_sgt  i37 %trunc_ln44_38, i37 0" [firmware/nnet_utils/nnet_activation_stream.h:51]   --->   Operation 211 'icmp' 'icmp_ln51_39' <Predicate = true> <Delay = 2.75> <CoreInst = "Cmp">   --->   Core 9 'Cmp' <Latency = 0> <II = 1> <Delay = 2.75> <FuncUnit> <Opcode : 'seteq' 'setne' 'setle' 'setge' 'setlt' 'setgt'> <InPorts = 2> <OutPorts = 1>
ST_2 : Operation 212 [1/1] (0.80ns)   --->   "%select_ln51_39 = select i1 %icmp_ln51_39, i16 %trunc_ln52_38, i16 0" [firmware/nnet_utils/nnet_activation_stream.h:51]   --->   Operation 212 'select' 'select_ln51_39' <Predicate = true> <Delay = 0.80> <CoreInst = "Sel">   --->   Core 73 'Sel' <Latency = 0> <II = 1> <Delay = 0.80> <FuncUnit> <Opcode : 'select'> <InPorts = 3> <OutPorts = 1>
ST_2 : Operation 213 [1/1] (2.75ns)   --->   "%icmp_ln51_40 = icmp_sgt  i37 %trunc_ln44_39, i37 0" [firmware/nnet_utils/nnet_activation_stream.h:51]   --->   Operation 213 'icmp' 'icmp_ln51_40' <Predicate = true> <Delay = 2.75> <CoreInst = "Cmp">   --->   Core 9 'Cmp' <Latency = 0> <II = 1> <Delay = 2.75> <FuncUnit> <Opcode : 'seteq' 'setne' 'setle' 'setge' 'setlt' 'setgt'> <InPorts = 2> <OutPorts = 1>
ST_2 : Operation 214 [1/1] (0.80ns)   --->   "%select_ln51_40 = select i1 %icmp_ln51_40, i16 %trunc_ln52_39, i16 0" [firmware/nnet_utils/nnet_activation_stream.h:51]   --->   Operation 214 'select' 'select_ln51_40' <Predicate = true> <Delay = 0.80> <CoreInst = "Sel">   --->   Core 73 'Sel' <Latency = 0> <II = 1> <Delay = 0.80> <FuncUnit> <Opcode : 'select'> <InPorts = 3> <OutPorts = 1>
ST_2 : Operation 215 [1/1] (2.75ns)   --->   "%icmp_ln51_41 = icmp_sgt  i37 %trunc_ln44_40, i37 0" [firmware/nnet_utils/nnet_activation_stream.h:51]   --->   Operation 215 'icmp' 'icmp_ln51_41' <Predicate = true> <Delay = 2.75> <CoreInst = "Cmp">   --->   Core 9 'Cmp' <Latency = 0> <II = 1> <Delay = 2.75> <FuncUnit> <Opcode : 'seteq' 'setne' 'setle' 'setge' 'setlt' 'setgt'> <InPorts = 2> <OutPorts = 1>
ST_2 : Operation 216 [1/1] (0.80ns)   --->   "%select_ln51_41 = select i1 %icmp_ln51_41, i16 %trunc_ln52_40, i16 0" [firmware/nnet_utils/nnet_activation_stream.h:51]   --->   Operation 216 'select' 'select_ln51_41' <Predicate = true> <Delay = 0.80> <CoreInst = "Sel">   --->   Core 73 'Sel' <Latency = 0> <II = 1> <Delay = 0.80> <FuncUnit> <Opcode : 'select'> <InPorts = 3> <OutPorts = 1>
ST_2 : Operation 217 [1/1] (2.75ns)   --->   "%icmp_ln51_42 = icmp_sgt  i37 %trunc_ln44_41, i37 0" [firmware/nnet_utils/nnet_activation_stream.h:51]   --->   Operation 217 'icmp' 'icmp_ln51_42' <Predicate = true> <Delay = 2.75> <CoreInst = "Cmp">   --->   Core 9 'Cmp' <Latency = 0> <II = 1> <Delay = 2.75> <FuncUnit> <Opcode : 'seteq' 'setne' 'setle' 'setge' 'setlt' 'setgt'> <InPorts = 2> <OutPorts = 1>
ST_2 : Operation 218 [1/1] (0.80ns)   --->   "%select_ln51_42 = select i1 %icmp_ln51_42, i16 %trunc_ln52_41, i16 0" [firmware/nnet_utils/nnet_activation_stream.h:51]   --->   Operation 218 'select' 'select_ln51_42' <Predicate = true> <Delay = 0.80> <CoreInst = "Sel">   --->   Core 73 'Sel' <Latency = 0> <II = 1> <Delay = 0.80> <FuncUnit> <Opcode : 'select'> <InPorts = 3> <OutPorts = 1>
ST_2 : Operation 219 [1/1] (2.75ns)   --->   "%icmp_ln51_43 = icmp_sgt  i37 %trunc_ln44_42, i37 0" [firmware/nnet_utils/nnet_activation_stream.h:51]   --->   Operation 219 'icmp' 'icmp_ln51_43' <Predicate = true> <Delay = 2.75> <CoreInst = "Cmp">   --->   Core 9 'Cmp' <Latency = 0> <II = 1> <Delay = 2.75> <FuncUnit> <Opcode : 'seteq' 'setne' 'setle' 'setge' 'setlt' 'setgt'> <InPorts = 2> <OutPorts = 1>
ST_2 : Operation 220 [1/1] (0.80ns)   --->   "%select_ln51_43 = select i1 %icmp_ln51_43, i16 %trunc_ln52_42, i16 0" [firmware/nnet_utils/nnet_activation_stream.h:51]   --->   Operation 220 'select' 'select_ln51_43' <Predicate = true> <Delay = 0.80> <CoreInst = "Sel">   --->   Core 73 'Sel' <Latency = 0> <II = 1> <Delay = 0.80> <FuncUnit> <Opcode : 'select'> <InPorts = 3> <OutPorts = 1>
ST_2 : Operation 221 [1/1] (2.75ns)   --->   "%icmp_ln51_44 = icmp_sgt  i37 %trunc_ln44_43, i37 0" [firmware/nnet_utils/nnet_activation_stream.h:51]   --->   Operation 221 'icmp' 'icmp_ln51_44' <Predicate = true> <Delay = 2.75> <CoreInst = "Cmp">   --->   Core 9 'Cmp' <Latency = 0> <II = 1> <Delay = 2.75> <FuncUnit> <Opcode : 'seteq' 'setne' 'setle' 'setge' 'setlt' 'setgt'> <InPorts = 2> <OutPorts = 1>
ST_2 : Operation 222 [1/1] (0.80ns)   --->   "%select_ln51_44 = select i1 %icmp_ln51_44, i16 %trunc_ln52_43, i16 0" [firmware/nnet_utils/nnet_activation_stream.h:51]   --->   Operation 222 'select' 'select_ln51_44' <Predicate = true> <Delay = 0.80> <CoreInst = "Sel">   --->   Core 73 'Sel' <Latency = 0> <II = 1> <Delay = 0.80> <FuncUnit> <Opcode : 'select'> <InPorts = 3> <OutPorts = 1>
ST_2 : Operation 223 [1/1] (2.75ns)   --->   "%icmp_ln51_45 = icmp_sgt  i37 %trunc_ln44_44, i37 0" [firmware/nnet_utils/nnet_activation_stream.h:51]   --->   Operation 223 'icmp' 'icmp_ln51_45' <Predicate = true> <Delay = 2.75> <CoreInst = "Cmp">   --->   Core 9 'Cmp' <Latency = 0> <II = 1> <Delay = 2.75> <FuncUnit> <Opcode : 'seteq' 'setne' 'setle' 'setge' 'setlt' 'setgt'> <InPorts = 2> <OutPorts = 1>
ST_2 : Operation 224 [1/1] (0.80ns)   --->   "%select_ln51_45 = select i1 %icmp_ln51_45, i16 %trunc_ln52_44, i16 0" [firmware/nnet_utils/nnet_activation_stream.h:51]   --->   Operation 224 'select' 'select_ln51_45' <Predicate = true> <Delay = 0.80> <CoreInst = "Sel">   --->   Core 73 'Sel' <Latency = 0> <II = 1> <Delay = 0.80> <FuncUnit> <Opcode : 'select'> <InPorts = 3> <OutPorts = 1>
ST_2 : Operation 225 [1/1] (2.75ns)   --->   "%icmp_ln51_46 = icmp_sgt  i37 %trunc_ln44_45, i37 0" [firmware/nnet_utils/nnet_activation_stream.h:51]   --->   Operation 225 'icmp' 'icmp_ln51_46' <Predicate = true> <Delay = 2.75> <CoreInst = "Cmp">   --->   Core 9 'Cmp' <Latency = 0> <II = 1> <Delay = 2.75> <FuncUnit> <Opcode : 'seteq' 'setne' 'setle' 'setge' 'setlt' 'setgt'> <InPorts = 2> <OutPorts = 1>
ST_2 : Operation 226 [1/1] (0.80ns)   --->   "%select_ln51_46 = select i1 %icmp_ln51_46, i16 %trunc_ln52_45, i16 0" [firmware/nnet_utils/nnet_activation_stream.h:51]   --->   Operation 226 'select' 'select_ln51_46' <Predicate = true> <Delay = 0.80> <CoreInst = "Sel">   --->   Core 73 'Sel' <Latency = 0> <II = 1> <Delay = 0.80> <FuncUnit> <Opcode : 'select'> <InPorts = 3> <OutPorts = 1>
ST_2 : Operation 227 [1/1] (2.75ns)   --->   "%icmp_ln51_47 = icmp_sgt  i37 %trunc_ln44_46, i37 0" [firmware/nnet_utils/nnet_activation_stream.h:51]   --->   Operation 227 'icmp' 'icmp_ln51_47' <Predicate = true> <Delay = 2.75> <CoreInst = "Cmp">   --->   Core 9 'Cmp' <Latency = 0> <II = 1> <Delay = 2.75> <FuncUnit> <Opcode : 'seteq' 'setne' 'setle' 'setge' 'setlt' 'setgt'> <InPorts = 2> <OutPorts = 1>
ST_2 : Operation 228 [1/1] (0.80ns)   --->   "%select_ln51_47 = select i1 %icmp_ln51_47, i16 %trunc_ln52_46, i16 0" [firmware/nnet_utils/nnet_activation_stream.h:51]   --->   Operation 228 'select' 'select_ln51_47' <Predicate = true> <Delay = 0.80> <CoreInst = "Sel">   --->   Core 73 'Sel' <Latency = 0> <II = 1> <Delay = 0.80> <FuncUnit> <Opcode : 'select'> <InPorts = 3> <OutPorts = 1>
ST_2 : Operation 229 [1/1] (2.75ns)   --->   "%icmp_ln51_48 = icmp_sgt  i37 %trunc_ln44_47, i37 0" [firmware/nnet_utils/nnet_activation_stream.h:51]   --->   Operation 229 'icmp' 'icmp_ln51_48' <Predicate = true> <Delay = 2.75> <CoreInst = "Cmp">   --->   Core 9 'Cmp' <Latency = 0> <II = 1> <Delay = 2.75> <FuncUnit> <Opcode : 'seteq' 'setne' 'setle' 'setge' 'setlt' 'setgt'> <InPorts = 2> <OutPorts = 1>
ST_2 : Operation 230 [1/1] (0.80ns)   --->   "%select_ln51_48 = select i1 %icmp_ln51_48, i16 %trunc_ln52_47, i16 0" [firmware/nnet_utils/nnet_activation_stream.h:51]   --->   Operation 230 'select' 'select_ln51_48' <Predicate = true> <Delay = 0.80> <CoreInst = "Sel">   --->   Core 73 'Sel' <Latency = 0> <II = 1> <Delay = 0.80> <FuncUnit> <Opcode : 'select'> <InPorts = 3> <OutPorts = 1>
ST_2 : Operation 231 [1/1] (2.75ns)   --->   "%icmp_ln51_49 = icmp_sgt  i37 %trunc_ln44_48, i37 0" [firmware/nnet_utils/nnet_activation_stream.h:51]   --->   Operation 231 'icmp' 'icmp_ln51_49' <Predicate = true> <Delay = 2.75> <CoreInst = "Cmp">   --->   Core 9 'Cmp' <Latency = 0> <II = 1> <Delay = 2.75> <FuncUnit> <Opcode : 'seteq' 'setne' 'setle' 'setge' 'setlt' 'setgt'> <InPorts = 2> <OutPorts = 1>
ST_2 : Operation 232 [1/1] (0.80ns)   --->   "%select_ln51_49 = select i1 %icmp_ln51_49, i16 %trunc_ln52_48, i16 0" [firmware/nnet_utils/nnet_activation_stream.h:51]   --->   Operation 232 'select' 'select_ln51_49' <Predicate = true> <Delay = 0.80> <CoreInst = "Sel">   --->   Core 73 'Sel' <Latency = 0> <II = 1> <Delay = 0.80> <FuncUnit> <Opcode : 'select'> <InPorts = 3> <OutPorts = 1>
ST_2 : Operation 233 [1/1] (2.75ns)   --->   "%icmp_ln51_50 = icmp_sgt  i37 %trunc_ln44_49, i37 0" [firmware/nnet_utils/nnet_activation_stream.h:51]   --->   Operation 233 'icmp' 'icmp_ln51_50' <Predicate = true> <Delay = 2.75> <CoreInst = "Cmp">   --->   Core 9 'Cmp' <Latency = 0> <II = 1> <Delay = 2.75> <FuncUnit> <Opcode : 'seteq' 'setne' 'setle' 'setge' 'setlt' 'setgt'> <InPorts = 2> <OutPorts = 1>
ST_2 : Operation 234 [1/1] (0.80ns)   --->   "%select_ln51_50 = select i1 %icmp_ln51_50, i16 %trunc_ln52_49, i16 0" [firmware/nnet_utils/nnet_activation_stream.h:51]   --->   Operation 234 'select' 'select_ln51_50' <Predicate = true> <Delay = 0.80> <CoreInst = "Sel">   --->   Core 73 'Sel' <Latency = 0> <II = 1> <Delay = 0.80> <FuncUnit> <Opcode : 'select'> <InPorts = 3> <OutPorts = 1>
ST_2 : Operation 235 [1/1] (2.75ns)   --->   "%icmp_ln51_51 = icmp_sgt  i37 %trunc_ln44_50, i37 0" [firmware/nnet_utils/nnet_activation_stream.h:51]   --->   Operation 235 'icmp' 'icmp_ln51_51' <Predicate = true> <Delay = 2.75> <CoreInst = "Cmp">   --->   Core 9 'Cmp' <Latency = 0> <II = 1> <Delay = 2.75> <FuncUnit> <Opcode : 'seteq' 'setne' 'setle' 'setge' 'setlt' 'setgt'> <InPorts = 2> <OutPorts = 1>
ST_2 : Operation 236 [1/1] (0.80ns)   --->   "%select_ln51_51 = select i1 %icmp_ln51_51, i16 %trunc_ln52_50, i16 0" [firmware/nnet_utils/nnet_activation_stream.h:51]   --->   Operation 236 'select' 'select_ln51_51' <Predicate = true> <Delay = 0.80> <CoreInst = "Sel">   --->   Core 73 'Sel' <Latency = 0> <II = 1> <Delay = 0.80> <FuncUnit> <Opcode : 'select'> <InPorts = 3> <OutPorts = 1>
ST_2 : Operation 237 [1/1] (2.75ns)   --->   "%icmp_ln51_52 = icmp_sgt  i37 %trunc_ln44_51, i37 0" [firmware/nnet_utils/nnet_activation_stream.h:51]   --->   Operation 237 'icmp' 'icmp_ln51_52' <Predicate = true> <Delay = 2.75> <CoreInst = "Cmp">   --->   Core 9 'Cmp' <Latency = 0> <II = 1> <Delay = 2.75> <FuncUnit> <Opcode : 'seteq' 'setne' 'setle' 'setge' 'setlt' 'setgt'> <InPorts = 2> <OutPorts = 1>
ST_2 : Operation 238 [1/1] (0.80ns)   --->   "%select_ln51_52 = select i1 %icmp_ln51_52, i16 %trunc_ln52_51, i16 0" [firmware/nnet_utils/nnet_activation_stream.h:51]   --->   Operation 238 'select' 'select_ln51_52' <Predicate = true> <Delay = 0.80> <CoreInst = "Sel">   --->   Core 73 'Sel' <Latency = 0> <II = 1> <Delay = 0.80> <FuncUnit> <Opcode : 'select'> <InPorts = 3> <OutPorts = 1>
ST_2 : Operation 239 [1/1] (2.75ns)   --->   "%icmp_ln51_53 = icmp_sgt  i37 %trunc_ln44_52, i37 0" [firmware/nnet_utils/nnet_activation_stream.h:51]   --->   Operation 239 'icmp' 'icmp_ln51_53' <Predicate = true> <Delay = 2.75> <CoreInst = "Cmp">   --->   Core 9 'Cmp' <Latency = 0> <II = 1> <Delay = 2.75> <FuncUnit> <Opcode : 'seteq' 'setne' 'setle' 'setge' 'setlt' 'setgt'> <InPorts = 2> <OutPorts = 1>
ST_2 : Operation 240 [1/1] (0.80ns)   --->   "%select_ln51_53 = select i1 %icmp_ln51_53, i16 %trunc_ln52_52, i16 0" [firmware/nnet_utils/nnet_activation_stream.h:51]   --->   Operation 240 'select' 'select_ln51_53' <Predicate = true> <Delay = 0.80> <CoreInst = "Sel">   --->   Core 73 'Sel' <Latency = 0> <II = 1> <Delay = 0.80> <FuncUnit> <Opcode : 'select'> <InPorts = 3> <OutPorts = 1>
ST_2 : Operation 241 [1/1] (2.75ns)   --->   "%icmp_ln51_54 = icmp_sgt  i37 %trunc_ln44_53, i37 0" [firmware/nnet_utils/nnet_activation_stream.h:51]   --->   Operation 241 'icmp' 'icmp_ln51_54' <Predicate = true> <Delay = 2.75> <CoreInst = "Cmp">   --->   Core 9 'Cmp' <Latency = 0> <II = 1> <Delay = 2.75> <FuncUnit> <Opcode : 'seteq' 'setne' 'setle' 'setge' 'setlt' 'setgt'> <InPorts = 2> <OutPorts = 1>
ST_2 : Operation 242 [1/1] (0.80ns)   --->   "%select_ln51_54 = select i1 %icmp_ln51_54, i16 %trunc_ln52_53, i16 0" [firmware/nnet_utils/nnet_activation_stream.h:51]   --->   Operation 242 'select' 'select_ln51_54' <Predicate = true> <Delay = 0.80> <CoreInst = "Sel">   --->   Core 73 'Sel' <Latency = 0> <II = 1> <Delay = 0.80> <FuncUnit> <Opcode : 'select'> <InPorts = 3> <OutPorts = 1>
ST_2 : Operation 243 [1/1] (2.75ns)   --->   "%icmp_ln51_55 = icmp_sgt  i37 %trunc_ln44_54, i37 0" [firmware/nnet_utils/nnet_activation_stream.h:51]   --->   Operation 243 'icmp' 'icmp_ln51_55' <Predicate = true> <Delay = 2.75> <CoreInst = "Cmp">   --->   Core 9 'Cmp' <Latency = 0> <II = 1> <Delay = 2.75> <FuncUnit> <Opcode : 'seteq' 'setne' 'setle' 'setge' 'setlt' 'setgt'> <InPorts = 2> <OutPorts = 1>
ST_2 : Operation 244 [1/1] (0.80ns)   --->   "%select_ln51_55 = select i1 %icmp_ln51_55, i16 %trunc_ln52_54, i16 0" [firmware/nnet_utils/nnet_activation_stream.h:51]   --->   Operation 244 'select' 'select_ln51_55' <Predicate = true> <Delay = 0.80> <CoreInst = "Sel">   --->   Core 73 'Sel' <Latency = 0> <II = 1> <Delay = 0.80> <FuncUnit> <Opcode : 'select'> <InPorts = 3> <OutPorts = 1>
ST_2 : Operation 245 [1/1] (2.75ns)   --->   "%icmp_ln51_56 = icmp_sgt  i37 %trunc_ln44_55, i37 0" [firmware/nnet_utils/nnet_activation_stream.h:51]   --->   Operation 245 'icmp' 'icmp_ln51_56' <Predicate = true> <Delay = 2.75> <CoreInst = "Cmp">   --->   Core 9 'Cmp' <Latency = 0> <II = 1> <Delay = 2.75> <FuncUnit> <Opcode : 'seteq' 'setne' 'setle' 'setge' 'setlt' 'setgt'> <InPorts = 2> <OutPorts = 1>
ST_2 : Operation 246 [1/1] (0.80ns)   --->   "%select_ln51_56 = select i1 %icmp_ln51_56, i16 %trunc_ln52_55, i16 0" [firmware/nnet_utils/nnet_activation_stream.h:51]   --->   Operation 246 'select' 'select_ln51_56' <Predicate = true> <Delay = 0.80> <CoreInst = "Sel">   --->   Core 73 'Sel' <Latency = 0> <II = 1> <Delay = 0.80> <FuncUnit> <Opcode : 'select'> <InPorts = 3> <OutPorts = 1>
ST_2 : Operation 247 [1/1] (2.75ns)   --->   "%icmp_ln51_57 = icmp_sgt  i37 %trunc_ln44_56, i37 0" [firmware/nnet_utils/nnet_activation_stream.h:51]   --->   Operation 247 'icmp' 'icmp_ln51_57' <Predicate = true> <Delay = 2.75> <CoreInst = "Cmp">   --->   Core 9 'Cmp' <Latency = 0> <II = 1> <Delay = 2.75> <FuncUnit> <Opcode : 'seteq' 'setne' 'setle' 'setge' 'setlt' 'setgt'> <InPorts = 2> <OutPorts = 1>
ST_2 : Operation 248 [1/1] (0.80ns)   --->   "%select_ln51_57 = select i1 %icmp_ln51_57, i16 %trunc_ln52_56, i16 0" [firmware/nnet_utils/nnet_activation_stream.h:51]   --->   Operation 248 'select' 'select_ln51_57' <Predicate = true> <Delay = 0.80> <CoreInst = "Sel">   --->   Core 73 'Sel' <Latency = 0> <II = 1> <Delay = 0.80> <FuncUnit> <Opcode : 'select'> <InPorts = 3> <OutPorts = 1>
ST_2 : Operation 249 [1/1] (2.75ns)   --->   "%icmp_ln51_58 = icmp_sgt  i37 %trunc_ln44_57, i37 0" [firmware/nnet_utils/nnet_activation_stream.h:51]   --->   Operation 249 'icmp' 'icmp_ln51_58' <Predicate = true> <Delay = 2.75> <CoreInst = "Cmp">   --->   Core 9 'Cmp' <Latency = 0> <II = 1> <Delay = 2.75> <FuncUnit> <Opcode : 'seteq' 'setne' 'setle' 'setge' 'setlt' 'setgt'> <InPorts = 2> <OutPorts = 1>
ST_2 : Operation 250 [1/1] (0.80ns)   --->   "%select_ln51_58 = select i1 %icmp_ln51_58, i16 %trunc_ln52_57, i16 0" [firmware/nnet_utils/nnet_activation_stream.h:51]   --->   Operation 250 'select' 'select_ln51_58' <Predicate = true> <Delay = 0.80> <CoreInst = "Sel">   --->   Core 73 'Sel' <Latency = 0> <II = 1> <Delay = 0.80> <FuncUnit> <Opcode : 'select'> <InPorts = 3> <OutPorts = 1>
ST_2 : Operation 251 [1/1] (2.75ns)   --->   "%icmp_ln51_59 = icmp_sgt  i37 %trunc_ln44_58, i37 0" [firmware/nnet_utils/nnet_activation_stream.h:51]   --->   Operation 251 'icmp' 'icmp_ln51_59' <Predicate = true> <Delay = 2.75> <CoreInst = "Cmp">   --->   Core 9 'Cmp' <Latency = 0> <II = 1> <Delay = 2.75> <FuncUnit> <Opcode : 'seteq' 'setne' 'setle' 'setge' 'setlt' 'setgt'> <InPorts = 2> <OutPorts = 1>
ST_2 : Operation 252 [1/1] (0.80ns)   --->   "%select_ln51_59 = select i1 %icmp_ln51_59, i16 %trunc_ln52_58, i16 0" [firmware/nnet_utils/nnet_activation_stream.h:51]   --->   Operation 252 'select' 'select_ln51_59' <Predicate = true> <Delay = 0.80> <CoreInst = "Sel">   --->   Core 73 'Sel' <Latency = 0> <II = 1> <Delay = 0.80> <FuncUnit> <Opcode : 'select'> <InPorts = 3> <OutPorts = 1>
ST_2 : Operation 253 [1/1] (2.75ns)   --->   "%icmp_ln51_60 = icmp_sgt  i37 %trunc_ln44_59, i37 0" [firmware/nnet_utils/nnet_activation_stream.h:51]   --->   Operation 253 'icmp' 'icmp_ln51_60' <Predicate = true> <Delay = 2.75> <CoreInst = "Cmp">   --->   Core 9 'Cmp' <Latency = 0> <II = 1> <Delay = 2.75> <FuncUnit> <Opcode : 'seteq' 'setne' 'setle' 'setge' 'setlt' 'setgt'> <InPorts = 2> <OutPorts = 1>
ST_2 : Operation 254 [1/1] (0.80ns)   --->   "%select_ln51_60 = select i1 %icmp_ln51_60, i16 %trunc_ln52_59, i16 0" [firmware/nnet_utils/nnet_activation_stream.h:51]   --->   Operation 254 'select' 'select_ln51_60' <Predicate = true> <Delay = 0.80> <CoreInst = "Sel">   --->   Core 73 'Sel' <Latency = 0> <II = 1> <Delay = 0.80> <FuncUnit> <Opcode : 'select'> <InPorts = 3> <OutPorts = 1>
ST_2 : Operation 255 [1/1] (2.75ns)   --->   "%icmp_ln51_61 = icmp_sgt  i37 %trunc_ln44_60, i37 0" [firmware/nnet_utils/nnet_activation_stream.h:51]   --->   Operation 255 'icmp' 'icmp_ln51_61' <Predicate = true> <Delay = 2.75> <CoreInst = "Cmp">   --->   Core 9 'Cmp' <Latency = 0> <II = 1> <Delay = 2.75> <FuncUnit> <Opcode : 'seteq' 'setne' 'setle' 'setge' 'setlt' 'setgt'> <InPorts = 2> <OutPorts = 1>
ST_2 : Operation 256 [1/1] (0.80ns)   --->   "%select_ln51_61 = select i1 %icmp_ln51_61, i16 %trunc_ln52_60, i16 0" [firmware/nnet_utils/nnet_activation_stream.h:51]   --->   Operation 256 'select' 'select_ln51_61' <Predicate = true> <Delay = 0.80> <CoreInst = "Sel">   --->   Core 73 'Sel' <Latency = 0> <II = 1> <Delay = 0.80> <FuncUnit> <Opcode : 'select'> <InPorts = 3> <OutPorts = 1>
ST_2 : Operation 257 [1/1] (2.75ns)   --->   "%icmp_ln51_62 = icmp_sgt  i37 %trunc_ln44_61, i37 0" [firmware/nnet_utils/nnet_activation_stream.h:51]   --->   Operation 257 'icmp' 'icmp_ln51_62' <Predicate = true> <Delay = 2.75> <CoreInst = "Cmp">   --->   Core 9 'Cmp' <Latency = 0> <II = 1> <Delay = 2.75> <FuncUnit> <Opcode : 'seteq' 'setne' 'setle' 'setge' 'setlt' 'setgt'> <InPorts = 2> <OutPorts = 1>
ST_2 : Operation 258 [1/1] (0.80ns)   --->   "%select_ln51_62 = select i1 %icmp_ln51_62, i16 %trunc_ln52_61, i16 0" [firmware/nnet_utils/nnet_activation_stream.h:51]   --->   Operation 258 'select' 'select_ln51_62' <Predicate = true> <Delay = 0.80> <CoreInst = "Sel">   --->   Core 73 'Sel' <Latency = 0> <II = 1> <Delay = 0.80> <FuncUnit> <Opcode : 'select'> <InPorts = 3> <OutPorts = 1>
ST_2 : Operation 259 [1/1] (2.75ns)   --->   "%icmp_ln51_63 = icmp_sgt  i37 %trunc_ln44_62, i37 0" [firmware/nnet_utils/nnet_activation_stream.h:51]   --->   Operation 259 'icmp' 'icmp_ln51_63' <Predicate = true> <Delay = 2.75> <CoreInst = "Cmp">   --->   Core 9 'Cmp' <Latency = 0> <II = 1> <Delay = 2.75> <FuncUnit> <Opcode : 'seteq' 'setne' 'setle' 'setge' 'setlt' 'setgt'> <InPorts = 2> <OutPorts = 1>
ST_2 : Operation 260 [1/1] (0.80ns)   --->   "%select_ln51_63 = select i1 %icmp_ln51_63, i16 %trunc_ln52_62, i16 0" [firmware/nnet_utils/nnet_activation_stream.h:51]   --->   Operation 260 'select' 'select_ln51_63' <Predicate = true> <Delay = 0.80> <CoreInst = "Sel">   --->   Core 73 'Sel' <Latency = 0> <II = 1> <Delay = 0.80> <FuncUnit> <Opcode : 'select'> <InPorts = 3> <OutPorts = 1>

State 3 <SV = 2> <Delay = 1.82>
ST_3 : Operation 261 [1/1] (0.00ns)   --->   "%specinterface_ln0 = specinterface void @_ssdm_op_SpecInterface, i1024 %layer3_out, void @empty_11, i32 0, i32 0, void @empty_0, i32 0, i32 0, void @empty_0, void @empty_0, void @empty_0, i32 0, i32 0, i32 0, i32 0, void @empty_0, void @empty_0, i32 4294967295, i32 0, i32 0, i32 0"   --->   Operation 261 'specinterface' 'specinterface_ln0' <Predicate = true> <Delay = 0.00>
ST_3 : Operation 262 [1/1] (0.00ns)   --->   "%specinterface_ln0 = specinterface void @_ssdm_op_SpecInterface, i2368 %layer2_out, void @empty_11, i32 0, i32 0, void @empty_0, i32 0, i32 0, void @empty_0, void @empty_0, void @empty_0, i32 0, i32 0, i32 0, i32 0, void @empty_0, void @empty_0, i32 4294967295, i32 0, i32 0, i32 0"   --->   Operation 262 'specinterface' 'specinterface_ln0' <Predicate = true> <Delay = 0.00>
ST_3 : Operation 263 [1/1] (0.00ns)   --->   "%p_s = bitconcatenate i1024 @_ssdm_op_BitConcatenate.i1024.i16.i16.i16.i16.i16.i16.i16.i16.i16.i16.i16.i16.i16.i16.i16.i16.i16.i16.i16.i16.i16.i16.i16.i16.i16.i16.i16.i16.i16.i16.i16.i16.i16.i16.i16.i16.i16.i16.i16.i16.i16.i16.i16.i16.i16.i16.i16.i16.i16.i16.i16.i16.i16.i16.i16.i16.i16.i16.i16.i16.i16.i16.i16.i16, i16 %select_ln51_63, i16 %select_ln51_62, i16 %select_ln51_61, i16 %select_ln51_60, i16 %select_ln51_59, i16 %select_ln51_58, i16 %select_ln51_57, i16 %select_ln51_56, i16 %select_ln51_55, i16 %select_ln51_54, i16 %select_ln51_53, i16 %select_ln51_52, i16 %select_ln51_51, i16 %select_ln51_50, i16 %select_ln51_49, i16 %select_ln51_48, i16 %select_ln51_47, i16 %select_ln51_46, i16 %select_ln51_45, i16 %select_ln51_44, i16 %select_ln51_43, i16 %select_ln51_42, i16 %select_ln51_41, i16 %select_ln51_40, i16 %select_ln51_39, i16 %select_ln51_38, i16 %select_ln51_37, i16 %select_ln51_36, i16 %select_ln51_35, i16 %select_ln51_34, i16 %select_ln51_33, i16 %select_ln51_32, i16 %select_ln51_31, i16 %select_ln51_30, i16 %select_ln51_29, i16 %select_ln51_28, i16 %select_ln51_27, i16 %select_ln51_26, i16 %select_ln51_25, i16 %select_ln51_24, i16 %select_ln51_23, i16 %select_ln51_22, i16 %select_ln51_21, i16 %select_ln51_20, i16 %select_ln51_19, i16 %select_ln51_18, i16 %select_ln51_17, i16 %select_ln51_16, i16 %select_ln51_15, i16 %select_ln51_14, i16 %select_ln51_13, i16 %select_ln51_12, i16 %select_ln51_11, i16 %select_ln51_10, i16 %select_ln51_9, i16 %select_ln51_8, i16 %select_ln51_7, i16 %select_ln51_6, i16 %select_ln51_5, i16 %select_ln51_4, i16 %select_ln51_3, i16 %select_ln51_2, i16 %select_ln51_1, i16 %select_ln51" [firmware/nnet_utils/nnet_activation_stream.h:57]   --->   Operation 263 'bitconcatenate' 'p_s' <Predicate = true> <Delay = 0.00>
ST_3 : Operation 264 [1/1] ( I:1.82ns O:1.82ns )   --->   "%write_ln57 = write void @_ssdm_op_Write.ap_fifo.volatile.i1024P0A, i1024 %layer3_out, i1024 %p_s" [firmware/nnet_utils/nnet_activation_stream.h:57]   --->   Operation 264 'write' 'write_ln57' <Predicate = true> <Delay = 1.82> <CoreInst = "FIFO_SRL">   --->   Core 80 'FIFO_SRL' <Latency = 0> <II = 1> <Delay = 3.63> <Storage> <Opcode : 'read' 'write' 'nbread' 'nbwrite'> <Ports = 0> <Width = 1024> <Depth = 1> <FIFO>
ST_3 : Operation 265 [1/1] (0.00ns)   --->   "%ret_ln59 = ret" [firmware/nnet_utils/nnet_activation_stream.h:59]   --->   Operation 265 'ret' 'ret_ln59' <Predicate = true> <Delay = 0.00>


============================================================
+ Verbose Summary: Timing violations
============================================================
Target clock period: 5.000ns, clock uncertainty: 1.350ns.

 <State 1>: 1.825ns
The critical path consists of the following:
	fifo read operation ('layer2_out_read', firmware/nnet_utils/nnet_activation_stream.h:44) on port 'layer2_out' (firmware/nnet_utils/nnet_activation_stream.h:44) [5]  (1.825 ns)

 <State 2>: 3.560ns
The critical path consists of the following:
	'icmp' operation 1 bit ('icmp_ln51', firmware/nnet_utils/nnet_activation_stream.h:51) [70]  (2.755 ns)
	'select' operation 16 bit ('select_ln51', firmware/nnet_utils/nnet_activation_stream.h:51) [72]  (0.805 ns)

 <State 3>: 1.825ns
The critical path consists of the following:
	fifo write operation ('write_ln57', firmware/nnet_utils/nnet_activation_stream.h:57) on port 'layer3_out' (firmware/nnet_utils/nnet_activation_stream.h:57) [263]  (1.825 ns)


============================================================
+ Verbose Summary: Binding
============================================================
N/A
* FSMD analyzer results:
  - Output states:
 - Input state : 
  - Chain level:
	State 1
	State 2
	State 3


============================================================
+ Verbose Summary: Datapath Resource usage 
============================================================
N/A
