

================================================================
== Vitis HLS Report for 'softmax_stable_array_array_ap_fixed_16_6_5_3_0_5u_softmax_config9_s'
================================================================
* Date:           Mon Sep 21 18:27:44 2026

* Version:        2025.2.1 (Build 6397637 on Mar 18 2026)
* Project:        myproject_prj
* Solution:       solution1 (Vivado IP Flow Target)
* Product family: zynq
* Target device:  xc7z020-clg400-1


================================================================
== Performance Estimates
================================================================
+ Timing: 
    * Summary: 
    +--------+---------+----------+------------+
    |  Clock |  Target | Estimated| Uncertainty|
    +--------+---------+----------+------------+
    |ap_clk  |  5.00 ns|  3.853 ns|     1.35 ns|
    +--------+---------+----------+------------+

+ Latency: 
    * Summary: 
    +---------+---------+----------+----------+------+------+---------+
    |  Latency (cycles) |  Latency (absolute) |   Interval  | Pipeline|
    |   min   |   max   |    min   |    max   |  min |  max |   Type  |
    +---------+---------+----------+----------+------+------+---------+
    |     1104|     1104|  5.520 us|  5.520 us|  1104|  1104|       no|
    +---------+---------+----------+----------+------+------+---------+

    + Detail: 
        * Instance: 
        N/A

        * Loop: 
        N/A

============================================================
+ Verbose Summary: Synthesis Manager
============================================================
InlineROM: 1
ExposeGlobal: 0
============================================================
+ Verbose Summary: CDFG Model
============================================================
IsTopModel: 0
ResetActiveHigh: 1
IsCombinational: 0
IsDatapathOnly: 0
HasWiredReturn: 1
HasMFsm: 0
HasVarLatency: 1
IsPipeline: 0
IsRtlPipelined: 0
IsInstanceOverlapped: 0
IsDontTouch: 0
HasImplIP: 0
IsGatedGlobalClock: 0


============================================================
+ Verbose Summary: Schedule
============================================================
* Number of FSM states : 21
* Pipeline : 0
* Dataflow Pipeline: 0

* FSM state transitions: 
1 --> 2 
2 --> 3 
3 --> 4 
4 --> 5 
5 --> 6 
6 --> 7 
7 --> 8 
8 --> 9 
9 --> 10 
10 --> 11 
11 --> 12 
12 --> 13 
13 --> 14 
14 --> 15 
15 --> 16 
16 --> 17 
17 --> 18 
18 --> 19 
19 --> 20 
20 --> 21 
21 --> 

* FSM state operations: 

State 1 <SV = 0> <Delay = 1.82>
ST_1 : Operation 22 [1/1] (0.00ns)   --->   "%exp_table = alloca i64 1" [firmware/nnet_utils/nnet_activation_stream.h:173]   --->   Operation 22 'alloca' 'exp_table' <Predicate = true> <Delay = 0.00> <CoreInst = "RAM">   --->   Core 81 'RAM' <Latency = 1> <II = 1> <Delay = 3.25> <Storage> <Opcode : 'load' 'store'> <Ports = 2> <Width = 16> <Depth = 1024> <RAM>
ST_1 : Operation 23 [2/2] (0.00ns)   --->   "%call_ln183 = call void @init_exp_table<ap_ufixed<37, 17, 5, 3, 0>, softmax_config9>, i16 %exp_table" [firmware/nnet_utils/nnet_activation_stream.h:183]   --->   Operation 23 'call' 'call_ln183' <Predicate = true> <Delay = 0.00> <CoreType = "Generic">   --->   Generic Core
ST_1 : Operation 24 [1/1] ( I:1.82ns O:1.82ns )   --->   "%layer8_out_read = read i190 @_ssdm_op_Read.ap_fifo.volatile.i190P0A, i190 %layer8_out" [firmware/nnet_utils/nnet_activation_stream.h:198]   --->   Operation 24 'read' 'layer8_out_read' <Predicate = true> <Delay = 1.82> <CoreInst = "FIFO_SRL">   --->   Core 80 'FIFO_SRL' <Latency = 0> <II = 1> <Delay = 3.63> <Storage> <Opcode : 'read' 'write' 'nbread' 'nbwrite'> <Ports = 0> <Width = 190> <Depth = 1> <FIFO>
ST_1 : Operation 25 [1/1] (0.00ns)   --->   "%trunc_ln198 = trunc i190 %layer8_out_read" [firmware/nnet_utils/nnet_activation_stream.h:198]   --->   Operation 25 'trunc' 'trunc_ln198' <Predicate = true> <Delay = 0.00>
ST_1 : Operation 26 [1/1] (0.00ns)   --->   "%trunc_ln198_1 = partselect i38 @_ssdm_op_PartSelect.i38.i190.i32.i32, i190 %layer8_out_read, i32 38, i32 75" [firmware/nnet_utils/nnet_activation_stream.h:198]   --->   Operation 26 'partselect' 'trunc_ln198_1' <Predicate = true> <Delay = 0.00>
ST_1 : Operation 27 [1/1] (0.00ns)   --->   "%trunc_ln198_2 = partselect i38 @_ssdm_op_PartSelect.i38.i190.i32.i32, i190 %layer8_out_read, i32 76, i32 113" [firmware/nnet_utils/nnet_activation_stream.h:198]   --->   Operation 27 'partselect' 'trunc_ln198_2' <Predicate = true> <Delay = 0.00>
ST_1 : Operation 28 [1/1] (0.00ns)   --->   "%trunc_ln198_3 = partselect i38 @_ssdm_op_PartSelect.i38.i190.i32.i32, i190 %layer8_out_read, i32 114, i32 151" [firmware/nnet_utils/nnet_activation_stream.h:198]   --->   Operation 28 'partselect' 'trunc_ln198_3' <Predicate = true> <Delay = 0.00>
ST_1 : Operation 29 [1/1] (0.00ns)   --->   "%trunc_ln198_4 = partselect i38 @_ssdm_op_PartSelect.i38.i190.i32.i32, i190 %layer8_out_read, i32 152, i32 189" [firmware/nnet_utils/nnet_activation_stream.h:198]   --->   Operation 29 'partselect' 'trunc_ln198_4' <Predicate = true> <Delay = 0.00>
ST_1 : Operation 30 [1/1] (0.00ns)   --->   "%tmp = partselect i37 @_ssdm_op_PartSelect.i37.i190.i32.i32, i190 %layer8_out_read, i32 152, i32 188" [firmware/nnet_utils/nnet_common.h:66->firmware/nnet_utils/nnet_common.h:46->firmware/nnet_utils/nnet_activation_stream.h:208]   --->   Operation 30 'partselect' 'tmp' <Predicate = true> <Delay = 0.00>
ST_1 : Operation 31 [1/1] (0.00ns)   --->   "%trunc_ln213 = trunc i190 %layer8_out_read" [firmware/nnet_utils/nnet_activation_stream.h:213]   --->   Operation 31 'trunc' 'trunc_ln213' <Predicate = true> <Delay = 0.00>
ST_1 : Operation 32 [1/1] (0.00ns)   --->   "%trunc_ln213_2 = partselect i37 @_ssdm_op_PartSelect.i37.i190.i32.i32, i190 %layer8_out_read, i32 38, i32 74" [firmware/nnet_utils/nnet_activation_stream.h:213]   --->   Operation 32 'partselect' 'trunc_ln213_2' <Predicate = true> <Delay = 0.00>
ST_1 : Operation 33 [1/1] (0.00ns)   --->   "%trunc_ln213_3 = partselect i37 @_ssdm_op_PartSelect.i37.i190.i32.i32, i190 %layer8_out_read, i32 76, i32 112" [firmware/nnet_utils/nnet_activation_stream.h:213]   --->   Operation 33 'partselect' 'trunc_ln213_3' <Predicate = true> <Delay = 0.00>
ST_1 : Operation 34 [1/1] (0.00ns)   --->   "%trunc_ln213_4 = partselect i37 @_ssdm_op_PartSelect.i37.i190.i32.i32, i190 %layer8_out_read, i32 114, i32 150" [firmware/nnet_utils/nnet_activation_stream.h:213]   --->   Operation 34 'partselect' 'trunc_ln213_4' <Predicate = true> <Delay = 0.00>

State 2 <SV = 1> <Delay = 2.79>
ST_2 : Operation 35 [1/2] (0.00ns)   --->   "%call_ln183 = call void @init_exp_table<ap_ufixed<37, 17, 5, 3, 0>, softmax_config9>, i16 %exp_table" [firmware/nnet_utils/nnet_activation_stream.h:183]   --->   Operation 35 'call' 'call_ln183' <Predicate = true> <Delay = 0.00> <CoreType = "Generic">   --->   Generic Core
ST_2 : Operation 36 [1/1] (2.79ns)   --->   "%icmp_ln66 = icmp_slt  i38 %trunc_ln198, i38 %trunc_ln198_1" [firmware/nnet_utils/nnet_common.h:66->firmware/nnet_utils/nnet_common.h:44->firmware/nnet_utils/nnet_common.h:46->firmware/nnet_utils/nnet_common.h:46->firmware/nnet_utils/nnet_activation_stream.h:208]   --->   Operation 36 'icmp' 'icmp_ln66' <Predicate = true> <Delay = 2.79> <CoreInst = "Cmp">   --->   Core 9 'Cmp' <Latency = 0> <II = 1> <Delay = 2.79> <FuncUnit> <Opcode : 'seteq' 'setne' 'setle' 'setge' 'setlt' 'setgt'> <InPorts = 2> <OutPorts = 1>
ST_2 : Operation 37 [1/1] (2.79ns)   --->   "%icmp_ln66_1 = icmp_slt  i38 %trunc_ln198_2, i38 %trunc_ln198_3" [firmware/nnet_utils/nnet_common.h:66->firmware/nnet_utils/nnet_common.h:44->firmware/nnet_utils/nnet_common.h:46->firmware/nnet_utils/nnet_common.h:46->firmware/nnet_utils/nnet_activation_stream.h:208]   --->   Operation 37 'icmp' 'icmp_ln66_1' <Predicate = true> <Delay = 2.79> <CoreInst = "Cmp">   --->   Core 9 'Cmp' <Latency = 0> <II = 1> <Delay = 2.79> <FuncUnit> <Opcode : 'seteq' 'setne' 'setle' 'setge' 'setlt' 'setgt'> <InPorts = 2> <OutPorts = 1>

State 3 <SV = 2> <Delay = 1.34>
ST_3 : Operation 38 [1/1] (0.00ns) (grouped into LUT with out node select_ln66)   --->   "%xor_ln66 = xor i1 %icmp_ln66, i1 1" [firmware/nnet_utils/nnet_common.h:66->firmware/nnet_utils/nnet_common.h:44->firmware/nnet_utils/nnet_common.h:46->firmware/nnet_utils/nnet_common.h:46->firmware/nnet_utils/nnet_activation_stream.h:208]   --->   Operation 38 'xor' 'xor_ln66' <Predicate = true> <Delay = 0.00> <CoreInst = "LogicGate">   --->   Core 74 'LogicGate' <Latency = 0> <II = 1> <Delay = 0.97> <FuncUnit> <Opcode : 'and' 'or' 'xor'> <InPorts = 2> <OutPorts = 1>
ST_3 : Operation 39 [1/1] (1.34ns) (out node of the LUT)   --->   "%select_ln66 = select i1 %xor_ln66, i38 %trunc_ln198, i38 %trunc_ln198_1" [firmware/nnet_utils/nnet_common.h:66->firmware/nnet_utils/nnet_common.h:44->firmware/nnet_utils/nnet_common.h:46->firmware/nnet_utils/nnet_common.h:46->firmware/nnet_utils/nnet_activation_stream.h:208]   --->   Operation 39 'select' 'select_ln66' <Predicate = true> <Delay = 1.34> <CoreInst = "Sel">   --->   Core 73 'Sel' <Latency = 0> <II = 1> <Delay = 1.34> <FuncUnit> <Opcode : 'select'> <InPorts = 3> <OutPorts = 1>
ST_3 : Operation 40 [1/1] (0.00ns) (grouped into LUT with out node select_ln66_1)   --->   "%xor_ln66_1 = xor i1 %icmp_ln66_1, i1 1" [firmware/nnet_utils/nnet_common.h:66->firmware/nnet_utils/nnet_common.h:44->firmware/nnet_utils/nnet_common.h:46->firmware/nnet_utils/nnet_common.h:46->firmware/nnet_utils/nnet_activation_stream.h:208]   --->   Operation 40 'xor' 'xor_ln66_1' <Predicate = true> <Delay = 0.00> <CoreInst = "LogicGate">   --->   Core 74 'LogicGate' <Latency = 0> <II = 1> <Delay = 0.97> <FuncUnit> <Opcode : 'and' 'or' 'xor'> <InPorts = 2> <OutPorts = 1>
ST_3 : Operation 41 [1/1] (1.34ns) (out node of the LUT)   --->   "%select_ln66_1 = select i1 %xor_ln66_1, i38 %trunc_ln198_2, i38 %trunc_ln198_3" [firmware/nnet_utils/nnet_common.h:66->firmware/nnet_utils/nnet_common.h:44->firmware/nnet_utils/nnet_common.h:46->firmware/nnet_utils/nnet_common.h:46->firmware/nnet_utils/nnet_activation_stream.h:208]   --->   Operation 41 'select' 'select_ln66_1' <Predicate = true> <Delay = 1.34> <CoreInst = "Sel">   --->   Core 73 'Sel' <Latency = 0> <II = 1> <Delay = 1.34> <FuncUnit> <Opcode : 'select'> <InPorts = 3> <OutPorts = 1>

State 4 <SV = 3> <Delay = 2.79>
ST_4 : Operation 42 [1/1] (2.79ns)   --->   "%icmp_ln66_2 = icmp_slt  i38 %select_ln66, i38 %select_ln66_1" [firmware/nnet_utils/nnet_common.h:66->firmware/nnet_utils/nnet_common.h:46->firmware/nnet_utils/nnet_common.h:46->firmware/nnet_utils/nnet_activation_stream.h:208]   --->   Operation 42 'icmp' 'icmp_ln66_2' <Predicate = true> <Delay = 2.79> <CoreInst = "Cmp">   --->   Core 9 'Cmp' <Latency = 0> <II = 1> <Delay = 2.79> <FuncUnit> <Opcode : 'seteq' 'setne' 'setle' 'setge' 'setlt' 'setgt'> <InPorts = 2> <OutPorts = 1>

State 5 <SV = 4> <Delay = 1.34>
ST_5 : Operation 43 [1/1] (0.00ns) (grouped into LUT with out node select_ln66_2)   --->   "%xor_ln66_2 = xor i1 %icmp_ln66_2, i1 1" [firmware/nnet_utils/nnet_common.h:66->firmware/nnet_utils/nnet_common.h:46->firmware/nnet_utils/nnet_common.h:46->firmware/nnet_utils/nnet_activation_stream.h:208]   --->   Operation 43 'xor' 'xor_ln66_2' <Predicate = true> <Delay = 0.00> <CoreInst = "LogicGate">   --->   Core 74 'LogicGate' <Latency = 0> <II = 1> <Delay = 0.97> <FuncUnit> <Opcode : 'and' 'or' 'xor'> <InPorts = 2> <OutPorts = 1>
ST_5 : Operation 44 [1/1] (1.34ns) (out node of the LUT)   --->   "%select_ln66_2 = select i1 %xor_ln66_2, i38 %select_ln66, i38 %select_ln66_1" [firmware/nnet_utils/nnet_common.h:66->firmware/nnet_utils/nnet_common.h:46->firmware/nnet_utils/nnet_common.h:46->firmware/nnet_utils/nnet_activation_stream.h:208]   --->   Operation 44 'select' 'select_ln66_2' <Predicate = true> <Delay = 1.34> <CoreInst = "Sel">   --->   Core 73 'Sel' <Latency = 0> <II = 1> <Delay = 1.34> <FuncUnit> <Opcode : 'select'> <InPorts = 3> <OutPorts = 1>

State 6 <SV = 5> <Delay = 2.79>
ST_6 : Operation 45 [1/1] (2.79ns)   --->   "%icmp_ln66_3 = icmp_slt  i38 %select_ln66_2, i38 %trunc_ln198_4" [firmware/nnet_utils/nnet_common.h:66->firmware/nnet_utils/nnet_common.h:46->firmware/nnet_utils/nnet_activation_stream.h:208]   --->   Operation 45 'icmp' 'icmp_ln66_3' <Predicate = true> <Delay = 2.79> <CoreInst = "Cmp">   --->   Core 9 'Cmp' <Latency = 0> <II = 1> <Delay = 2.79> <FuncUnit> <Opcode : 'seteq' 'setne' 'setle' 'setge' 'setlt' 'setgt'> <InPorts = 2> <OutPorts = 1>

State 7 <SV = 6> <Delay = 1.23>
ST_7 : Operation 46 [1/1] (0.00ns) (grouped into LUT with out node select_ln66_3)   --->   "%xor_ln66_3 = xor i1 %icmp_ln66_3, i1 1" [firmware/nnet_utils/nnet_common.h:66->firmware/nnet_utils/nnet_common.h:46->firmware/nnet_utils/nnet_activation_stream.h:208]   --->   Operation 46 'xor' 'xor_ln66_3' <Predicate = true> <Delay = 0.00> <CoreInst = "LogicGate">   --->   Core 74 'LogicGate' <Latency = 0> <II = 1> <Delay = 0.97> <FuncUnit> <Opcode : 'and' 'or' 'xor'> <InPorts = 2> <OutPorts = 1>
ST_7 : Operation 47 [1/1] (0.00ns) (grouped into LUT with out node select_ln66_3)   --->   "%trunc_ln66 = trunc i38 %select_ln66_2" [firmware/nnet_utils/nnet_common.h:66->firmware/nnet_utils/nnet_common.h:46->firmware/nnet_utils/nnet_activation_stream.h:208]   --->   Operation 47 'trunc' 'trunc_ln66' <Predicate = true> <Delay = 0.00>
ST_7 : Operation 48 [1/1] (1.23ns) (out node of the LUT)   --->   "%select_ln66_3 = select i1 %xor_ln66_3, i37 %trunc_ln66, i37 %tmp" [firmware/nnet_utils/nnet_common.h:66->firmware/nnet_utils/nnet_common.h:46->firmware/nnet_utils/nnet_activation_stream.h:208]   --->   Operation 48 'select' 'select_ln66_3' <Predicate = true> <Delay = 1.23> <CoreInst = "Sel">   --->   Core 73 'Sel' <Latency = 0> <II = 1> <Delay = 1.23> <FuncUnit> <Opcode : 'select'> <InPorts = 3> <OutPorts = 1>

State 8 <SV = 7> <Delay = 2.75>
ST_8 : Operation 49 [1/1] (2.75ns)   --->   "%x = sub i37 %select_ln66_3, i37 %trunc_ln213" [firmware/nnet_utils/nnet_activation_stream.h:213]   --->   Operation 49 'sub' 'x' <Predicate = true> <Delay = 2.75> <CoreInst = "Adder">   --->   Core 1 'Adder' <Latency = 0> <II = 1> <Delay = 2.75> <FuncUnit> <Opcode : 'add' 'sub'> <InPorts = 2> <OutPorts = 1>
ST_8 : Operation 50 [1/1] (2.75ns)   --->   "%x_1 = sub i37 %select_ln66_3, i37 %trunc_ln213_2" [firmware/nnet_utils/nnet_activation_stream.h:213]   --->   Operation 50 'sub' 'x_1' <Predicate = true> <Delay = 2.75> <CoreInst = "Adder">   --->   Core 1 'Adder' <Latency = 0> <II = 1> <Delay = 2.75> <FuncUnit> <Opcode : 'add' 'sub'> <InPorts = 2> <OutPorts = 1>
ST_8 : Operation 51 [1/1] (2.75ns)   --->   "%x_2 = sub i37 %select_ln66_3, i37 %trunc_ln213_3" [firmware/nnet_utils/nnet_activation_stream.h:213]   --->   Operation 51 'sub' 'x_2' <Predicate = true> <Delay = 2.75> <CoreInst = "Adder">   --->   Core 1 'Adder' <Latency = 0> <II = 1> <Delay = 2.75> <FuncUnit> <Opcode : 'add' 'sub'> <InPorts = 2> <OutPorts = 1>
ST_8 : Operation 52 [1/1] (2.75ns)   --->   "%x_3 = sub i37 %select_ln66_3, i37 %trunc_ln213_4" [firmware/nnet_utils/nnet_activation_stream.h:213]   --->   Operation 52 'sub' 'x_3' <Predicate = true> <Delay = 2.75> <CoreInst = "Adder">   --->   Core 1 'Adder' <Latency = 0> <II = 1> <Delay = 2.75> <FuncUnit> <Opcode : 'add' 'sub'> <InPorts = 2> <OutPorts = 1>
ST_8 : Operation 53 [1/1] (2.75ns)   --->   "%x_4 = sub i37 %select_ln66_3, i37 %tmp" [firmware/nnet_utils/nnet_activation_stream.h:213]   --->   Operation 53 'sub' 'x_4' <Predicate = true> <Delay = 2.75> <CoreInst = "Adder">   --->   Core 1 'Adder' <Latency = 0> <II = 1> <Delay = 2.75> <FuncUnit> <Opcode : 'add' 'sub'> <InPorts = 2> <OutPorts = 1>
ST_8 : Operation 54 [1/1] (0.00ns)   --->   "%tmp_5 = partselect i10 @_ssdm_op_PartSelect.i10.i37.i32.i32, i37 %x, i32 27, i32 36" [firmware/nnet_utils/nnet_activation.h:145->firmware/nnet_utils/nnet_activation_stream.h:222]   --->   Operation 54 'partselect' 'tmp_5' <Predicate = true> <Delay = 0.00>
ST_8 : Operation 55 [1/1] (0.00ns)   --->   "%tmp_7 = partselect i10 @_ssdm_op_PartSelect.i10.i37.i32.i32, i37 %x_1, i32 27, i32 36" [firmware/nnet_utils/nnet_activation.h:145->firmware/nnet_utils/nnet_activation_stream.h:222]   --->   Operation 55 'partselect' 'tmp_7' <Predicate = true> <Delay = 0.00>
ST_8 : Operation 56 [1/1] (0.00ns)   --->   "%tmp_9 = partselect i10 @_ssdm_op_PartSelect.i10.i37.i32.i32, i37 %x_2, i32 27, i32 36" [firmware/nnet_utils/nnet_activation.h:145->firmware/nnet_utils/nnet_activation_stream.h:222]   --->   Operation 56 'partselect' 'tmp_9' <Predicate = true> <Delay = 0.00>
ST_8 : Operation 57 [1/1] (0.00ns)   --->   "%tmp_s = partselect i10 @_ssdm_op_PartSelect.i10.i37.i32.i32, i37 %x_3, i32 27, i32 36" [firmware/nnet_utils/nnet_activation.h:145->firmware/nnet_utils/nnet_activation_stream.h:222]   --->   Operation 57 'partselect' 'tmp_s' <Predicate = true> <Delay = 0.00>
ST_8 : Operation 58 [1/1] (0.00ns)   --->   "%tmp_4 = partselect i10 @_ssdm_op_PartSelect.i10.i37.i32.i32, i37 %x_4, i32 27, i32 36" [firmware/nnet_utils/nnet_activation.h:145->firmware/nnet_utils/nnet_activation_stream.h:222]   --->   Operation 58 'partselect' 'tmp_4' <Predicate = true> <Delay = 0.00>

State 9 <SV = 8> <Delay = 3.25>
ST_9 : Operation 59 [1/1] (0.00ns)   --->   "%zext_ln223 = zext i10 %tmp_5" [firmware/nnet_utils/nnet_activation_stream.h:223]   --->   Operation 59 'zext' 'zext_ln223' <Predicate = true> <Delay = 0.00>
ST_9 : Operation 60 [1/1] (0.00ns)   --->   "%exp_table_addr = getelementptr i16 %exp_table, i64 0, i64 %zext_ln223" [firmware/nnet_utils/nnet_activation_stream.h:223]   --->   Operation 60 'getelementptr' 'exp_table_addr' <Predicate = true> <Delay = 0.00>
ST_9 : Operation 61 [2/2] (3.25ns)   --->   "%a = load i10 %exp_table_addr" [firmware/nnet_utils/nnet_activation_stream.h:223]   --->   Operation 61 'load' 'a' <Predicate = true> <Delay = 3.25> <CoreInst = "RAM">   --->   Core 81 'RAM' <Latency = 1> <II = 1> <Delay = 3.25> <Storage> <Opcode : 'load' 'store'> <Ports = 2> <Width = 16> <Depth = 1024> <RAM>

State 10 <SV = 9> <Delay = 3.25>
ST_10 : Operation 62 [1/2] ( I:3.25ns O:3.25ns )   --->   "%a = load i10 %exp_table_addr" [firmware/nnet_utils/nnet_activation_stream.h:223]   --->   Operation 62 'load' 'a' <Predicate = true> <Delay = 3.25> <CoreInst = "RAM">   --->   Core 81 'RAM' <Latency = 1> <II = 1> <Delay = 3.25> <Storage> <Opcode : 'load' 'store'> <Ports = 2> <Width = 16> <Depth = 1024> <RAM>
ST_10 : Operation 63 [1/1] (0.00ns)   --->   "%zext_ln223_1 = zext i10 %tmp_7" [firmware/nnet_utils/nnet_activation_stream.h:223]   --->   Operation 63 'zext' 'zext_ln223_1' <Predicate = true> <Delay = 0.00>
ST_10 : Operation 64 [1/1] (0.00ns)   --->   "%exp_table_addr_1 = getelementptr i16 %exp_table, i64 0, i64 %zext_ln223_1" [firmware/nnet_utils/nnet_activation_stream.h:223]   --->   Operation 64 'getelementptr' 'exp_table_addr_1' <Predicate = true> <Delay = 0.00>
ST_10 : Operation 65 [2/2] (3.25ns)   --->   "%b = load i10 %exp_table_addr_1" [firmware/nnet_utils/nnet_activation_stream.h:223]   --->   Operation 65 'load' 'b' <Predicate = true> <Delay = 3.25> <CoreInst = "RAM">   --->   Core 81 'RAM' <Latency = 1> <II = 1> <Delay = 3.25> <Storage> <Opcode : 'load' 'store'> <Ports = 2> <Width = 16> <Depth = 1024> <RAM>
ST_10 : Operation 66 [1/1] (0.00ns)   --->   "%zext_ln223_2 = zext i10 %tmp_9" [firmware/nnet_utils/nnet_activation_stream.h:223]   --->   Operation 66 'zext' 'zext_ln223_2' <Predicate = true> <Delay = 0.00>
ST_10 : Operation 67 [1/1] (0.00ns)   --->   "%exp_table_addr_2 = getelementptr i16 %exp_table, i64 0, i64 %zext_ln223_2" [firmware/nnet_utils/nnet_activation_stream.h:223]   --->   Operation 67 'getelementptr' 'exp_table_addr_2' <Predicate = true> <Delay = 0.00>
ST_10 : Operation 68 [2/2] (3.25ns)   --->   "%a_1 = load i10 %exp_table_addr_2" [firmware/nnet_utils/nnet_activation_stream.h:223]   --->   Operation 68 'load' 'a_1' <Predicate = true> <Delay = 3.25> <CoreInst = "RAM">   --->   Core 81 'RAM' <Latency = 1> <II = 1> <Delay = 3.25> <Storage> <Opcode : 'load' 'store'> <Ports = 2> <Width = 16> <Depth = 1024> <RAM>

State 11 <SV = 10> <Delay = 3.25>
ST_11 : Operation 69 [1/2] ( I:3.25ns O:3.25ns )   --->   "%b = load i10 %exp_table_addr_1" [firmware/nnet_utils/nnet_activation_stream.h:223]   --->   Operation 69 'load' 'b' <Predicate = true> <Delay = 3.25> <CoreInst = "RAM">   --->   Core 81 'RAM' <Latency = 1> <II = 1> <Delay = 3.25> <Storage> <Opcode : 'load' 'store'> <Ports = 2> <Width = 16> <Depth = 1024> <RAM>
ST_11 : Operation 70 [1/2] ( I:3.25ns O:3.25ns )   --->   "%a_1 = load i10 %exp_table_addr_2" [firmware/nnet_utils/nnet_activation_stream.h:223]   --->   Operation 70 'load' 'a_1' <Predicate = true> <Delay = 3.25> <CoreInst = "RAM">   --->   Core 81 'RAM' <Latency = 1> <II = 1> <Delay = 3.25> <Storage> <Opcode : 'load' 'store'> <Ports = 2> <Width = 16> <Depth = 1024> <RAM>
ST_11 : Operation 71 [1/1] (0.00ns)   --->   "%zext_ln223_3 = zext i10 %tmp_s" [firmware/nnet_utils/nnet_activation_stream.h:223]   --->   Operation 71 'zext' 'zext_ln223_3' <Predicate = true> <Delay = 0.00>
ST_11 : Operation 72 [1/1] (0.00ns)   --->   "%exp_table_addr_3 = getelementptr i16 %exp_table, i64 0, i64 %zext_ln223_3" [firmware/nnet_utils/nnet_activation_stream.h:223]   --->   Operation 72 'getelementptr' 'exp_table_addr_3' <Predicate = true> <Delay = 0.00>
ST_11 : Operation 73 [2/2] (3.25ns)   --->   "%b_1 = load i10 %exp_table_addr_3" [firmware/nnet_utils/nnet_activation_stream.h:223]   --->   Operation 73 'load' 'b_1' <Predicate = true> <Delay = 3.25> <CoreInst = "RAM">   --->   Core 81 'RAM' <Latency = 1> <II = 1> <Delay = 3.25> <Storage> <Opcode : 'load' 'store'> <Ports = 2> <Width = 16> <Depth = 1024> <RAM>
ST_11 : Operation 74 [1/1] (0.00ns)   --->   "%zext_ln223_4 = zext i10 %tmp_4" [firmware/nnet_utils/nnet_activation_stream.h:223]   --->   Operation 74 'zext' 'zext_ln223_4' <Predicate = true> <Delay = 0.00>
ST_11 : Operation 75 [1/1] (0.00ns)   --->   "%exp_table_addr_4 = getelementptr i16 %exp_table, i64 0, i64 %zext_ln223_4" [firmware/nnet_utils/nnet_activation_stream.h:223]   --->   Operation 75 'getelementptr' 'exp_table_addr_4' <Predicate = true> <Delay = 0.00>
ST_11 : Operation 76 [2/2] (3.25ns)   --->   "%b_2 = load i10 %exp_table_addr_4" [firmware/nnet_utils/nnet_activation_stream.h:223]   --->   Operation 76 'load' 'b_2' <Predicate = true> <Delay = 3.25> <CoreInst = "RAM">   --->   Core 81 'RAM' <Latency = 1> <II = 1> <Delay = 3.25> <Storage> <Opcode : 'load' 'store'> <Ports = 2> <Width = 16> <Depth = 1024> <RAM>

State 12 <SV = 11> <Delay = 3.25>
ST_12 : Operation 77 [1/2] ( I:3.25ns O:3.25ns )   --->   "%b_1 = load i10 %exp_table_addr_3" [firmware/nnet_utils/nnet_activation_stream.h:223]   --->   Operation 77 'load' 'b_1' <Predicate = true> <Delay = 3.25> <CoreInst = "RAM">   --->   Core 81 'RAM' <Latency = 1> <II = 1> <Delay = 3.25> <Storage> <Opcode : 'load' 'store'> <Ports = 2> <Width = 16> <Depth = 1024> <RAM>
ST_12 : Operation 78 [1/2] ( I:3.25ns O:3.25ns )   --->   "%b_2 = load i10 %exp_table_addr_4" [firmware/nnet_utils/nnet_activation_stream.h:223]   --->   Operation 78 'load' 'b_2' <Predicate = true> <Delay = 3.25> <CoreInst = "RAM">   --->   Core 81 'RAM' <Latency = 1> <II = 1> <Delay = 3.25> <Storage> <Opcode : 'load' 'store'> <Ports = 2> <Width = 16> <Depth = 1024> <RAM>

State 13 <SV = 12> <Delay = 2.07>
ST_13 : Operation 79 [1/1] (2.07ns)   --->   "%add_ln51_1 = add i16 %b_1, i16 %b_2" [firmware/nnet_utils/nnet_common.h:51->firmware/nnet_utils/nnet_common.h:46->firmware/nnet_utils/nnet_activation_stream.h:229]   --->   Operation 79 'add' 'add_ln51_1' <Predicate = true> <Delay = 2.07> <CoreInst = "Adder">   --->   Core 1 'Adder' <Latency = 0> <II = 1> <Delay = 2.07> <FuncUnit> <Opcode : 'add' 'sub'> <InPorts = 2> <OutPorts = 1>

State 14 <SV = 13> <Delay = 2.07>
ST_14 : Operation 80 [1/1] (2.07ns)   --->   "%add_ln51 = add i16 %b, i16 %a" [firmware/nnet_utils/nnet_common.h:51->firmware/nnet_utils/nnet_common.h:46->firmware/nnet_utils/nnet_activation_stream.h:229]   --->   Operation 80 'add' 'add_ln51' <Predicate = true> <Delay = 2.07> <CoreInst = "Adder">   --->   Core 1 'Adder' <Latency = 0> <II = 1> <Delay = 2.07> <FuncUnit> <Opcode : 'add' 'sub'> <InPorts = 2> <OutPorts = 1>
ST_14 : Operation 81 [1/1] (2.07ns)   --->   "%add_ln51_2 = add i16 %add_ln51_1, i16 %a_1" [firmware/nnet_utils/nnet_common.h:51->firmware/nnet_utils/nnet_common.h:46->firmware/nnet_utils/nnet_activation_stream.h:229]   --->   Operation 81 'add' 'add_ln51_2' <Predicate = true> <Delay = 2.07> <CoreInst = "Adder">   --->   Core 1 'Adder' <Latency = 0> <II = 1> <Delay = 2.07> <FuncUnit> <Opcode : 'add' 'sub'> <InPorts = 2> <OutPorts = 1>

State 15 <SV = 14> <Delay = 2.07>
ST_15 : Operation 82 [1/1] (2.07ns)   --->   "%add_ln51_3 = add i16 %add_ln51_2, i16 %add_ln51" [firmware/nnet_utils/nnet_common.h:51->firmware/nnet_utils/nnet_common.h:46->firmware/nnet_utils/nnet_activation_stream.h:229]   --->   Operation 82 'add' 'add_ln51_3' <Predicate = true> <Delay = 2.07> <CoreInst = "Adder">   --->   Core 1 'Adder' <Latency = 0> <II = 1> <Delay = 2.07> <FuncUnit> <Opcode : 'add' 'sub'> <InPorts = 2> <OutPorts = 1>
ST_15 : Operation 83 [1/1] (0.00ns)   --->   "%tmp_1 = partselect i8 @_ssdm_op_PartSelect.i8.i16.i32.i32, i16 %add_ln51_3, i32 8, i32 15" [firmware/nnet_utils/nnet_activation.h:145->firmware/nnet_utils/nnet_activation_stream.h:232]   --->   Operation 83 'partselect' 'tmp_1' <Predicate = true> <Delay = 0.00>

State 16 <SV = 15> <Delay = 3.25>
ST_16 : Operation 84 [1/1] (0.00ns)   --->   "%sext_ln232 = sext i8 %tmp_1" [firmware/nnet_utils/nnet_activation_stream.h:232]   --->   Operation 84 'sext' 'sext_ln232' <Predicate = true> <Delay = 0.00>
ST_16 : Operation 85 [1/1] (0.00ns)   --->   "%zext_ln232 = zext i10 %sext_ln232" [firmware/nnet_utils/nnet_activation_stream.h:232]   --->   Operation 85 'zext' 'zext_ln232' <Predicate = true> <Delay = 0.00>
ST_16 : Operation 86 [1/1] (0.00ns)   --->   "%invert_table_addr = getelementptr i18 %invert_table, i64 0, i64 %zext_ln232" [firmware/nnet_utils/nnet_activation_stream.h:232]   --->   Operation 86 'getelementptr' 'invert_table_addr' <Predicate = true> <Delay = 0.00>
ST_16 : Operation 87 [2/2] (3.25ns)   --->   "%inv_exp_sum = load i10 %invert_table_addr" [firmware/nnet_utils/nnet_activation_stream.h:232]   --->   Operation 87 'load' 'inv_exp_sum' <Predicate = true> <Delay = 3.25> <CoreInst = "ROM">   --->   Core 94 'ROM' <Latency = 1> <II = 1> <Delay = 3.25> <Storage> <Opcode : 'load'> <Ports = 0> <Width = 18> <Depth = 1024> <ROM>

State 17 <SV = 16> <Delay = 3.25>
ST_17 : Operation 88 [1/2] ( I:3.25ns O:3.25ns )   --->   "%inv_exp_sum = load i10 %invert_table_addr" [firmware/nnet_utils/nnet_activation_stream.h:232]   --->   Operation 88 'load' 'inv_exp_sum' <Predicate = true> <Delay = 3.25> <CoreInst = "ROM">   --->   Core 94 'ROM' <Latency = 1> <II = 1> <Delay = 3.25> <Storage> <Opcode : 'load'> <Ports = 0> <Width = 18> <Depth = 1024> <ROM>

State 18 <SV = 17> <Delay = 3.34>
ST_18 : Operation 89 [1/1] (0.00ns)   --->   "%sext_ln241 = sext i18 %inv_exp_sum" [firmware/nnet_utils/nnet_activation_stream.h:241]   --->   Operation 89 'sext' 'sext_ln241' <Predicate = true> <Delay = 0.00>
ST_18 : Operation 90 [1/1] (0.00ns)   --->   "%sext_ln241_1 = sext i16 %a" [firmware/nnet_utils/nnet_activation_stream.h:241]   --->   Operation 90 'sext' 'sext_ln241_1' <Predicate = true> <Delay = 0.00>
ST_18 : Operation 91 [2/2] (3.34ns)   --->   "%mul_ln241 = mul i26 %sext_ln241, i26 %sext_ln241_1" [firmware/nnet_utils/nnet_activation_stream.h:241]   --->   Operation 91 'mul' 'mul_ln241' <Predicate = true> <Delay = 3.34> <CoreInst = "Multiplier">   --->   Core 3 'Multiplier' <Latency = 1> <II = 1> <Delay = 3.34> <FuncUnit> <Opcode : 'mul'> <InPorts = 2> <OutPorts = 1>
ST_18 : Operation 92 [1/1] (0.00ns)   --->   "%sext_ln241_2 = sext i16 %b" [firmware/nnet_utils/nnet_activation_stream.h:241]   --->   Operation 92 'sext' 'sext_ln241_2' <Predicate = true> <Delay = 0.00>
ST_18 : Operation 93 [2/2] (3.34ns)   --->   "%mul_ln241_1 = mul i26 %sext_ln241, i26 %sext_ln241_2" [firmware/nnet_utils/nnet_activation_stream.h:241]   --->   Operation 93 'mul' 'mul_ln241_1' <Predicate = true> <Delay = 3.34> <CoreInst = "Multiplier">   --->   Core 3 'Multiplier' <Latency = 1> <II = 1> <Delay = 3.34> <FuncUnit> <Opcode : 'mul'> <InPorts = 2> <OutPorts = 1>
ST_18 : Operation 94 [1/1] (0.00ns)   --->   "%sext_ln241_3 = sext i16 %a_1" [firmware/nnet_utils/nnet_activation_stream.h:241]   --->   Operation 94 'sext' 'sext_ln241_3' <Predicate = true> <Delay = 0.00>
ST_18 : Operation 95 [2/2] (3.34ns)   --->   "%mul_ln241_2 = mul i26 %sext_ln241, i26 %sext_ln241_3" [firmware/nnet_utils/nnet_activation_stream.h:241]   --->   Operation 95 'mul' 'mul_ln241_2' <Predicate = true> <Delay = 3.34> <CoreInst = "Multiplier">   --->   Core 3 'Multiplier' <Latency = 1> <II = 1> <Delay = 3.34> <FuncUnit> <Opcode : 'mul'> <InPorts = 2> <OutPorts = 1>
ST_18 : Operation 96 [1/1] (0.00ns)   --->   "%sext_ln241_4 = sext i16 %b_1" [firmware/nnet_utils/nnet_activation_stream.h:241]   --->   Operation 96 'sext' 'sext_ln241_4' <Predicate = true> <Delay = 0.00>
ST_18 : Operation 97 [2/2] (3.34ns)   --->   "%mul_ln241_3 = mul i26 %sext_ln241, i26 %sext_ln241_4" [firmware/nnet_utils/nnet_activation_stream.h:241]   --->   Operation 97 'mul' 'mul_ln241_3' <Predicate = true> <Delay = 3.34> <CoreInst = "Multiplier">   --->   Core 3 'Multiplier' <Latency = 1> <II = 1> <Delay = 3.34> <FuncUnit> <Opcode : 'mul'> <InPorts = 2> <OutPorts = 1>
ST_18 : Operation 98 [1/1] (0.00ns)   --->   "%sext_ln241_5 = sext i16 %b_2" [firmware/nnet_utils/nnet_activation_stream.h:241]   --->   Operation 98 'sext' 'sext_ln241_5' <Predicate = true> <Delay = 0.00>
ST_18 : Operation 99 [2/2] (3.34ns)   --->   "%mul_ln241_4 = mul i26 %sext_ln241, i26 %sext_ln241_5" [firmware/nnet_utils/nnet_activation_stream.h:241]   --->   Operation 99 'mul' 'mul_ln241_4' <Predicate = true> <Delay = 3.34> <CoreInst = "Multiplier">   --->   Core 3 'Multiplier' <Latency = 1> <II = 1> <Delay = 3.34> <FuncUnit> <Opcode : 'mul'> <InPorts = 2> <OutPorts = 1>

State 19 <SV = 18> <Delay = 3.34>
ST_19 : Operation 100 [1/2] (3.34ns)   --->   "%mul_ln241 = mul i26 %sext_ln241, i26 %sext_ln241_1" [firmware/nnet_utils/nnet_activation_stream.h:241]   --->   Operation 100 'mul' 'mul_ln241' <Predicate = true> <Delay = 3.34> <CoreInst = "Multiplier">   --->   Core 3 'Multiplier' <Latency = 1> <II = 1> <Delay = 3.34> <FuncUnit> <Opcode : 'mul'> <InPorts = 2> <OutPorts = 1>
ST_19 : Operation 101 [1/1] (0.00ns)   --->   "%trunc_ln3 = partselect i16 @_ssdm_op_PartSelect.i16.i26.i32.i32, i26 %mul_ln241, i32 10, i32 25" [firmware/nnet_utils/nnet_activation_stream.h:241]   --->   Operation 101 'partselect' 'trunc_ln3' <Predicate = true> <Delay = 0.00>
ST_19 : Operation 102 [1/2] (3.34ns)   --->   "%mul_ln241_1 = mul i26 %sext_ln241, i26 %sext_ln241_2" [firmware/nnet_utils/nnet_activation_stream.h:241]   --->   Operation 102 'mul' 'mul_ln241_1' <Predicate = true> <Delay = 3.34> <CoreInst = "Multiplier">   --->   Core 3 'Multiplier' <Latency = 1> <II = 1> <Delay = 3.34> <FuncUnit> <Opcode : 'mul'> <InPorts = 2> <OutPorts = 1>
ST_19 : Operation 103 [1/1] (0.00ns)   --->   "%trunc_ln241_1 = partselect i16 @_ssdm_op_PartSelect.i16.i26.i32.i32, i26 %mul_ln241_1, i32 10, i32 25" [firmware/nnet_utils/nnet_activation_stream.h:241]   --->   Operation 103 'partselect' 'trunc_ln241_1' <Predicate = true> <Delay = 0.00>
ST_19 : Operation 104 [1/2] (3.34ns)   --->   "%mul_ln241_2 = mul i26 %sext_ln241, i26 %sext_ln241_3" [firmware/nnet_utils/nnet_activation_stream.h:241]   --->   Operation 104 'mul' 'mul_ln241_2' <Predicate = true> <Delay = 3.34> <CoreInst = "Multiplier">   --->   Core 3 'Multiplier' <Latency = 1> <II = 1> <Delay = 3.34> <FuncUnit> <Opcode : 'mul'> <InPorts = 2> <OutPorts = 1>
ST_19 : Operation 105 [1/1] (0.00ns)   --->   "%trunc_ln241_2 = partselect i16 @_ssdm_op_PartSelect.i16.i26.i32.i32, i26 %mul_ln241_2, i32 10, i32 25" [firmware/nnet_utils/nnet_activation_stream.h:241]   --->   Operation 105 'partselect' 'trunc_ln241_2' <Predicate = true> <Delay = 0.00>
ST_19 : Operation 106 [1/2] (3.34ns)   --->   "%mul_ln241_3 = mul i26 %sext_ln241, i26 %sext_ln241_4" [firmware/nnet_utils/nnet_activation_stream.h:241]   --->   Operation 106 'mul' 'mul_ln241_3' <Predicate = true> <Delay = 3.34> <CoreInst = "Multiplier">   --->   Core 3 'Multiplier' <Latency = 1> <II = 1> <Delay = 3.34> <FuncUnit> <Opcode : 'mul'> <InPorts = 2> <OutPorts = 1>
ST_19 : Operation 107 [1/1] (0.00ns)   --->   "%trunc_ln241_3 = partselect i16 @_ssdm_op_PartSelect.i16.i26.i32.i32, i26 %mul_ln241_3, i32 10, i32 25" [firmware/nnet_utils/nnet_activation_stream.h:241]   --->   Operation 107 'partselect' 'trunc_ln241_3' <Predicate = true> <Delay = 0.00>
ST_19 : Operation 108 [1/2] (3.34ns)   --->   "%mul_ln241_4 = mul i26 %sext_ln241, i26 %sext_ln241_5" [firmware/nnet_utils/nnet_activation_stream.h:241]   --->   Operation 108 'mul' 'mul_ln241_4' <Predicate = true> <Delay = 3.34> <CoreInst = "Multiplier">   --->   Core 3 'Multiplier' <Latency = 1> <II = 1> <Delay = 3.34> <FuncUnit> <Opcode : 'mul'> <InPorts = 2> <OutPorts = 1>
ST_19 : Operation 109 [1/1] (0.00ns)   --->   "%trunc_ln241_4 = partselect i16 @_ssdm_op_PartSelect.i16.i26.i32.i32, i26 %mul_ln241_4, i32 10, i32 25" [firmware/nnet_utils/nnet_activation_stream.h:241]   --->   Operation 109 'partselect' 'trunc_ln241_4' <Predicate = true> <Delay = 0.00>

State 20 <SV = 19> <Delay = 1.80>
ST_20 : Operation 110 [1/1] (0.00ns)   --->   "%p_0 = bitconcatenate i80 @_ssdm_op_BitConcatenate.i80.i16.i16.i16.i16.i16, i16 %trunc_ln241_4, i16 %trunc_ln241_3, i16 %trunc_ln241_2, i16 %trunc_ln241_1, i16 %trunc_ln3" [firmware/nnet_utils/nnet_activation_stream.h:243]   --->   Operation 110 'bitconcatenate' 'p_0' <Predicate = true> <Delay = 0.00>
ST_20 : Operation 111 [1/1] ( I:1.80ns O:1.80ns )   --->   "%write_ln243 = write void @_ssdm_op_Write.axis.volatile.i80P128A, i80 %layer9_out, i80 %p_0" [firmware/nnet_utils/nnet_activation_stream.h:243]   --->   Operation 111 'write' 'write_ln243' <Predicate = true> <Delay = 1.80> <CoreInst = "regslice">   --->   Core 135 'regslice' <Latency = 0> <II = 1> <Delay = 2.29> <Adapter> <Opcode : 'read' 'write'>

State 21 <SV = 20> <Delay = 0.00>
ST_21 : Operation 112 [1/1] (0.00ns)   --->   "%specinterface_ln0 = specinterface void @_ssdm_op_SpecInterface, i80 %layer9_out, void @empty_9, i32 0, i32 0, void @empty_10, i32 0, i32 0, void @empty_0, void @empty_0, void @empty_0, i32 0, i32 0, i32 0, i32 0, void @empty_0, void @empty_0, i32 4294967295, i32 0, i32 0, i32 0"   --->   Operation 112 'specinterface' 'specinterface_ln0' <Predicate = true> <Delay = 0.00>
ST_21 : Operation 113 [1/1] (0.00ns)   --->   "%specinterface_ln0 = specinterface void @_ssdm_op_SpecInterface, i190 %layer8_out, void @empty_11, i32 0, i32 0, void @empty_0, i32 0, i32 0, void @empty_0, void @empty_0, void @empty_0, i32 0, i32 0, i32 0, i32 0, void @empty_0, void @empty_0, i32 4294967295, i32 0, i32 0, i32 0"   --->   Operation 113 'specinterface' 'specinterface_ln0' <Predicate = true> <Delay = 0.00>
ST_21 : Operation 114 [1/1] (0.00ns)   --->   "%rbegin7 = specregionbegin i32 @_ssdm_op_SpecRegionBegin, void @empty" [firmware/nnet_utils/nnet_activation_stream.h:238]   --->   Operation 114 'specregionbegin' 'rbegin7' <Predicate = true> <Delay = 0.00>
ST_21 : Operation 115 [1/1] (0.00ns)   --->   "%specresourcelimit_ln242 = specresourcelimit void @_ssdm_op_SpecResourceLimit, i64 5, void @empty_5, void @empty_0, void @empty_0, void @empty_0" [firmware/nnet_utils/nnet_activation_stream.h:242]   --->   Operation 115 'specresourcelimit' 'specresourcelimit_ln242' <Predicate = true> <Delay = 0.00>
ST_21 : Operation 116 [1/1] (0.00ns)   --->   "%rend8 = specregionend i32 @_ssdm_op_SpecRegionEnd, void @empty, i32 %rbegin7" [firmware/nnet_utils/nnet_activation_stream.h:242]   --->   Operation 116 'specregionend' 'rend8' <Predicate = true> <Delay = 0.00>
ST_21 : Operation 117 [1/1] (0.00ns)   --->   "%rbegin5 = specregionbegin i32 @_ssdm_op_SpecRegionBegin, void @empty_8" [firmware/nnet_utils/nnet_activation_stream.h:238]   --->   Operation 117 'specregionbegin' 'rbegin5' <Predicate = true> <Delay = 0.00>
ST_21 : Operation 118 [1/1] (0.00ns)   --->   "%specresourcelimit_ln242 = specresourcelimit void @_ssdm_op_SpecResourceLimit, i64 5, void @empty_5, void @empty_0, void @empty_0, void @empty_0" [firmware/nnet_utils/nnet_activation_stream.h:242]   --->   Operation 118 'specresourcelimit' 'specresourcelimit_ln242' <Predicate = true> <Delay = 0.00>
ST_21 : Operation 119 [1/1] (0.00ns)   --->   "%rend6 = specregionend i32 @_ssdm_op_SpecRegionEnd, void @empty_8, i32 %rbegin5" [firmware/nnet_utils/nnet_activation_stream.h:242]   --->   Operation 119 'specregionend' 'rend6' <Predicate = true> <Delay = 0.00>
ST_21 : Operation 120 [1/1] (0.00ns)   --->   "%rbegin3 = specregionbegin i32 @_ssdm_op_SpecRegionBegin, void @empty_7" [firmware/nnet_utils/nnet_activation_stream.h:238]   --->   Operation 120 'specregionbegin' 'rbegin3' <Predicate = true> <Delay = 0.00>
ST_21 : Operation 121 [1/1] (0.00ns)   --->   "%specresourcelimit_ln242 = specresourcelimit void @_ssdm_op_SpecResourceLimit, i64 5, void @empty_5, void @empty_0, void @empty_0, void @empty_0" [firmware/nnet_utils/nnet_activation_stream.h:242]   --->   Operation 121 'specresourcelimit' 'specresourcelimit_ln242' <Predicate = true> <Delay = 0.00>
ST_21 : Operation 122 [1/1] (0.00ns)   --->   "%rend4 = specregionend i32 @_ssdm_op_SpecRegionEnd, void @empty_7, i32 %rbegin3" [firmware/nnet_utils/nnet_activation_stream.h:242]   --->   Operation 122 'specregionend' 'rend4' <Predicate = true> <Delay = 0.00>
ST_21 : Operation 123 [1/1] (0.00ns)   --->   "%rbegin1 = specregionbegin i32 @_ssdm_op_SpecRegionBegin, void @empty_6" [firmware/nnet_utils/nnet_activation_stream.h:238]   --->   Operation 123 'specregionbegin' 'rbegin1' <Predicate = true> <Delay = 0.00>
ST_21 : Operation 124 [1/1] (0.00ns)   --->   "%specresourcelimit_ln242 = specresourcelimit void @_ssdm_op_SpecResourceLimit, i64 5, void @empty_5, void @empty_0, void @empty_0, void @empty_0" [firmware/nnet_utils/nnet_activation_stream.h:242]   --->   Operation 124 'specresourcelimit' 'specresourcelimit_ln242' <Predicate = true> <Delay = 0.00>
ST_21 : Operation 125 [1/1] (0.00ns)   --->   "%rend2 = specregionend i32 @_ssdm_op_SpecRegionEnd, void @empty_6, i32 %rbegin1" [firmware/nnet_utils/nnet_activation_stream.h:242]   --->   Operation 125 'specregionend' 'rend2' <Predicate = true> <Delay = 0.00>
ST_21 : Operation 126 [1/1] (0.00ns)   --->   "%rbegin = specregionbegin i32 @_ssdm_op_SpecRegionBegin, void @empty_4" [firmware/nnet_utils/nnet_activation_stream.h:238]   --->   Operation 126 'specregionbegin' 'rbegin' <Predicate = true> <Delay = 0.00>
ST_21 : Operation 127 [1/1] (0.00ns)   --->   "%specresourcelimit_ln242 = specresourcelimit void @_ssdm_op_SpecResourceLimit, i64 5, void @empty_5, void @empty_0, void @empty_0, void @empty_0" [firmware/nnet_utils/nnet_activation_stream.h:242]   --->   Operation 127 'specresourcelimit' 'specresourcelimit_ln242' <Predicate = true> <Delay = 0.00>
ST_21 : Operation 128 [1/1] (0.00ns)   --->   "%rend = specregionend i32 @_ssdm_op_SpecRegionEnd, void @empty_4, i32 %rbegin" [firmware/nnet_utils/nnet_activation_stream.h:242]   --->   Operation 128 'specregionend' 'rend' <Predicate = true> <Delay = 0.00>
ST_21 : Operation 129 [1/1] (0.00ns)   --->   "%ret_ln245 = ret" [firmware/nnet_utils/nnet_activation_stream.h:245]   --->   Operation 129 'ret' 'ret_ln245' <Predicate = true> <Delay = 0.00>


============================================================
+ Verbose Summary: Timing violations
============================================================
Target clock period: 5.000ns, clock uncertainty: 1.350ns.

 <State 1>: 1.825ns
The critical path consists of the following:
	fifo read operation ('layer8_out_read', firmware/nnet_utils/nnet_activation_stream.h:198) on port 'layer8_out' (firmware/nnet_utils/nnet_activation_stream.h:198) [8]  (1.825 ns)

 <State 2>: 2.796ns
The critical path consists of the following:
	'icmp' operation 1 bit ('icmp_ln66', firmware/nnet_utils/nnet_common.h:66->firmware/nnet_utils/nnet_common.h:44->firmware/nnet_utils/nnet_common.h:46->firmware/nnet_utils/nnet_common.h:46->firmware/nnet_utils/nnet_activation_stream.h:208) [14]  (2.796 ns)

 <State 3>: 1.345ns
The critical path consists of the following:
	'xor' operation 1 bit ('xor_ln66', firmware/nnet_utils/nnet_common.h:66->firmware/nnet_utils/nnet_common.h:44->firmware/nnet_utils/nnet_common.h:46->firmware/nnet_utils/nnet_common.h:46->firmware/nnet_utils/nnet_activation_stream.h:208) [15]  (0.000 ns)
	'select' operation 38 bit ('select_ln66', firmware/nnet_utils/nnet_common.h:66->firmware/nnet_utils/nnet_common.h:44->firmware/nnet_utils/nnet_common.h:46->firmware/nnet_utils/nnet_common.h:46->firmware/nnet_utils/nnet_activation_stream.h:208) [16]  (1.345 ns)

 <State 4>: 2.796ns
The critical path consists of the following:
	'icmp' operation 1 bit ('icmp_ln66_2', firmware/nnet_utils/nnet_common.h:66->firmware/nnet_utils/nnet_common.h:46->firmware/nnet_utils/nnet_common.h:46->firmware/nnet_utils/nnet_activation_stream.h:208) [20]  (2.796 ns)

 <State 5>: 1.345ns
The critical path consists of the following:
	'xor' operation 1 bit ('xor_ln66_2', firmware/nnet_utils/nnet_common.h:66->firmware/nnet_utils/nnet_common.h:46->firmware/nnet_utils/nnet_common.h:46->firmware/nnet_utils/nnet_activation_stream.h:208) [21]  (0.000 ns)
	'select' operation 38 bit ('select_ln66_2', firmware/nnet_utils/nnet_common.h:66->firmware/nnet_utils/nnet_common.h:46->firmware/nnet_utils/nnet_common.h:46->firmware/nnet_utils/nnet_activation_stream.h:208) [22]  (1.345 ns)

 <State 6>: 2.796ns
The critical path consists of the following:
	'icmp' operation 1 bit ('icmp_ln66_3', firmware/nnet_utils/nnet_common.h:66->firmware/nnet_utils/nnet_common.h:46->firmware/nnet_utils/nnet_activation_stream.h:208) [23]  (2.796 ns)

 <State 7>: 1.237ns
The critical path consists of the following:
	'xor' operation 1 bit ('xor_ln66_3', firmware/nnet_utils/nnet_common.h:66->firmware/nnet_utils/nnet_common.h:46->firmware/nnet_utils/nnet_activation_stream.h:208) [24]  (0.000 ns)
	'select' operation 37 bit ('select_ln66_3', firmware/nnet_utils/nnet_common.h:66->firmware/nnet_utils/nnet_common.h:46->firmware/nnet_utils/nnet_activation_stream.h:208) [27]  (1.237 ns)

 <State 8>: 2.755ns
The critical path consists of the following:
	'sub' operation 37 bit ('x', firmware/nnet_utils/nnet_activation_stream.h:213) [29]  (2.755 ns)

 <State 9>: 3.254ns
The critical path consists of the following:
	'getelementptr' operation 10 bit ('exp_table_addr', firmware/nnet_utils/nnet_activation_stream.h:223) [39]  (0.000 ns)
	'load' operation 16 bit ('a', firmware/nnet_utils/nnet_activation_stream.h:223) on array 'exp_table', firmware/nnet_utils/nnet_activation_stream.h:173 [40]  (3.254 ns)

 <State 10>: 3.254ns
The critical path consists of the following:
	'load' operation 16 bit ('a', firmware/nnet_utils/nnet_activation_stream.h:223) on array 'exp_table', firmware/nnet_utils/nnet_activation_stream.h:173 [40]  (3.254 ns)

 <State 11>: 3.254ns
The critical path consists of the following:
	'load' operation 16 bit ('b', firmware/nnet_utils/nnet_activation_stream.h:223) on array 'exp_table', firmware/nnet_utils/nnet_activation_stream.h:173 [44]  (3.254 ns)

 <State 12>: 3.254ns
The critical path consists of the following:
	'load' operation 16 bit ('b', firmware/nnet_utils/nnet_activation_stream.h:223) on array 'exp_table', firmware/nnet_utils/nnet_activation_stream.h:173 [52]  (3.254 ns)

 <State 13>: 2.077ns
The critical path consists of the following:
	'add' operation 16 bit ('add_ln51_1', firmware/nnet_utils/nnet_common.h:51->firmware/nnet_utils/nnet_common.h:46->firmware/nnet_utils/nnet_activation_stream.h:229) [58]  (2.077 ns)

 <State 14>: 2.077ns
The critical path consists of the following:
	'add' operation 16 bit ('add_ln51', firmware/nnet_utils/nnet_common.h:51->firmware/nnet_utils/nnet_common.h:46->firmware/nnet_utils/nnet_activation_stream.h:229) [57]  (2.077 ns)

 <State 15>: 2.077ns
The critical path consists of the following:
	'add' operation 16 bit ('add_ln51_3', firmware/nnet_utils/nnet_common.h:51->firmware/nnet_utils/nnet_common.h:46->firmware/nnet_utils/nnet_activation_stream.h:229) [60]  (2.077 ns)

 <State 16>: 3.254ns
The critical path consists of the following:
	'getelementptr' operation 10 bit ('invert_table_addr', firmware/nnet_utils/nnet_activation_stream.h:232) [64]  (0.000 ns)
	'load' operation 18 bit ('inv_exp_sum', firmware/nnet_utils/nnet_activation_stream.h:232) on array 'invert_table' [65]  (3.254 ns)

 <State 17>: 3.254ns
The critical path consists of the following:
	'load' operation 18 bit ('inv_exp_sum', firmware/nnet_utils/nnet_activation_stream.h:232) on array 'invert_table' [65]  (3.254 ns)

 <State 18>: 3.349ns
The critical path consists of the following:
	'mul' operation 26 bit ('mul_ln241', firmware/nnet_utils/nnet_activation_stream.h:241) [69]  (3.349 ns)

 <State 19>: 3.349ns
The critical path consists of the following:
	'mul' operation 26 bit ('mul_ln241', firmware/nnet_utils/nnet_activation_stream.h:241) [69]  (3.349 ns)

 <State 20>: 1.801ns
The critical path consists of the following:
	axis write operation ('write_ln243', firmware/nnet_utils/nnet_activation_stream.h:243) on port 'layer9_out' (firmware/nnet_utils/nnet_activation_stream.h:243) [98]  (1.801 ns)

 <State 21>: 0.000ns
The critical path consists of the following:


============================================================
+ Verbose Summary: Binding
============================================================
N/A
* FSMD analyzer results:
  - Output states:
 - Input state : 
  - Chain level:
	State 1
	State 2
	State 3
	State 4
	State 5
	State 6
	State 7
	State 8
	State 9
	State 10
	State 11
	State 12
	State 13
	State 14
	State 15
	State 16
	State 17
	State 18
	State 19
	State 20
	State 21


============================================================
+ Verbose Summary: Datapath Resource usage 
============================================================
N/A
