

================================================================
== Vitis HLS Report for 'dense_array_ap_fixed_16u_array_ap_fixed_37_17_5_3_0_64u_config2_s'
================================================================
* Date:           Mon Sep 21 18:28:06 2026

* Version:        2025.2.1 (Build 6397637 on Mar 18 2026)
* Project:        myproject_prj
* Solution:       solution1 (Vivado IP Flow Target)
* Product family: zynq
* Target device:  xc7z020-clg400-1


================================================================
== Performance Estimates
================================================================
+ Timing: 
    * Summary: 
    +--------+---------+----------+------------+
    |  Clock |  Target | Estimated| Uncertainty|
    +--------+---------+----------+------------+
    |ap_clk  |  5.00 ns|  3.624 ns|     1.35 ns|
    +--------+---------+----------+------------+

+ Latency: 
    * Summary: 
    +---------+---------+-----------+-----------+-----+-----+---------+
    |  Latency (cycles) |   Latency (absolute)  |  Interval | Pipeline|
    |   min   |   max   |    min    |    max    | min | max |   Type  |
    +---------+---------+-----------+-----------+-----+-----+---------+
    |        8|        8|  40.000 ns|  40.000 ns|    8|    8|       no|
    +---------+---------+-----------+-----------+-----+-----+---------+

    + Detail: 
        * Instance: 
        +----------------------------------------------------------------------------+------------------------------------------------------------------+---------+---------+-----------+-----------+-----+-----+---------+
        |                                                                            |                                                                  |  Latency (cycles) |   Latency (absolute)  |  Interval | Pipeline|
        |                                  Instance                                  |                              Module                              |   min   |   max   |    min    |    max    | min | max |   Type  |
        +----------------------------------------------------------------------------+------------------------------------------------------------------+---------+---------+-----------+-----------+-----+-----+---------+
        |grp_dense_latency_ap_fixed_16_6_5_3_0_ap_fixed_37_17_5_3_0_config2_s_fu_73  |dense_latency_ap_fixed_16_6_5_3_0_ap_fixed_37_17_5_3_0_config2_s  |        5|        5|  25.000 ns|  25.000 ns|    1|    1|      yes|
        +----------------------------------------------------------------------------+------------------------------------------------------------------+---------+---------+-----------+-----------+-----+-----+---------+

        * Loop: 
        N/A



================================================================
== Utilization Estimates
================================================================
* Summary: 
+-----------------+---------+-----+--------+-------+-----+
|       Name      | BRAM_18K| DSP |   FF   |  LUT  | URAM|
+-----------------+---------+-----+--------+-------+-----+
|DSP              |        -|    -|       -|      -|    -|
|Expression       |        -|    -|       0|      2|    -|
|FIFO             |        -|    -|       -|      -|    -|
|Instance         |        -|  728|   78764|  30140|    -|
|Memory           |        -|    -|       -|      -|    -|
|Multiplexer      |        -|    -|       0|     89|    -|
|Register         |        -|    -|    2635|      -|    -|
+-----------------+---------+-----+--------+-------+-----+
|Total            |        0|  728|   81399|  30231|    0|
+-----------------+---------+-----+--------+-------+-----+
|Available        |      280|  220|  106400|  53200|    0|
+-----------------+---------+-----+--------+-------+-----+
|Utilization (%)  |        0|  330|      76|     56|    0|
+-----------------+---------+-----+--------+-------+-----+

+ Detail: 
    * Instance: 
    +----------------------------------------------------------------------------+------------------------------------------------------------------+---------+-----+-------+-------+-----+
    |                                  Instance                                  |                              Module                              | BRAM_18K| DSP |   FF  |  LUT  | URAM|
    +----------------------------------------------------------------------------+------------------------------------------------------------------+---------+-----+-------+-------+-----+
    |grp_dense_latency_ap_fixed_16_6_5_3_0_ap_fixed_37_17_5_3_0_config2_s_fu_73  |dense_latency_ap_fixed_16_6_5_3_0_ap_fixed_37_17_5_3_0_config2_s  |        0|  728|  78764|  30140|    0|
    +----------------------------------------------------------------------------+------------------------------------------------------------------+---------+-----+-------+-------+-----+
    |Total                                                                       |                                                                  |        0|  728|  78764|  30140|    0|
    +----------------------------------------------------------------------------+------------------------------------------------------------------+---------+-----+-------+-------+-----+

    * DSP: 
    N/A

    * Memory: 
    N/A

    * FIFO: 
    N/A

    * Expression: 
    +-----------------+----------+----+---+----+------------+------------+
    |  Variable Name  | Operation| DSP| FF| LUT| Bitwidth P0| Bitwidth P1|
    +-----------------+----------+----+---+----+------------+------------+
    |ap_block_state1  |        or|   0|  0|   2|           1|           1|
    +-----------------+----------+----+---+----+------------+------------+
    |Total            |          |   0|  0|   2|           1|           1|
    +-----------------+----------+----+---+----+------------+------------+

    * Multiplexer: 
    +-------------------------+----+-----------+-----+-----------+
    |           Name          | LUT| Input Size| Bits| Total Bits|
    +-------------------------+----+-----------+-----+-----------+
    |ap_NS_fsm                |  53|         10|    1|         10|
    |ap_done                  |   9|          2|    1|          2|
    |layer2_out_blk_n         |   9|          2|    1|          2|
    |model_input_TDATA_blk_n  |   9|          2|    1|          2|
    |real_start               |   9|          2|    1|          2|
    +-------------------------+----+-----------+-----+-----------+
    |Total                    |  89|         18|    5|         18|
    +-------------------------+----+-----------+-----+-----------+

    * Register: 
    +------------------+----+----+-----+-----------+
    |       Name       | FF | LUT| Bits| Const Bits|
    +------------------+----+----+-----+-----------+
    |ap_CS_fsm         |   9|   0|    9|          0|
    |ap_done_reg       |   1|   0|    1|          0|
    |data_10_reg_597   |  16|   0|   16|          0|
    |data_11_reg_602   |  16|   0|   16|          0|
    |data_124_reg_547  |  16|   0|   16|          0|
    |data_12_reg_607   |  16|   0|   16|          0|
    |data_13_reg_612   |  16|   0|   16|          0|
    |data_14_reg_617   |  16|   0|   16|          0|
    |data_1_reg_552    |  16|   0|   16|          0|
    |data_2_reg_557    |  16|   0|   16|          0|
    |data_3_reg_562    |  16|   0|   16|          0|
    |data_4_reg_567    |  16|   0|   16|          0|
    |data_5_reg_572    |  16|   0|   16|          0|
    |data_6_reg_577    |  16|   0|   16|          0|
    |data_7_reg_582    |  16|   0|   16|          0|
    |data_8_reg_587    |  16|   0|   16|          0|
    |data_9_reg_592    |  16|   0|   16|          0|
    |data_reg_542      |  16|   0|   16|          0|
    |res_100_reg_902   |  37|   0|   37|          0|
    |res_101_reg_907   |  37|   0|   37|          0|
    |res_102_reg_912   |  37|   0|   37|          0|
    |res_103_reg_917   |  37|   0|   37|          0|
    |res_104_reg_922   |  37|   0|   37|          0|
    |res_105_reg_927   |  37|   0|   37|          0|
    |res_106_reg_932   |  37|   0|   37|          0|
    |res_107_reg_937   |  37|   0|   37|          0|
    |res_1_reg_627     |  37|   0|   37|          0|
    |res_2_reg_632     |  37|   0|   37|          0|
    |res_3_reg_637     |  37|   0|   37|          0|
    |res_4_reg_642     |  37|   0|   37|          0|
    |res_54_reg_672    |  37|   0|   37|          0|
    |res_55_reg_677    |  37|   0|   37|          0|
    |res_56_reg_682    |  37|   0|   37|          0|
    |res_57_reg_687    |  37|   0|   37|          0|
    |res_58_reg_692    |  37|   0|   37|          0|
    |res_59_reg_697    |  37|   0|   37|          0|
    |res_5_reg_647     |  37|   0|   37|          0|
    |res_60_reg_702    |  37|   0|   37|          0|
    |res_61_reg_707    |  37|   0|   37|          0|
    |res_62_reg_712    |  37|   0|   37|          0|
    |res_63_reg_717    |  37|   0|   37|          0|
    |res_64_reg_722    |  37|   0|   37|          0|
    |res_65_reg_727    |  37|   0|   37|          0|
    |res_66_reg_732    |  37|   0|   37|          0|
    |res_67_reg_737    |  37|   0|   37|          0|
    |res_68_reg_742    |  37|   0|   37|          0|
    |res_69_reg_747    |  37|   0|   37|          0|
    |res_6_reg_652     |  37|   0|   37|          0|
    |res_70_reg_752    |  37|   0|   37|          0|
    |res_71_reg_757    |  37|   0|   37|          0|
    |res_72_reg_762    |  37|   0|   37|          0|
    |res_73_reg_767    |  37|   0|   37|          0|
    |res_74_reg_772    |  37|   0|   37|          0|
    |res_75_reg_777    |  37|   0|   37|          0|
    |res_76_reg_782    |  37|   0|   37|          0|
    |res_77_reg_787    |  37|   0|   37|          0|
    |res_78_reg_792    |  37|   0|   37|          0|
    |res_79_reg_797    |  37|   0|   37|          0|
    |res_7_reg_657     |  37|   0|   37|          0|
    |res_80_reg_802    |  37|   0|   37|          0|
    |res_81_reg_807    |  37|   0|   37|          0|
    |res_82_reg_812    |  37|   0|   37|          0|
    |res_83_reg_817    |  37|   0|   37|          0|
    |res_84_reg_822    |  37|   0|   37|          0|
    |res_85_reg_827    |  37|   0|   37|          0|
    |res_86_reg_832    |  37|   0|   37|          0|
    |res_87_reg_837    |  37|   0|   37|          0|
    |res_88_reg_842    |  37|   0|   37|          0|
    |res_89_reg_847    |  37|   0|   37|          0|
    |res_8_reg_662     |  37|   0|   37|          0|
    |res_90_reg_852    |  37|   0|   37|          0|
    |res_91_reg_857    |  37|   0|   37|          0|
    |res_92_reg_862    |  37|   0|   37|          0|
    |res_93_reg_867    |  37|   0|   37|          0|
    |res_94_reg_872    |  37|   0|   37|          0|
    |res_95_reg_877    |  37|   0|   37|          0|
    |res_96_reg_882    |  37|   0|   37|          0|
    |res_97_reg_887    |  37|   0|   37|          0|
    |res_98_reg_892    |  37|   0|   37|          0|
    |res_99_reg_897    |  37|   0|   37|          0|
    |res_9_reg_667     |  37|   0|   37|          0|
    |res_reg_622       |  37|   0|   37|          0|
    |start_once_reg    |   1|   0|    1|          0|
    +------------------+----+----+-----+-----------+
    |Total             |2635|   0| 2635|          0|
    +------------------+----+----+-----+-----------+



================================================================
== Interface
================================================================
* Summary: 
+---------------------------+-----+------+------------+---------------------------------------------------------------------+--------------+
|         RTL Ports         | Dir | Bits |  Protocol  |                            Source Object                            |    C Type    |
+---------------------------+-----+------+------------+---------------------------------------------------------------------+--------------+
|ap_clk                     |   in|     1|  ap_ctrl_hs|  dense<array<ap_fixed,16u>,array<ap_fixed<37,17,5,3,0>,64u>,config2>|  return value|
|ap_rst                     |   in|     1|  ap_ctrl_hs|  dense<array<ap_fixed,16u>,array<ap_fixed<37,17,5,3,0>,64u>,config2>|  return value|
|ap_start                   |   in|     1|  ap_ctrl_hs|  dense<array<ap_fixed,16u>,array<ap_fixed<37,17,5,3,0>,64u>,config2>|  return value|
|start_full_n               |   in|     1|  ap_ctrl_hs|  dense<array<ap_fixed,16u>,array<ap_fixed<37,17,5,3,0>,64u>,config2>|  return value|
|ap_done                    |  out|     1|  ap_ctrl_hs|  dense<array<ap_fixed,16u>,array<ap_fixed<37,17,5,3,0>,64u>,config2>|  return value|
|ap_continue                |   in|     1|  ap_ctrl_hs|  dense<array<ap_fixed,16u>,array<ap_fixed<37,17,5,3,0>,64u>,config2>|  return value|
|ap_idle                    |  out|     1|  ap_ctrl_hs|  dense<array<ap_fixed,16u>,array<ap_fixed<37,17,5,3,0>,64u>,config2>|  return value|
|ap_ready                   |  out|     1|  ap_ctrl_hs|  dense<array<ap_fixed,16u>,array<ap_fixed<37,17,5,3,0>,64u>,config2>|  return value|
|start_out                  |  out|     1|  ap_ctrl_hs|  dense<array<ap_fixed,16u>,array<ap_fixed<37,17,5,3,0>,64u>,config2>|  return value|
|start_write                |  out|     1|  ap_ctrl_hs|  dense<array<ap_fixed,16u>,array<ap_fixed<37,17,5,3,0>,64u>,config2>|  return value|
|model_input_TDATA          |   in|   256|        axis|                                                          model_input|       pointer|
|model_input_TVALID         |   in|     1|        axis|                                                          model_input|       pointer|
|model_input_TREADY         |  out|     1|        axis|                                                          model_input|       pointer|
|layer2_out_din             |  out|  2368|     ap_fifo|                                                           layer2_out|       pointer|
|layer2_out_full_n          |   in|     1|     ap_fifo|                                                           layer2_out|       pointer|
|layer2_out_write           |  out|     1|     ap_fifo|                                                           layer2_out|       pointer|
|layer2_out_num_data_valid  |   in|     2|     ap_fifo|                                                           layer2_out|       pointer|
|layer2_out_fifo_cap        |   in|     2|     ap_fifo|                                                           layer2_out|       pointer|
+---------------------------+-----+------+------------+---------------------------------------------------------------------+--------------+

