

================================================================
== Vitis HLS Report for 'init_exp_table_ap_ufixed_37_17_5_3_0_softmax_config9_s'
================================================================
* Date:           Mon Sep 21 18:29:28 2026

* Version:        2025.2.1 (Build 6397637 on Mar 18 2026)
* Project:        myproject_prj
* Solution:       solution1 (Vivado IP Flow Target)
* Product family: zynq
* Target device:  xc7z020-clg400-1


================================================================
== Performance Estimates
================================================================
+ Timing: 
    * Summary: 
    +--------+---------+----------+------------+
    |  Clock |  Target | Estimated| Uncertainty|
    +--------+---------+----------+------------+
    |ap_clk  |  5.00 ns|  3.853 ns|     1.35 ns|
    +--------+---------+----------+------------+

+ Latency: 
    * Summary: 
    +---------+---------+----------+----------+-----+-----+-------------------+
    |  Latency (cycles) |  Latency (absolute) |  Interval |      Pipeline     |
    |   min   |   max   |    min   |    max   | min | max |        Type       |
    +---------+---------+----------+----------+-----+-----+-------------------+
    |     1084|     1084|  5.420 us|  5.420 us|    0|    0|  loop pipeline stp|
    +---------+---------+----------+----------+-----+-----+-------------------+

    + Detail: 
        * Instance: 
        N/A

        * Loop: 
        +--------------------+---------+---------+----------+-----------+-----------+------+----------+
        |                    |  Latency (cycles) | Iteration|  Initiation Interval  | Trip |          |
        |      Loop Name     |   min   |   max   |  Latency |  achieved |   target  | Count| Pipelined|
        +--------------------+---------+---------+----------+-----------+-----------+------+----------+
        |- VITIS_LOOP_151_1  |     1082|     1082|        60|          1|          1|  1024|       yes|
        +--------------------+---------+---------+----------+-----------+-----------+------+----------+



================================================================
== Utilization Estimates
================================================================
* Summary: 
+-----------------+---------+-----+--------+-------+-----+
|       Name      | BRAM_18K| DSP |   FF   |  LUT  | URAM|
+-----------------+---------+-----+--------+-------+-----+
|DSP              |        -|    -|       -|      -|    -|
|Expression       |        -|    -|     538|   1433|    -|
|FIFO             |        -|    -|       -|      -|    -|
|Instance         |        -|    7|    2769|   2944|    -|
|Memory           |        -|    -|       -|      -|    -|
|Multiplexer      |        -|    -|       0|     41|    -|
|Register         |        -|    -|    2379|    640|    -|
+-----------------+---------+-----+--------+-------+-----+
|Total            |        0|    7|    5686|   5058|    0|
+-----------------+---------+-----+--------+-------+-----+
|Available        |      280|  220|  106400|  53200|    0|
+-----------------+---------+-----+--------+-------+-----+
|Utilization (%)  |        0|    3|       5|      9|    0|
+-----------------+---------+-----+--------+-------+-----+

+ Detail: 
    * Instance: 
    +---------------------------------------+---------------------------------+---------+----+-----+------+-----+
    |                Instance               |              Module             | BRAM_18K| DSP|  FF |  LUT | URAM|
    +---------------------------------------+---------------------------------+---------+----+-----+------+-----+
    |ashr_54ns_11ns_54_7_1_U3330            |ashr_54ns_11ns_54_7_1            |        0|   0|  538|   453|    0|
    |bitselect_1ns_37ns_6ns_1_1_1_U3325     |bitselect_1ns_37ns_6ns_1_1_1     |        0|   0|    0|    17|    0|
    |bitselect_1ns_54ns_6ns_1_1_1_U3328     |bitselect_1ns_54ns_6ns_1_1_1     |        0|   0|    0|    17|    0|
    |bitselect_1ns_54ns_6ns_1_1_1_U3329     |bitselect_1ns_54ns_6ns_1_1_1     |        0|   0|    0|    17|    0|
    |ctlz_37_37_1_1_U3324                   |ctlz_37_37_1_1                   |        0|   0|    0|    51|    0|
    |fexp_32ns_32ns_32_31_full_dsp_1_U3323  |fexp_32ns_32ns_32_31_full_dsp_1  |        0|   7|  817|  1235|    0|
    |fpext_32ns_64_4_no_dsp_1_U3322         |fpext_32ns_64_4_no_dsp_1         |        0|   0|    0|     0|    0|
    |lshr_37ns_32ns_37_7_1_U3326            |lshr_37ns_32ns_37_7_1            |        0|   0|  396|   308|    0|
    |lshr_54ns_6ns_54_7_1_U3331             |lshr_54ns_6ns_54_7_1             |        0|   0|  538|   453|    0|
    |shl_18ns_11ns_18_2_1_U3332             |shl_18ns_11ns_18_2_1             |        0|   0|   84|    58|    0|
    |shl_37ns_32ns_37_7_1_U3327             |shl_37ns_32ns_37_7_1             |        0|   0|  396|   308|    0|
    |sparsemux_7_2_16_1_1_U3335             |sparsemux_7_2_16_1_1             |        0|   0|    0|     9|    0|
    |sparsemux_7_2_18_1_1_U3333             |sparsemux_7_2_18_1_1             |        0|   0|    0|     9|    0|
    |sparsemux_7_2_1_1_1_U3334              |sparsemux_7_2_1_1_1              |        0|   0|    0|     9|    0|
    +---------------------------------------+---------------------------------+---------+----+-----+------+-----+
    |Total                                  |                                 |        0|   7| 2769|  2944|    0|
    +---------------------------------------+---------------------------------+---------+----+-----+------+-----+

    * DSP: 
    N/A

    * Memory: 
    N/A

    * FIFO: 
    N/A

    * Expression: 
    +--------------------------------+----------+----+-----+-----+------------+------------+
    |          Variable Name         | Operation| DSP|  FF | LUT | Bitwidth P0| Bitwidth P1|
    +--------------------------------+----------+----+-----+-----+------------+------------+
    |add_ln138_1_fu_249_p2           |         +|   0|    0|   14|           6|           6|
    |add_ln138_2_fu_332_p2           |         +|   0|    0|   45|          38|          38|
    |add_ln138_3_fu_374_p2           |         +|   0|    0|   15|           8|           8|
    |add_ln138_fu_243_p2             |         +|   0|    0|   14|           6|           6|
    |add_ln151_fu_205_p2             |         +|   0|    0|   12|          11|           1|
    |add_ln159_1_fu_492_p2           |         +|   0|    0|   14|           6|           5|
    |add_ln159_2_fu_697_p2           |         +|   0|    0|   25|          18|          18|
    |add_ln159_3_fu_575_p2           |         +|   0|    0|   12|          12|          12|
    |add_ln159_4_fu_498_p2           |         +|   0|    0|   12|          12|           4|
    |add_ln159_5_fu_596_p2           |         +|   0|    0|   12|          12|           4|
    |add_ln159_fu_521_p2             |         +|   0|    0|   12|          12|           5|
    |sub_ln138_1_fu_255_p2           |         -|   0|    0|   14|           5|           6|
    |sub_ln138_2_fu_348_p2           |         -|   0|    0|   14|           5|           6|
    |sub_ln138_fu_238_p2             |         -|   0|    0|   14|           6|           6|
    |sub_ln159_1_fu_472_p2           |         -|   0|    0|   12|          11|          12|
    |sub_ln159_2_fu_530_p2           |         -|   0|    0|   12|           4|          11|
    |sub_ln159_fu_461_p2             |         -|   0|    0|   61|           1|          54|
    |pi_assign_fu_384_p5             |      1003|   0|    0|    2|          64|           9|
    |and_ln159_10_fu_785_p2          |       and|   0|    0|    2|           1|           1|
    |and_ln159_11_fu_924_p2          |       and|   0|    0|    2|           1|           1|
    |and_ln159_12_fu_962_p2          |       and|   0|    0|    2|           1|           1|
    |and_ln159_13_fu_1019_p2         |       and|   0|    0|    2|           1|           1|
    |and_ln159_14_fu_1025_p2         |       and|   0|    0|    2|           1|           1|
    |and_ln159_1_fu_828_p2           |       and|   0|    0|    2|           1|           1|
    |and_ln159_2_fu_832_p2           |       and|   0|    0|    2|           1|           1|
    |and_ln159_3_fu_842_p2           |       and|   0|    0|    2|           1|           1|
    |and_ln159_4_fu_887_p2           |       and|   0|    0|    2|           1|           1|
    |and_ln159_5_fu_901_p2           |       and|   0|    0|    2|           1|           1|
    |and_ln159_6_fu_978_p2           |       and|   0|    0|    2|           1|           1|
    |and_ln159_7_fu_987_p2           |       and|   0|    0|    2|           1|           1|
    |and_ln159_8_fu_997_p2           |       and|   0|    0|    2|           1|           1|
    |and_ln159_9_fu_708_p2           |       and|   0|    0|    2|           1|           1|
    |carry_1_i_fu_790_p2             |       and|   0|    0|    2|           1|           1|
    |lD_0_i_fu_630_p2                |       and|   0|    0|    2|           1|           1|
    |neg_src_0_i_fu_936_p2           |       and|   0|    0|    2|           1|           1|
    |phi_ln138_1_fu_314_p2           |       and|   0|    0|    2|           1|           1|
    |icmp_ln138_1_fu_296_p2          |      icmp|   0|    0|   14|           6|           1|
    |icmp_ln138_fu_261_p2            |      icmp|   0|    0|   44|          37|           1|
    |icmp_ln151_fu_199_p2            |      icmp|   0|    0|   12|          11|          12|
    |icmp_ln159_10_fu_723_p2         |      icmp|   0|    0|   12|          12|           6|
    |icmp_ln159_11_fu_728_p2         |      icmp|   0|    0|   61|          54|          54|
    |icmp_ln159_12_fu_732_p2         |      icmp|   0|    0|   61|          54|           1|
    |icmp_ln159_13_fu_737_p2         |      icmp|   0|    0|   12|          12|           6|
    |icmp_ln159_1_fu_486_p2          |      icmp|   0|    0|   12|          12|           4|
    |icmp_ln159_2_fu_542_p2          |      icmp|   0|    0|   12|          12|           4|
    |icmp_ln159_3_fu_642_p2          |      icmp|   0|    0|   12|          11|           6|
    |icmp_ln159_4_fu_551_p2          |      icmp|   0|    0|   12|          12|           6|
    |icmp_ln159_5_fu_647_p2          |      icmp|   0|    0|   12|          11|           5|
    |icmp_ln159_6_fu_590_p2          |      icmp|   0|    0|   14|           9|           1|
    |icmp_ln159_7_fu_601_p2          |      icmp|   0|    0|   12|          12|           6|
    |icmp_ln159_8_fu_606_p2          |      icmp|   0|    0|   12|          12|           6|
    |icmp_ln159_9_fu_718_p2          |      icmp|   0|    0|   12|          12|           6|
    |icmp_ln159_fu_467_p2            |      icmp|   0|    0|   70|          63|           1|
    |lshr_ln159_1_fu_660_p2          |      lshr|   0|  538|  453|           2|          54|
    |deleted_ones_0_i_fu_918_p2      |        or|   0|    0|    2|           1|           1|
    |or_ln159_1_fu_967_p2            |        or|   0|    0|    2|           1|           1|
    |or_ln159_2_fu_1002_p2           |        or|   0|    0|    2|           1|           1|
    |or_ln159_fu_882_p2              |        or|   0|    0|    2|           1|           1|
    |Range1_all_ones_2_i_fu_858_p3   |    select|   0|    0|    2|           1|           1|
    |Range1_all_zeros_2_i_fu_866_p3  |    select|   0|    0|    2|           1|           1|
    |Range2_all_ones_1_i_fu_822_p3   |    select|   0|    0|    2|           1|           1|
    |cond190_i_fu_893_p3             |    select|   0|    0|    2|           1|           1|
    |cond41_i_i_i_in_fu_319_p3       |    select|   0|    0|   37|           1|          37|
    |cond63_i_fu_688_p3              |    select|   0|    0|    2|           1|           1|
    |exp_x_fu_1037_p4                |    select|   0|    0|    2|           1|           2|
    |select_ln138_fu_363_p3          |    select|   0|    0|    7|           1|           7|
    |select_ln159_1_fu_535_p3        |    select|   0|    0|   11|           1|          11|
    |select_ln159_2_fu_675_p3        |    select|   0|    0|   18|           1|          18|
    |select_ln159_3_fu_682_p3        |    select|   0|    0|   18|           1|          18|
    |select_ln159_4_fu_874_p3        |    select|   0|    0|    2|           1|           1|
    |select_ln159_5_fu_847_p3        |    select|   0|    0|    2|           1|           1|
    |select_ln159_6_fu_852_p3        |    select|   0|    0|    2|           1|           1|
    |select_ln159_7_fu_665_p3        |    select|   0|    0|    2|           1|           2|
    |select_ln159_fu_516_p3          |    select|   0|    0|   54|           1|          54|
    |x_5_fu_412_p3                   |    select|   0|    0|   33|           1|          33|
    |ap_enable_pp0                   |       xor|   0|    0|    2|           1|           2|
    |neg_src_0_i_fu_936_p4           |       xor|   0|    0|    2|           2|           1|
    |not_icmp_ln159_744_fu_913_p2    |       xor|   0|    0|    2|           1|           2|
    |xor_ln138_fu_308_p2             |       xor|   0|    0|    2|           1|           2|
    |xor_ln159_1_fu_837_p2           |       xor|   0|    0|    2|           1|           2|
    |xor_ln159_2_fu_703_p2           |       xor|   0|    0|    2|           1|           2|
    |xor_ln159_4_fu_956_p2           |       xor|   0|    0|    2|           1|           2|
    |xor_ln159_5_fu_973_p2           |       xor|   0|    0|    2|           1|           2|
    |xor_ln159_6_fu_991_p2           |       xor|   0|    0|    2|           2|           1|
    |xor_ln159_7_fu_1014_p2          |       xor|   0|    0|    2|           1|           2|
    |xor_ln159_8_fu_713_p2           |       xor|   0|    0|    2|           1|           2|
    |xor_ln159_9_fu_816_p2           |       xor|   0|    0|    2|           1|           2|
    |xor_ln159_fu_756_p2             |       xor|   0|    0|    2|           1|           2|
    +--------------------------------+----------+----+-----+-----+------------+------------+
    |Total                           |          |   0|  538| 1433|         645|         627|
    +--------------------------------+----------+----+-----+-----+------------+------------+

    * Multiplexer: 
    +-------------------------+----+-----------+-----+-----------+
    |           Name          | LUT| Input Size| Bits| Total Bits|
    +-------------------------+----+-----------+-----+-----------+
    |ap_done_int              |   9|          2|    1|          2|
    |ap_enable_reg_pp0_iter1  |   9|          2|    1|          2|
    |ap_sig_allocacmp_i_1     |  14|          3|   11|         33|
    |i_fu_166                 |   9|          2|   11|         22|
    +-------------------------+----+-----------+-----+-----------+
    |Total                    |  41|          9|   24|         59|
    +-------------------------+----+-----------+-----+-----------+

    * Register: 
    +--------------------------------------+----+----+-----+-----------+
    |                 Name                 | FF | LUT| Bits| Const Bits|
    +--------------------------------------+----+----+-----+-----------+
    |add_ln138_1_reg_1104                  |   6|   0|    6|          0|
    |add_ln138_2_reg_1149                  |  38|   0|   38|          0|
    |add_ln138_reg_1097                    |   6|   0|    6|          0|
    |add_ln151_reg_1078                    |  11|   0|   11|          0|
    |add_ln159_1_reg_1239                  |   6|   0|    6|          0|
    |add_ln159_2_reg_1396                  |  18|   0|   18|          0|
    |add_ln159_4_reg_1244                  |  12|   0|   12|          0|
    |add_ln159_5_reg_1302                  |  12|   0|   12|          0|
    |and_ln159_6_reg_1461                  |   1|   0|    1|          0|
    |and_ln159_9_reg_1402                  |   1|   0|    1|          0|
    |ap_CS_fsm                             |   1|   0|    1|          0|
    |ap_done_reg                           |   1|   0|    1|          0|
    |ap_enable_reg_pp0_iter1               |   1|   0|    1|          0|
    |ap_enable_reg_pp0_iter10              |   1|   0|    1|          0|
    |ap_enable_reg_pp0_iter11              |   1|   0|    1|          0|
    |ap_enable_reg_pp0_iter12              |   1|   0|    1|          0|
    |ap_enable_reg_pp0_iter13              |   1|   0|    1|          0|
    |ap_enable_reg_pp0_iter14              |   1|   0|    1|          0|
    |ap_enable_reg_pp0_iter15              |   1|   0|    1|          0|
    |ap_enable_reg_pp0_iter16              |   1|   0|    1|          0|
    |ap_enable_reg_pp0_iter17              |   1|   0|    1|          0|
    |ap_enable_reg_pp0_iter18              |   1|   0|    1|          0|
    |ap_enable_reg_pp0_iter19              |   1|   0|    1|          0|
    |ap_enable_reg_pp0_iter2               |   1|   0|    1|          0|
    |ap_enable_reg_pp0_iter20              |   1|   0|    1|          0|
    |ap_enable_reg_pp0_iter21              |   1|   0|    1|          0|
    |ap_enable_reg_pp0_iter22              |   1|   0|    1|          0|
    |ap_enable_reg_pp0_iter23              |   1|   0|    1|          0|
    |ap_enable_reg_pp0_iter24              |   1|   0|    1|          0|
    |ap_enable_reg_pp0_iter25              |   1|   0|    1|          0|
    |ap_enable_reg_pp0_iter26              |   1|   0|    1|          0|
    |ap_enable_reg_pp0_iter27              |   1|   0|    1|          0|
    |ap_enable_reg_pp0_iter28              |   1|   0|    1|          0|
    |ap_enable_reg_pp0_iter29              |   1|   0|    1|          0|
    |ap_enable_reg_pp0_iter3               |   1|   0|    1|          0|
    |ap_enable_reg_pp0_iter30              |   1|   0|    1|          0|
    |ap_enable_reg_pp0_iter31              |   1|   0|    1|          0|
    |ap_enable_reg_pp0_iter32              |   1|   0|    1|          0|
    |ap_enable_reg_pp0_iter33              |   1|   0|    1|          0|
    |ap_enable_reg_pp0_iter34              |   1|   0|    1|          0|
    |ap_enable_reg_pp0_iter35              |   1|   0|    1|          0|
    |ap_enable_reg_pp0_iter36              |   1|   0|    1|          0|
    |ap_enable_reg_pp0_iter37              |   1|   0|    1|          0|
    |ap_enable_reg_pp0_iter38              |   1|   0|    1|          0|
    |ap_enable_reg_pp0_iter39              |   1|   0|    1|          0|
    |ap_enable_reg_pp0_iter4               |   1|   0|    1|          0|
    |ap_enable_reg_pp0_iter40              |   1|   0|    1|          0|
    |ap_enable_reg_pp0_iter41              |   1|   0|    1|          0|
    |ap_enable_reg_pp0_iter42              |   1|   0|    1|          0|
    |ap_enable_reg_pp0_iter43              |   1|   0|    1|          0|
    |ap_enable_reg_pp0_iter44              |   1|   0|    1|          0|
    |ap_enable_reg_pp0_iter45              |   1|   0|    1|          0|
    |ap_enable_reg_pp0_iter46              |   1|   0|    1|          0|
    |ap_enable_reg_pp0_iter47              |   1|   0|    1|          0|
    |ap_enable_reg_pp0_iter48              |   1|   0|    1|          0|
    |ap_enable_reg_pp0_iter49              |   1|   0|    1|          0|
    |ap_enable_reg_pp0_iter5               |   1|   0|    1|          0|
    |ap_enable_reg_pp0_iter50              |   1|   0|    1|          0|
    |ap_enable_reg_pp0_iter51              |   1|   0|    1|          0|
    |ap_enable_reg_pp0_iter52              |   1|   0|    1|          0|
    |ap_enable_reg_pp0_iter53              |   1|   0|    1|          0|
    |ap_enable_reg_pp0_iter54              |   1|   0|    1|          0|
    |ap_enable_reg_pp0_iter55              |   1|   0|    1|          0|
    |ap_enable_reg_pp0_iter56              |   1|   0|    1|          0|
    |ap_enable_reg_pp0_iter57              |   1|   0|    1|          0|
    |ap_enable_reg_pp0_iter58              |   1|   0|    1|          0|
    |ap_enable_reg_pp0_iter59              |   1|   0|    1|          0|
    |ap_enable_reg_pp0_iter6               |   1|   0|    1|          0|
    |ap_enable_reg_pp0_iter7               |   1|   0|    1|          0|
    |ap_enable_reg_pp0_iter8               |   1|   0|    1|          0|
    |ap_enable_reg_pp0_iter9               |   1|   0|    1|          0|
    |ap_loop_exit_ready_pp0_iter10_reg     |   1|   0|    1|          0|
    |ap_loop_exit_ready_pp0_iter11_reg     |   1|   0|    1|          0|
    |ap_loop_exit_ready_pp0_iter12_reg     |   1|   0|    1|          0|
    |ap_loop_exit_ready_pp0_iter13_reg     |   1|   0|    1|          0|
    |ap_loop_exit_ready_pp0_iter14_reg     |   1|   0|    1|          0|
    |ap_loop_exit_ready_pp0_iter15_reg     |   1|   0|    1|          0|
    |ap_loop_exit_ready_pp0_iter16_reg     |   1|   0|    1|          0|
    |ap_loop_exit_ready_pp0_iter17_reg     |   1|   0|    1|          0|
    |ap_loop_exit_ready_pp0_iter18_reg     |   1|   0|    1|          0|
    |ap_loop_exit_ready_pp0_iter19_reg     |   1|   0|    1|          0|
    |ap_loop_exit_ready_pp0_iter1_reg      |   1|   0|    1|          0|
    |ap_loop_exit_ready_pp0_iter20_reg     |   1|   0|    1|          0|
    |ap_loop_exit_ready_pp0_iter21_reg     |   1|   0|    1|          0|
    |ap_loop_exit_ready_pp0_iter22_reg     |   1|   0|    1|          0|
    |ap_loop_exit_ready_pp0_iter23_reg     |   1|   0|    1|          0|
    |ap_loop_exit_ready_pp0_iter24_reg     |   1|   0|    1|          0|
    |ap_loop_exit_ready_pp0_iter25_reg     |   1|   0|    1|          0|
    |ap_loop_exit_ready_pp0_iter26_reg     |   1|   0|    1|          0|
    |ap_loop_exit_ready_pp0_iter27_reg     |   1|   0|    1|          0|
    |ap_loop_exit_ready_pp0_iter28_reg     |   1|   0|    1|          0|
    |ap_loop_exit_ready_pp0_iter29_reg     |   1|   0|    1|          0|
    |ap_loop_exit_ready_pp0_iter2_reg      |   1|   0|    1|          0|
    |ap_loop_exit_ready_pp0_iter30_reg     |   1|   0|    1|          0|
    |ap_loop_exit_ready_pp0_iter31_reg     |   1|   0|    1|          0|
    |ap_loop_exit_ready_pp0_iter32_reg     |   1|   0|    1|          0|
    |ap_loop_exit_ready_pp0_iter33_reg     |   1|   0|    1|          0|
    |ap_loop_exit_ready_pp0_iter34_reg     |   1|   0|    1|          0|
    |ap_loop_exit_ready_pp0_iter35_reg     |   1|   0|    1|          0|
    |ap_loop_exit_ready_pp0_iter36_reg     |   1|   0|    1|          0|
    |ap_loop_exit_ready_pp0_iter37_reg     |   1|   0|    1|          0|
    |ap_loop_exit_ready_pp0_iter38_reg     |   1|   0|    1|          0|
    |ap_loop_exit_ready_pp0_iter39_reg     |   1|   0|    1|          0|
    |ap_loop_exit_ready_pp0_iter3_reg      |   1|   0|    1|          0|
    |ap_loop_exit_ready_pp0_iter40_reg     |   1|   0|    1|          0|
    |ap_loop_exit_ready_pp0_iter41_reg     |   1|   0|    1|          0|
    |ap_loop_exit_ready_pp0_iter42_reg     |   1|   0|    1|          0|
    |ap_loop_exit_ready_pp0_iter43_reg     |   1|   0|    1|          0|
    |ap_loop_exit_ready_pp0_iter44_reg     |   1|   0|    1|          0|
    |ap_loop_exit_ready_pp0_iter45_reg     |   1|   0|    1|          0|
    |ap_loop_exit_ready_pp0_iter46_reg     |   1|   0|    1|          0|
    |ap_loop_exit_ready_pp0_iter47_reg     |   1|   0|    1|          0|
    |ap_loop_exit_ready_pp0_iter48_reg     |   1|   0|    1|          0|
    |ap_loop_exit_ready_pp0_iter49_reg     |   1|   0|    1|          0|
    |ap_loop_exit_ready_pp0_iter4_reg      |   1|   0|    1|          0|
    |ap_loop_exit_ready_pp0_iter50_reg     |   1|   0|    1|          0|
    |ap_loop_exit_ready_pp0_iter51_reg     |   1|   0|    1|          0|
    |ap_loop_exit_ready_pp0_iter52_reg     |   1|   0|    1|          0|
    |ap_loop_exit_ready_pp0_iter53_reg     |   1|   0|    1|          0|
    |ap_loop_exit_ready_pp0_iter54_reg     |   1|   0|    1|          0|
    |ap_loop_exit_ready_pp0_iter55_reg     |   1|   0|    1|          0|
    |ap_loop_exit_ready_pp0_iter56_reg     |   1|   0|    1|          0|
    |ap_loop_exit_ready_pp0_iter57_reg     |   1|   0|    1|          0|
    |ap_loop_exit_ready_pp0_iter58_reg     |   1|   0|    1|          0|
    |ap_loop_exit_ready_pp0_iter5_reg      |   1|   0|    1|          0|
    |ap_loop_exit_ready_pp0_iter6_reg      |   1|   0|    1|          0|
    |ap_loop_exit_ready_pp0_iter7_reg      |   1|   0|    1|          0|
    |ap_loop_exit_ready_pp0_iter8_reg      |   1|   0|    1|          0|
    |ap_loop_exit_ready_pp0_iter9_reg      |   1|   0|    1|          0|
    |ashr_ln159_reg_1365                   |  54|   0|   54|          0|
    |deleted_ones_0_i_reg_1451             |   1|   0|    1|          0|
    |exp_x_reg_1467                        |  16|   0|   16|          0|
    |i_1_reg_1068                          |  11|   0|   11|          0|
    |i_fu_166                              |  11|   0|   11|          0|
    |icmp_ln138_1_reg_1134                 |   1|   0|    1|          0|
    |icmp_ln138_reg_1114                   |   1|   0|    1|          0|
    |icmp_ln159_10_reg_1420                |   1|   0|    1|          0|
    |icmp_ln159_11_reg_1425                |   1|   0|    1|          0|
    |icmp_ln159_12_reg_1430                |   1|   0|    1|          0|
    |icmp_ln159_13_reg_1435                |   1|   0|    1|          0|
    |icmp_ln159_1_reg_1232                 |   1|   0|    1|          0|
    |icmp_ln159_2_reg_1275                 |   1|   0|    1|          0|
    |icmp_ln159_3_reg_1350                 |   1|   0|    1|          0|
    |icmp_ln159_3_reg_1350_pp0_iter55_reg  |   1|   0|    1|          0|
    |icmp_ln159_4_reg_1287                 |   1|   0|    1|          0|
    |icmp_ln159_5_reg_1355                 |   1|   0|    1|          0|
    |icmp_ln159_5_reg_1355_pp0_iter55_reg  |   1|   0|    1|          0|
    |icmp_ln159_6_reg_1297                 |   1|   0|    1|          0|
    |icmp_ln159_7_reg_1310                 |   1|   0|    1|          0|
    |icmp_ln159_8_reg_1317                 |   1|   0|    1|          0|
    |icmp_ln159_9_reg_1415                 |   1|   0|    1|          0|
    |icmp_ln159_reg_1214                   |   1|   0|    1|          0|
    |lD_0_i_reg_1337                       |   1|   0|    1|          0|
    |lshr_ln138_1_reg_1154                 |  37|   0|   37|          0|
    |lshr_ln138_reg_1139                   |  37|   0|   37|          0|
    |lshr_ln159_1_reg_1381                 |  54|   0|   54|          0|
    |lshr_ln159_reg_1375                   |  54|   0|   54|          0|
    |neg_src_0_i_reg_1456                  |   1|   0|    1|          0|
    |ref_tmp_i_i_reg_1441                  |  18|   0|   18|          0|
    |select_ln159_1_reg_1267               |  11|   0|   11|          0|
    |select_ln159_2_reg_1386               |  18|   0|   18|          0|
    |select_ln159_3_reg_1391               |  18|   0|   18|          0|
    |select_ln159_reg_1261                 |  54|   0|   54|          0|
    |shl_ln138_reg_1144                    |  37|   0|   37|          0|
    |shl_ln159_reg_1370                    |  18|   0|   18|          0|
    |sub_ln138_1_reg_1109                  |   6|   0|    6|          0|
    |sub_ln138_2_reg_1159                  |   6|   0|    6|          0|
    |sub_ln159_1_reg_1220                  |  12|   0|   12|          0|
    |sub_ln159_reg_1209                    |  54|   0|   54|          0|
    |tmp_11_reg_1446                       |   1|   0|    1|          0|
    |tmp_12_reg_1255                       |   1|   0|    1|          0|
    |tmp_2_reg_1119                        |   1|   0|    1|          0|
    |tmp_4_reg_1169                        |  32|   0|   32|          0|
    |tmp_5_reg_1179                        |   1|   0|    1|          0|
    |tmp_6_reg_1189                        |  11|   0|   11|          0|
    |tmp_7_reg_1292                        |   1|   0|    1|          0|
    |tobool_i_reg_1322                     |   1|   0|    1|          0|
    |trunc_ln138_reg_1091                  |   6|   0|    6|          0|
    |trunc_ln159_10_reg_1327               |   6|   0|    6|          0|
    |trunc_ln159_1_reg_1194                |  52|   0|   52|          0|
    |trunc_ln159_3_reg_1227                |  11|   0|   11|          0|
    |trunc_ln159_5_reg_1281                |  18|   0|   18|          0|
    |trunc_ln159_9_reg_1250                |   6|   0|    6|          0|
    |trunc_ln159_reg_1174                  |  63|   0|   63|          0|
    |x_5_reg_1164                          |  31|   0|   32|          1|
    |x_reg_1083                            |  10|   0|   37|         27|
    |xor_ln159_8_reg_1408                  |   1|   0|    1|          0|
    |zext_ln159_1_reg_1204                 |  52|   0|   54|          2|
    |zext_ln159_5_reg_1344                 |   6|   0|   54|         48|
    |zext_ln159_reg_1199                   |  11|   0|   12|          1|
    |add_ln138_reg_1097                    |  64|  32|    6|          0|
    |add_ln159_5_reg_1302                  |  64|  32|   12|          0|
    |i_1_reg_1068                          |  64|  32|   11|          0|
    |icmp_ln138_reg_1114                   |  64|  32|    1|          0|
    |icmp_ln159_1_reg_1232                 |  64|  32|    1|          0|
    |icmp_ln159_2_reg_1275                 |  64|  32|    1|          0|
    |icmp_ln159_4_reg_1287                 |  64|  32|    1|          0|
    |icmp_ln159_6_reg_1297                 |  64|  32|    1|          0|
    |icmp_ln159_7_reg_1310                 |  64|  32|    1|          0|
    |icmp_ln159_reg_1214                   |  64|  32|    1|          0|
    |lD_0_i_reg_1337                       |  64|  32|    1|          0|
    |select_ln159_1_reg_1267               |  64|  32|   11|          0|
    |tmp_12_reg_1255                       |  64|  32|    1|          0|
    |tmp_2_reg_1119                        |  64|  32|    1|          0|
    |tmp_5_reg_1179                        |  64|  32|    1|          0|
    |tmp_7_reg_1292                        |  64|  32|    1|          0|
    |trunc_ln138_reg_1091                  |  64|  32|    6|          0|
    |trunc_ln159_5_reg_1281                |  64|  32|   18|          0|
    |x_reg_1083                            |  64|  32|   37|         27|
    |zext_ln159_5_reg_1344                 |  64|  32|   54|         48|
    +--------------------------------------+----+----+-----+-----------+
    |Total                                 |2379| 640| 1345|        154|
    +--------------------------------------+----+----+-----+-----------+



================================================================
== Interface
================================================================
* Summary: 
+--------------------+-----+-----+------------+-------------------------------------------------------------+--------------+
|      RTL Ports     | Dir | Bits|  Protocol  |                        Source Object                        |    C Type    |
+--------------------+-----+-----+------------+-------------------------------------------------------------+--------------+
|ap_clk              |   in|    1|  ap_ctrl_hs|  init_exp_table<ap_ufixed<37, 17, 5, 3, 0>, softmax_config9>|  return value|
|ap_rst              |   in|    1|  ap_ctrl_hs|  init_exp_table<ap_ufixed<37, 17, 5, 3, 0>, softmax_config9>|  return value|
|ap_start            |   in|    1|  ap_ctrl_hs|  init_exp_table<ap_ufixed<37, 17, 5, 3, 0>, softmax_config9>|  return value|
|ap_done             |  out|    1|  ap_ctrl_hs|  init_exp_table<ap_ufixed<37, 17, 5, 3, 0>, softmax_config9>|  return value|
|ap_idle             |  out|    1|  ap_ctrl_hs|  init_exp_table<ap_ufixed<37, 17, 5, 3, 0>, softmax_config9>|  return value|
|ap_ready            |  out|    1|  ap_ctrl_hs|  init_exp_table<ap_ufixed<37, 17, 5, 3, 0>, softmax_config9>|  return value|
|table_out_address0  |  out|   10|   ap_memory|                                                    table_out|         array|
|table_out_ce0       |  out|    1|   ap_memory|                                                    table_out|         array|
|table_out_we0       |  out|    1|   ap_memory|                                                    table_out|         array|
|table_out_d0        |  out|   16|   ap_memory|                                                    table_out|         array|
+--------------------+-----+-----+------------+-------------------------------------------------------------+--------------+

