

================================================================
== Vitis HLS Report for 'myproject'
================================================================
* Date:           Mon Sep 21 18:29:32 2026

* Version:        2025.2.1 (Build 6397637 on Mar 18 2026)
* Project:        myproject_prj
* Solution:       solution1 (Vivado IP Flow Target)
* Product family: zynq
* Target device:  xc7z020-clg400-1


================================================================
== Performance Estimates
================================================================
+ Timing: 
    * Summary: 
    +--------+---------+----------+------------+
    |  Clock |  Target | Estimated| Uncertainty|
    +--------+---------+----------+------------+
    |ap_clk  |  5.00 ns|  3.853 ns|     1.35 ns|
    +--------+---------+----------+------------+

+ Latency: 
    * Summary: 
    +---------+---------+----------+----------+------+------+----------+
    |  Latency (cycles) |  Latency (absolute) |   Interval  | Pipeline |
    |   min   |   max   |    min   |    max   |  min |  max |   Type   |
    +---------+---------+----------+----------+------+------+----------+
    |     1155|     1155|  5.775 us|  5.775 us|  1107|  1107|  dataflow|
    +---------+---------+----------+----------+------+------+----------+

    + Detail: 
        * Instance: 
        +-----------------------------------------------------------------------+----------------------------------------------------------------------+---------+---------+-----------+-----------+------+------+---------+
        |                                                                       |                                                                      |  Latency (cycles) |   Latency (absolute)  |   Interval  | Pipeline|
        |                                Instance                               |                                Module                                |   min   |   max   |    min    |    max    |  min |  max |   Type  |
        +-----------------------------------------------------------------------+----------------------------------------------------------------------+---------+---------+-----------+-----------+------+------+---------+
        |dense_array_ap_fixed_16u_array_ap_fixed_37_17_5_3_0_64u_config2_U0     |dense_array_ap_fixed_16u_array_ap_fixed_37_17_5_3_0_64u_config2_s     |        8|        8|  40.000 ns|  40.000 ns|     8|     8|       no|
        |relu_array_ap_fixed_64u_array_ap_fixed_16_6_5_3_0_64u_relu_config3_U0  |relu_array_ap_fixed_64u_array_ap_fixed_16_6_5_3_0_64u_relu_config3_s  |        2|        2|  10.000 ns|  10.000 ns|     2|     2|       no|
        |dense_array_ap_fixed_64u_array_ap_fixed_39_19_5_3_0_32u_config4_U0     |dense_array_ap_fixed_64u_array_ap_fixed_39_19_5_3_0_32u_config4_s     |       10|       10|  50.000 ns|  50.000 ns|    10|    10|       no|
        |relu_array_ap_fixed_32u_array_ap_fixed_16_6_5_3_0_32u_relu_config5_U0  |relu_array_ap_fixed_32u_array_ap_fixed_16_6_5_3_0_32u_relu_config5_s  |        2|        2|  10.000 ns|  10.000 ns|     2|     2|       no|
        |dense_array_ap_fixed_32u_array_ap_fixed_38_18_5_3_0_32u_config6_U0     |dense_array_ap_fixed_32u_array_ap_fixed_38_18_5_3_0_32u_config6_s     |        9|        9|  45.000 ns|  45.000 ns|     9|     9|       no|
        |relu_array_ap_fixed_32u_array_ap_fixed_16_6_5_3_0_32u_relu_config7_U0  |relu_array_ap_fixed_32u_array_ap_fixed_16_6_5_3_0_32u_relu_config7_s  |        2|        2|  10.000 ns|  10.000 ns|     2|     2|       no|
        |dense_array_ap_fixed_32u_array_ap_fixed_38_18_5_3_0_5u_config8_U0      |dense_array_ap_fixed_32u_array_ap_fixed_38_18_5_3_0_5u_config8_s      |        9|        9|  45.000 ns|  45.000 ns|     9|     9|       no|
        |softmax_array_array_ap_fixed_16_6_5_3_0_5u_softmax_config9_U0          |softmax_array_array_ap_fixed_16_6_5_3_0_5u_softmax_config9_s          |     1106|     1106|   5.530 us|   5.530 us|  1106|  1106|       no|
        +-----------------------------------------------------------------------+----------------------------------------------------------------------+---------+---------+-----------+-----------+------+------+---------+

        * Loop: 
        N/A



================================================================
== Utilization Estimates
================================================================
* Summary: 
+-----------------+---------+------+--------+--------+-----+
|       Name      | BRAM_18K|  DSP |   FF   |   LUT  | URAM|
+-----------------+---------+------+--------+--------+-----+
|DSP              |        -|     -|       -|       -|    -|
|Expression       |        -|     -|       0|       2|    -|
|FIFO             |        -|     -|     693|     476|    -|
|Instance         |        2|  3162|  362847|  140476|    0|
|Memory           |        -|     -|       -|       -|    -|
|Multiplexer      |        -|     -|       -|       -|    -|
|Register         |        -|     -|       -|       -|    -|
+-----------------+---------+------+--------+--------+-----+
|Total            |        2|  3162|  363540|  140954|    0|
+-----------------+---------+------+--------+--------+-----+
|Available        |      280|   220|  106400|   53200|    0|
+-----------------+---------+------+--------+--------+-----+
|Utilization (%)  |       ~0|  1437|     341|     264|    0|
+-----------------+---------+------+--------+--------+-----+

+ Detail: 
    * Instance: 
    +-----------------------------------------------------------------------+----------------------------------------------------------------------+---------+------+--------+-------+-----+
    |                                Instance                               |                                Module                                | BRAM_18K|  DSP |   FF   |  LUT  | URAM|
    +-----------------------------------------------------------------------+----------------------------------------------------------------------+---------+------+--------+-------+-----+
    |dense_array_ap_fixed_16u_array_ap_fixed_37_17_5_3_0_64u_config2_U0     |dense_array_ap_fixed_16u_array_ap_fixed_37_17_5_3_0_64u_config2_s     |        0|   728|   81399|  30231|    0|
    |dense_array_ap_fixed_32u_array_ap_fixed_38_18_5_3_0_32u_config6_U0     |dense_array_ap_fixed_32u_array_ap_fixed_38_18_5_3_0_32u_config6_s     |        0|   789|   85876|  29937|    0|
    |dense_array_ap_fixed_32u_array_ap_fixed_38_18_5_3_0_5u_config8_U0      |dense_array_ap_fixed_32u_array_ap_fixed_38_18_5_3_0_5u_config8_s      |        0|   128|   14874|   4868|    0|
    |dense_array_ap_fixed_64u_array_ap_fixed_39_19_5_3_0_32u_config4_U0     |dense_array_ap_fixed_64u_array_ap_fixed_39_19_5_3_0_32u_config4_s     |        0|  1505|  164773|  61535|    0|
    |relu_array_ap_fixed_32u_array_ap_fixed_16_6_5_3_0_32u_relu_config5_U0  |relu_array_ap_fixed_32u_array_ap_fixed_16_6_5_3_0_32u_relu_config5_s  |        0|     0|    2277|   2042|    0|
    |relu_array_ap_fixed_32u_array_ap_fixed_16_6_5_3_0_32u_relu_config7_U0  |relu_array_ap_fixed_32u_array_ap_fixed_16_6_5_3_0_32u_relu_config7_s  |        0|     0|    2245|   2010|    0|
    |relu_array_ap_fixed_64u_array_ap_fixed_16_6_5_3_0_64u_relu_config3_U0  |relu_array_ap_fixed_64u_array_ap_fixed_16_6_5_3_0_64u_relu_config3_s  |        0|     0|    4421|   3898|    0|
    |softmax_array_array_ap_fixed_16_6_5_3_0_5u_softmax_config9_U0          |softmax_array_array_ap_fixed_16_6_5_3_0_5u_softmax_config9_s          |        2|    12|    6982|   5955|    0|
    +-----------------------------------------------------------------------+----------------------------------------------------------------------+---------+------+--------+-------+-----+
    |Total                                                                  |                                                                      |        2|  3162|  362847| 140476|    0|
    +-----------------------------------------------------------------------+----------------------------------------------------------------------+---------+------+--------+-------+-----+

    * DSP: 
    N/A

    * Memory: 
    N/A

    * FIFO: 
    +--------------+---------+----+----+-----+------+------+---------+
    |     Name     | BRAM_18K| FF | LUT| URAM| Depth| Bits | Size:D*B|
    +--------------+---------+----+----+-----+------+------+---------+
    |layer2_out_U  |        0|  99|   0|    -|     1|  2368|     2368|
    |layer3_out_U  |        0|  99|   0|    -|     1|  1024|     1024|
    |layer4_out_U  |        0|  99|   0|    -|     1|  1248|     1248|
    |layer5_out_U  |        0|  99|   0|    -|     1|   512|      512|
    |layer6_out_U  |        0|  99|   0|    -|     1|  1216|     1216|
    |layer7_out_U  |        0|  99|   0|    -|     1|   512|      512|
    |layer8_out_U  |        0|  99|   0|    -|     1|   190|      190|
    +--------------+---------+----+----+-----+------+------+---------+
    |Total         |        0| 693|   0|    0|     7|  7070|     7070|
    +--------------+---------+----+----+-----+------+------+---------+

    * Expression: 
    +--------------+----------+----+---+----+------------+------------+
    | Variable Name| Operation| DSP| FF| LUT| Bitwidth P0| Bitwidth P1|
    +--------------+----------+----+---+----+------------+------------+
    |ap_idle       |       and|   0|  0|   2|           1|           1|
    +--------------+----------+----+---+----+------------+------------+
    |Total         |          |   0|  0|   2|           1|           1|
    +--------------+----------+----+---+----+------------+------------+

    * Multiplexer: 
    N/A

    * Register: 
    N/A



================================================================
== Interface
================================================================
* Summary: 
+--------------------+-----+-----+------------+--------------+--------------+
|      RTL Ports     | Dir | Bits|  Protocol  | Source Object|    C Type    |
+--------------------+-----+-----+------------+--------------+--------------+
|model_input_TDATA   |   in|  256|        axis|   model_input|       pointer|
|model_input_TVALID  |   in|    1|        axis|   model_input|       pointer|
|model_input_TREADY  |  out|    1|        axis|   model_input|       pointer|
|layer9_out_TDATA    |  out|   80|        axis|    layer9_out|       pointer|
|layer9_out_TVALID   |  out|    1|        axis|    layer9_out|       pointer|
|layer9_out_TREADY   |   in|    1|        axis|    layer9_out|       pointer|
|ap_clk              |   in|    1|  ap_ctrl_hs|     myproject|  return value|
|ap_rst_n            |   in|    1|  ap_ctrl_hs|     myproject|  return value|
|ap_start            |   in|    1|  ap_ctrl_hs|     myproject|  return value|
|ap_done             |  out|    1|  ap_ctrl_hs|     myproject|  return value|
|ap_ready            |  out|    1|  ap_ctrl_hs|     myproject|  return value|
|ap_idle             |  out|    1|  ap_ctrl_hs|     myproject|  return value|
+--------------------+-----+-----+------------+--------------+--------------+

