

================================================================
== Vitis HLS Report for 'softmax_stable_array_array_ap_fixed_16_6_5_3_0_5u_softmax_config9_s'
================================================================
* Date:           Mon Sep 21 18:29:29 2026

* Version:        2025.2.1 (Build 6397637 on Mar 18 2026)
* Project:        myproject_prj
* Solution:       solution1 (Vivado IP Flow Target)
* Product family: zynq
* Target device:  xc7z020-clg400-1


================================================================
== Performance Estimates
================================================================
+ Timing: 
    * Summary: 
    +--------+---------+----------+------------+
    |  Clock |  Target | Estimated| Uncertainty|
    +--------+---------+----------+------------+
    |ap_clk  |  5.00 ns|  3.853 ns|     1.35 ns|
    +--------+---------+----------+------------+

+ Latency: 
    * Summary: 
    +---------+---------+----------+----------+------+------+---------+
    |  Latency (cycles) |  Latency (absolute) |   Interval  | Pipeline|
    |   min   |   max   |    min   |    max   |  min |  max |   Type  |
    +---------+---------+----------+----------+------+------+---------+
    |     1104|     1104|  5.520 us|  5.520 us|  1104|  1104|       no|
    +---------+---------+----------+----------+------+------+---------+

    + Detail: 
        * Instance: 
        +-------------------------------------------------------------------+--------------------------------------------------------+---------+---------+----------+----------+-----+-----+-------------------+
        |                                                                   |                                                        |  Latency (cycles) |  Latency (absolute) |  Interval |      Pipeline     |
        |                              Instance                             |                         Module                         |   min   |   max   |    min   |    max   | min | max |        Type       |
        +-------------------------------------------------------------------+--------------------------------------------------------+---------+---------+----------+----------+-----+-----+-------------------+
        |grp_init_exp_table_ap_ufixed_37_17_5_3_0_softmax_config9_s_fu_285  |init_exp_table_ap_ufixed_37_17_5_3_0_softmax_config9_s  |     1084|     1084|  5.420 us|  5.420 us|    0|    0|  loop pipeline stp|
        +-------------------------------------------------------------------+--------------------------------------------------------+---------+---------+----------+----------+-----+-----+-------------------+

        * Loop: 
        N/A



================================================================
== Utilization Estimates
================================================================
* Summary: 
+-----------------+---------+-----+--------+-------+-----+
|       Name      | BRAM_18K| DSP |   FF   |  LUT  | URAM|
+-----------------+---------+-----+--------+-------+-----+
|DSP              |        -|    -|       -|      -|    -|
|Expression       |        -|    -|       0|    653|    -|
|FIFO             |        -|    -|       -|      -|    -|
|Instance         |        -|   12|    6061|   5068|    -|
|Memory           |        2|    -|       0|      0|    0|
|Multiplexer      |        -|    -|       0|    192|    -|
|Register         |        -|    -|     836|      -|    -|
+-----------------+---------+-----+--------+-------+-----+
|Total            |        2|   12|    6897|   5913|    0|
+-----------------+---------+-----+--------+-------+-----+
|Available        |      280|  220|  106400|  53200|    0|
+-----------------+---------+-----+--------+-------+-----+
|Utilization (%)  |       ~0|    5|       6|     11|    0|
+-----------------+---------+-----+--------+-------+-----+

+ Detail: 
    * Instance: 
    +-------------------------------------------------------------------+--------------------------------------------------------+---------+----+------+------+-----+
    |                              Instance                             |                         Module                         | BRAM_18K| DSP|  FF  |  LUT | URAM|
    +-------------------------------------------------------------------+--------------------------------------------------------+---------+----+------+------+-----+
    |grp_init_exp_table_ap_ufixed_37_17_5_3_0_softmax_config9_s_fu_285  |init_exp_table_ap_ufixed_37_17_5_3_0_softmax_config9_s  |        0|   7|  5686|  5058|    0|
    |mul_18s_16s_26_2_1_U3350                                           |mul_18s_16s_26_2_1                                      |        0|   1|    75|     2|    0|
    |mul_18s_16s_26_2_1_U3351                                           |mul_18s_16s_26_2_1                                      |        0|   1|    75|     2|    0|
    |mul_18s_16s_26_2_1_U3352                                           |mul_18s_16s_26_2_1                                      |        0|   1|    75|     2|    0|
    |mul_18s_16s_26_2_1_U3353                                           |mul_18s_16s_26_2_1                                      |        0|   1|    75|     2|    0|
    |mul_18s_16s_26_2_1_U3354                                           |mul_18s_16s_26_2_1                                      |        0|   1|    75|     2|    0|
    +-------------------------------------------------------------------+--------------------------------------------------------+---------+----+------+------+-----+
    |Total                                                              |                                                        |        0|  12|  6061|  5068|    0|
    +-------------------------------------------------------------------+--------------------------------------------------------+---------+----+------+------+-----+

    * DSP: 
    N/A

    * Memory: 
    +----------------+----------------------------------------------------------------------------------+---------+---+----+-----+------+-----+------+-------------+
    |     Memory     |                                      Module                                      | BRAM_18K| FF| LUT| URAM| Words| Bits| Banks| W*Bits*Banks|
    +----------------+----------------------------------------------------------------------------------+---------+---+----+-----+------+-----+------+-------------+
    |exp_table_U     |softmax_stable_array_array_ap_fixed_16_6_5_3_0_5u_softmax_config9_s_exp_tablecud  |        1|  0|   0|    0|  1024|   16|     1|        16384|
    |invert_table_U  |softmax_stable_array_array_ap_fixed_16_6_5_3_0_5u_softmax_config9_s_invert_tabkb  |        1|  0|   0|    0|  1024|   18|     1|        18432|
    +----------------+----------------------------------------------------------------------------------+---------+---+----+-----+------+-----+------+-------------+
    |Total           |                                                                                  |        2|  0|   0|    0|  2048|   34|     2|        34816|
    +----------------+----------------------------------------------------------------------------------+---------+---+----+-----+------+-----+------+-------------+

    * FIFO: 
    N/A

    * Expression: 
    +-------------------------+----------+----+---+----+------------+------------+
    |      Variable Name      | Operation| DSP| FF| LUT| Bitwidth P0| Bitwidth P1|
    +-------------------------+----------+----+---+----+------------+------------+
    |add_ln51_1_fu_533_p2     |         +|   0|  0|  23|          16|          16|
    |add_ln51_2_fu_541_p2     |         +|   0|  0|  23|          16|          16|
    |add_ln51_3_fu_545_p2     |         +|   0|  0|  23|          16|          16|
    |add_ln51_fu_537_p2       |         +|   0|  0|  23|          16|          16|
    |x_1_fu_447_p2            |         -|   0|  0|  44|          37|          37|
    |x_2_fu_451_p2            |         -|   0|  0|  44|          37|          37|
    |x_3_fu_455_p2            |         -|   0|  0|  44|          37|          37|
    |x_4_fu_459_p2            |         -|   0|  0|  44|          37|          37|
    |x_fu_443_p2              |         -|   0|  0|  44|          37|          37|
    |icmp_ln66_1_fu_383_p2    |      icmp|   0|  0|  45|          38|          38|
    |icmp_ln66_2_fu_409_p2    |      icmp|   0|  0|  45|          38|          38|
    |icmp_ln66_3_fu_424_p2    |      icmp|   0|  0|  45|          38|          38|
    |icmp_ln66_fu_379_p2      |      icmp|   0|  0|  45|          38|          38|
    |ap_block_state1          |        or|   0|  0|   2|           1|           1|
    |select_ln66_1_fu_403_p3  |    select|   0|  0|  38|           1|          38|
    |select_ln66_2_fu_418_p3  |    select|   0|  0|  38|           1|          38|
    |select_ln66_3_fu_436_p3  |    select|   0|  0|  37|           1|          37|
    |select_ln66_fu_392_p3    |    select|   0|  0|  38|           1|          38|
    |xor_ln66_1_fu_398_p2     |       xor|   0|  0|   2|           1|           2|
    |xor_ln66_2_fu_413_p2     |       xor|   0|  0|   2|           1|           2|
    |xor_ln66_3_fu_428_p2     |       xor|   0|  0|   2|           1|           2|
    |xor_ln66_fu_387_p2       |       xor|   0|  0|   2|           1|           2|
    +-------------------------+----------+----+---+----+------------+------------+
    |Total                    |          |   0|  0| 653|         410|         561|
    +-------------------------+----------+----+---+----+------------+------------+

    * Multiplexer: 
    +--------------------------+-----+-----------+-----+-----------+
    |           Name           | LUT | Input Size| Bits| Total Bits|
    +--------------------------+-----+-----------+-----+-----------+
    |ap_NS_fsm                 |  113|         22|    1|         22|
    |exp_table_address0        |    9|          2|   10|         20|
    |exp_table_address0_local  |   20|          4|   10|         40|
    |exp_table_address1_local  |   14|          3|   10|         30|
    |exp_table_ce0             |    9|          2|    1|          2|
    |exp_table_we0             |    9|          2|    1|          2|
    |layer8_out_blk_n          |    9|          2|    1|          2|
    |layer9_out_TDATA_blk_n    |    9|          2|    1|          2|
    +--------------------------+-----+-----------+-----+-----------+
    |Total                     |  192|         39|   35|        120|
    +--------------------------+-----+-----------+-----+-----------+

    * Register: 
    +--------------------------------------------------------------------------------+----+----+-----+-----------+
    |                                      Name                                      | FF | LUT| Bits| Const Bits|
    +--------------------------------------------------------------------------------+----+----+-----+-----------+
    |a_1_reg_809                                                                     |  16|   0|   16|          0|
    |a_reg_787                                                                       |  16|   0|   16|          0|
    |add_ln51_1_reg_837                                                              |  16|   0|   16|          0|
    |add_ln51_2_reg_847                                                              |  16|   0|   16|          0|
    |add_ln51_reg_842                                                                |  16|   0|   16|          0|
    |ap_CS_fsm                                                                       |  21|   0|   21|          0|
    |b_1_reg_825                                                                     |  16|   0|   16|          0|
    |b_2_reg_831                                                                     |  16|   0|   16|          0|
    |b_reg_803                                                                       |  16|   0|   16|          0|
    |grp_init_exp_table_ap_ufixed_37_17_5_3_0_softmax_config9_s_fu_285_ap_start_reg  |   1|   0|    1|          0|
    |icmp_ln66_1_reg_715                                                             |   1|   0|    1|          0|
    |icmp_ln66_2_reg_732                                                             |   1|   0|    1|          0|
    |icmp_ln66_3_reg_743                                                             |   1|   0|    1|          0|
    |icmp_ln66_reg_710                                                               |   1|   0|    1|          0|
    |inv_exp_sum_reg_862                                                             |  18|   0|   18|          0|
    |select_ln66_1_reg_726                                                           |  38|   0|   38|          0|
    |select_ln66_2_reg_737                                                           |  38|   0|   38|          0|
    |select_ln66_3_reg_748                                                           |  37|   0|   37|          0|
    |select_ln66_reg_720                                                             |  38|   0|   38|          0|
    |tmp_1_reg_852                                                                   |   8|   0|    8|          0|
    |tmp_4_reg_777                                                                   |  10|   0|   10|          0|
    |tmp_5_reg_757                                                                   |  10|   0|   10|          0|
    |tmp_7_reg_762                                                                   |  10|   0|   10|          0|
    |tmp_9_reg_767                                                                   |  10|   0|   10|          0|
    |tmp_reg_684                                                                     |  37|   0|   37|          0|
    |tmp_s_reg_772                                                                   |  10|   0|   10|          0|
    |trunc_ln198_1_reg_661                                                           |  38|   0|   38|          0|
    |trunc_ln198_2_reg_667                                                           |  38|   0|   38|          0|
    |trunc_ln198_3_reg_673                                                           |  38|   0|   38|          0|
    |trunc_ln198_4_reg_679                                                           |  38|   0|   38|          0|
    |trunc_ln198_reg_655                                                             |  38|   0|   38|          0|
    |trunc_ln213_2_reg_695                                                           |  37|   0|   37|          0|
    |trunc_ln213_3_reg_700                                                           |  37|   0|   37|          0|
    |trunc_ln213_4_reg_705                                                           |  37|   0|   37|          0|
    |trunc_ln213_reg_690                                                             |  37|   0|   37|          0|
    |trunc_ln241_1_reg_906                                                           |  16|   0|   16|          0|
    |trunc_ln241_2_reg_911                                                           |  16|   0|   16|          0|
    |trunc_ln241_3_reg_916                                                           |  16|   0|   16|          0|
    |trunc_ln241_4_reg_921                                                           |  16|   0|   16|          0|
    |trunc_ln3_reg_901                                                               |  16|   0|   16|          0|
    +--------------------------------------------------------------------------------+----+----+-----+-----------+
    |Total                                                                           | 836|   0|  836|          0|
    +--------------------------------------------------------------------------------+----+----+-----+-----------+



================================================================
== Interface
================================================================
* Summary: 
+---------------------------+-----+-----+------------+----------------------------------------------------------------------+--------------+
|         RTL Ports         | Dir | Bits|  Protocol  |                             Source Object                            |    C Type    |
+---------------------------+-----+-----+------------+----------------------------------------------------------------------+--------------+
|ap_clk                     |   in|    1|  ap_ctrl_hs|  softmax_stable<array,array<ap_fixed<16,6,5,3,0>,5u>,softmax_config9>|  return value|
|ap_rst                     |   in|    1|  ap_ctrl_hs|  softmax_stable<array,array<ap_fixed<16,6,5,3,0>,5u>,softmax_config9>|  return value|
|ap_start                   |   in|    1|  ap_ctrl_hs|  softmax_stable<array,array<ap_fixed<16,6,5,3,0>,5u>,softmax_config9>|  return value|
|ap_done                    |  out|    1|  ap_ctrl_hs|  softmax_stable<array,array<ap_fixed<16,6,5,3,0>,5u>,softmax_config9>|  return value|
|ap_idle                    |  out|    1|  ap_ctrl_hs|  softmax_stable<array,array<ap_fixed<16,6,5,3,0>,5u>,softmax_config9>|  return value|
|ap_ready                   |  out|    1|  ap_ctrl_hs|  softmax_stable<array,array<ap_fixed<16,6,5,3,0>,5u>,softmax_config9>|  return value|
|layer8_out_dout            |   in|  190|     ap_fifo|                                                            layer8_out|       pointer|
|layer8_out_empty_n         |   in|    1|     ap_fifo|                                                            layer8_out|       pointer|
|layer8_out_read            |  out|    1|     ap_fifo|                                                            layer8_out|       pointer|
|layer8_out_num_data_valid  |   in|    2|     ap_fifo|                                                            layer8_out|       pointer|
|layer8_out_fifo_cap        |   in|    2|     ap_fifo|                                                            layer8_out|       pointer|
|layer9_out_TDATA           |  out|   80|        axis|                                                            layer9_out|       pointer|
|layer9_out_TVALID          |  out|    1|        axis|                                                            layer9_out|       pointer|
|layer9_out_TREADY          |   in|    1|        axis|                                                            layer9_out|       pointer|
+---------------------------+-----+-----+------------+----------------------------------------------------------------------+--------------+

