

================================================================
== Vitis HLS Report for 'softmax_array_array_ap_fixed_16_6_5_3_0_5u_softmax_config9_s'
================================================================
* Date:           Mon Sep 21 18:29:30 2026

* Version:        2025.2.1 (Build 6397637 on Mar 18 2026)
* Project:        myproject_prj
* Solution:       solution1 (Vivado IP Flow Target)
* Product family: zynq
* Target device:  xc7z020-clg400-1


================================================================
== Performance Estimates
================================================================
+ Timing: 
    * Summary: 
    +--------+---------+----------+------------+
    |  Clock |  Target | Estimated| Uncertainty|
    +--------+---------+----------+------------+
    |ap_clk  |  5.00 ns|  3.853 ns|     1.35 ns|
    +--------+---------+----------+------------+

+ Latency: 
    * Summary: 
    +---------+---------+----------+----------+------+------+---------+
    |  Latency (cycles) |  Latency (absolute) |   Interval  | Pipeline|
    |   min   |   max   |    min   |    max   |  min |  max |   Type  |
    +---------+---------+----------+----------+------+------+---------+
    |     1106|     1106|  5.530 us|  5.530 us|  1106|  1106|       no|
    +---------+---------+----------+----------+------+------+---------+

    + Detail: 
        * Instance: 
        +-------------------------------------------------------------------------------+---------------------------------------------------------------------+---------+---------+----------+----------+------+------+---------+
        |                                                                               |                                                                     |  Latency (cycles) |  Latency (absolute) |   Interval  | Pipeline|
        |                                    Instance                                   |                                Module                               |   min   |   max   |    min   |    max   |  min |  max |   Type  |
        +-------------------------------------------------------------------------------+---------------------------------------------------------------------+---------+---------+----------+----------+------+------+---------+
        |grp_softmax_stable_array_array_ap_fixed_16_6_5_3_0_5u_softmax_config9_s_fu_24  |softmax_stable_array_array_ap_fixed_16_6_5_3_0_5u_softmax_config9_s  |     1104|     1104|  5.520 us|  5.520 us|  1104|  1104|       no|
        +-------------------------------------------------------------------------------+---------------------------------------------------------------------+---------+---------+----------+----------+------+------+---------+

        * Loop: 
        N/A



================================================================
== Utilization Estimates
================================================================
* Summary: 
+-----------------+---------+-----+--------+-------+-----+
|       Name      | BRAM_18K| DSP |   FF   |  LUT  | URAM|
+-----------------+---------+-----+--------+-------+-----+
|DSP              |        -|    -|       -|      -|    -|
|Expression       |        -|    -|       0|      4|    -|
|FIFO             |        -|    -|       -|      -|    -|
|Instance         |        2|   12|    6897|   5913|    0|
|Memory           |        -|    -|       -|      -|    -|
|Multiplexer      |        -|    -|       0|     38|    -|
|Register         |        -|    -|      85|      -|    -|
+-----------------+---------+-----+--------+-------+-----+
|Total            |        2|   12|    6982|   5955|    0|
+-----------------+---------+-----+--------+-------+-----+
|Available        |      280|  220|  106400|  53200|    0|
+-----------------+---------+-----+--------+-------+-----+
|Utilization (%)  |       ~0|    5|       6|     11|    0|
+-----------------+---------+-----+--------+-------+-----+

+ Detail: 
    * Instance: 
    +-------------------------------------------------------------------------------+---------------------------------------------------------------------+---------+----+------+------+-----+
    |                                    Instance                                   |                                Module                               | BRAM_18K| DSP|  FF  |  LUT | URAM|
    +-------------------------------------------------------------------------------+---------------------------------------------------------------------+---------+----+------+------+-----+
    |grp_softmax_stable_array_array_ap_fixed_16_6_5_3_0_5u_softmax_config9_s_fu_24  |softmax_stable_array_array_ap_fixed_16_6_5_3_0_5u_softmax_config9_s  |        2|  12|  6897|  5913|    0|
    +-------------------------------------------------------------------------------+---------------------------------------------------------------------+---------+----+------+------+-----+
    |Total                                                                          |                                                                     |        2|  12|  6897|  5913|    0|
    +-------------------------------------------------------------------------------+---------------------------------------------------------------------+---------+----+------+------+-----+

    * DSP: 
    N/A

    * Memory: 
    N/A

    * FIFO: 
    N/A

    * Expression: 
    +-------------------------------------------------------------------------------------------------+----------+----+---+----+------------+------------+
    |                                          Variable Name                                          | Operation| DSP| FF| LUT| Bitwidth P0| Bitwidth P1|
    +-------------------------------------------------------------------------------------------------+----------+----+---+----+------------+------------+
    |grp_softmax_stable_array_array_ap_fixed_16_6_5_3_0_5u_softmax_config9_s_fu_24_layer9_out_TREADY  |       and|   0|  0|   2|           1|           1|
    |ap_block_state1                                                                                  |        or|   0|  0|   2|           1|           1|
    +-------------------------------------------------------------------------------------------------+----------+----+---+----+------------+------------+
    |Total                                                                                            |          |   0|  0|   4|           2|           2|
    +-------------------------------------------------------------------------------------------------+----------+----+---+----+------------+------------+

    * Multiplexer: 
    +-------------------------------+----+-----------+-----+-----------+
    |              Name             | LUT| Input Size| Bits| Total Bits|
    +-------------------------------+----+-----------+-----+-----------+
    |ap_NS_fsm                      |  20|          4|    1|          4|
    |ap_done                        |   9|          2|    1|          2|
    |layer9_out_TDATA_int_regslice  |   9|          2|   80|        160|
    +-------------------------------+----+-----------+-----+-----------+
    |Total                          |  38|          8|   82|        166|
    +-------------------------------+----+-----------+-----+-----------+

    * Register: 
    +--------------------------------------------------------------------------------------------+----+----+-----+-----------+
    |                                            Name                                            | FF | LUT| Bits| Const Bits|
    +--------------------------------------------------------------------------------------------+----+----+-----+-----------+
    |ap_CS_fsm                                                                                   |   3|   0|    3|          0|
    |ap_done_reg                                                                                 |   1|   0|    1|          0|
    |grp_softmax_stable_array_array_ap_fixed_16_6_5_3_0_5u_softmax_config9_s_fu_24_ap_start_reg  |   1|   0|    1|          0|
    |layer9_out_TDATA_reg                                                                        |  80|   0|   80|          0|
    +--------------------------------------------------------------------------------------------+----+----+-----+-----------+
    |Total                                                                                       |  85|   0|   85|          0|
    +--------------------------------------------------------------------------------------------+----+----+-----+-----------+



================================================================
== Interface
================================================================
* Summary: 
+---------------------------+-----+-----+------------+---------------------------------------------------------------+--------------+
|         RTL Ports         | Dir | Bits|  Protocol  |                         Source Object                         |    C Type    |
+---------------------------+-----+-----+------------+---------------------------------------------------------------+--------------+
|ap_clk                     |   in|    1|  ap_ctrl_hs|  softmax<array,array<ap_fixed<16,6,5,3,0>,5u>,softmax_config9>|  return value|
|ap_rst                     |   in|    1|  ap_ctrl_hs|  softmax<array,array<ap_fixed<16,6,5,3,0>,5u>,softmax_config9>|  return value|
|ap_start                   |   in|    1|  ap_ctrl_hs|  softmax<array,array<ap_fixed<16,6,5,3,0>,5u>,softmax_config9>|  return value|
|ap_done                    |  out|    1|  ap_ctrl_hs|  softmax<array,array<ap_fixed<16,6,5,3,0>,5u>,softmax_config9>|  return value|
|ap_continue                |   in|    1|  ap_ctrl_hs|  softmax<array,array<ap_fixed<16,6,5,3,0>,5u>,softmax_config9>|  return value|
|ap_idle                    |  out|    1|  ap_ctrl_hs|  softmax<array,array<ap_fixed<16,6,5,3,0>,5u>,softmax_config9>|  return value|
|ap_ready                   |  out|    1|  ap_ctrl_hs|  softmax<array,array<ap_fixed<16,6,5,3,0>,5u>,softmax_config9>|  return value|
|layer8_out_dout            |   in|  190|     ap_fifo|                                                     layer8_out|       pointer|
|layer8_out_empty_n         |   in|    1|     ap_fifo|                                                     layer8_out|       pointer|
|layer8_out_read            |  out|    1|     ap_fifo|                                                     layer8_out|       pointer|
|layer8_out_num_data_valid  |   in|    2|     ap_fifo|                                                     layer8_out|       pointer|
|layer8_out_fifo_cap        |   in|    2|     ap_fifo|                                                     layer8_out|       pointer|
|layer9_out_TDATA           |  out|   80|        axis|                                                     layer9_out|       pointer|
|layer9_out_TVALID          |  out|    1|        axis|                                                     layer9_out|       pointer|
|layer9_out_TREADY          |   in|    1|        axis|                                                     layer9_out|       pointer|
+---------------------------+-----+-----+------------+---------------------------------------------------------------+--------------+

