

================================================================
== Vitis HLS Report for 'myproject'
================================================================
* Date:           Sat Aug 29 13:31:54 2026

* Version:        2025.2.1 (Build 6397637 on Mar 18 2026)
* Project:        myproject_prj
* Solution:       solution1 (Vivado IP Flow Target)
* Product family: virtexuplus
* Target device:  xcvu13p-flga2577-2-e


================================================================
== Performance Estimates
================================================================
+ Timing: 
    * Summary: 
    +--------+---------+----------+------------+
    |  Clock |  Target | Estimated| Uncertainty|
    +--------+---------+----------+------------+
    |ap_clk  |  5.00 ns|  3.490 ns|     1.35 ns|
    +--------+---------+----------+------------+

+ Latency: 
    * Summary: 
    +---------+---------+-----------+-----------+-----+-----+---------+
    |  Latency (cycles) |   Latency (absolute)  |  Interval | Pipeline|
    |   min   |   max   |    min    |    max    | min | max |   Type  |
    +---------+---------+-----------+-----------+-----+-----+---------+
    |        7|        7|  35.000 ns|  35.000 ns|    1|    1|      yes|
    +---------+---------+-----------+-----------+-----+-----+---------+

    + Detail: 
        * Instance: 
        N/A

        * Loop: 
        N/A

============================================================
+ Verbose Summary: Synthesis Manager
============================================================
InlineROM: 1
ExposeGlobal: 0
============================================================
+ Verbose Summary: CDFG Model
============================================================
IsTopModel: 1
ResetActiveHigh: 1
IsCombinational: 0
IsDatapathOnly: 0
HasWiredReturn: 1
HasMFsm: 2
HasVarLatency: 0
IsPipeline: 1
IsRtlPipelined: 1
IsInstanceOverlapped: 0
IsDontTouch: 0
HasImplIP: 0
IsGatedGlobalClock: 0

+ Individual pipeline summary: 
  * Pipeline-0: initiation interval (II) = 1, depth = 8


============================================================
+ Verbose Summary: Schedule
============================================================
* Number of FSM states : 8
* Pipeline : 1
  Pipeline-0 : II = 1, D = 8, States = { 1 2 3 4 5 6 7 8 }
* Dataflow Pipeline: 0

* FSM state transitions: 
1 --> 2 
2 --> 3 
3 --> 4 
4 --> 5 
5 --> 6 
6 --> 7 
7 --> 8 
8 --> 

* FSM state operations: 

State 1 <SV = 0> <Delay = 3.49>
ST_1 : Operation 9 [1/1] (0.00ns)   --->   "%input_1_read = read i160 @_ssdm_op_Read.ap_vld.i160P0A, i160 %input_1"   --->   Operation 9 'read' 'input_1_read' <Predicate = true> <Delay = 0.00>
ST_1 : Operation 10 [2/2] (3.49ns)   --->   "%call_ret1 = call i512 @dense_latency<ap_fixed<16, 6, 5, 3, 0>, ap_fixed<16, 6, 5, 3, 0>, config2>, i160 %input_1_read" [firmware/nnet_utils/nnet_dense.h:54->firmware/nnet_utils/nnet_dense.h:45->firmware/myproject.cpp:43]   --->   Operation 10 'call' 'call_ret1' <Predicate = true> <Delay = 3.49> <CoreType = "Generic">   --->   Generic Core

State 2 <SV = 1> <Delay = 3.40>
ST_2 : Operation 11 [1/2] (3.40ns)   --->   "%call_ret1 = call i512 @dense_latency<ap_fixed<16, 6, 5, 3, 0>, ap_fixed<16, 6, 5, 3, 0>, config2>, i160 %input_1_read" [firmware/nnet_utils/nnet_dense.h:54->firmware/nnet_utils/nnet_dense.h:45->firmware/myproject.cpp:43]   --->   Operation 11 'call' 'call_ret1' <Predicate = true> <Delay = 3.40> <CoreType = "Generic">   --->   Generic Core
ST_2 : Operation 12 [1/1] (0.00ns)   --->   "%layer2_out = extractvalue i512 %call_ret1" [firmware/nnet_utils/nnet_dense.h:54->firmware/nnet_utils/nnet_dense.h:45->firmware/myproject.cpp:43]   --->   Operation 12 'extractvalue' 'layer2_out' <Predicate = true> <Delay = 0.00>
ST_2 : Operation 13 [1/1] (0.00ns)   --->   "%layer2_out_1 = extractvalue i512 %call_ret1" [firmware/nnet_utils/nnet_dense.h:54->firmware/nnet_utils/nnet_dense.h:45->firmware/myproject.cpp:43]   --->   Operation 13 'extractvalue' 'layer2_out_1' <Predicate = true> <Delay = 0.00>
ST_2 : Operation 14 [1/1] (0.00ns)   --->   "%layer2_out_2 = extractvalue i512 %call_ret1" [firmware/nnet_utils/nnet_dense.h:54->firmware/nnet_utils/nnet_dense.h:45->firmware/myproject.cpp:43]   --->   Operation 14 'extractvalue' 'layer2_out_2' <Predicate = true> <Delay = 0.00>
ST_2 : Operation 15 [1/1] (0.00ns)   --->   "%layer2_out_3 = extractvalue i512 %call_ret1" [firmware/nnet_utils/nnet_dense.h:54->firmware/nnet_utils/nnet_dense.h:45->firmware/myproject.cpp:43]   --->   Operation 15 'extractvalue' 'layer2_out_3' <Predicate = true> <Delay = 0.00>
ST_2 : Operation 16 [1/1] (0.00ns)   --->   "%layer2_out_4 = extractvalue i512 %call_ret1" [firmware/nnet_utils/nnet_dense.h:54->firmware/nnet_utils/nnet_dense.h:45->firmware/myproject.cpp:43]   --->   Operation 16 'extractvalue' 'layer2_out_4' <Predicate = true> <Delay = 0.00>
ST_2 : Operation 17 [1/1] (0.00ns)   --->   "%layer2_out_5 = extractvalue i512 %call_ret1" [firmware/nnet_utils/nnet_dense.h:54->firmware/nnet_utils/nnet_dense.h:45->firmware/myproject.cpp:43]   --->   Operation 17 'extractvalue' 'layer2_out_5' <Predicate = true> <Delay = 0.00>
ST_2 : Operation 18 [1/1] (0.00ns)   --->   "%layer2_out_6 = extractvalue i512 %call_ret1" [firmware/nnet_utils/nnet_dense.h:54->firmware/nnet_utils/nnet_dense.h:45->firmware/myproject.cpp:43]   --->   Operation 18 'extractvalue' 'layer2_out_6' <Predicate = true> <Delay = 0.00>
ST_2 : Operation 19 [1/1] (0.00ns)   --->   "%layer2_out_7 = extractvalue i512 %call_ret1" [firmware/nnet_utils/nnet_dense.h:54->firmware/nnet_utils/nnet_dense.h:45->firmware/myproject.cpp:43]   --->   Operation 19 'extractvalue' 'layer2_out_7' <Predicate = true> <Delay = 0.00>
ST_2 : Operation 20 [1/1] (0.00ns)   --->   "%layer2_out_8 = extractvalue i512 %call_ret1" [firmware/nnet_utils/nnet_dense.h:54->firmware/nnet_utils/nnet_dense.h:45->firmware/myproject.cpp:43]   --->   Operation 20 'extractvalue' 'layer2_out_8' <Predicate = true> <Delay = 0.00>
ST_2 : Operation 21 [1/1] (0.00ns)   --->   "%layer2_out_9 = extractvalue i512 %call_ret1" [firmware/nnet_utils/nnet_dense.h:54->firmware/nnet_utils/nnet_dense.h:45->firmware/myproject.cpp:43]   --->   Operation 21 'extractvalue' 'layer2_out_9' <Predicate = true> <Delay = 0.00>
ST_2 : Operation 22 [1/1] (0.00ns)   --->   "%layer2_out_10 = extractvalue i512 %call_ret1" [firmware/nnet_utils/nnet_dense.h:54->firmware/nnet_utils/nnet_dense.h:45->firmware/myproject.cpp:43]   --->   Operation 22 'extractvalue' 'layer2_out_10' <Predicate = true> <Delay = 0.00>
ST_2 : Operation 23 [1/1] (0.00ns)   --->   "%layer2_out_11 = extractvalue i512 %call_ret1" [firmware/nnet_utils/nnet_dense.h:54->firmware/nnet_utils/nnet_dense.h:45->firmware/myproject.cpp:43]   --->   Operation 23 'extractvalue' 'layer2_out_11' <Predicate = true> <Delay = 0.00>
ST_2 : Operation 24 [1/1] (0.00ns)   --->   "%layer2_out_12 = extractvalue i512 %call_ret1" [firmware/nnet_utils/nnet_dense.h:54->firmware/nnet_utils/nnet_dense.h:45->firmware/myproject.cpp:43]   --->   Operation 24 'extractvalue' 'layer2_out_12' <Predicate = true> <Delay = 0.00>
ST_2 : Operation 25 [1/1] (0.00ns)   --->   "%layer2_out_13 = extractvalue i512 %call_ret1" [firmware/nnet_utils/nnet_dense.h:54->firmware/nnet_utils/nnet_dense.h:45->firmware/myproject.cpp:43]   --->   Operation 25 'extractvalue' 'layer2_out_13' <Predicate = true> <Delay = 0.00>
ST_2 : Operation 26 [1/1] (0.00ns)   --->   "%layer2_out_14 = extractvalue i512 %call_ret1" [firmware/nnet_utils/nnet_dense.h:54->firmware/nnet_utils/nnet_dense.h:45->firmware/myproject.cpp:43]   --->   Operation 26 'extractvalue' 'layer2_out_14' <Predicate = true> <Delay = 0.00>
ST_2 : Operation 27 [1/1] (0.00ns)   --->   "%layer2_out_15 = extractvalue i512 %call_ret1" [firmware/nnet_utils/nnet_dense.h:54->firmware/nnet_utils/nnet_dense.h:45->firmware/myproject.cpp:43]   --->   Operation 27 'extractvalue' 'layer2_out_15' <Predicate = true> <Delay = 0.00>
ST_2 : Operation 28 [1/1] (0.00ns)   --->   "%layer2_out_16 = extractvalue i512 %call_ret1" [firmware/nnet_utils/nnet_dense.h:54->firmware/nnet_utils/nnet_dense.h:45->firmware/myproject.cpp:43]   --->   Operation 28 'extractvalue' 'layer2_out_16' <Predicate = true> <Delay = 0.00>
ST_2 : Operation 29 [1/1] (0.00ns)   --->   "%layer2_out_17 = extractvalue i512 %call_ret1" [firmware/nnet_utils/nnet_dense.h:54->firmware/nnet_utils/nnet_dense.h:45->firmware/myproject.cpp:43]   --->   Operation 29 'extractvalue' 'layer2_out_17' <Predicate = true> <Delay = 0.00>
ST_2 : Operation 30 [1/1] (0.00ns)   --->   "%layer2_out_18 = extractvalue i512 %call_ret1" [firmware/nnet_utils/nnet_dense.h:54->firmware/nnet_utils/nnet_dense.h:45->firmware/myproject.cpp:43]   --->   Operation 30 'extractvalue' 'layer2_out_18' <Predicate = true> <Delay = 0.00>
ST_2 : Operation 31 [1/1] (0.00ns)   --->   "%layer2_out_19 = extractvalue i512 %call_ret1" [firmware/nnet_utils/nnet_dense.h:54->firmware/nnet_utils/nnet_dense.h:45->firmware/myproject.cpp:43]   --->   Operation 31 'extractvalue' 'layer2_out_19' <Predicate = true> <Delay = 0.00>
ST_2 : Operation 32 [1/1] (0.00ns)   --->   "%layer2_out_20 = extractvalue i512 %call_ret1" [firmware/nnet_utils/nnet_dense.h:54->firmware/nnet_utils/nnet_dense.h:45->firmware/myproject.cpp:43]   --->   Operation 32 'extractvalue' 'layer2_out_20' <Predicate = true> <Delay = 0.00>
ST_2 : Operation 33 [1/1] (0.00ns)   --->   "%layer2_out_21 = extractvalue i512 %call_ret1" [firmware/nnet_utils/nnet_dense.h:54->firmware/nnet_utils/nnet_dense.h:45->firmware/myproject.cpp:43]   --->   Operation 33 'extractvalue' 'layer2_out_21' <Predicate = true> <Delay = 0.00>
ST_2 : Operation 34 [1/1] (0.00ns)   --->   "%layer2_out_22 = extractvalue i512 %call_ret1" [firmware/nnet_utils/nnet_dense.h:54->firmware/nnet_utils/nnet_dense.h:45->firmware/myproject.cpp:43]   --->   Operation 34 'extractvalue' 'layer2_out_22' <Predicate = true> <Delay = 0.00>
ST_2 : Operation 35 [1/1] (0.00ns)   --->   "%layer2_out_23 = extractvalue i512 %call_ret1" [firmware/nnet_utils/nnet_dense.h:54->firmware/nnet_utils/nnet_dense.h:45->firmware/myproject.cpp:43]   --->   Operation 35 'extractvalue' 'layer2_out_23' <Predicate = true> <Delay = 0.00>
ST_2 : Operation 36 [1/1] (0.00ns)   --->   "%layer2_out_24 = extractvalue i512 %call_ret1" [firmware/nnet_utils/nnet_dense.h:54->firmware/nnet_utils/nnet_dense.h:45->firmware/myproject.cpp:43]   --->   Operation 36 'extractvalue' 'layer2_out_24' <Predicate = true> <Delay = 0.00>
ST_2 : Operation 37 [1/1] (0.00ns)   --->   "%layer2_out_25 = extractvalue i512 %call_ret1" [firmware/nnet_utils/nnet_dense.h:54->firmware/nnet_utils/nnet_dense.h:45->firmware/myproject.cpp:43]   --->   Operation 37 'extractvalue' 'layer2_out_25' <Predicate = true> <Delay = 0.00>
ST_2 : Operation 38 [1/1] (0.00ns)   --->   "%layer2_out_26 = extractvalue i512 %call_ret1" [firmware/nnet_utils/nnet_dense.h:54->firmware/nnet_utils/nnet_dense.h:45->firmware/myproject.cpp:43]   --->   Operation 38 'extractvalue' 'layer2_out_26' <Predicate = true> <Delay = 0.00>
ST_2 : Operation 39 [1/1] (0.00ns)   --->   "%layer2_out_27 = extractvalue i512 %call_ret1" [firmware/nnet_utils/nnet_dense.h:54->firmware/nnet_utils/nnet_dense.h:45->firmware/myproject.cpp:43]   --->   Operation 39 'extractvalue' 'layer2_out_27' <Predicate = true> <Delay = 0.00>
ST_2 : Operation 40 [1/1] (0.00ns)   --->   "%layer2_out_28 = extractvalue i512 %call_ret1" [firmware/nnet_utils/nnet_dense.h:54->firmware/nnet_utils/nnet_dense.h:45->firmware/myproject.cpp:43]   --->   Operation 40 'extractvalue' 'layer2_out_28' <Predicate = true> <Delay = 0.00>
ST_2 : Operation 41 [1/1] (0.00ns)   --->   "%layer2_out_29 = extractvalue i512 %call_ret1" [firmware/nnet_utils/nnet_dense.h:54->firmware/nnet_utils/nnet_dense.h:45->firmware/myproject.cpp:43]   --->   Operation 41 'extractvalue' 'layer2_out_29' <Predicate = true> <Delay = 0.00>
ST_2 : Operation 42 [1/1] (0.00ns)   --->   "%layer2_out_30 = extractvalue i512 %call_ret1" [firmware/nnet_utils/nnet_dense.h:54->firmware/nnet_utils/nnet_dense.h:45->firmware/myproject.cpp:43]   --->   Operation 42 'extractvalue' 'layer2_out_30' <Predicate = true> <Delay = 0.00>
ST_2 : Operation 43 [1/1] (0.00ns)   --->   "%layer2_out_31 = extractvalue i512 %call_ret1" [firmware/nnet_utils/nnet_dense.h:54->firmware/nnet_utils/nnet_dense.h:45->firmware/myproject.cpp:43]   --->   Operation 43 'extractvalue' 'layer2_out_31' <Predicate = true> <Delay = 0.00>

State 3 <SV = 2> <Delay = 1.07>
ST_3 : Operation 44 [1/1] (1.07ns)   --->   "%call_ret2 = call i512 @relu<ap_fixed<16, 6, 5, 3, 0>, ap_fixed<16, 6, 5, 3, 0>, relu_config3>, i16 %layer2_out, i16 %layer2_out_1, i16 %layer2_out_2, i16 %layer2_out_3, i16 %layer2_out_4, i16 %layer2_out_5, i16 %layer2_out_6, i16 %layer2_out_7, i16 %layer2_out_8, i16 %layer2_out_9, i16 %layer2_out_10, i16 %layer2_out_11, i16 %layer2_out_12, i16 %layer2_out_13, i16 %layer2_out_14, i16 %layer2_out_15, i16 %layer2_out_16, i16 %layer2_out_17, i16 %layer2_out_18, i16 %layer2_out_19, i16 %layer2_out_20, i16 %layer2_out_21, i16 %layer2_out_22, i16 %layer2_out_23, i16 %layer2_out_24, i16 %layer2_out_25, i16 %layer2_out_26, i16 %layer2_out_27, i16 %layer2_out_28, i16 %layer2_out_29, i16 %layer2_out_30, i16 %layer2_out_31" [firmware/myproject.cpp:45]   --->   Operation 44 'call' 'call_ret2' <Predicate = true> <Delay = 1.07> <CoreType = "Generic">   --->   Generic Core
ST_3 : Operation 45 [1/1] (0.00ns)   --->   "%layer3_out = extractvalue i512 %call_ret2" [firmware/myproject.cpp:45]   --->   Operation 45 'extractvalue' 'layer3_out' <Predicate = true> <Delay = 0.00>
ST_3 : Operation 46 [1/1] (0.00ns)   --->   "%layer3_out_1 = extractvalue i512 %call_ret2" [firmware/myproject.cpp:45]   --->   Operation 46 'extractvalue' 'layer3_out_1' <Predicate = true> <Delay = 0.00>
ST_3 : Operation 47 [1/1] (0.00ns)   --->   "%layer3_out_2 = extractvalue i512 %call_ret2" [firmware/myproject.cpp:45]   --->   Operation 47 'extractvalue' 'layer3_out_2' <Predicate = true> <Delay = 0.00>
ST_3 : Operation 48 [1/1] (0.00ns)   --->   "%layer3_out_3 = extractvalue i512 %call_ret2" [firmware/myproject.cpp:45]   --->   Operation 48 'extractvalue' 'layer3_out_3' <Predicate = true> <Delay = 0.00>
ST_3 : Operation 49 [1/1] (0.00ns)   --->   "%layer3_out_4 = extractvalue i512 %call_ret2" [firmware/myproject.cpp:45]   --->   Operation 49 'extractvalue' 'layer3_out_4' <Predicate = true> <Delay = 0.00>
ST_3 : Operation 50 [1/1] (0.00ns)   --->   "%layer3_out_5 = extractvalue i512 %call_ret2" [firmware/myproject.cpp:45]   --->   Operation 50 'extractvalue' 'layer3_out_5' <Predicate = true> <Delay = 0.00>
ST_3 : Operation 51 [1/1] (0.00ns)   --->   "%layer3_out_6 = extractvalue i512 %call_ret2" [firmware/myproject.cpp:45]   --->   Operation 51 'extractvalue' 'layer3_out_6' <Predicate = true> <Delay = 0.00>
ST_3 : Operation 52 [1/1] (0.00ns)   --->   "%layer3_out_7 = extractvalue i512 %call_ret2" [firmware/myproject.cpp:45]   --->   Operation 52 'extractvalue' 'layer3_out_7' <Predicate = true> <Delay = 0.00>
ST_3 : Operation 53 [1/1] (0.00ns)   --->   "%layer3_out_8 = extractvalue i512 %call_ret2" [firmware/myproject.cpp:45]   --->   Operation 53 'extractvalue' 'layer3_out_8' <Predicate = true> <Delay = 0.00>
ST_3 : Operation 54 [1/1] (0.00ns)   --->   "%layer3_out_9 = extractvalue i512 %call_ret2" [firmware/myproject.cpp:45]   --->   Operation 54 'extractvalue' 'layer3_out_9' <Predicate = true> <Delay = 0.00>
ST_3 : Operation 55 [1/1] (0.00ns)   --->   "%layer3_out_10 = extractvalue i512 %call_ret2" [firmware/myproject.cpp:45]   --->   Operation 55 'extractvalue' 'layer3_out_10' <Predicate = true> <Delay = 0.00>
ST_3 : Operation 56 [1/1] (0.00ns)   --->   "%layer3_out_11 = extractvalue i512 %call_ret2" [firmware/myproject.cpp:45]   --->   Operation 56 'extractvalue' 'layer3_out_11' <Predicate = true> <Delay = 0.00>
ST_3 : Operation 57 [1/1] (0.00ns)   --->   "%layer3_out_12 = extractvalue i512 %call_ret2" [firmware/myproject.cpp:45]   --->   Operation 57 'extractvalue' 'layer3_out_12' <Predicate = true> <Delay = 0.00>
ST_3 : Operation 58 [1/1] (0.00ns)   --->   "%layer3_out_13 = extractvalue i512 %call_ret2" [firmware/myproject.cpp:45]   --->   Operation 58 'extractvalue' 'layer3_out_13' <Predicate = true> <Delay = 0.00>
ST_3 : Operation 59 [1/1] (0.00ns)   --->   "%layer3_out_14 = extractvalue i512 %call_ret2" [firmware/myproject.cpp:45]   --->   Operation 59 'extractvalue' 'layer3_out_14' <Predicate = true> <Delay = 0.00>
ST_3 : Operation 60 [1/1] (0.00ns)   --->   "%layer3_out_15 = extractvalue i512 %call_ret2" [firmware/myproject.cpp:45]   --->   Operation 60 'extractvalue' 'layer3_out_15' <Predicate = true> <Delay = 0.00>
ST_3 : Operation 61 [1/1] (0.00ns)   --->   "%layer3_out_16 = extractvalue i512 %call_ret2" [firmware/myproject.cpp:45]   --->   Operation 61 'extractvalue' 'layer3_out_16' <Predicate = true> <Delay = 0.00>
ST_3 : Operation 62 [1/1] (0.00ns)   --->   "%layer3_out_17 = extractvalue i512 %call_ret2" [firmware/myproject.cpp:45]   --->   Operation 62 'extractvalue' 'layer3_out_17' <Predicate = true> <Delay = 0.00>
ST_3 : Operation 63 [1/1] (0.00ns)   --->   "%layer3_out_18 = extractvalue i512 %call_ret2" [firmware/myproject.cpp:45]   --->   Operation 63 'extractvalue' 'layer3_out_18' <Predicate = true> <Delay = 0.00>
ST_3 : Operation 64 [1/1] (0.00ns)   --->   "%layer3_out_19 = extractvalue i512 %call_ret2" [firmware/myproject.cpp:45]   --->   Operation 64 'extractvalue' 'layer3_out_19' <Predicate = true> <Delay = 0.00>
ST_3 : Operation 65 [1/1] (0.00ns)   --->   "%layer3_out_20 = extractvalue i512 %call_ret2" [firmware/myproject.cpp:45]   --->   Operation 65 'extractvalue' 'layer3_out_20' <Predicate = true> <Delay = 0.00>
ST_3 : Operation 66 [1/1] (0.00ns)   --->   "%layer3_out_21 = extractvalue i512 %call_ret2" [firmware/myproject.cpp:45]   --->   Operation 66 'extractvalue' 'layer3_out_21' <Predicate = true> <Delay = 0.00>
ST_3 : Operation 67 [1/1] (0.00ns)   --->   "%layer3_out_22 = extractvalue i512 %call_ret2" [firmware/myproject.cpp:45]   --->   Operation 67 'extractvalue' 'layer3_out_22' <Predicate = true> <Delay = 0.00>
ST_3 : Operation 68 [1/1] (0.00ns)   --->   "%layer3_out_23 = extractvalue i512 %call_ret2" [firmware/myproject.cpp:45]   --->   Operation 68 'extractvalue' 'layer3_out_23' <Predicate = true> <Delay = 0.00>
ST_3 : Operation 69 [1/1] (0.00ns)   --->   "%layer3_out_24 = extractvalue i512 %call_ret2" [firmware/myproject.cpp:45]   --->   Operation 69 'extractvalue' 'layer3_out_24' <Predicate = true> <Delay = 0.00>
ST_3 : Operation 70 [1/1] (0.00ns)   --->   "%layer3_out_25 = extractvalue i512 %call_ret2" [firmware/myproject.cpp:45]   --->   Operation 70 'extractvalue' 'layer3_out_25' <Predicate = true> <Delay = 0.00>
ST_3 : Operation 71 [1/1] (0.00ns)   --->   "%layer3_out_26 = extractvalue i512 %call_ret2" [firmware/myproject.cpp:45]   --->   Operation 71 'extractvalue' 'layer3_out_26' <Predicate = true> <Delay = 0.00>
ST_3 : Operation 72 [1/1] (0.00ns)   --->   "%layer3_out_27 = extractvalue i512 %call_ret2" [firmware/myproject.cpp:45]   --->   Operation 72 'extractvalue' 'layer3_out_27' <Predicate = true> <Delay = 0.00>
ST_3 : Operation 73 [1/1] (0.00ns)   --->   "%layer3_out_28 = extractvalue i512 %call_ret2" [firmware/myproject.cpp:45]   --->   Operation 73 'extractvalue' 'layer3_out_28' <Predicate = true> <Delay = 0.00>
ST_3 : Operation 74 [1/1] (0.00ns)   --->   "%layer3_out_29 = extractvalue i512 %call_ret2" [firmware/myproject.cpp:45]   --->   Operation 74 'extractvalue' 'layer3_out_29' <Predicate = true> <Delay = 0.00>
ST_3 : Operation 75 [1/1] (0.00ns)   --->   "%layer3_out_30 = extractvalue i512 %call_ret2" [firmware/myproject.cpp:45]   --->   Operation 75 'extractvalue' 'layer3_out_30' <Predicate = true> <Delay = 0.00>
ST_3 : Operation 76 [1/1] (0.00ns)   --->   "%layer3_out_31 = extractvalue i512 %call_ret2" [firmware/myproject.cpp:45]   --->   Operation 76 'extractvalue' 'layer3_out_31' <Predicate = true> <Delay = 0.00>

State 4 <SV = 3> <Delay = 3.40>
ST_4 : Operation 77 [2/2] (3.40ns)   --->   "%layer4_out = call i16 @dense_latency<ap_fixed<16, 6, 5, 3, 0>, ap_fixed<16, 6, 5, 3, 0>, config4>, i16 %layer3_out, i16 %layer3_out_1, i16 %layer3_out_2, i16 %layer3_out_3, i16 %layer3_out_4, i16 %layer3_out_5, i16 %layer3_out_6, i16 %layer3_out_7, i16 %layer3_out_8, i16 %layer3_out_9, i16 %layer3_out_10, i16 %layer3_out_11, i16 %layer3_out_12, i16 %layer3_out_13, i16 %layer3_out_14, i16 %layer3_out_15, i16 %layer3_out_16, i16 %layer3_out_17, i16 %layer3_out_18, i16 %layer3_out_19, i16 %layer3_out_20, i16 %layer3_out_21, i16 %layer3_out_22, i16 %layer3_out_23, i16 %layer3_out_24, i16 %layer3_out_25, i16 %layer3_out_26, i16 %layer3_out_27, i16 %layer3_out_28, i16 %layer3_out_29, i16 %layer3_out_30, i16 %layer3_out_31" [firmware/nnet_utils/nnet_dense.h:54->firmware/nnet_utils/nnet_dense.h:45->firmware/myproject.cpp:47]   --->   Operation 77 'call' 'layer4_out' <Predicate = true> <Delay = 3.40> <CoreType = "Generic">   --->   Generic Core

State 5 <SV = 4> <Delay = 2.02>
ST_5 : Operation 78 [1/2] (2.02ns)   --->   "%layer4_out = call i16 @dense_latency<ap_fixed<16, 6, 5, 3, 0>, ap_fixed<16, 6, 5, 3, 0>, config4>, i16 %layer3_out, i16 %layer3_out_1, i16 %layer3_out_2, i16 %layer3_out_3, i16 %layer3_out_4, i16 %layer3_out_5, i16 %layer3_out_6, i16 %layer3_out_7, i16 %layer3_out_8, i16 %layer3_out_9, i16 %layer3_out_10, i16 %layer3_out_11, i16 %layer3_out_12, i16 %layer3_out_13, i16 %layer3_out_14, i16 %layer3_out_15, i16 %layer3_out_16, i16 %layer3_out_17, i16 %layer3_out_18, i16 %layer3_out_19, i16 %layer3_out_20, i16 %layer3_out_21, i16 %layer3_out_22, i16 %layer3_out_23, i16 %layer3_out_24, i16 %layer3_out_25, i16 %layer3_out_26, i16 %layer3_out_27, i16 %layer3_out_28, i16 %layer3_out_29, i16 %layer3_out_30, i16 %layer3_out_31" [firmware/nnet_utils/nnet_dense.h:54->firmware/nnet_utils/nnet_dense.h:45->firmware/myproject.cpp:47]   --->   Operation 78 'call' 'layer4_out' <Predicate = true> <Delay = 2.02> <CoreType = "Generic">   --->   Generic Core

State 6 <SV = 5> <Delay = 2.52>
ST_6 : Operation 79 [3/3] (2.52ns)   --->   "%call_ret = call i10 @sigmoid<ap_fixed<16, 6, 5, 3, 0>, ap_fixed<16, 6, 5, 3, 0>, sigmoid_config5>, i16 %layer4_out, i10 %sigmoid_table" [firmware/myproject.cpp:49]   --->   Operation 79 'call' 'call_ret' <Predicate = true> <Delay = 2.52> <CoreType = "Generic">   --->   Generic Core

State 7 <SV = 6> <Delay = 2.52>
ST_7 : Operation 80 [2/3] (2.52ns)   --->   "%call_ret = call i10 @sigmoid<ap_fixed<16, 6, 5, 3, 0>, ap_fixed<16, 6, 5, 3, 0>, sigmoid_config5>, i16 %layer4_out, i10 %sigmoid_table" [firmware/myproject.cpp:49]   --->   Operation 80 'call' 'call_ret' <Predicate = true> <Delay = 2.52> <CoreType = "Generic">   --->   Generic Core

State 8 <SV = 7> <Delay = 1.17>
ST_8 : Operation 81 [1/1] (0.00ns)   --->   "%specpipeline_ln0 = specpipeline void @_ssdm_op_SpecPipeline, i32 4294967295, i32 0, i32 0, i32 0, i32 4294967295, void @empty_0"   --->   Operation 81 'specpipeline' 'specpipeline_ln0' <Predicate = true> <Delay = 0.00>
ST_8 : Operation 82 [1/1] (0.00ns)   --->   "%spectopmodule_ln0 = spectopmodule void @_ssdm_op_SpecTopModule, void @empty_2"   --->   Operation 82 'spectopmodule' 'spectopmodule_ln0' <Predicate = true> <Delay = 0.00>
ST_8 : Operation 83 [1/1] (0.00ns)   --->   "%specbitsmap_ln0 = specbitsmap void @_ssdm_op_SpecBitsMap, i160 %input_1"   --->   Operation 83 'specbitsmap' 'specbitsmap_ln0' <Predicate = true> <Delay = 0.00>
ST_8 : Operation 84 [1/1] (0.00ns)   --->   "%specinterface_ln0 = specinterface void @_ssdm_op_SpecInterface, i160 %input_1, void @empty, i32 4294967295, i32 4294967295, void @empty_0, i32 0, i32 0, void @empty_0, void @empty_0, void @empty_0, i32 0, i32 0, i32 0, i32 0, void @empty_0, void @empty_0, i32 4294967295, i32 0, i32 0, i32 0"   --->   Operation 84 'specinterface' 'specinterface_ln0' <Predicate = true> <Delay = 0.00>
ST_8 : Operation 85 [1/1] (0.00ns)   --->   "%specbitsmap_ln0 = specbitsmap void @_ssdm_op_SpecBitsMap, i16 %layer5_out"   --->   Operation 85 'specbitsmap' 'specbitsmap_ln0' <Predicate = true> <Delay = 0.00>
ST_8 : Operation 86 [1/1] (0.00ns)   --->   "%specinterface_ln0 = specinterface void @_ssdm_op_SpecInterface, i16 %layer5_out, void @empty, i32 4294967295, i32 4294967295, void @empty_0, i32 0, i32 0, void @empty_0, void @empty_0, void @empty_0, i32 0, i32 0, i32 0, i32 0, void @empty_0, void @empty_0, i32 4294967295, i32 0, i32 0, i32 0"   --->   Operation 86 'specinterface' 'specinterface_ln0' <Predicate = true> <Delay = 0.00>
ST_8 : Operation 87 [1/3] (1.17ns)   --->   "%call_ret = call i10 @sigmoid<ap_fixed<16, 6, 5, 3, 0>, ap_fixed<16, 6, 5, 3, 0>, sigmoid_config5>, i16 %layer4_out, i10 %sigmoid_table" [firmware/myproject.cpp:49]   --->   Operation 87 'call' 'call_ret' <Predicate = true> <Delay = 1.17> <CoreType = "Generic">   --->   Generic Core
ST_8 : Operation 88 [1/1] (0.00ns)   --->   "%zext_ln49 = zext i10 %call_ret" [firmware/myproject.cpp:49]   --->   Operation 88 'zext' 'zext_ln49' <Predicate = true> <Delay = 0.00>
ST_8 : Operation 89 [1/1] (0.00ns)   --->   "%write_ln49 = write void @_ssdm_op_Write.ap_vld.i16P0A, i16 %layer5_out, i16 %zext_ln49" [firmware/myproject.cpp:49]   --->   Operation 89 'write' 'write_ln49' <Predicate = true> <Delay = 0.00>
ST_8 : Operation 90 [1/1] (0.00ns)   --->   "%ret_ln51 = ret" [firmware/myproject.cpp:51]   --->   Operation 90 'ret' 'ret_ln51' <Predicate = true> <Delay = 0.00>


============================================================
+ Verbose Summary: Timing violations
============================================================
Target clock period: 5.000ns, clock uncertainty: 1.350ns.

 <State 1>: 3.490ns
The critical path consists of the following:
	wire read operation ('input_1_read') on port 'input_1' [10]  (0.000 ns)
	'call' operation 512 bit ('call_ret1', firmware/nnet_utils/nnet_dense.h:54->firmware/nnet_utils/nnet_dense.h:45->firmware/myproject.cpp:43) to 'dense_latency<ap_fixed<16, 6, 5, 3, 0>, ap_fixed<16, 6, 5, 3, 0>, config2>' [11]  (3.490 ns)

 <State 2>: 3.400ns
The critical path consists of the following:
	'call' operation 512 bit ('call_ret1', firmware/nnet_utils/nnet_dense.h:54->firmware/nnet_utils/nnet_dense.h:45->firmware/myproject.cpp:43) to 'dense_latency<ap_fixed<16, 6, 5, 3, 0>, ap_fixed<16, 6, 5, 3, 0>, config2>' [11]  (3.400 ns)

 <State 3>: 1.078ns
The critical path consists of the following:
	'call' operation 512 bit ('call_ret2', firmware/myproject.cpp:45) to 'relu<ap_fixed<16, 6, 5, 3, 0>, ap_fixed<16, 6, 5, 3, 0>, relu_config3>' [44]  (1.078 ns)

 <State 4>: 3.400ns
The critical path consists of the following:
	'call' operation 16 bit ('layer4_out', firmware/nnet_utils/nnet_dense.h:54->firmware/nnet_utils/nnet_dense.h:45->firmware/myproject.cpp:47) to 'dense_latency<ap_fixed<16, 6, 5, 3, 0>, ap_fixed<16, 6, 5, 3, 0>, config4>' [77]  (3.400 ns)

 <State 5>: 2.025ns
The critical path consists of the following:
	'call' operation 16 bit ('layer4_out', firmware/nnet_utils/nnet_dense.h:54->firmware/nnet_utils/nnet_dense.h:45->firmware/myproject.cpp:47) to 'dense_latency<ap_fixed<16, 6, 5, 3, 0>, ap_fixed<16, 6, 5, 3, 0>, config4>' [77]  (2.025 ns)

 <State 6>: 2.528ns
The critical path consists of the following:
	'call' operation 10 bit ('call_ret', firmware/myproject.cpp:49) to 'sigmoid<ap_fixed<16, 6, 5, 3, 0>, ap_fixed<16, 6, 5, 3, 0>, sigmoid_config5>' [78]  (2.528 ns)

 <State 7>: 2.528ns
The critical path consists of the following:
	'call' operation 10 bit ('call_ret', firmware/myproject.cpp:49) to 'sigmoid<ap_fixed<16, 6, 5, 3, 0>, ap_fixed<16, 6, 5, 3, 0>, sigmoid_config5>' [78]  (2.528 ns)

 <State 8>: 1.177ns
The critical path consists of the following:
	'call' operation 10 bit ('call_ret', firmware/myproject.cpp:49) to 'sigmoid<ap_fixed<16, 6, 5, 3, 0>, ap_fixed<16, 6, 5, 3, 0>, sigmoid_config5>' [78]  (1.177 ns)


============================================================
+ Verbose Summary: Binding
============================================================
N/A
* FSMD analyzer results:
  - Output states:
 - Input state : 
  - Chain level:
	State 1
	State 2
	State 3
	State 4
	State 5
	State 6
	State 7
	State 8


============================================================
+ Verbose Summary: Datapath Resource usage 
============================================================
N/A
