

================================================================
== Vitis HLS Report for 'dense_array_ap_fixed_32u_array_ap_fixed_16_6_5_3_0_1u_config4_s'
================================================================
* Date:           Mon Sep 21 23:22:01 2026

* Version:        2023.1.1 (Build 3869133 on Jun 15 2023)
* Project:        myproject_prj
* Solution:       solution1 (Vivado IP Flow Target)
* Product family: zynq
* Target device:  xc7z020-clg400-1


================================================================
== Performance Estimates
================================================================
+ Timing: 
    * Summary: 
    +--------+---------+----------+------------+
    |  Clock |  Target | Estimated| Uncertainty|
    +--------+---------+----------+------------+
    |ap_clk  |  5.00 ns|  3.415 ns|     1.35 ns|
    +--------+---------+----------+------------+

+ Latency: 
    * Summary: 
    +---------+---------+-----------+-----------+-----+-----+------------------------------------------+
    |  Latency (cycles) |   Latency (absolute)  |  Interval |                 Pipeline                 |
    |   min   |   max   |    min    |    max    | min | max |                   Type                   |
    +---------+---------+-----------+-----------+-----+-----+------------------------------------------+
    |       12|       13|  60.000 ns|  65.000 ns|    4|    4|  loop rewind stp(delay=0 clock cycles(s))|
    +---------+---------+-----------+-----------+-----+-----+------------------------------------------+

    + Detail: 
        * Instance: 
        N/A

        * Loop: 
        +-------------+---------+---------+----------+-----------+-----------+------+----------+
        |             |  Latency (cycles) | Iteration|  Initiation Interval  | Trip |          |
        |  Loop Name  |   min   |   max   |  Latency |  achieved |   target  | Count| Pipelined|
        +-------------+---------+---------+----------+-----------+-----------+------+----------+
        |- ReuseLoop  |       12|       12|        10|          1|          1|     4|       yes|
        +-------------+---------+---------+----------+-----------+-----------+------+----------+

============================================================
+ Verbose Summary: Synthesis Manager
============================================================
InlineROM: 1
ExposeGlobal: 0
============================================================
+ Verbose Summary: CDFG Model
============================================================
IsTopModel: 0
ResetActiveHigh: 1
IsCombinational: 2
IsDatapathOnly: 0
HasWiredReturn: 1
HasMFsm: 2
HasVarLatency: 1
IsPipeline: 0
IsRtlPipelined: 0
IsInstanceOverlapped: 0
IsDontTouch: 0
HasImplIP: 0
IsGatedGlobalClock: 0

+ Individual pipeline summary: 
  * Pipeline-0: initiation interval (II) = 1, depth = 10


============================================================
+ Verbose Summary: Schedule
============================================================
* Number of FSM states : 11
* Pipeline : 1
  Pipeline-0 : II = 1, D = 10, States = { 2 3 4 5 6 7 8 9 10 11 }
* Dataflow Pipeline: 0

* FSM state transitions: 
1 --> 2 
2 --> 3 
3 --> 4 
4 --> 5 
5 --> 6 
6 --> 7 
7 --> 8 
8 --> 9 
9 --> 10 
10 --> 11 
11 --> 2 

* FSM state operations: 

State 1 <SV = 0> <Delay = 1.58>
ST_1 : Operation 12 [1/1] (0.00ns)   --->   "%specinterface_ln0 = specinterface void @_ssdm_op_SpecInterface, i16 %layer4_out, void @empty, i32 0, i32 0, void @empty_0, i32 0, i32 0, void @empty_0, void @empty_0, void @empty_0, i32 0, i32 0, i32 0, i32 0, void @empty_0, void @empty_0, i32 4294967295, i32 0"   --->   Operation 12 'specinterface' 'specinterface_ln0' <Predicate = true> <Delay = 0.00>
ST_1 : Operation 13 [1/1] (0.00ns)   --->   "%specinterface_ln0 = specinterface void @_ssdm_op_SpecInterface, i512 %layer3_out, void @empty, i32 0, i32 0, void @empty_0, i32 0, i32 0, void @empty_0, void @empty_0, void @empty_0, i32 0, i32 0, i32 0, i32 0, void @empty_0, void @empty_0, i32 4294967295, i32 0"   --->   Operation 13 'specinterface' 'specinterface_ln0' <Predicate = true> <Delay = 0.00>
ST_1 : Operation 14 [1/1] (0.00ns)   --->   "%rbegin = specregionbegin i32 @_ssdm_op_SpecRegionBegin, void @nnet_KD_KD_dense_resource_MD_ap_fixed_MD_16_MC_AC_6_MC_AC_IC_ap_q_mode_JC_5_s" [firmware/nnet_utils/nnet_dense_stream.h:24->firmware/nnet_utils/nnet_dense_stream.h:97]   --->   Operation 14 'specregionbegin' 'rbegin' <Predicate = true> <Delay = 0.00>
ST_1 : Operation 15 [1/1] (1.58ns)   --->   "%br_ln46 = br void %rewind_header" [firmware/nnet_utils/nnet_dense_resource.h:46->firmware/nnet_utils/nnet_dense_resource.h:262->firmware/nnet_utils/nnet_dense_stream.h:24->firmware/nnet_utils/nnet_dense_stream.h:97]   --->   Operation 15 'br' 'br_ln46' <Predicate = true> <Delay = 1.58>

State 2 <SV = 1> <Delay = 1.56>
ST_2 : Operation 16 [1/1] (0.00ns)   --->   "%do_init = phi i1 1, void %nnet::dense_resource<ap_fixed<16, 6, (ap_q_mode)5, (ap_o_mode)3, 0>, ap_fixed<16, 6, (ap_q_mode)5, (ap_o_mode)3, 0>, config4>.region_begin, i1 0, void %for.body13.split.i.i, i1 1, void %nnet::dense_resource<ap_fixed<16, 6, (ap_q_mode)5, (ap_o_mode)3, 0>, ap_fixed<16, 6, (ap_q_mode)5, (ap_o_mode)3, 0>, config4>.region_end"   --->   Operation 16 'phi' 'do_init' <Predicate = true> <Delay = 0.00>
ST_2 : Operation 17 [1/1] (0.00ns)   --->   "%w_index3 = phi i2 0, void %nnet::dense_resource<ap_fixed<16, 6, (ap_q_mode)5, (ap_o_mode)3, 0>, ap_fixed<16, 6, (ap_q_mode)5, (ap_o_mode)3, 0>, config4>.region_begin, i2 %w_index, void %for.body13.split.i.i, i2 0, void %nnet::dense_resource<ap_fixed<16, 6, (ap_q_mode)5, (ap_o_mode)3, 0>, ap_fixed<16, 6, (ap_q_mode)5, (ap_o_mode)3, 0>, config4>.region_end"   --->   Operation 17 'phi' 'w_index3' <Predicate = true> <Delay = 0.00>
ST_2 : Operation 18 [1/1] (1.56ns)   --->   "%w_index = add i2 %w_index3, i2 1" [firmware/nnet_utils/nnet_dense_resource.h:46->firmware/nnet_utils/nnet_dense_resource.h:262->firmware/nnet_utils/nnet_dense_stream.h:24->firmware/nnet_utils/nnet_dense_stream.h:97]   --->   Operation 18 'add' 'w_index' <Predicate = true> <Delay = 1.56> <CoreInst = "Adder">   --->   Core 1 'Adder' <Latency = 0> <II = 1> <Delay = 1.56> <FuncUnit> <Opcode : 'add' 'sub'> <InPorts = 2> <OutPorts = 1>
ST_2 : Operation 19 [1/1] (1.56ns)   --->   "%icmp_ln46 = icmp_eq  i2 %w_index3, i2 3" [firmware/nnet_utils/nnet_dense_resource.h:46->firmware/nnet_utils/nnet_dense_resource.h:262->firmware/nnet_utils/nnet_dense_stream.h:24->firmware/nnet_utils/nnet_dense_stream.h:97]   --->   Operation 19 'icmp' 'icmp_ln46' <Predicate = true> <Delay = 1.56> <CoreInst = "Cmp">   --->   Core 9 'Cmp' <Latency = 0> <II = 1> <Delay = 1.56> <FuncUnit> <Opcode : 'icmp'> <InPorts = 2> <OutPorts = 1>
ST_2 : Operation 20 [1/1] (0.00ns)   --->   "%br_ln46 = br i1 %icmp_ln46, void %rewind_header, void %nnet::dense_resource<ap_fixed<16, 6, (ap_q_mode)5, (ap_o_mode)3, 0>, ap_fixed<16, 6, (ap_q_mode)5, (ap_o_mode)3, 0>, config4>.region_end" [firmware/nnet_utils/nnet_dense_resource.h:46->firmware/nnet_utils/nnet_dense_resource.h:262->firmware/nnet_utils/nnet_dense_stream.h:24->firmware/nnet_utils/nnet_dense_stream.h:97]   --->   Operation 20 'br' 'br_ln46' <Predicate = true> <Delay = 0.00>
ST_2 : Operation 21 [1/1] (0.00ns)   --->   "%br_ln101 = br void %rewind_header" [firmware/nnet_utils/nnet_dense_stream.h:101]   --->   Operation 21 'br' 'br_ln101' <Predicate = (icmp_ln46)> <Delay = 0.00>

State 3 <SV = 2> <Delay = 3.25>
ST_3 : Operation 22 [1/1] (0.00ns)   --->   "%specmemcore_ln0 = specmemcore void @_ssdm_op_SpecMemCore, i123 %w4_67, i64 666, i64 38, i64 18446744073709551615"   --->   Operation 22 'specmemcore' 'specmemcore_ln0' <Predicate = (do_init)> <Delay = 0.00>
ST_3 : Operation 23 [1/1] (1.82ns)   --->   "%layer3_out_read = read i512 @_ssdm_op_Read.ap_fifo.volatile.i512P0A, i512 %layer3_out" [firmware/nnet_utils/nnet_dense_stream.h:43->firmware/nnet_utils/nnet_dense_stream.h:93]   --->   Operation 23 'read' 'layer3_out_read' <Predicate = (do_init)> <Delay = 1.82> <CoreInst = "FIFO_SRL">   --->   Core 81 'FIFO_SRL' <Latency = 0> <II = 1> <Delay = 3.63> <Storage> <Opcode : 'read' 'write' 'nbread' 'nbwrite'> <Ports = 0> <Width = 512> <Depth = 1> <FIFO>
ST_3 : Operation 24 [1/1] (0.00ns)   --->   "%data = trunc i512 %layer3_out_read" [firmware/nnet_utils/nnet_dense_stream.h:43->firmware/nnet_utils/nnet_dense_stream.h:93]   --->   Operation 24 'trunc' 'data' <Predicate = (do_init)> <Delay = 0.00>
ST_3 : Operation 25 [1/1] (0.00ns)   --->   "%data_31 = partselect i16 @_ssdm_op_PartSelect.i16.i512.i32.i32, i512 %layer3_out_read, i32 480, i32 495" [firmware/nnet_utils/nnet_dense_stream.h:43->firmware/nnet_utils/nnet_dense_stream.h:93]   --->   Operation 25 'partselect' 'data_31' <Predicate = (do_init)> <Delay = 0.00>
ST_3 : Operation 26 [1/1] (0.00ns)   --->   "%data_32 = partselect i16 @_ssdm_op_PartSelect.i16.i512.i32.i32, i512 %layer3_out_read, i32 496, i32 511" [firmware/nnet_utils/nnet_dense_stream.h:43->firmware/nnet_utils/nnet_dense_stream.h:93]   --->   Operation 26 'partselect' 'data_32' <Predicate = (do_init)> <Delay = 0.00>
ST_3 : Operation 27 [1/1] (0.00ns)   --->   "%data_1 = partselect i16 @_ssdm_op_PartSelect.i16.i512.i32.i32, i512 %layer3_out_read, i32 16, i32 31" [firmware/nnet_utils/nnet_dense_stream.h:43->firmware/nnet_utils/nnet_dense_stream.h:93]   --->   Operation 27 'partselect' 'data_1' <Predicate = (do_init)> <Delay = 0.00>
ST_3 : Operation 28 [1/1] (0.00ns)   --->   "%data_2 = partselect i16 @_ssdm_op_PartSelect.i16.i512.i32.i32, i512 %layer3_out_read, i32 32, i32 47" [firmware/nnet_utils/nnet_dense_stream.h:43->firmware/nnet_utils/nnet_dense_stream.h:93]   --->   Operation 28 'partselect' 'data_2' <Predicate = (do_init)> <Delay = 0.00>
ST_3 : Operation 29 [1/1] (0.00ns)   --->   "%data_3 = partselect i16 @_ssdm_op_PartSelect.i16.i512.i32.i32, i512 %layer3_out_read, i32 48, i32 63" [firmware/nnet_utils/nnet_dense_stream.h:43->firmware/nnet_utils/nnet_dense_stream.h:93]   --->   Operation 29 'partselect' 'data_3' <Predicate = (do_init)> <Delay = 0.00>
ST_3 : Operation 30 [1/1] (0.00ns)   --->   "%data_4 = partselect i16 @_ssdm_op_PartSelect.i16.i512.i32.i32, i512 %layer3_out_read, i32 64, i32 79" [firmware/nnet_utils/nnet_dense_stream.h:43->firmware/nnet_utils/nnet_dense_stream.h:93]   --->   Operation 30 'partselect' 'data_4' <Predicate = (do_init)> <Delay = 0.00>
ST_3 : Operation 31 [1/1] (0.00ns)   --->   "%data_5 = partselect i16 @_ssdm_op_PartSelect.i16.i512.i32.i32, i512 %layer3_out_read, i32 80, i32 95" [firmware/nnet_utils/nnet_dense_stream.h:43->firmware/nnet_utils/nnet_dense_stream.h:93]   --->   Operation 31 'partselect' 'data_5' <Predicate = (do_init)> <Delay = 0.00>
ST_3 : Operation 32 [1/1] (0.00ns)   --->   "%data_6 = partselect i16 @_ssdm_op_PartSelect.i16.i512.i32.i32, i512 %layer3_out_read, i32 96, i32 111" [firmware/nnet_utils/nnet_dense_stream.h:43->firmware/nnet_utils/nnet_dense_stream.h:93]   --->   Operation 32 'partselect' 'data_6' <Predicate = (do_init)> <Delay = 0.00>
ST_3 : Operation 33 [1/1] (0.00ns)   --->   "%data_7 = partselect i16 @_ssdm_op_PartSelect.i16.i512.i32.i32, i512 %layer3_out_read, i32 112, i32 127" [firmware/nnet_utils/nnet_dense_stream.h:43->firmware/nnet_utils/nnet_dense_stream.h:93]   --->   Operation 33 'partselect' 'data_7' <Predicate = (do_init)> <Delay = 0.00>
ST_3 : Operation 34 [1/1] (0.00ns)   --->   "%data_8 = partselect i16 @_ssdm_op_PartSelect.i16.i512.i32.i32, i512 %layer3_out_read, i32 128, i32 143" [firmware/nnet_utils/nnet_dense_stream.h:43->firmware/nnet_utils/nnet_dense_stream.h:93]   --->   Operation 34 'partselect' 'data_8' <Predicate = (do_init)> <Delay = 0.00>
ST_3 : Operation 35 [1/1] (0.00ns)   --->   "%data_9 = partselect i16 @_ssdm_op_PartSelect.i16.i512.i32.i32, i512 %layer3_out_read, i32 144, i32 159" [firmware/nnet_utils/nnet_dense_stream.h:43->firmware/nnet_utils/nnet_dense_stream.h:93]   --->   Operation 35 'partselect' 'data_9' <Predicate = (do_init)> <Delay = 0.00>
ST_3 : Operation 36 [1/1] (0.00ns)   --->   "%data_33 = partselect i16 @_ssdm_op_PartSelect.i16.i512.i32.i32, i512 %layer3_out_read, i32 160, i32 175" [firmware/nnet_utils/nnet_dense_stream.h:43->firmware/nnet_utils/nnet_dense_stream.h:93]   --->   Operation 36 'partselect' 'data_33' <Predicate = (do_init)> <Delay = 0.00>
ST_3 : Operation 37 [1/1] (0.00ns)   --->   "%data_34 = partselect i16 @_ssdm_op_PartSelect.i16.i512.i32.i32, i512 %layer3_out_read, i32 176, i32 191" [firmware/nnet_utils/nnet_dense_stream.h:43->firmware/nnet_utils/nnet_dense_stream.h:93]   --->   Operation 37 'partselect' 'data_34' <Predicate = (do_init)> <Delay = 0.00>
ST_3 : Operation 38 [1/1] (0.00ns)   --->   "%data_35 = partselect i16 @_ssdm_op_PartSelect.i16.i512.i32.i32, i512 %layer3_out_read, i32 192, i32 207" [firmware/nnet_utils/nnet_dense_stream.h:43->firmware/nnet_utils/nnet_dense_stream.h:93]   --->   Operation 38 'partselect' 'data_35' <Predicate = (do_init)> <Delay = 0.00>
ST_3 : Operation 39 [1/1] (0.00ns)   --->   "%data_36 = partselect i16 @_ssdm_op_PartSelect.i16.i512.i32.i32, i512 %layer3_out_read, i32 208, i32 223" [firmware/nnet_utils/nnet_dense_stream.h:43->firmware/nnet_utils/nnet_dense_stream.h:93]   --->   Operation 39 'partselect' 'data_36' <Predicate = (do_init)> <Delay = 0.00>
ST_3 : Operation 40 [1/1] (0.00ns)   --->   "%data_37 = partselect i16 @_ssdm_op_PartSelect.i16.i512.i32.i32, i512 %layer3_out_read, i32 224, i32 239" [firmware/nnet_utils/nnet_dense_stream.h:43->firmware/nnet_utils/nnet_dense_stream.h:93]   --->   Operation 40 'partselect' 'data_37' <Predicate = (do_init)> <Delay = 0.00>
ST_3 : Operation 41 [1/1] (0.00ns)   --->   "%data_38 = partselect i16 @_ssdm_op_PartSelect.i16.i512.i32.i32, i512 %layer3_out_read, i32 240, i32 255" [firmware/nnet_utils/nnet_dense_stream.h:43->firmware/nnet_utils/nnet_dense_stream.h:93]   --->   Operation 41 'partselect' 'data_38' <Predicate = (do_init)> <Delay = 0.00>
ST_3 : Operation 42 [1/1] (0.00ns)   --->   "%data_39 = partselect i16 @_ssdm_op_PartSelect.i16.i512.i32.i32, i512 %layer3_out_read, i32 256, i32 271" [firmware/nnet_utils/nnet_dense_stream.h:43->firmware/nnet_utils/nnet_dense_stream.h:93]   --->   Operation 42 'partselect' 'data_39' <Predicate = (do_init)> <Delay = 0.00>
ST_3 : Operation 43 [1/1] (0.00ns)   --->   "%data_40 = partselect i16 @_ssdm_op_PartSelect.i16.i512.i32.i32, i512 %layer3_out_read, i32 272, i32 287" [firmware/nnet_utils/nnet_dense_stream.h:43->firmware/nnet_utils/nnet_dense_stream.h:93]   --->   Operation 43 'partselect' 'data_40' <Predicate = (do_init)> <Delay = 0.00>
ST_3 : Operation 44 [1/1] (0.00ns)   --->   "%data_41 = partselect i16 @_ssdm_op_PartSelect.i16.i512.i32.i32, i512 %layer3_out_read, i32 288, i32 303" [firmware/nnet_utils/nnet_dense_stream.h:43->firmware/nnet_utils/nnet_dense_stream.h:93]   --->   Operation 44 'partselect' 'data_41' <Predicate = (do_init)> <Delay = 0.00>
ST_3 : Operation 45 [1/1] (0.00ns)   --->   "%data_42 = partselect i16 @_ssdm_op_PartSelect.i16.i512.i32.i32, i512 %layer3_out_read, i32 304, i32 319" [firmware/nnet_utils/nnet_dense_stream.h:43->firmware/nnet_utils/nnet_dense_stream.h:93]   --->   Operation 45 'partselect' 'data_42' <Predicate = (do_init)> <Delay = 0.00>
ST_3 : Operation 46 [1/1] (0.00ns)   --->   "%data_43 = partselect i16 @_ssdm_op_PartSelect.i16.i512.i32.i32, i512 %layer3_out_read, i32 320, i32 335" [firmware/nnet_utils/nnet_dense_stream.h:43->firmware/nnet_utils/nnet_dense_stream.h:93]   --->   Operation 46 'partselect' 'data_43' <Predicate = (do_init)> <Delay = 0.00>
ST_3 : Operation 47 [1/1] (0.00ns)   --->   "%data_44 = partselect i16 @_ssdm_op_PartSelect.i16.i512.i32.i32, i512 %layer3_out_read, i32 336, i32 351" [firmware/nnet_utils/nnet_dense_stream.h:43->firmware/nnet_utils/nnet_dense_stream.h:93]   --->   Operation 47 'partselect' 'data_44' <Predicate = (do_init)> <Delay = 0.00>
ST_3 : Operation 48 [1/1] (0.00ns)   --->   "%data_45 = partselect i16 @_ssdm_op_PartSelect.i16.i512.i32.i32, i512 %layer3_out_read, i32 352, i32 367" [firmware/nnet_utils/nnet_dense_stream.h:43->firmware/nnet_utils/nnet_dense_stream.h:93]   --->   Operation 48 'partselect' 'data_45' <Predicate = (do_init)> <Delay = 0.00>
ST_3 : Operation 49 [1/1] (0.00ns)   --->   "%data_46 = partselect i16 @_ssdm_op_PartSelect.i16.i512.i32.i32, i512 %layer3_out_read, i32 368, i32 383" [firmware/nnet_utils/nnet_dense_stream.h:43->firmware/nnet_utils/nnet_dense_stream.h:93]   --->   Operation 49 'partselect' 'data_46' <Predicate = (do_init)> <Delay = 0.00>
ST_3 : Operation 50 [1/1] (0.00ns)   --->   "%data_47 = partselect i16 @_ssdm_op_PartSelect.i16.i512.i32.i32, i512 %layer3_out_read, i32 384, i32 399" [firmware/nnet_utils/nnet_dense_stream.h:43->firmware/nnet_utils/nnet_dense_stream.h:93]   --->   Operation 50 'partselect' 'data_47' <Predicate = (do_init)> <Delay = 0.00>
ST_3 : Operation 51 [1/1] (0.00ns)   --->   "%data_48 = partselect i16 @_ssdm_op_PartSelect.i16.i512.i32.i32, i512 %layer3_out_read, i32 400, i32 415" [firmware/nnet_utils/nnet_dense_stream.h:43->firmware/nnet_utils/nnet_dense_stream.h:93]   --->   Operation 51 'partselect' 'data_48' <Predicate = (do_init)> <Delay = 0.00>
ST_3 : Operation 52 [1/1] (0.00ns)   --->   "%data_49 = partselect i16 @_ssdm_op_PartSelect.i16.i512.i32.i32, i512 %layer3_out_read, i32 416, i32 431" [firmware/nnet_utils/nnet_dense_stream.h:43->firmware/nnet_utils/nnet_dense_stream.h:93]   --->   Operation 52 'partselect' 'data_49' <Predicate = (do_init)> <Delay = 0.00>
ST_3 : Operation 53 [1/1] (0.00ns)   --->   "%data_50 = partselect i16 @_ssdm_op_PartSelect.i16.i512.i32.i32, i512 %layer3_out_read, i32 432, i32 447" [firmware/nnet_utils/nnet_dense_stream.h:43->firmware/nnet_utils/nnet_dense_stream.h:93]   --->   Operation 53 'partselect' 'data_50' <Predicate = (do_init)> <Delay = 0.00>
ST_3 : Operation 54 [1/1] (0.00ns)   --->   "%data_51 = partselect i16 @_ssdm_op_PartSelect.i16.i512.i32.i32, i512 %layer3_out_read, i32 448, i32 463" [firmware/nnet_utils/nnet_dense_stream.h:43->firmware/nnet_utils/nnet_dense_stream.h:93]   --->   Operation 54 'partselect' 'data_51' <Predicate = (do_init)> <Delay = 0.00>
ST_3 : Operation 55 [1/1] (0.00ns)   --->   "%data_52 = partselect i16 @_ssdm_op_PartSelect.i16.i512.i32.i32, i512 %layer3_out_read, i32 464, i32 479" [firmware/nnet_utils/nnet_dense_stream.h:43->firmware/nnet_utils/nnet_dense_stream.h:93]   --->   Operation 55 'partselect' 'data_52' <Predicate = (do_init)> <Delay = 0.00>
ST_3 : Operation 56 [1/1] (1.58ns)   --->   "%br_ln46 = br void %for.body13.split.i.i" [firmware/nnet_utils/nnet_dense_resource.h:46->firmware/nnet_utils/nnet_dense_resource.h:262->firmware/nnet_utils/nnet_dense_stream.h:24->firmware/nnet_utils/nnet_dense_stream.h:97]   --->   Operation 56 'br' 'br_ln46' <Predicate = (do_init)> <Delay = 1.58>
ST_3 : Operation 57 [1/1] (0.00ns)   --->   "%zext_ln46 = zext i2 %w_index3" [firmware/nnet_utils/nnet_dense_resource.h:46->firmware/nnet_utils/nnet_dense_resource.h:262->firmware/nnet_utils/nnet_dense_stream.h:24->firmware/nnet_utils/nnet_dense_stream.h:97]   --->   Operation 57 'zext' 'zext_ln46' <Predicate = true> <Delay = 0.00>
ST_3 : Operation 58 [1/1] (0.00ns)   --->   "%w4_67_addr = getelementptr i123 %w4_67, i64 0, i64 %zext_ln46" [firmware/nnet_utils/nnet_dense_resource.h:59->firmware/nnet_utils/nnet_dense_resource.h:262->firmware/nnet_utils/nnet_dense_stream.h:24->firmware/nnet_utils/nnet_dense_stream.h:97]   --->   Operation 58 'getelementptr' 'w4_67_addr' <Predicate = true> <Delay = 0.00>
ST_3 : Operation 59 [2/2] (3.25ns)   --->   "%w4_67_load = load i2 %w4_67_addr" [firmware/nnet_utils/nnet_dense_resource.h:59->firmware/nnet_utils/nnet_dense_resource.h:262->firmware/nnet_utils/nnet_dense_stream.h:24->firmware/nnet_utils/nnet_dense_stream.h:97]   --->   Operation 59 'load' 'w4_67_load' <Predicate = true> <Delay = 3.25> <CoreInst = "ROM_nP_BRAM">   --->   Core 103 'ROM_nP_BRAM' <Latency = 1> <II = 1> <Delay = 3.25> <Storage> <Opcode : 'load'> <Ports = 0> <Width = 123> <Depth = 4> <ROM>

State 4 <SV = 3> <Delay = 3.41>
ST_4 : Operation 60 [1/1] (0.00ns)   --->   "%data_28_rewind = phi i16 0, void %nnet::dense_resource<ap_fixed<16, 6, (ap_q_mode)5, (ap_o_mode)3, 0>, ap_fixed<16, 6, (ap_q_mode)5, (ap_o_mode)3, 0>, config4>.region_begin, i16 %data_28_phi, void %for.body13.split.i.i, i16 0, void %nnet::dense_resource<ap_fixed<16, 6, (ap_q_mode)5, (ap_o_mode)3, 0>, ap_fixed<16, 6, (ap_q_mode)5, (ap_o_mode)3, 0>, config4>.region_end" [firmware/nnet_utils/nnet_dense_stream.h:43->firmware/nnet_utils/nnet_dense_stream.h:93]   --->   Operation 60 'phi' 'data_28_rewind' <Predicate = true> <Delay = 0.00>
ST_4 : Operation 61 [1/1] (0.00ns)   --->   "%data_27_rewind = phi i16 0, void %nnet::dense_resource<ap_fixed<16, 6, (ap_q_mode)5, (ap_o_mode)3, 0>, ap_fixed<16, 6, (ap_q_mode)5, (ap_o_mode)3, 0>, config4>.region_begin, i16 %data_27_phi, void %for.body13.split.i.i, i16 0, void %nnet::dense_resource<ap_fixed<16, 6, (ap_q_mode)5, (ap_o_mode)3, 0>, ap_fixed<16, 6, (ap_q_mode)5, (ap_o_mode)3, 0>, config4>.region_end" [firmware/nnet_utils/nnet_dense_stream.h:43->firmware/nnet_utils/nnet_dense_stream.h:93]   --->   Operation 61 'phi' 'data_27_rewind' <Predicate = true> <Delay = 0.00>
ST_4 : Operation 62 [1/1] (0.00ns)   --->   "%data_26_rewind = phi i16 0, void %nnet::dense_resource<ap_fixed<16, 6, (ap_q_mode)5, (ap_o_mode)3, 0>, ap_fixed<16, 6, (ap_q_mode)5, (ap_o_mode)3, 0>, config4>.region_begin, i16 %data_26_phi, void %for.body13.split.i.i, i16 0, void %nnet::dense_resource<ap_fixed<16, 6, (ap_q_mode)5, (ap_o_mode)3, 0>, ap_fixed<16, 6, (ap_q_mode)5, (ap_o_mode)3, 0>, config4>.region_end" [firmware/nnet_utils/nnet_dense_stream.h:43->firmware/nnet_utils/nnet_dense_stream.h:93]   --->   Operation 62 'phi' 'data_26_rewind' <Predicate = true> <Delay = 0.00>
ST_4 : Operation 63 [1/1] (0.00ns)   --->   "%data_25_rewind = phi i16 0, void %nnet::dense_resource<ap_fixed<16, 6, (ap_q_mode)5, (ap_o_mode)3, 0>, ap_fixed<16, 6, (ap_q_mode)5, (ap_o_mode)3, 0>, config4>.region_begin, i16 %data_25_phi, void %for.body13.split.i.i, i16 0, void %nnet::dense_resource<ap_fixed<16, 6, (ap_q_mode)5, (ap_o_mode)3, 0>, ap_fixed<16, 6, (ap_q_mode)5, (ap_o_mode)3, 0>, config4>.region_end" [firmware/nnet_utils/nnet_dense_stream.h:43->firmware/nnet_utils/nnet_dense_stream.h:93]   --->   Operation 63 'phi' 'data_25_rewind' <Predicate = true> <Delay = 0.00>
ST_4 : Operation 64 [1/1] (0.00ns)   --->   "%data_24_rewind = phi i16 0, void %nnet::dense_resource<ap_fixed<16, 6, (ap_q_mode)5, (ap_o_mode)3, 0>, ap_fixed<16, 6, (ap_q_mode)5, (ap_o_mode)3, 0>, config4>.region_begin, i16 %data_24_phi, void %for.body13.split.i.i, i16 0, void %nnet::dense_resource<ap_fixed<16, 6, (ap_q_mode)5, (ap_o_mode)3, 0>, ap_fixed<16, 6, (ap_q_mode)5, (ap_o_mode)3, 0>, config4>.region_end" [firmware/nnet_utils/nnet_dense_stream.h:43->firmware/nnet_utils/nnet_dense_stream.h:93]   --->   Operation 64 'phi' 'data_24_rewind' <Predicate = true> <Delay = 0.00>
ST_4 : Operation 65 [1/1] (0.00ns)   --->   "%data_23_rewind = phi i16 0, void %nnet::dense_resource<ap_fixed<16, 6, (ap_q_mode)5, (ap_o_mode)3, 0>, ap_fixed<16, 6, (ap_q_mode)5, (ap_o_mode)3, 0>, config4>.region_begin, i16 %data_23_phi, void %for.body13.split.i.i, i16 0, void %nnet::dense_resource<ap_fixed<16, 6, (ap_q_mode)5, (ap_o_mode)3, 0>, ap_fixed<16, 6, (ap_q_mode)5, (ap_o_mode)3, 0>, config4>.region_end" [firmware/nnet_utils/nnet_dense_stream.h:43->firmware/nnet_utils/nnet_dense_stream.h:93]   --->   Operation 65 'phi' 'data_23_rewind' <Predicate = true> <Delay = 0.00>
ST_4 : Operation 66 [1/1] (0.00ns)   --->   "%data_22_rewind = phi i16 0, void %nnet::dense_resource<ap_fixed<16, 6, (ap_q_mode)5, (ap_o_mode)3, 0>, ap_fixed<16, 6, (ap_q_mode)5, (ap_o_mode)3, 0>, config4>.region_begin, i16 %data_22_phi, void %for.body13.split.i.i, i16 0, void %nnet::dense_resource<ap_fixed<16, 6, (ap_q_mode)5, (ap_o_mode)3, 0>, ap_fixed<16, 6, (ap_q_mode)5, (ap_o_mode)3, 0>, config4>.region_end" [firmware/nnet_utils/nnet_dense_stream.h:43->firmware/nnet_utils/nnet_dense_stream.h:93]   --->   Operation 66 'phi' 'data_22_rewind' <Predicate = true> <Delay = 0.00>
ST_4 : Operation 67 [1/1] (0.00ns)   --->   "%data_21_rewind = phi i16 0, void %nnet::dense_resource<ap_fixed<16, 6, (ap_q_mode)5, (ap_o_mode)3, 0>, ap_fixed<16, 6, (ap_q_mode)5, (ap_o_mode)3, 0>, config4>.region_begin, i16 %data_21_phi, void %for.body13.split.i.i, i16 0, void %nnet::dense_resource<ap_fixed<16, 6, (ap_q_mode)5, (ap_o_mode)3, 0>, ap_fixed<16, 6, (ap_q_mode)5, (ap_o_mode)3, 0>, config4>.region_end" [firmware/nnet_utils/nnet_dense_stream.h:43->firmware/nnet_utils/nnet_dense_stream.h:93]   --->   Operation 67 'phi' 'data_21_rewind' <Predicate = true> <Delay = 0.00>
ST_4 : Operation 68 [1/1] (0.00ns)   --->   "%data_20_rewind = phi i16 0, void %nnet::dense_resource<ap_fixed<16, 6, (ap_q_mode)5, (ap_o_mode)3, 0>, ap_fixed<16, 6, (ap_q_mode)5, (ap_o_mode)3, 0>, config4>.region_begin, i16 %data_20_phi, void %for.body13.split.i.i, i16 0, void %nnet::dense_resource<ap_fixed<16, 6, (ap_q_mode)5, (ap_o_mode)3, 0>, ap_fixed<16, 6, (ap_q_mode)5, (ap_o_mode)3, 0>, config4>.region_end" [firmware/nnet_utils/nnet_dense_stream.h:43->firmware/nnet_utils/nnet_dense_stream.h:93]   --->   Operation 68 'phi' 'data_20_rewind' <Predicate = true> <Delay = 0.00>
ST_4 : Operation 69 [1/1] (0.00ns)   --->   "%data_19_rewind = phi i16 0, void %nnet::dense_resource<ap_fixed<16, 6, (ap_q_mode)5, (ap_o_mode)3, 0>, ap_fixed<16, 6, (ap_q_mode)5, (ap_o_mode)3, 0>, config4>.region_begin, i16 %data_19_phi, void %for.body13.split.i.i, i16 0, void %nnet::dense_resource<ap_fixed<16, 6, (ap_q_mode)5, (ap_o_mode)3, 0>, ap_fixed<16, 6, (ap_q_mode)5, (ap_o_mode)3, 0>, config4>.region_end" [firmware/nnet_utils/nnet_dense_stream.h:43->firmware/nnet_utils/nnet_dense_stream.h:93]   --->   Operation 69 'phi' 'data_19_rewind' <Predicate = true> <Delay = 0.00>
ST_4 : Operation 70 [1/1] (0.00ns)   --->   "%data_18_rewind = phi i16 0, void %nnet::dense_resource<ap_fixed<16, 6, (ap_q_mode)5, (ap_o_mode)3, 0>, ap_fixed<16, 6, (ap_q_mode)5, (ap_o_mode)3, 0>, config4>.region_begin, i16 %data_18_phi, void %for.body13.split.i.i, i16 0, void %nnet::dense_resource<ap_fixed<16, 6, (ap_q_mode)5, (ap_o_mode)3, 0>, ap_fixed<16, 6, (ap_q_mode)5, (ap_o_mode)3, 0>, config4>.region_end" [firmware/nnet_utils/nnet_dense_stream.h:43->firmware/nnet_utils/nnet_dense_stream.h:93]   --->   Operation 70 'phi' 'data_18_rewind' <Predicate = true> <Delay = 0.00>
ST_4 : Operation 71 [1/1] (0.00ns)   --->   "%data_17_rewind = phi i16 0, void %nnet::dense_resource<ap_fixed<16, 6, (ap_q_mode)5, (ap_o_mode)3, 0>, ap_fixed<16, 6, (ap_q_mode)5, (ap_o_mode)3, 0>, config4>.region_begin, i16 %data_17_phi, void %for.body13.split.i.i, i16 0, void %nnet::dense_resource<ap_fixed<16, 6, (ap_q_mode)5, (ap_o_mode)3, 0>, ap_fixed<16, 6, (ap_q_mode)5, (ap_o_mode)3, 0>, config4>.region_end" [firmware/nnet_utils/nnet_dense_stream.h:43->firmware/nnet_utils/nnet_dense_stream.h:93]   --->   Operation 71 'phi' 'data_17_rewind' <Predicate = true> <Delay = 0.00>
ST_4 : Operation 72 [1/1] (0.00ns)   --->   "%data_16_rewind = phi i16 0, void %nnet::dense_resource<ap_fixed<16, 6, (ap_q_mode)5, (ap_o_mode)3, 0>, ap_fixed<16, 6, (ap_q_mode)5, (ap_o_mode)3, 0>, config4>.region_begin, i16 %data_16_phi, void %for.body13.split.i.i, i16 0, void %nnet::dense_resource<ap_fixed<16, 6, (ap_q_mode)5, (ap_o_mode)3, 0>, ap_fixed<16, 6, (ap_q_mode)5, (ap_o_mode)3, 0>, config4>.region_end" [firmware/nnet_utils/nnet_dense_stream.h:43->firmware/nnet_utils/nnet_dense_stream.h:93]   --->   Operation 72 'phi' 'data_16_rewind' <Predicate = true> <Delay = 0.00>
ST_4 : Operation 73 [1/1] (0.00ns)   --->   "%data_15_rewind = phi i16 0, void %nnet::dense_resource<ap_fixed<16, 6, (ap_q_mode)5, (ap_o_mode)3, 0>, ap_fixed<16, 6, (ap_q_mode)5, (ap_o_mode)3, 0>, config4>.region_begin, i16 %data_15_phi, void %for.body13.split.i.i, i16 0, void %nnet::dense_resource<ap_fixed<16, 6, (ap_q_mode)5, (ap_o_mode)3, 0>, ap_fixed<16, 6, (ap_q_mode)5, (ap_o_mode)3, 0>, config4>.region_end" [firmware/nnet_utils/nnet_dense_stream.h:43->firmware/nnet_utils/nnet_dense_stream.h:93]   --->   Operation 73 'phi' 'data_15_rewind' <Predicate = true> <Delay = 0.00>
ST_4 : Operation 74 [1/1] (0.00ns)   --->   "%data_14_rewind = phi i16 0, void %nnet::dense_resource<ap_fixed<16, 6, (ap_q_mode)5, (ap_o_mode)3, 0>, ap_fixed<16, 6, (ap_q_mode)5, (ap_o_mode)3, 0>, config4>.region_begin, i16 %data_14_phi, void %for.body13.split.i.i, i16 0, void %nnet::dense_resource<ap_fixed<16, 6, (ap_q_mode)5, (ap_o_mode)3, 0>, ap_fixed<16, 6, (ap_q_mode)5, (ap_o_mode)3, 0>, config4>.region_end" [firmware/nnet_utils/nnet_dense_stream.h:43->firmware/nnet_utils/nnet_dense_stream.h:93]   --->   Operation 74 'phi' 'data_14_rewind' <Predicate = true> <Delay = 0.00>
ST_4 : Operation 75 [1/1] (0.00ns)   --->   "%data_13_rewind = phi i16 0, void %nnet::dense_resource<ap_fixed<16, 6, (ap_q_mode)5, (ap_o_mode)3, 0>, ap_fixed<16, 6, (ap_q_mode)5, (ap_o_mode)3, 0>, config4>.region_begin, i16 %data_13_phi, void %for.body13.split.i.i, i16 0, void %nnet::dense_resource<ap_fixed<16, 6, (ap_q_mode)5, (ap_o_mode)3, 0>, ap_fixed<16, 6, (ap_q_mode)5, (ap_o_mode)3, 0>, config4>.region_end" [firmware/nnet_utils/nnet_dense_stream.h:43->firmware/nnet_utils/nnet_dense_stream.h:93]   --->   Operation 75 'phi' 'data_13_rewind' <Predicate = true> <Delay = 0.00>
ST_4 : Operation 76 [1/1] (0.00ns)   --->   "%data_12_rewind = phi i16 0, void %nnet::dense_resource<ap_fixed<16, 6, (ap_q_mode)5, (ap_o_mode)3, 0>, ap_fixed<16, 6, (ap_q_mode)5, (ap_o_mode)3, 0>, config4>.region_begin, i16 %data_12_phi, void %for.body13.split.i.i, i16 0, void %nnet::dense_resource<ap_fixed<16, 6, (ap_q_mode)5, (ap_o_mode)3, 0>, ap_fixed<16, 6, (ap_q_mode)5, (ap_o_mode)3, 0>, config4>.region_end" [firmware/nnet_utils/nnet_dense_stream.h:43->firmware/nnet_utils/nnet_dense_stream.h:93]   --->   Operation 76 'phi' 'data_12_rewind' <Predicate = true> <Delay = 0.00>
ST_4 : Operation 77 [1/1] (0.00ns)   --->   "%data_11_rewind = phi i16 0, void %nnet::dense_resource<ap_fixed<16, 6, (ap_q_mode)5, (ap_o_mode)3, 0>, ap_fixed<16, 6, (ap_q_mode)5, (ap_o_mode)3, 0>, config4>.region_begin, i16 %data_11_phi, void %for.body13.split.i.i, i16 0, void %nnet::dense_resource<ap_fixed<16, 6, (ap_q_mode)5, (ap_o_mode)3, 0>, ap_fixed<16, 6, (ap_q_mode)5, (ap_o_mode)3, 0>, config4>.region_end" [firmware/nnet_utils/nnet_dense_stream.h:43->firmware/nnet_utils/nnet_dense_stream.h:93]   --->   Operation 77 'phi' 'data_11_rewind' <Predicate = true> <Delay = 0.00>
ST_4 : Operation 78 [1/1] (0.00ns)   --->   "%data_10_rewind = phi i16 0, void %nnet::dense_resource<ap_fixed<16, 6, (ap_q_mode)5, (ap_o_mode)3, 0>, ap_fixed<16, 6, (ap_q_mode)5, (ap_o_mode)3, 0>, config4>.region_begin, i16 %data_10_phi, void %for.body13.split.i.i, i16 0, void %nnet::dense_resource<ap_fixed<16, 6, (ap_q_mode)5, (ap_o_mode)3, 0>, ap_fixed<16, 6, (ap_q_mode)5, (ap_o_mode)3, 0>, config4>.region_end" [firmware/nnet_utils/nnet_dense_stream.h:43->firmware/nnet_utils/nnet_dense_stream.h:93]   --->   Operation 78 'phi' 'data_10_rewind' <Predicate = true> <Delay = 0.00>
ST_4 : Operation 79 [1/1] (0.00ns)   --->   "%data_29_rewind = phi i16 0, void %nnet::dense_resource<ap_fixed<16, 6, (ap_q_mode)5, (ap_o_mode)3, 0>, ap_fixed<16, 6, (ap_q_mode)5, (ap_o_mode)3, 0>, config4>.region_begin, i16 %data_29_phi, void %for.body13.split.i.i, i16 0, void %nnet::dense_resource<ap_fixed<16, 6, (ap_q_mode)5, (ap_o_mode)3, 0>, ap_fixed<16, 6, (ap_q_mode)5, (ap_o_mode)3, 0>, config4>.region_end" [firmware/nnet_utils/nnet_dense_stream.h:43->firmware/nnet_utils/nnet_dense_stream.h:93]   --->   Operation 79 'phi' 'data_29_rewind' <Predicate = true> <Delay = 0.00>
ST_4 : Operation 80 [1/1] (0.00ns)   --->   "%data_9_rewind = phi i16 0, void %nnet::dense_resource<ap_fixed<16, 6, (ap_q_mode)5, (ap_o_mode)3, 0>, ap_fixed<16, 6, (ap_q_mode)5, (ap_o_mode)3, 0>, config4>.region_begin, i16 %data_9_phi, void %for.body13.split.i.i, i16 0, void %nnet::dense_resource<ap_fixed<16, 6, (ap_q_mode)5, (ap_o_mode)3, 0>, ap_fixed<16, 6, (ap_q_mode)5, (ap_o_mode)3, 0>, config4>.region_end" [firmware/nnet_utils/nnet_dense_stream.h:43->firmware/nnet_utils/nnet_dense_stream.h:93]   --->   Operation 80 'phi' 'data_9_rewind' <Predicate = true> <Delay = 0.00>
ST_4 : Operation 81 [1/1] (0.00ns)   --->   "%data_8_rewind = phi i16 0, void %nnet::dense_resource<ap_fixed<16, 6, (ap_q_mode)5, (ap_o_mode)3, 0>, ap_fixed<16, 6, (ap_q_mode)5, (ap_o_mode)3, 0>, config4>.region_begin, i16 %data_8_phi, void %for.body13.split.i.i, i16 0, void %nnet::dense_resource<ap_fixed<16, 6, (ap_q_mode)5, (ap_o_mode)3, 0>, ap_fixed<16, 6, (ap_q_mode)5, (ap_o_mode)3, 0>, config4>.region_end" [firmware/nnet_utils/nnet_dense_stream.h:43->firmware/nnet_utils/nnet_dense_stream.h:93]   --->   Operation 81 'phi' 'data_8_rewind' <Predicate = true> <Delay = 0.00>
ST_4 : Operation 82 [1/1] (0.00ns)   --->   "%data_7_rewind = phi i16 0, void %nnet::dense_resource<ap_fixed<16, 6, (ap_q_mode)5, (ap_o_mode)3, 0>, ap_fixed<16, 6, (ap_q_mode)5, (ap_o_mode)3, 0>, config4>.region_begin, i16 %data_7_phi, void %for.body13.split.i.i, i16 0, void %nnet::dense_resource<ap_fixed<16, 6, (ap_q_mode)5, (ap_o_mode)3, 0>, ap_fixed<16, 6, (ap_q_mode)5, (ap_o_mode)3, 0>, config4>.region_end" [firmware/nnet_utils/nnet_dense_stream.h:43->firmware/nnet_utils/nnet_dense_stream.h:93]   --->   Operation 82 'phi' 'data_7_rewind' <Predicate = true> <Delay = 0.00>
ST_4 : Operation 83 [1/1] (0.00ns)   --->   "%data_6_rewind = phi i16 0, void %nnet::dense_resource<ap_fixed<16, 6, (ap_q_mode)5, (ap_o_mode)3, 0>, ap_fixed<16, 6, (ap_q_mode)5, (ap_o_mode)3, 0>, config4>.region_begin, i16 %data_6_phi, void %for.body13.split.i.i, i16 0, void %nnet::dense_resource<ap_fixed<16, 6, (ap_q_mode)5, (ap_o_mode)3, 0>, ap_fixed<16, 6, (ap_q_mode)5, (ap_o_mode)3, 0>, config4>.region_end" [firmware/nnet_utils/nnet_dense_stream.h:43->firmware/nnet_utils/nnet_dense_stream.h:93]   --->   Operation 83 'phi' 'data_6_rewind' <Predicate = true> <Delay = 0.00>
ST_4 : Operation 84 [1/1] (0.00ns)   --->   "%data_5_rewind = phi i16 0, void %nnet::dense_resource<ap_fixed<16, 6, (ap_q_mode)5, (ap_o_mode)3, 0>, ap_fixed<16, 6, (ap_q_mode)5, (ap_o_mode)3, 0>, config4>.region_begin, i16 %data_5_phi, void %for.body13.split.i.i, i16 0, void %nnet::dense_resource<ap_fixed<16, 6, (ap_q_mode)5, (ap_o_mode)3, 0>, ap_fixed<16, 6, (ap_q_mode)5, (ap_o_mode)3, 0>, config4>.region_end" [firmware/nnet_utils/nnet_dense_stream.h:43->firmware/nnet_utils/nnet_dense_stream.h:93]   --->   Operation 84 'phi' 'data_5_rewind' <Predicate = true> <Delay = 0.00>
ST_4 : Operation 85 [1/1] (0.00ns)   --->   "%data_4_rewind = phi i16 0, void %nnet::dense_resource<ap_fixed<16, 6, (ap_q_mode)5, (ap_o_mode)3, 0>, ap_fixed<16, 6, (ap_q_mode)5, (ap_o_mode)3, 0>, config4>.region_begin, i16 %data_4_phi, void %for.body13.split.i.i, i16 0, void %nnet::dense_resource<ap_fixed<16, 6, (ap_q_mode)5, (ap_o_mode)3, 0>, ap_fixed<16, 6, (ap_q_mode)5, (ap_o_mode)3, 0>, config4>.region_end" [firmware/nnet_utils/nnet_dense_stream.h:43->firmware/nnet_utils/nnet_dense_stream.h:93]   --->   Operation 85 'phi' 'data_4_rewind' <Predicate = true> <Delay = 0.00>
ST_4 : Operation 86 [1/1] (0.00ns)   --->   "%data_3_rewind = phi i16 0, void %nnet::dense_resource<ap_fixed<16, 6, (ap_q_mode)5, (ap_o_mode)3, 0>, ap_fixed<16, 6, (ap_q_mode)5, (ap_o_mode)3, 0>, config4>.region_begin, i16 %data_3_phi, void %for.body13.split.i.i, i16 0, void %nnet::dense_resource<ap_fixed<16, 6, (ap_q_mode)5, (ap_o_mode)3, 0>, ap_fixed<16, 6, (ap_q_mode)5, (ap_o_mode)3, 0>, config4>.region_end" [firmware/nnet_utils/nnet_dense_stream.h:43->firmware/nnet_utils/nnet_dense_stream.h:93]   --->   Operation 86 'phi' 'data_3_rewind' <Predicate = true> <Delay = 0.00>
ST_4 : Operation 87 [1/1] (0.00ns)   --->   "%data_2_rewind = phi i16 0, void %nnet::dense_resource<ap_fixed<16, 6, (ap_q_mode)5, (ap_o_mode)3, 0>, ap_fixed<16, 6, (ap_q_mode)5, (ap_o_mode)3, 0>, config4>.region_begin, i16 %data_2_phi, void %for.body13.split.i.i, i16 0, void %nnet::dense_resource<ap_fixed<16, 6, (ap_q_mode)5, (ap_o_mode)3, 0>, ap_fixed<16, 6, (ap_q_mode)5, (ap_o_mode)3, 0>, config4>.region_end" [firmware/nnet_utils/nnet_dense_stream.h:43->firmware/nnet_utils/nnet_dense_stream.h:93]   --->   Operation 87 'phi' 'data_2_rewind' <Predicate = true> <Delay = 0.00>
ST_4 : Operation 88 [1/1] (0.00ns)   --->   "%data_1_rewind = phi i16 0, void %nnet::dense_resource<ap_fixed<16, 6, (ap_q_mode)5, (ap_o_mode)3, 0>, ap_fixed<16, 6, (ap_q_mode)5, (ap_o_mode)3, 0>, config4>.region_begin, i16 %data_1_phi, void %for.body13.split.i.i, i16 0, void %nnet::dense_resource<ap_fixed<16, 6, (ap_q_mode)5, (ap_o_mode)3, 0>, ap_fixed<16, 6, (ap_q_mode)5, (ap_o_mode)3, 0>, config4>.region_end" [firmware/nnet_utils/nnet_dense_stream.h:43->firmware/nnet_utils/nnet_dense_stream.h:93]   --->   Operation 88 'phi' 'data_1_rewind' <Predicate = true> <Delay = 0.00>
ST_4 : Operation 89 [1/1] (0.00ns)   --->   "%data_30_rewind = phi i16 0, void %nnet::dense_resource<ap_fixed<16, 6, (ap_q_mode)5, (ap_o_mode)3, 0>, ap_fixed<16, 6, (ap_q_mode)5, (ap_o_mode)3, 0>, config4>.region_begin, i16 %data_30_phi, void %for.body13.split.i.i, i16 0, void %nnet::dense_resource<ap_fixed<16, 6, (ap_q_mode)5, (ap_o_mode)3, 0>, ap_fixed<16, 6, (ap_q_mode)5, (ap_o_mode)3, 0>, config4>.region_end" [firmware/nnet_utils/nnet_dense_stream.h:43->firmware/nnet_utils/nnet_dense_stream.h:93]   --->   Operation 89 'phi' 'data_30_rewind' <Predicate = true> <Delay = 0.00>
ST_4 : Operation 90 [1/1] (0.00ns)   --->   "%data_31_rewind = phi i16 0, void %nnet::dense_resource<ap_fixed<16, 6, (ap_q_mode)5, (ap_o_mode)3, 0>, ap_fixed<16, 6, (ap_q_mode)5, (ap_o_mode)3, 0>, config4>.region_begin, i16 %data_31_phi, void %for.body13.split.i.i, i16 0, void %nnet::dense_resource<ap_fixed<16, 6, (ap_q_mode)5, (ap_o_mode)3, 0>, ap_fixed<16, 6, (ap_q_mode)5, (ap_o_mode)3, 0>, config4>.region_end" [firmware/nnet_utils/nnet_dense_stream.h:43->firmware/nnet_utils/nnet_dense_stream.h:93]   --->   Operation 90 'phi' 'data_31_rewind' <Predicate = true> <Delay = 0.00>
ST_4 : Operation 91 [1/1] (0.00ns)   --->   "%p_rewind = phi i16 0, void %nnet::dense_resource<ap_fixed<16, 6, (ap_q_mode)5, (ap_o_mode)3, 0>, ap_fixed<16, 6, (ap_q_mode)5, (ap_o_mode)3, 0>, config4>.region_begin, i16 %p_phi, void %for.body13.split.i.i, i16 0, void %nnet::dense_resource<ap_fixed<16, 6, (ap_q_mode)5, (ap_o_mode)3, 0>, ap_fixed<16, 6, (ap_q_mode)5, (ap_o_mode)3, 0>, config4>.region_end" [firmware/nnet_utils/nnet_dense_stream.h:43->firmware/nnet_utils/nnet_dense_stream.h:93]   --->   Operation 91 'phi' 'p_rewind' <Predicate = true> <Delay = 0.00>
ST_4 : Operation 92 [1/1] (1.58ns)   --->   "%br_ln0 = br i1 %do_init, void %for.body13.split.i.i, void %rewind_init"   --->   Operation 92 'br' 'br_ln0' <Predicate = true> <Delay = 1.58>
ST_4 : Operation 93 [1/1] (0.00ns)   --->   "%data_28_phi = phi i16 %data_52, void %rewind_init, i16 %data_28_rewind, void %rewind_header"   --->   Operation 93 'phi' 'data_28_phi' <Predicate = true> <Delay = 0.00>
ST_4 : Operation 94 [1/1] (0.00ns)   --->   "%data_27_phi = phi i16 %data_51, void %rewind_init, i16 %data_27_rewind, void %rewind_header"   --->   Operation 94 'phi' 'data_27_phi' <Predicate = true> <Delay = 0.00>
ST_4 : Operation 95 [1/1] (0.00ns)   --->   "%data_26_phi = phi i16 %data_50, void %rewind_init, i16 %data_26_rewind, void %rewind_header"   --->   Operation 95 'phi' 'data_26_phi' <Predicate = true> <Delay = 0.00>
ST_4 : Operation 96 [1/1] (0.00ns)   --->   "%data_25_phi = phi i16 %data_49, void %rewind_init, i16 %data_25_rewind, void %rewind_header"   --->   Operation 96 'phi' 'data_25_phi' <Predicate = true> <Delay = 0.00>
ST_4 : Operation 97 [1/1] (0.00ns)   --->   "%data_24_phi = phi i16 %data_48, void %rewind_init, i16 %data_24_rewind, void %rewind_header"   --->   Operation 97 'phi' 'data_24_phi' <Predicate = true> <Delay = 0.00>
ST_4 : Operation 98 [1/1] (0.00ns)   --->   "%data_23_phi = phi i16 %data_47, void %rewind_init, i16 %data_23_rewind, void %rewind_header"   --->   Operation 98 'phi' 'data_23_phi' <Predicate = true> <Delay = 0.00>
ST_4 : Operation 99 [1/1] (0.00ns)   --->   "%data_22_phi = phi i16 %data_46, void %rewind_init, i16 %data_22_rewind, void %rewind_header"   --->   Operation 99 'phi' 'data_22_phi' <Predicate = true> <Delay = 0.00>
ST_4 : Operation 100 [1/1] (0.00ns)   --->   "%data_21_phi = phi i16 %data_45, void %rewind_init, i16 %data_21_rewind, void %rewind_header"   --->   Operation 100 'phi' 'data_21_phi' <Predicate = true> <Delay = 0.00>
ST_4 : Operation 101 [1/1] (0.00ns)   --->   "%data_20_phi = phi i16 %data_44, void %rewind_init, i16 %data_20_rewind, void %rewind_header"   --->   Operation 101 'phi' 'data_20_phi' <Predicate = true> <Delay = 0.00>
ST_4 : Operation 102 [1/1] (0.00ns)   --->   "%data_19_phi = phi i16 %data_43, void %rewind_init, i16 %data_19_rewind, void %rewind_header"   --->   Operation 102 'phi' 'data_19_phi' <Predicate = true> <Delay = 0.00>
ST_4 : Operation 103 [1/1] (0.00ns)   --->   "%data_18_phi = phi i16 %data_42, void %rewind_init, i16 %data_18_rewind, void %rewind_header"   --->   Operation 103 'phi' 'data_18_phi' <Predicate = true> <Delay = 0.00>
ST_4 : Operation 104 [1/1] (0.00ns)   --->   "%data_17_phi = phi i16 %data_41, void %rewind_init, i16 %data_17_rewind, void %rewind_header"   --->   Operation 104 'phi' 'data_17_phi' <Predicate = true> <Delay = 0.00>
ST_4 : Operation 105 [1/1] (0.00ns)   --->   "%data_16_phi = phi i16 %data_40, void %rewind_init, i16 %data_16_rewind, void %rewind_header"   --->   Operation 105 'phi' 'data_16_phi' <Predicate = true> <Delay = 0.00>
ST_4 : Operation 106 [1/1] (0.00ns)   --->   "%data_15_phi = phi i16 %data_39, void %rewind_init, i16 %data_15_rewind, void %rewind_header"   --->   Operation 106 'phi' 'data_15_phi' <Predicate = true> <Delay = 0.00>
ST_4 : Operation 107 [1/1] (0.00ns)   --->   "%data_14_phi = phi i16 %data_38, void %rewind_init, i16 %data_14_rewind, void %rewind_header"   --->   Operation 107 'phi' 'data_14_phi' <Predicate = true> <Delay = 0.00>
ST_4 : Operation 108 [1/1] (0.00ns)   --->   "%data_13_phi = phi i16 %data_37, void %rewind_init, i16 %data_13_rewind, void %rewind_header"   --->   Operation 108 'phi' 'data_13_phi' <Predicate = true> <Delay = 0.00>
ST_4 : Operation 109 [1/1] (0.00ns)   --->   "%data_12_phi = phi i16 %data_36, void %rewind_init, i16 %data_12_rewind, void %rewind_header"   --->   Operation 109 'phi' 'data_12_phi' <Predicate = true> <Delay = 0.00>
ST_4 : Operation 110 [1/1] (0.00ns)   --->   "%data_11_phi = phi i16 %data_35, void %rewind_init, i16 %data_11_rewind, void %rewind_header"   --->   Operation 110 'phi' 'data_11_phi' <Predicate = true> <Delay = 0.00>
ST_4 : Operation 111 [1/1] (0.00ns)   --->   "%data_10_phi = phi i16 %data_34, void %rewind_init, i16 %data_10_rewind, void %rewind_header"   --->   Operation 111 'phi' 'data_10_phi' <Predicate = true> <Delay = 0.00>
ST_4 : Operation 112 [1/1] (0.00ns)   --->   "%data_29_phi = phi i16 %data_33, void %rewind_init, i16 %data_29_rewind, void %rewind_header"   --->   Operation 112 'phi' 'data_29_phi' <Predicate = true> <Delay = 0.00>
ST_4 : Operation 113 [1/1] (0.00ns)   --->   "%data_9_phi = phi i16 %data_9, void %rewind_init, i16 %data_9_rewind, void %rewind_header"   --->   Operation 113 'phi' 'data_9_phi' <Predicate = true> <Delay = 0.00>
ST_4 : Operation 114 [1/1] (0.00ns)   --->   "%data_8_phi = phi i16 %data_8, void %rewind_init, i16 %data_8_rewind, void %rewind_header"   --->   Operation 114 'phi' 'data_8_phi' <Predicate = true> <Delay = 0.00>
ST_4 : Operation 115 [1/1] (0.00ns)   --->   "%data_7_phi = phi i16 %data_7, void %rewind_init, i16 %data_7_rewind, void %rewind_header"   --->   Operation 115 'phi' 'data_7_phi' <Predicate = true> <Delay = 0.00>
ST_4 : Operation 116 [1/1] (0.00ns)   --->   "%data_6_phi = phi i16 %data_6, void %rewind_init, i16 %data_6_rewind, void %rewind_header"   --->   Operation 116 'phi' 'data_6_phi' <Predicate = true> <Delay = 0.00>
ST_4 : Operation 117 [1/1] (0.00ns)   --->   "%data_5_phi = phi i16 %data_5, void %rewind_init, i16 %data_5_rewind, void %rewind_header"   --->   Operation 117 'phi' 'data_5_phi' <Predicate = true> <Delay = 0.00>
ST_4 : Operation 118 [1/1] (0.00ns)   --->   "%data_4_phi = phi i16 %data_4, void %rewind_init, i16 %data_4_rewind, void %rewind_header"   --->   Operation 118 'phi' 'data_4_phi' <Predicate = true> <Delay = 0.00>
ST_4 : Operation 119 [1/1] (0.00ns)   --->   "%data_3_phi = phi i16 %data_3, void %rewind_init, i16 %data_3_rewind, void %rewind_header"   --->   Operation 119 'phi' 'data_3_phi' <Predicate = true> <Delay = 0.00>
ST_4 : Operation 120 [1/1] (0.00ns)   --->   "%data_2_phi = phi i16 %data_2, void %rewind_init, i16 %data_2_rewind, void %rewind_header"   --->   Operation 120 'phi' 'data_2_phi' <Predicate = true> <Delay = 0.00>
ST_4 : Operation 121 [1/1] (0.00ns)   --->   "%data_1_phi = phi i16 %data_1, void %rewind_init, i16 %data_1_rewind, void %rewind_header"   --->   Operation 121 'phi' 'data_1_phi' <Predicate = true> <Delay = 0.00>
ST_4 : Operation 122 [1/1] (0.00ns)   --->   "%data_30_phi = phi i16 %data_32, void %rewind_init, i16 %data_30_rewind, void %rewind_header"   --->   Operation 122 'phi' 'data_30_phi' <Predicate = true> <Delay = 0.00>
ST_4 : Operation 123 [1/1] (0.00ns)   --->   "%data_31_phi = phi i16 %data_31, void %rewind_init, i16 %data_31_rewind, void %rewind_header"   --->   Operation 123 'phi' 'data_31_phi' <Predicate = true> <Delay = 0.00>
ST_4 : Operation 124 [1/1] (0.00ns)   --->   "%p_phi = phi i16 %data, void %rewind_init, i16 %p_rewind, void %rewind_header"   --->   Operation 124 'phi' 'p_phi' <Predicate = true> <Delay = 0.00>
ST_4 : Operation 125 [1/1] (1.82ns)   --->   "%a = mux i16 @_ssdm_op_Mux.ap_auto.4i16.i2, i16 %p_phi, i16 %data_1_phi, i16 %data_2_phi, i16 %data_3_phi, i2 %w_index3" [firmware/nnet_utils/nnet_dense_stream.h:43->firmware/nnet_utils/nnet_dense_stream.h:93]   --->   Operation 125 'mux' 'a' <Predicate = true> <Delay = 1.82> <CoreInst = "Multiplexer">   --->   Core 76 'Multiplexer' <Latency = 0> <II = 1> <Delay = 1.82> <FuncUnit> <Opcode : 'mux'> <InPorts = 2> <OutPorts = 1>
ST_4 : Operation 126 [1/2] (3.25ns)   --->   "%w4_67_load = load i2 %w4_67_addr" [firmware/nnet_utils/nnet_dense_resource.h:59->firmware/nnet_utils/nnet_dense_resource.h:262->firmware/nnet_utils/nnet_dense_stream.h:24->firmware/nnet_utils/nnet_dense_stream.h:97]   --->   Operation 126 'load' 'w4_67_load' <Predicate = true> <Delay = 3.25> <CoreInst = "ROM_nP_BRAM">   --->   Core 103 'ROM_nP_BRAM' <Latency = 1> <II = 1> <Delay = 3.25> <Storage> <Opcode : 'load'> <Ports = 0> <Width = 123> <Depth = 4> <ROM>
ST_4 : Operation 127 [1/1] (0.00ns)   --->   "%w = trunc i123 %w4_67_load" [firmware/nnet_utils/nnet_dense_resource.h:59->firmware/nnet_utils/nnet_dense_resource.h:262->firmware/nnet_utils/nnet_dense_stream.h:24->firmware/nnet_utils/nnet_dense_stream.h:97]   --->   Operation 127 'trunc' 'w' <Predicate = true> <Delay = 0.00>
ST_4 : Operation 128 [1/1] (1.82ns)   --->   "%a_1 = mux i16 @_ssdm_op_Mux.ap_auto.4i16.i2, i16 %data_4_phi, i16 %data_5_phi, i16 %data_6_phi, i16 %data_7_phi, i2 %w_index3" [firmware/nnet_utils/nnet_dense_stream.h:43->firmware/nnet_utils/nnet_dense_stream.h:93]   --->   Operation 128 'mux' 'a_1' <Predicate = true> <Delay = 1.82> <CoreInst = "Multiplexer">   --->   Core 76 'Multiplexer' <Latency = 0> <II = 1> <Delay = 1.82> <FuncUnit> <Opcode : 'mux'> <InPorts = 2> <OutPorts = 1>
ST_4 : Operation 129 [1/1] (0.00ns)   --->   "%w_1 = partselect i16 @_ssdm_op_PartSelect.i16.i123.i32.i32, i123 %w4_67_load, i32 16, i32 31" [firmware/nnet_utils/nnet_dense_resource.h:59->firmware/nnet_utils/nnet_dense_resource.h:262->firmware/nnet_utils/nnet_dense_stream.h:24->firmware/nnet_utils/nnet_dense_stream.h:97]   --->   Operation 129 'partselect' 'w_1' <Predicate = true> <Delay = 0.00>
ST_4 : Operation 130 [1/1] (1.82ns)   --->   "%a_2 = mux i16 @_ssdm_op_Mux.ap_auto.4i16.i2, i16 %data_8_phi, i16 %data_9_phi, i16 %data_29_phi, i16 %data_10_phi, i2 %w_index3" [firmware/nnet_utils/nnet_dense_stream.h:43->firmware/nnet_utils/nnet_dense_stream.h:93]   --->   Operation 130 'mux' 'a_2' <Predicate = true> <Delay = 1.82> <CoreInst = "Multiplexer">   --->   Core 76 'Multiplexer' <Latency = 0> <II = 1> <Delay = 1.82> <FuncUnit> <Opcode : 'mux'> <InPorts = 2> <OutPorts = 1>
ST_4 : Operation 131 [1/1] (0.00ns)   --->   "%w_2 = partselect i16 @_ssdm_op_PartSelect.i16.i123.i32.i32, i123 %w4_67_load, i32 32, i32 47" [firmware/nnet_utils/nnet_dense_resource.h:59->firmware/nnet_utils/nnet_dense_resource.h:262->firmware/nnet_utils/nnet_dense_stream.h:24->firmware/nnet_utils/nnet_dense_stream.h:97]   --->   Operation 131 'partselect' 'w_2' <Predicate = true> <Delay = 0.00>
ST_4 : Operation 132 [1/1] (1.82ns)   --->   "%a_3 = mux i16 @_ssdm_op_Mux.ap_auto.4i16.i2, i16 %data_11_phi, i16 %data_12_phi, i16 %data_13_phi, i16 %data_14_phi, i2 %w_index3" [firmware/nnet_utils/nnet_dense_stream.h:43->firmware/nnet_utils/nnet_dense_stream.h:93]   --->   Operation 132 'mux' 'a_3' <Predicate = true> <Delay = 1.82> <CoreInst = "Multiplexer">   --->   Core 76 'Multiplexer' <Latency = 0> <II = 1> <Delay = 1.82> <FuncUnit> <Opcode : 'mux'> <InPorts = 2> <OutPorts = 1>
ST_4 : Operation 133 [1/1] (0.00ns)   --->   "%w_3 = partselect i16 @_ssdm_op_PartSelect.i16.i123.i32.i32, i123 %w4_67_load, i32 48, i32 63" [firmware/nnet_utils/nnet_dense_resource.h:59->firmware/nnet_utils/nnet_dense_resource.h:262->firmware/nnet_utils/nnet_dense_stream.h:24->firmware/nnet_utils/nnet_dense_stream.h:97]   --->   Operation 133 'partselect' 'w_3' <Predicate = true> <Delay = 0.00>
ST_4 : Operation 134 [1/1] (1.82ns)   --->   "%a_4 = mux i16 @_ssdm_op_Mux.ap_auto.4i16.i2, i16 %data_15_phi, i16 %data_16_phi, i16 %data_17_phi, i16 %data_18_phi, i2 %w_index3" [firmware/nnet_utils/nnet_dense_stream.h:43->firmware/nnet_utils/nnet_dense_stream.h:93]   --->   Operation 134 'mux' 'a_4' <Predicate = true> <Delay = 1.82> <CoreInst = "Multiplexer">   --->   Core 76 'Multiplexer' <Latency = 0> <II = 1> <Delay = 1.82> <FuncUnit> <Opcode : 'mux'> <InPorts = 2> <OutPorts = 1>
ST_4 : Operation 135 [1/1] (0.00ns)   --->   "%w_4 = partselect i16 @_ssdm_op_PartSelect.i16.i123.i32.i32, i123 %w4_67_load, i32 64, i32 79" [firmware/nnet_utils/nnet_dense_resource.h:59->firmware/nnet_utils/nnet_dense_resource.h:262->firmware/nnet_utils/nnet_dense_stream.h:24->firmware/nnet_utils/nnet_dense_stream.h:97]   --->   Operation 135 'partselect' 'w_4' <Predicate = true> <Delay = 0.00>
ST_4 : Operation 136 [1/1] (1.82ns)   --->   "%a_5 = mux i16 @_ssdm_op_Mux.ap_auto.4i16.i2, i16 %data_19_phi, i16 %data_20_phi, i16 %data_21_phi, i16 %data_22_phi, i2 %w_index3" [firmware/nnet_utils/nnet_dense_stream.h:43->firmware/nnet_utils/nnet_dense_stream.h:93]   --->   Operation 136 'mux' 'a_5' <Predicate = true> <Delay = 1.82> <CoreInst = "Multiplexer">   --->   Core 76 'Multiplexer' <Latency = 0> <II = 1> <Delay = 1.82> <FuncUnit> <Opcode : 'mux'> <InPorts = 2> <OutPorts = 1>
ST_4 : Operation 137 [1/1] (0.00ns)   --->   "%w_5 = partselect i16 @_ssdm_op_PartSelect.i16.i123.i32.i32, i123 %w4_67_load, i32 80, i32 95" [firmware/nnet_utils/nnet_dense_resource.h:59->firmware/nnet_utils/nnet_dense_resource.h:262->firmware/nnet_utils/nnet_dense_stream.h:24->firmware/nnet_utils/nnet_dense_stream.h:97]   --->   Operation 137 'partselect' 'w_5' <Predicate = true> <Delay = 0.00>
ST_4 : Operation 138 [1/1] (1.82ns)   --->   "%a_6 = mux i16 @_ssdm_op_Mux.ap_auto.4i16.i2, i16 %data_23_phi, i16 %data_24_phi, i16 %data_25_phi, i16 %data_26_phi, i2 %w_index3" [firmware/nnet_utils/nnet_dense_stream.h:43->firmware/nnet_utils/nnet_dense_stream.h:93]   --->   Operation 138 'mux' 'a_6' <Predicate = true> <Delay = 1.82> <CoreInst = "Multiplexer">   --->   Core 76 'Multiplexer' <Latency = 0> <II = 1> <Delay = 1.82> <FuncUnit> <Opcode : 'mux'> <InPorts = 2> <OutPorts = 1>
ST_4 : Operation 139 [1/1] (0.00ns)   --->   "%w_6 = partselect i16 @_ssdm_op_PartSelect.i16.i123.i32.i32, i123 %w4_67_load, i32 96, i32 111" [firmware/nnet_utils/nnet_dense_resource.h:59->firmware/nnet_utils/nnet_dense_resource.h:262->firmware/nnet_utils/nnet_dense_stream.h:24->firmware/nnet_utils/nnet_dense_stream.h:97]   --->   Operation 139 'partselect' 'w_6' <Predicate = true> <Delay = 0.00>
ST_4 : Operation 140 [1/1] (1.82ns)   --->   "%a_7 = mux i16 @_ssdm_op_Mux.ap_auto.4i16.i2, i16 %data_27_phi, i16 %data_28_phi, i16 %data_31_phi, i16 %data_30_phi, i2 %w_index3" [firmware/nnet_utils/nnet_dense_stream.h:43->firmware/nnet_utils/nnet_dense_stream.h:93]   --->   Operation 140 'mux' 'a_7' <Predicate = true> <Delay = 1.82> <CoreInst = "Multiplexer">   --->   Core 76 'Multiplexer' <Latency = 0> <II = 1> <Delay = 1.82> <FuncUnit> <Opcode : 'mux'> <InPorts = 2> <OutPorts = 1>
ST_4 : Operation 141 [1/1] (0.00ns)   --->   "%tmp_s = partselect i11 @_ssdm_op_PartSelect.i11.i123.i32.i32, i123 %w4_67_load, i32 112, i32 122" [firmware/nnet_utils/nnet_dense_resource.h:59->firmware/nnet_utils/nnet_dense_resource.h:262->firmware/nnet_utils/nnet_dense_stream.h:24->firmware/nnet_utils/nnet_dense_stream.h:97]   --->   Operation 141 'partselect' 'tmp_s' <Predicate = true> <Delay = 0.00>

State 5 <SV = 4> <Delay = 3.34>
ST_5 : Operation 142 [1/1] (0.00ns)   --->   "%sext_ln58 = sext i16 %a" [firmware/nnet_utils/nnet_dense_resource.h:58->firmware/nnet_utils/nnet_dense_resource.h:262->firmware/nnet_utils/nnet_dense_stream.h:24->firmware/nnet_utils/nnet_dense_stream.h:97]   --->   Operation 142 'sext' 'sext_ln58' <Predicate = true> <Delay = 0.00>
ST_5 : Operation 143 [1/1] (0.00ns)   --->   "%sext_ln58_1 = sext i16 %w" [firmware/nnet_utils/nnet_dense_resource.h:58->firmware/nnet_utils/nnet_dense_resource.h:262->firmware/nnet_utils/nnet_dense_stream.h:24->firmware/nnet_utils/nnet_dense_stream.h:97]   --->   Operation 143 'sext' 'sext_ln58_1' <Predicate = true> <Delay = 0.00>
ST_5 : Operation 144 [2/2] (3.34ns)   --->   "%mul_ln58 = mul i26 %sext_ln58_1, i26 %sext_ln58" [firmware/nnet_utils/nnet_dense_resource.h:58->firmware/nnet_utils/nnet_dense_resource.h:262->firmware/nnet_utils/nnet_dense_stream.h:24->firmware/nnet_utils/nnet_dense_stream.h:97]   --->   Operation 144 'mul' 'mul_ln58' <Predicate = true> <Delay = 3.34> <CoreInst = "Multiplier">   --->   Core 3 'Multiplier' <Latency = 1> <II = 1> <Delay = 3.34> <FuncUnit> <Opcode : 'mul'> <InPorts = 2> <OutPorts = 1>
ST_5 : Operation 145 [1/1] (0.00ns)   --->   "%sext_ln58_2 = sext i16 %a_1" [firmware/nnet_utils/nnet_dense_resource.h:58->firmware/nnet_utils/nnet_dense_resource.h:262->firmware/nnet_utils/nnet_dense_stream.h:24->firmware/nnet_utils/nnet_dense_stream.h:97]   --->   Operation 145 'sext' 'sext_ln58_2' <Predicate = true> <Delay = 0.00>
ST_5 : Operation 146 [1/1] (0.00ns)   --->   "%sext_ln58_3 = sext i16 %w_1" [firmware/nnet_utils/nnet_dense_resource.h:58->firmware/nnet_utils/nnet_dense_resource.h:262->firmware/nnet_utils/nnet_dense_stream.h:24->firmware/nnet_utils/nnet_dense_stream.h:97]   --->   Operation 146 'sext' 'sext_ln58_3' <Predicate = true> <Delay = 0.00>
ST_5 : Operation 147 [2/2] (3.34ns)   --->   "%mul_ln58_1 = mul i26 %sext_ln58_3, i26 %sext_ln58_2" [firmware/nnet_utils/nnet_dense_resource.h:58->firmware/nnet_utils/nnet_dense_resource.h:262->firmware/nnet_utils/nnet_dense_stream.h:24->firmware/nnet_utils/nnet_dense_stream.h:97]   --->   Operation 147 'mul' 'mul_ln58_1' <Predicate = true> <Delay = 3.34> <CoreInst = "Multiplier">   --->   Core 3 'Multiplier' <Latency = 1> <II = 1> <Delay = 3.34> <FuncUnit> <Opcode : 'mul'> <InPorts = 2> <OutPorts = 1>
ST_5 : Operation 148 [1/1] (0.00ns)   --->   "%sext_ln58_4 = sext i16 %a_2" [firmware/nnet_utils/nnet_dense_resource.h:58->firmware/nnet_utils/nnet_dense_resource.h:262->firmware/nnet_utils/nnet_dense_stream.h:24->firmware/nnet_utils/nnet_dense_stream.h:97]   --->   Operation 148 'sext' 'sext_ln58_4' <Predicate = true> <Delay = 0.00>
ST_5 : Operation 149 [1/1] (0.00ns)   --->   "%sext_ln58_5 = sext i16 %w_2" [firmware/nnet_utils/nnet_dense_resource.h:58->firmware/nnet_utils/nnet_dense_resource.h:262->firmware/nnet_utils/nnet_dense_stream.h:24->firmware/nnet_utils/nnet_dense_stream.h:97]   --->   Operation 149 'sext' 'sext_ln58_5' <Predicate = true> <Delay = 0.00>
ST_5 : Operation 150 [2/2] (3.34ns)   --->   "%mul_ln58_2 = mul i26 %sext_ln58_5, i26 %sext_ln58_4" [firmware/nnet_utils/nnet_dense_resource.h:58->firmware/nnet_utils/nnet_dense_resource.h:262->firmware/nnet_utils/nnet_dense_stream.h:24->firmware/nnet_utils/nnet_dense_stream.h:97]   --->   Operation 150 'mul' 'mul_ln58_2' <Predicate = true> <Delay = 3.34> <CoreInst = "Multiplier">   --->   Core 3 'Multiplier' <Latency = 1> <II = 1> <Delay = 3.34> <FuncUnit> <Opcode : 'mul'> <InPorts = 2> <OutPorts = 1>
ST_5 : Operation 151 [1/1] (0.00ns)   --->   "%sext_ln58_6 = sext i16 %a_3" [firmware/nnet_utils/nnet_dense_resource.h:58->firmware/nnet_utils/nnet_dense_resource.h:262->firmware/nnet_utils/nnet_dense_stream.h:24->firmware/nnet_utils/nnet_dense_stream.h:97]   --->   Operation 151 'sext' 'sext_ln58_6' <Predicate = true> <Delay = 0.00>
ST_5 : Operation 152 [1/1] (0.00ns)   --->   "%sext_ln58_7 = sext i16 %w_3" [firmware/nnet_utils/nnet_dense_resource.h:58->firmware/nnet_utils/nnet_dense_resource.h:262->firmware/nnet_utils/nnet_dense_stream.h:24->firmware/nnet_utils/nnet_dense_stream.h:97]   --->   Operation 152 'sext' 'sext_ln58_7' <Predicate = true> <Delay = 0.00>
ST_5 : Operation 153 [2/2] (3.34ns)   --->   "%mul_ln58_3 = mul i26 %sext_ln58_7, i26 %sext_ln58_6" [firmware/nnet_utils/nnet_dense_resource.h:58->firmware/nnet_utils/nnet_dense_resource.h:262->firmware/nnet_utils/nnet_dense_stream.h:24->firmware/nnet_utils/nnet_dense_stream.h:97]   --->   Operation 153 'mul' 'mul_ln58_3' <Predicate = true> <Delay = 3.34> <CoreInst = "Multiplier">   --->   Core 3 'Multiplier' <Latency = 1> <II = 1> <Delay = 3.34> <FuncUnit> <Opcode : 'mul'> <InPorts = 2> <OutPorts = 1>
ST_5 : Operation 154 [1/1] (0.00ns)   --->   "%sext_ln58_8 = sext i16 %a_4" [firmware/nnet_utils/nnet_dense_resource.h:58->firmware/nnet_utils/nnet_dense_resource.h:262->firmware/nnet_utils/nnet_dense_stream.h:24->firmware/nnet_utils/nnet_dense_stream.h:97]   --->   Operation 154 'sext' 'sext_ln58_8' <Predicate = true> <Delay = 0.00>
ST_5 : Operation 155 [1/1] (0.00ns)   --->   "%sext_ln58_9 = sext i16 %w_4" [firmware/nnet_utils/nnet_dense_resource.h:58->firmware/nnet_utils/nnet_dense_resource.h:262->firmware/nnet_utils/nnet_dense_stream.h:24->firmware/nnet_utils/nnet_dense_stream.h:97]   --->   Operation 155 'sext' 'sext_ln58_9' <Predicate = true> <Delay = 0.00>
ST_5 : Operation 156 [2/2] (3.34ns)   --->   "%mul_ln58_4 = mul i26 %sext_ln58_9, i26 %sext_ln58_8" [firmware/nnet_utils/nnet_dense_resource.h:58->firmware/nnet_utils/nnet_dense_resource.h:262->firmware/nnet_utils/nnet_dense_stream.h:24->firmware/nnet_utils/nnet_dense_stream.h:97]   --->   Operation 156 'mul' 'mul_ln58_4' <Predicate = true> <Delay = 3.34> <CoreInst = "Multiplier">   --->   Core 3 'Multiplier' <Latency = 1> <II = 1> <Delay = 3.34> <FuncUnit> <Opcode : 'mul'> <InPorts = 2> <OutPorts = 1>
ST_5 : Operation 157 [1/1] (0.00ns)   --->   "%sext_ln58_10 = sext i16 %a_5" [firmware/nnet_utils/nnet_dense_resource.h:58->firmware/nnet_utils/nnet_dense_resource.h:262->firmware/nnet_utils/nnet_dense_stream.h:24->firmware/nnet_utils/nnet_dense_stream.h:97]   --->   Operation 157 'sext' 'sext_ln58_10' <Predicate = true> <Delay = 0.00>
ST_5 : Operation 158 [1/1] (0.00ns)   --->   "%sext_ln58_11 = sext i16 %w_5" [firmware/nnet_utils/nnet_dense_resource.h:58->firmware/nnet_utils/nnet_dense_resource.h:262->firmware/nnet_utils/nnet_dense_stream.h:24->firmware/nnet_utils/nnet_dense_stream.h:97]   --->   Operation 158 'sext' 'sext_ln58_11' <Predicate = true> <Delay = 0.00>
ST_5 : Operation 159 [2/2] (3.34ns)   --->   "%mul_ln58_5 = mul i26 %sext_ln58_11, i26 %sext_ln58_10" [firmware/nnet_utils/nnet_dense_resource.h:58->firmware/nnet_utils/nnet_dense_resource.h:262->firmware/nnet_utils/nnet_dense_stream.h:24->firmware/nnet_utils/nnet_dense_stream.h:97]   --->   Operation 159 'mul' 'mul_ln58_5' <Predicate = true> <Delay = 3.34> <CoreInst = "Multiplier">   --->   Core 3 'Multiplier' <Latency = 1> <II = 1> <Delay = 3.34> <FuncUnit> <Opcode : 'mul'> <InPorts = 2> <OutPorts = 1>
ST_5 : Operation 160 [1/1] (0.00ns)   --->   "%sext_ln58_12 = sext i16 %a_6" [firmware/nnet_utils/nnet_dense_resource.h:58->firmware/nnet_utils/nnet_dense_resource.h:262->firmware/nnet_utils/nnet_dense_stream.h:24->firmware/nnet_utils/nnet_dense_stream.h:97]   --->   Operation 160 'sext' 'sext_ln58_12' <Predicate = true> <Delay = 0.00>
ST_5 : Operation 161 [1/1] (0.00ns)   --->   "%sext_ln58_13 = sext i16 %w_6" [firmware/nnet_utils/nnet_dense_resource.h:58->firmware/nnet_utils/nnet_dense_resource.h:262->firmware/nnet_utils/nnet_dense_stream.h:24->firmware/nnet_utils/nnet_dense_stream.h:97]   --->   Operation 161 'sext' 'sext_ln58_13' <Predicate = true> <Delay = 0.00>
ST_5 : Operation 162 [2/2] (3.34ns)   --->   "%mul_ln58_6 = mul i26 %sext_ln58_13, i26 %sext_ln58_12" [firmware/nnet_utils/nnet_dense_resource.h:58->firmware/nnet_utils/nnet_dense_resource.h:262->firmware/nnet_utils/nnet_dense_stream.h:24->firmware/nnet_utils/nnet_dense_stream.h:97]   --->   Operation 162 'mul' 'mul_ln58_6' <Predicate = true> <Delay = 3.34> <CoreInst = "Multiplier">   --->   Core 3 'Multiplier' <Latency = 1> <II = 1> <Delay = 3.34> <FuncUnit> <Opcode : 'mul'> <InPorts = 2> <OutPorts = 1>
ST_5 : Operation 163 [1/1] (0.00ns)   --->   "%sext_ln58_14 = sext i16 %a_7" [firmware/nnet_utils/nnet_dense_resource.h:58->firmware/nnet_utils/nnet_dense_resource.h:262->firmware/nnet_utils/nnet_dense_stream.h:24->firmware/nnet_utils/nnet_dense_stream.h:97]   --->   Operation 163 'sext' 'sext_ln58_14' <Predicate = true> <Delay = 0.00>
ST_5 : Operation 164 [1/1] (0.00ns)   --->   "%sext_ln58_15 = sext i11 %tmp_s" [firmware/nnet_utils/nnet_dense_resource.h:58->firmware/nnet_utils/nnet_dense_resource.h:262->firmware/nnet_utils/nnet_dense_stream.h:24->firmware/nnet_utils/nnet_dense_stream.h:97]   --->   Operation 164 'sext' 'sext_ln58_15' <Predicate = true> <Delay = 0.00>
ST_5 : Operation 165 [2/2] (3.34ns)   --->   "%mul_ln58_7 = mul i26 %sext_ln58_14, i26 %sext_ln58_15" [firmware/nnet_utils/nnet_dense_resource.h:58->firmware/nnet_utils/nnet_dense_resource.h:262->firmware/nnet_utils/nnet_dense_stream.h:24->firmware/nnet_utils/nnet_dense_stream.h:97]   --->   Operation 165 'mul' 'mul_ln58_7' <Predicate = true> <Delay = 3.34> <CoreInst = "Multiplier">   --->   Core 3 'Multiplier' <Latency = 1> <II = 1> <Delay = 3.34> <FuncUnit> <Opcode : 'mul'> <InPorts = 2> <OutPorts = 1>

State 6 <SV = 5> <Delay = 3.34>
ST_6 : Operation 166 [1/2] (3.34ns)   --->   "%mul_ln58 = mul i26 %sext_ln58_1, i26 %sext_ln58" [firmware/nnet_utils/nnet_dense_resource.h:58->firmware/nnet_utils/nnet_dense_resource.h:262->firmware/nnet_utils/nnet_dense_stream.h:24->firmware/nnet_utils/nnet_dense_stream.h:97]   --->   Operation 166 'mul' 'mul_ln58' <Predicate = true> <Delay = 3.34> <CoreInst = "Multiplier">   --->   Core 3 'Multiplier' <Latency = 1> <II = 1> <Delay = 3.34> <FuncUnit> <Opcode : 'mul'> <InPorts = 2> <OutPorts = 1>
ST_6 : Operation 167 [1/1] (0.00ns)   --->   "%trunc_ln1 = partselect i16 @_ssdm_op_PartSelect.i16.i26.i32.i32, i26 %mul_ln58, i32 10, i32 25" [firmware/nnet_utils/nnet_dense_resource.h:58->firmware/nnet_utils/nnet_dense_resource.h:262->firmware/nnet_utils/nnet_dense_stream.h:24->firmware/nnet_utils/nnet_dense_stream.h:97]   --->   Operation 167 'partselect' 'trunc_ln1' <Predicate = true> <Delay = 0.00>
ST_6 : Operation 168 [1/2] (3.34ns)   --->   "%mul_ln58_1 = mul i26 %sext_ln58_3, i26 %sext_ln58_2" [firmware/nnet_utils/nnet_dense_resource.h:58->firmware/nnet_utils/nnet_dense_resource.h:262->firmware/nnet_utils/nnet_dense_stream.h:24->firmware/nnet_utils/nnet_dense_stream.h:97]   --->   Operation 168 'mul' 'mul_ln58_1' <Predicate = true> <Delay = 3.34> <CoreInst = "Multiplier">   --->   Core 3 'Multiplier' <Latency = 1> <II = 1> <Delay = 3.34> <FuncUnit> <Opcode : 'mul'> <InPorts = 2> <OutPorts = 1>
ST_6 : Operation 169 [1/1] (0.00ns)   --->   "%trunc_ln58_1 = partselect i16 @_ssdm_op_PartSelect.i16.i26.i32.i32, i26 %mul_ln58_1, i32 10, i32 25" [firmware/nnet_utils/nnet_dense_resource.h:58->firmware/nnet_utils/nnet_dense_resource.h:262->firmware/nnet_utils/nnet_dense_stream.h:24->firmware/nnet_utils/nnet_dense_stream.h:97]   --->   Operation 169 'partselect' 'trunc_ln58_1' <Predicate = true> <Delay = 0.00>
ST_6 : Operation 170 [1/2] (3.34ns)   --->   "%mul_ln58_2 = mul i26 %sext_ln58_5, i26 %sext_ln58_4" [firmware/nnet_utils/nnet_dense_resource.h:58->firmware/nnet_utils/nnet_dense_resource.h:262->firmware/nnet_utils/nnet_dense_stream.h:24->firmware/nnet_utils/nnet_dense_stream.h:97]   --->   Operation 170 'mul' 'mul_ln58_2' <Predicate = true> <Delay = 3.34> <CoreInst = "Multiplier">   --->   Core 3 'Multiplier' <Latency = 1> <II = 1> <Delay = 3.34> <FuncUnit> <Opcode : 'mul'> <InPorts = 2> <OutPorts = 1>
ST_6 : Operation 171 [1/1] (0.00ns)   --->   "%trunc_ln58_2 = partselect i16 @_ssdm_op_PartSelect.i16.i26.i32.i32, i26 %mul_ln58_2, i32 10, i32 25" [firmware/nnet_utils/nnet_dense_resource.h:58->firmware/nnet_utils/nnet_dense_resource.h:262->firmware/nnet_utils/nnet_dense_stream.h:24->firmware/nnet_utils/nnet_dense_stream.h:97]   --->   Operation 171 'partselect' 'trunc_ln58_2' <Predicate = true> <Delay = 0.00>
ST_6 : Operation 172 [1/2] (3.34ns)   --->   "%mul_ln58_3 = mul i26 %sext_ln58_7, i26 %sext_ln58_6" [firmware/nnet_utils/nnet_dense_resource.h:58->firmware/nnet_utils/nnet_dense_resource.h:262->firmware/nnet_utils/nnet_dense_stream.h:24->firmware/nnet_utils/nnet_dense_stream.h:97]   --->   Operation 172 'mul' 'mul_ln58_3' <Predicate = true> <Delay = 3.34> <CoreInst = "Multiplier">   --->   Core 3 'Multiplier' <Latency = 1> <II = 1> <Delay = 3.34> <FuncUnit> <Opcode : 'mul'> <InPorts = 2> <OutPorts = 1>
ST_6 : Operation 173 [1/1] (0.00ns)   --->   "%trunc_ln58_3 = partselect i16 @_ssdm_op_PartSelect.i16.i26.i32.i32, i26 %mul_ln58_3, i32 10, i32 25" [firmware/nnet_utils/nnet_dense_resource.h:58->firmware/nnet_utils/nnet_dense_resource.h:262->firmware/nnet_utils/nnet_dense_stream.h:24->firmware/nnet_utils/nnet_dense_stream.h:97]   --->   Operation 173 'partselect' 'trunc_ln58_3' <Predicate = true> <Delay = 0.00>
ST_6 : Operation 174 [1/2] (3.34ns)   --->   "%mul_ln58_4 = mul i26 %sext_ln58_9, i26 %sext_ln58_8" [firmware/nnet_utils/nnet_dense_resource.h:58->firmware/nnet_utils/nnet_dense_resource.h:262->firmware/nnet_utils/nnet_dense_stream.h:24->firmware/nnet_utils/nnet_dense_stream.h:97]   --->   Operation 174 'mul' 'mul_ln58_4' <Predicate = true> <Delay = 3.34> <CoreInst = "Multiplier">   --->   Core 3 'Multiplier' <Latency = 1> <II = 1> <Delay = 3.34> <FuncUnit> <Opcode : 'mul'> <InPorts = 2> <OutPorts = 1>
ST_6 : Operation 175 [1/1] (0.00ns)   --->   "%trunc_ln58_4 = partselect i16 @_ssdm_op_PartSelect.i16.i26.i32.i32, i26 %mul_ln58_4, i32 10, i32 25" [firmware/nnet_utils/nnet_dense_resource.h:58->firmware/nnet_utils/nnet_dense_resource.h:262->firmware/nnet_utils/nnet_dense_stream.h:24->firmware/nnet_utils/nnet_dense_stream.h:97]   --->   Operation 175 'partselect' 'trunc_ln58_4' <Predicate = true> <Delay = 0.00>
ST_6 : Operation 176 [1/2] (3.34ns)   --->   "%mul_ln58_5 = mul i26 %sext_ln58_11, i26 %sext_ln58_10" [firmware/nnet_utils/nnet_dense_resource.h:58->firmware/nnet_utils/nnet_dense_resource.h:262->firmware/nnet_utils/nnet_dense_stream.h:24->firmware/nnet_utils/nnet_dense_stream.h:97]   --->   Operation 176 'mul' 'mul_ln58_5' <Predicate = true> <Delay = 3.34> <CoreInst = "Multiplier">   --->   Core 3 'Multiplier' <Latency = 1> <II = 1> <Delay = 3.34> <FuncUnit> <Opcode : 'mul'> <InPorts = 2> <OutPorts = 1>
ST_6 : Operation 177 [1/1] (0.00ns)   --->   "%trunc_ln58_5 = partselect i16 @_ssdm_op_PartSelect.i16.i26.i32.i32, i26 %mul_ln58_5, i32 10, i32 25" [firmware/nnet_utils/nnet_dense_resource.h:58->firmware/nnet_utils/nnet_dense_resource.h:262->firmware/nnet_utils/nnet_dense_stream.h:24->firmware/nnet_utils/nnet_dense_stream.h:97]   --->   Operation 177 'partselect' 'trunc_ln58_5' <Predicate = true> <Delay = 0.00>
ST_6 : Operation 178 [1/2] (3.34ns)   --->   "%mul_ln58_6 = mul i26 %sext_ln58_13, i26 %sext_ln58_12" [firmware/nnet_utils/nnet_dense_resource.h:58->firmware/nnet_utils/nnet_dense_resource.h:262->firmware/nnet_utils/nnet_dense_stream.h:24->firmware/nnet_utils/nnet_dense_stream.h:97]   --->   Operation 178 'mul' 'mul_ln58_6' <Predicate = true> <Delay = 3.34> <CoreInst = "Multiplier">   --->   Core 3 'Multiplier' <Latency = 1> <II = 1> <Delay = 3.34> <FuncUnit> <Opcode : 'mul'> <InPorts = 2> <OutPorts = 1>
ST_6 : Operation 179 [1/1] (0.00ns)   --->   "%trunc_ln58_6 = partselect i16 @_ssdm_op_PartSelect.i16.i26.i32.i32, i26 %mul_ln58_6, i32 10, i32 25" [firmware/nnet_utils/nnet_dense_resource.h:58->firmware/nnet_utils/nnet_dense_resource.h:262->firmware/nnet_utils/nnet_dense_stream.h:24->firmware/nnet_utils/nnet_dense_stream.h:97]   --->   Operation 179 'partselect' 'trunc_ln58_6' <Predicate = true> <Delay = 0.00>
ST_6 : Operation 180 [1/2] (3.34ns)   --->   "%mul_ln58_7 = mul i26 %sext_ln58_14, i26 %sext_ln58_15" [firmware/nnet_utils/nnet_dense_resource.h:58->firmware/nnet_utils/nnet_dense_resource.h:262->firmware/nnet_utils/nnet_dense_stream.h:24->firmware/nnet_utils/nnet_dense_stream.h:97]   --->   Operation 180 'mul' 'mul_ln58_7' <Predicate = true> <Delay = 3.34> <CoreInst = "Multiplier">   --->   Core 3 'Multiplier' <Latency = 1> <II = 1> <Delay = 3.34> <FuncUnit> <Opcode : 'mul'> <InPorts = 2> <OutPorts = 1>
ST_6 : Operation 181 [1/1] (0.00ns)   --->   "%trunc_ln58_7 = partselect i16 @_ssdm_op_PartSelect.i16.i26.i32.i32, i26 %mul_ln58_7, i32 10, i32 25" [firmware/nnet_utils/nnet_dense_resource.h:58->firmware/nnet_utils/nnet_dense_resource.h:262->firmware/nnet_utils/nnet_dense_stream.h:24->firmware/nnet_utils/nnet_dense_stream.h:97]   --->   Operation 181 'partselect' 'trunc_ln58_7' <Predicate = true> <Delay = 0.00>

State 7 <SV = 6> <Delay = 2.07>
ST_7 : Operation 182 [1/1] (2.07ns)   --->   "%add_ln58 = add i16 %trunc_ln1, i16 %trunc_ln58_1" [firmware/nnet_utils/nnet_dense_resource.h:58->firmware/nnet_utils/nnet_dense_resource.h:262->firmware/nnet_utils/nnet_dense_stream.h:24->firmware/nnet_utils/nnet_dense_stream.h:97]   --->   Operation 182 'add' 'add_ln58' <Predicate = true> <Delay = 2.07> <CoreInst = "Adder">   --->   Core 1 'Adder' <Latency = 0> <II = 1> <Delay = 2.07> <FuncUnit> <Opcode : 'add' 'sub'> <InPorts = 2> <OutPorts = 1>
ST_7 : Operation 183 [1/1] (2.07ns)   --->   "%add_ln58_1 = add i16 %trunc_ln58_2, i16 %trunc_ln58_3" [firmware/nnet_utils/nnet_dense_resource.h:58->firmware/nnet_utils/nnet_dense_resource.h:262->firmware/nnet_utils/nnet_dense_stream.h:24->firmware/nnet_utils/nnet_dense_stream.h:97]   --->   Operation 183 'add' 'add_ln58_1' <Predicate = true> <Delay = 2.07> <CoreInst = "Adder">   --->   Core 1 'Adder' <Latency = 0> <II = 1> <Delay = 2.07> <FuncUnit> <Opcode : 'add' 'sub'> <InPorts = 2> <OutPorts = 1>
ST_7 : Operation 184 [1/1] (2.07ns)   --->   "%add_ln58_3 = add i16 %trunc_ln58_4, i16 %trunc_ln58_5" [firmware/nnet_utils/nnet_dense_resource.h:58->firmware/nnet_utils/nnet_dense_resource.h:262->firmware/nnet_utils/nnet_dense_stream.h:24->firmware/nnet_utils/nnet_dense_stream.h:97]   --->   Operation 184 'add' 'add_ln58_3' <Predicate = true> <Delay = 2.07> <CoreInst = "Adder">   --->   Core 1 'Adder' <Latency = 0> <II = 1> <Delay = 2.07> <FuncUnit> <Opcode : 'add' 'sub'> <InPorts = 2> <OutPorts = 1>
ST_7 : Operation 185 [1/1] (2.07ns)   --->   "%add_ln58_4 = add i16 %trunc_ln58_6, i16 %trunc_ln58_7" [firmware/nnet_utils/nnet_dense_resource.h:58->firmware/nnet_utils/nnet_dense_resource.h:262->firmware/nnet_utils/nnet_dense_stream.h:24->firmware/nnet_utils/nnet_dense_stream.h:97]   --->   Operation 185 'add' 'add_ln58_4' <Predicate = true> <Delay = 2.07> <CoreInst = "Adder">   --->   Core 1 'Adder' <Latency = 0> <II = 1> <Delay = 2.07> <FuncUnit> <Opcode : 'add' 'sub'> <InPorts = 2> <OutPorts = 1>

State 8 <SV = 7> <Delay = 2.07>
ST_8 : Operation 186 [1/1] (2.07ns)   --->   "%add_ln58_2 = add i16 %add_ln58_1, i16 %add_ln58" [firmware/nnet_utils/nnet_dense_resource.h:58->firmware/nnet_utils/nnet_dense_resource.h:262->firmware/nnet_utils/nnet_dense_stream.h:24->firmware/nnet_utils/nnet_dense_stream.h:97]   --->   Operation 186 'add' 'add_ln58_2' <Predicate = true> <Delay = 2.07> <CoreInst = "Adder">   --->   Core 1 'Adder' <Latency = 0> <II = 1> <Delay = 2.07> <FuncUnit> <Opcode : 'add' 'sub'> <InPorts = 2> <OutPorts = 1>
ST_8 : Operation 187 [1/1] (2.07ns)   --->   "%add_ln58_5 = add i16 %add_ln58_4, i16 %add_ln58_3" [firmware/nnet_utils/nnet_dense_resource.h:58->firmware/nnet_utils/nnet_dense_resource.h:262->firmware/nnet_utils/nnet_dense_stream.h:24->firmware/nnet_utils/nnet_dense_stream.h:97]   --->   Operation 187 'add' 'add_ln58_5' <Predicate = true> <Delay = 2.07> <CoreInst = "Adder">   --->   Core 1 'Adder' <Latency = 0> <II = 1> <Delay = 2.07> <FuncUnit> <Opcode : 'add' 'sub'> <InPorts = 2> <OutPorts = 1>

State 9 <SV = 8> <Delay = 2.07>
ST_9 : Operation 188 [1/1] (2.07ns)   --->   "%add_ln58_6 = add i16 %add_ln58_5, i16 %add_ln58_2" [firmware/nnet_utils/nnet_dense_resource.h:58->firmware/nnet_utils/nnet_dense_resource.h:262->firmware/nnet_utils/nnet_dense_stream.h:24->firmware/nnet_utils/nnet_dense_stream.h:97]   --->   Operation 188 'add' 'add_ln58_6' <Predicate = true> <Delay = 2.07> <CoreInst = "Adder">   --->   Core 1 'Adder' <Latency = 0> <II = 1> <Delay = 2.07> <FuncUnit> <Opcode : 'add' 'sub'> <InPorts = 2> <OutPorts = 1>

State 10 <SV = 9> <Delay = 2.07>
ST_10 : Operation 189 [1/1] (0.00ns)   --->   "%res4 = phi i16 100, void %nnet::dense_resource<ap_fixed<16, 6, (ap_q_mode)5, (ap_o_mode)3, 0>, ap_fixed<16, 6, (ap_q_mode)5, (ap_o_mode)3, 0>, config4>.region_begin, i16 %res, void %for.body13.split.i.i, i16 100, void %nnet::dense_resource<ap_fixed<16, 6, (ap_q_mode)5, (ap_o_mode)3, 0>, ap_fixed<16, 6, (ap_q_mode)5, (ap_o_mode)3, 0>, config4>.region_end"   --->   Operation 189 'phi' 'res4' <Predicate = true> <Delay = 0.00>
ST_10 : Operation 190 [1/1] (0.00ns)   --->   "%specpipeline_ln47 = specpipeline void @_ssdm_op_SpecPipeline, i32 1, i32 0, i32 0, i32 0, void @empty_0" [firmware/nnet_utils/nnet_dense_resource.h:47->firmware/nnet_utils/nnet_dense_resource.h:262->firmware/nnet_utils/nnet_dense_stream.h:24->firmware/nnet_utils/nnet_dense_stream.h:97]   --->   Operation 190 'specpipeline' 'specpipeline_ln47' <Predicate = true> <Delay = 0.00>
ST_10 : Operation 191 [1/1] (0.00ns)   --->   "%speclooptripcount_ln49 = speclooptripcount void @_ssdm_op_SpecLoopTripCount, i64 4, i64 4, i64 4" [firmware/nnet_utils/nnet_dense_resource.h:49->firmware/nnet_utils/nnet_dense_resource.h:262->firmware/nnet_utils/nnet_dense_stream.h:24->firmware/nnet_utils/nnet_dense_stream.h:97]   --->   Operation 191 'speclooptripcount' 'speclooptripcount_ln49' <Predicate = true> <Delay = 0.00>
ST_10 : Operation 192 [1/1] (0.00ns)   --->   "%specloopname_ln46 = specloopname void @_ssdm_op_SpecLoopName, void @empty_4" [firmware/nnet_utils/nnet_dense_resource.h:46->firmware/nnet_utils/nnet_dense_resource.h:262->firmware/nnet_utils/nnet_dense_stream.h:24->firmware/nnet_utils/nnet_dense_stream.h:97]   --->   Operation 192 'specloopname' 'specloopname_ln46' <Predicate = true> <Delay = 0.00>
ST_10 : Operation 193 [1/1] (2.07ns)   --->   "%res = add i16 %res4, i16 %add_ln58_6" [firmware/nnet_utils/nnet_dense_resource.h:58->firmware/nnet_utils/nnet_dense_resource.h:262->firmware/nnet_utils/nnet_dense_stream.h:24->firmware/nnet_utils/nnet_dense_stream.h:97]   --->   Operation 193 'add' 'res' <Predicate = true> <Delay = 2.07> <CoreInst = "Adder">   --->   Core 1 'Adder' <Latency = 0> <II = 1> <Delay = 2.07> <FuncUnit> <Opcode : 'add' 'sub'> <InPorts = 2> <OutPorts = 1>

State 11 <SV = 10> <Delay = 1.82>
ST_11 : Operation 194 [1/1] (0.00ns)   --->   "%rend = specregionend i32 @_ssdm_op_SpecRegionEnd, void @nnet_KD_KD_dense_resource_MD_ap_fixed_MD_16_MC_AC_6_MC_AC_IC_ap_q_mode_JC_5_s, i32 %rbegin" [firmware/nnet_utils/nnet_dense_stream.h:53->firmware/nnet_utils/nnet_dense_stream.h:100]   --->   Operation 194 'specregionend' 'rend' <Predicate = (icmp_ln46)> <Delay = 0.00>
ST_11 : Operation 195 [1/1] (1.82ns)   --->   "%write_ln77 = write void @_ssdm_op_Write.ap_fifo.volatile.i16P0A, i16 %layer4_out, i16 %res" [firmware/nnet_utils/nnet_dense_stream.h:77->firmware/nnet_utils/nnet_dense_stream.h:100]   --->   Operation 195 'write' 'write_ln77' <Predicate = (icmp_ln46)> <Delay = 1.82> <CoreInst = "FIFO_SRL">   --->   Core 81 'FIFO_SRL' <Latency = 0> <II = 1> <Delay = 3.63> <Storage> <Opcode : 'read' 'write' 'nbread' 'nbwrite'> <Ports = 0> <Width = 16> <Depth = 1> <FIFO>
ST_11 : Operation 196 [1/1] (0.00ns)   --->   "%return_ln101 = return void @_ssdm_op_Return" [firmware/nnet_utils/nnet_dense_stream.h:101]   --->   Operation 196 'return' 'return_ln101' <Predicate = (icmp_ln46)> <Delay = 0.00>


============================================================
+ Verbose Summary: Timing violations
============================================================
Target clock period: 5.000ns, clock uncertainty: 1.350ns.

 <State 1>: 1.588ns
The critical path consists of the following:
	multiplexor before 'phi' operation ('do_init') [9]  (1.588 ns)

 <State 2>: 1.565ns
The critical path consists of the following:
	'phi' operation ('w_index') with incoming values : ('w_index', firmware/nnet_utils/nnet_dense_resource.h:46->firmware/nnet_utils/nnet_dense_resource.h:262->firmware/nnet_utils/nnet_dense_stream.h:24->firmware/nnet_utils/nnet_dense_stream.h:97) [43]  (0.000 ns)
	'add' operation ('w_index', firmware/nnet_utils/nnet_dense_resource.h:46->firmware/nnet_utils/nnet_dense_resource.h:262->firmware/nnet_utils/nnet_dense_stream.h:24->firmware/nnet_utils/nnet_dense_stream.h:97) [176]  (1.565 ns)

 <State 3>: 3.254ns
The critical path consists of the following:
	'getelementptr' operation ('w4_67_addr', firmware/nnet_utils/nnet_dense_resource.h:59->firmware/nnet_utils/nnet_dense_resource.h:262->firmware/nnet_utils/nnet_dense_stream.h:24->firmware/nnet_utils/nnet_dense_stream.h:97) [119]  (0.000 ns)
	'load' operation ('w4_67_load', firmware/nnet_utils/nnet_dense_resource.h:59->firmware/nnet_utils/nnet_dense_resource.h:262->firmware/nnet_utils/nnet_dense_stream.h:24->firmware/nnet_utils/nnet_dense_stream.h:97) on array 'w4_67' [120]  (3.254 ns)

 <State 4>: 3.415ns
The critical path consists of the following:
	'phi' operation ('data_3_rewind', firmware/nnet_utils/nnet_dense_stream.h:43->firmware/nnet_utils/nnet_dense_stream.h:93) with incoming values : ('data', firmware/nnet_utils/nnet_dense_stream.h:43->firmware/nnet_utils/nnet_dense_stream.h:93) [36]  (0.000 ns)
	multiplexor before 'phi' operation ('data') with incoming values : ('data', firmware/nnet_utils/nnet_dense_stream.h:43->firmware/nnet_utils/nnet_dense_stream.h:93) [108]  (1.588 ns)
	'phi' operation ('data') with incoming values : ('data', firmware/nnet_utils/nnet_dense_stream.h:43->firmware/nnet_utils/nnet_dense_stream.h:93) [108]  (0.000 ns)
	'mux' operation ('a', firmware/nnet_utils/nnet_dense_stream.h:43->firmware/nnet_utils/nnet_dense_stream.h:93) [118]  (1.827 ns)

 <State 5>: 3.349ns
The critical path consists of the following:
	'mul' operation ('mul_ln58', firmware/nnet_utils/nnet_dense_resource.h:58->firmware/nnet_utils/nnet_dense_resource.h:262->firmware/nnet_utils/nnet_dense_stream.h:24->firmware/nnet_utils/nnet_dense_stream.h:97) [124]  (3.349 ns)

 <State 6>: 3.349ns
The critical path consists of the following:
	'mul' operation ('mul_ln58', firmware/nnet_utils/nnet_dense_resource.h:58->firmware/nnet_utils/nnet_dense_resource.h:262->firmware/nnet_utils/nnet_dense_stream.h:24->firmware/nnet_utils/nnet_dense_stream.h:97) [124]  (3.349 ns)

 <State 7>: 2.077ns
The critical path consists of the following:
	'add' operation ('add_ln58', firmware/nnet_utils/nnet_dense_resource.h:58->firmware/nnet_utils/nnet_dense_resource.h:262->firmware/nnet_utils/nnet_dense_stream.h:24->firmware/nnet_utils/nnet_dense_stream.h:97) [168]  (2.077 ns)

 <State 8>: 2.077ns
The critical path consists of the following:
	'add' operation ('add_ln58_2', firmware/nnet_utils/nnet_dense_resource.h:58->firmware/nnet_utils/nnet_dense_resource.h:262->firmware/nnet_utils/nnet_dense_stream.h:24->firmware/nnet_utils/nnet_dense_stream.h:97) [170]  (2.077 ns)

 <State 9>: 2.077ns
The critical path consists of the following:
	'add' operation ('add_ln58_6', firmware/nnet_utils/nnet_dense_resource.h:58->firmware/nnet_utils/nnet_dense_resource.h:262->firmware/nnet_utils/nnet_dense_stream.h:24->firmware/nnet_utils/nnet_dense_stream.h:97) [174]  (2.077 ns)

 <State 10>: 2.077ns
The critical path consists of the following:
	'phi' operation ('res') with incoming values : ('res', firmware/nnet_utils/nnet_dense_resource.h:58->firmware/nnet_utils/nnet_dense_resource.h:262->firmware/nnet_utils/nnet_dense_stream.h:24->firmware/nnet_utils/nnet_dense_stream.h:97) [42]  (0.000 ns)
	'add' operation ('res', firmware/nnet_utils/nnet_dense_resource.h:58->firmware/nnet_utils/nnet_dense_resource.h:262->firmware/nnet_utils/nnet_dense_stream.h:24->firmware/nnet_utils/nnet_dense_stream.h:97) [175]  (2.077 ns)

 <State 11>: 1.825ns
The critical path consists of the following:
	fifo write operation ('write_ln77', firmware/nnet_utils/nnet_dense_stream.h:77->firmware/nnet_utils/nnet_dense_stream.h:100) on port 'layer4_out' (firmware/nnet_utils/nnet_dense_stream.h:77->firmware/nnet_utils/nnet_dense_stream.h:100) [181]  (1.825 ns)


============================================================
+ Verbose Summary: Binding
============================================================
N/A
* FSMD analyzer results:
  - Output states:
 - Input state : 
  - Chain level:
	State 1
	State 2
	State 3
	State 4
	State 5
	State 6
	State 7
	State 8
	State 9
	State 10
	State 11


============================================================
+ Verbose Summary: Datapath Resource usage 
============================================================
N/A
