

================================================================
== Vitis HLS Report for 'myproject'
================================================================
* Date:           Mon Sep 21 23:22:10 2026

* Version:        2023.1.1 (Build 3869133 on Jun 15 2023)
* Project:        myproject_prj
* Solution:       solution1 (Vivado IP Flow Target)
* Product family: zynq
* Target device:  xc7z020-clg400-1


================================================================
== Performance Estimates
================================================================
+ Timing: 
    * Summary: 
    +--------+---------+----------+------------+
    |  Clock |  Target | Estimated| Uncertainty|
    +--------+---------+----------+------------+
    |ap_clk  |  5.00 ns|  3.556 ns|     1.35 ns|
    +--------+---------+----------+------------+

+ Latency: 
    * Summary: 
    +---------+---------+----------+----------+-----+-----+----------+
    |  Latency (cycles) |  Latency (absolute) |  Interval | Pipeline |
    |   min   |   max   |    min   |    max   | min | max |   Type   |
    +---------+---------+----------+----------+-----+-----+----------+
    |       26|       26|  0.130 us|  0.130 us|    7|    7|  dataflow|
    +---------+---------+----------+----------+-----+-----+----------+

    + Detail: 
        * Instance: 
        +-----------------------------------------------------------------------+----------------------------------------------------------------------+---------+---------+-----------+-----------+-----+-----+------------------------------------------+
        |                                                                       |                                                                      |  Latency (cycles) |   Latency (absolute)  |  Interval |                 Pipeline                 |
        |                                Instance                               |                                Module                                |   min   |   max   |    min    |    max    | min | max |                   Type                   |
        +-----------------------------------------------------------------------+----------------------------------------------------------------------+---------+---------+-----------+-----------+-----+-----+------------------------------------------+
        |dense_array_ap_fixed_10u_array_ap_fixed_16_6_5_3_0_32u_config2_U0      |dense_array_ap_fixed_10u_array_ap_fixed_16_6_5_3_0_32u_config2_s      |       10|       11|  50.000 ns|  55.000 ns|    5|    5|  loop rewind stp(delay=0 clock cycles(s))|
        |relu_array_ap_fixed_32u_array_ap_fixed_16_6_5_3_0_32u_relu_config3_U0  |relu_array_ap_fixed_32u_array_ap_fixed_16_6_5_3_0_32u_relu_config3_s  |        2|        2|  10.000 ns|  10.000 ns|    2|    2|                                        no|
        |dense_array_ap_fixed_32u_array_ap_fixed_16_6_5_3_0_1u_config4_U0       |dense_array_ap_fixed_32u_array_ap_fixed_16_6_5_3_0_1u_config4_s       |       12|       13|  60.000 ns|  65.000 ns|    4|    4|  loop rewind stp(delay=0 clock cycles(s))|
        |sigmoid_array_array_ap_fixed_16_6_5_3_0_1u_sigmoid_config5_U0          |sigmoid_array_array_ap_fixed_16_6_5_3_0_1u_sigmoid_config5_s          |        6|        6|  30.000 ns|  30.000 ns|    6|    6|                                        no|
        +-----------------------------------------------------------------------+----------------------------------------------------------------------+---------+---------+-----------+-----------+-----+-----+------------------------------------------+

        * Loop: 
        N/A



================================================================
== Utilization Estimates
================================================================
* Summary: 
+-----------------+---------+-----+--------+-------+-----+
|       Name      | BRAM_18K| DSP |   FF   |  LUT  | URAM|
+-----------------+---------+-----+--------+-------+-----+
|DSP              |        -|    -|       -|      -|    -|
|Expression       |        -|    -|       0|      2|    -|
|FIFO             |        -|    -|     297|    204|    -|
|Instance         |       34|   72|   12533|   5736|    -|
|Memory           |        -|    -|       -|      -|    -|
|Multiplexer      |        -|    -|       -|      -|    -|
|Register         |        -|    -|       -|      -|    -|
+-----------------+---------+-----+--------+-------+-----+
|Total            |       34|   72|   12830|   5942|    0|
+-----------------+---------+-----+--------+-------+-----+
|Available        |      280|  220|  106400|  53200|    0|
+-----------------+---------+-----+--------+-------+-----+
|Utilization (%)  |       12|   32|      12|     11|    0|
+-----------------+---------+-----+--------+-------+-----+

+ Detail: 
    * Instance: 
    +-----------------------------------------------------------------------+----------------------------------------------------------------------+---------+----+------+------+-----+
    |                                Instance                               |                                Module                                | BRAM_18K| DSP|  FF  |  LUT | URAM|
    +-----------------------------------------------------------------------+----------------------------------------------------------------------+---------+----+------+------+-----+
    |dense_array_ap_fixed_10u_array_ap_fixed_16_6_5_3_0_32u_config2_U0      |dense_array_ap_fixed_10u_array_ap_fixed_16_6_5_3_0_32u_config2_s      |       29|  64|  8302|  2833|    0|
    |dense_array_ap_fixed_32u_array_ap_fixed_16_6_5_3_0_1u_config4_U0       |dense_array_ap_fixed_32u_array_ap_fixed_16_6_5_3_0_1u_config4_s       |        4|   8|  2680|  1418|    0|
    |relu_array_ap_fixed_32u_array_ap_fixed_16_6_5_3_0_32u_relu_config3_U0  |relu_array_ap_fixed_32u_array_ap_fixed_16_6_5_3_0_32u_relu_config3_s  |        0|   0|  1477|  1274|    0|
    |sigmoid_array_array_ap_fixed_16_6_5_3_0_1u_sigmoid_config5_U0          |sigmoid_array_array_ap_fixed_16_6_5_3_0_1u_sigmoid_config5_s          |        1|   0|    74|   211|    0|
    +-----------------------------------------------------------------------+----------------------------------------------------------------------+---------+----+------+------+-----+
    |Total                                                                  |                                                                      |       34|  72| 12533|  5736|    0|
    +-----------------------------------------------------------------------+----------------------------------------------------------------------+---------+----+------+------+-----+

    * DSP: 
    N/A

    * Memory: 
    N/A

    * FIFO: 
    +--------------+---------+----+----+-----+------+-----+---------+
    |     Name     | BRAM_18K| FF | LUT| URAM| Depth| Bits| Size:D*B|
    +--------------+---------+----+----+-----+------+-----+---------+
    |layer2_out_U  |        0|  99|   0|    -|     1|  512|      512|
    |layer3_out_U  |        0|  99|   0|    -|     1|  512|      512|
    |layer4_out_U  |        0|  99|   0|    -|     1|   16|       16|
    +--------------+---------+----+----+-----+------+-----+---------+
    |Total         |        0| 297|   0|    0|     3| 1040|     1040|
    +--------------+---------+----+----+-----+------+-----+---------+

    * Expression: 
    +--------------+----------+----+---+----+------------+------------+
    | Variable Name| Operation| DSP| FF| LUT| Bitwidth P0| Bitwidth P1|
    +--------------+----------+----+---+----+------------+------------+
    |ap_idle       |       and|   0|  0|   2|           1|           1|
    +--------------+----------+----+---+----+------------+------------+
    |Total         |          |   0|  0|   2|           1|           1|
    +--------------+----------+----+---+----+------------+------------+

    * Multiplexer: 
    N/A

    * Register: 
    N/A



================================================================
== Interface
================================================================
* Summary: 
+-------------------+-----+-----+------------+--------------+--------------+
|     RTL Ports     | Dir | Bits|  Protocol  | Source Object|    C Type    |
+-------------------+-----+-----+------------+--------------+--------------+
|input_1_TDATA      |   in|  160|        axis|       input_1|       pointer|
|input_1_TVALID     |   in|    1|        axis|       input_1|       pointer|
|input_1_TREADY     |  out|    1|        axis|       input_1|       pointer|
|layer5_out_TDATA   |  out|   16|        axis|    layer5_out|       pointer|
|layer5_out_TVALID  |  out|    1|        axis|    layer5_out|       pointer|
|layer5_out_TREADY  |   in|    1|        axis|    layer5_out|       pointer|
|ap_clk             |   in|    1|  ap_ctrl_hs|     myproject|  return value|
|ap_rst_n           |   in|    1|  ap_ctrl_hs|     myproject|  return value|
|ap_start           |   in|    1|  ap_ctrl_hs|     myproject|  return value|
|ap_done            |  out|    1|  ap_ctrl_hs|     myproject|  return value|
|ap_ready           |  out|    1|  ap_ctrl_hs|     myproject|  return value|
|ap_idle            |  out|    1|  ap_ctrl_hs|     myproject|  return value|
+-------------------+-----+-----+------------+--------------+--------------+

============================================================
+ Verbose Summary: Synthesis Manager
============================================================
InlineROM: 1
ExposeGlobal: 0
============================================================
+ Verbose Summary: CDFG Model
============================================================
IsTopModel: 1
ResetActiveHigh: 1
IsCombinational: 2
IsDatapathOnly: 2
HasWiredReturn: 1
HasMFsm: 0
HasVarLatency: 1
IsPipeline: 0
IsRtlPipelined: 0
IsInstanceOverlapped: 0
IsDontTouch: 0
HasImplIP: 0
IsGatedGlobalClock: 0


============================================================
+ Verbose Summary: Schedule
============================================================
* Number of FSM states : 10
* Pipeline : 0
* Dataflow Pipeline: 1
  DF-Pipeline-0: Size = 10, States = { 1 2 3 4 5 6 7 8 9 10 }

* FSM state transitions: 
1 --> 2 
2 --> 3 
3 --> 4 
4 --> 5 
5 --> 6 
6 --> 7 
7 --> 8 
8 --> 9 
9 --> 10 
10 --> 

* FSM state operations: 

State 1 <SV = 0> <Delay = 0.00>
ST_1 : Operation 11 [1/1] (0.00ns)   --->   "%layer2_out = alloca i64 1"   --->   Operation 11 'alloca' 'layer2_out' <Predicate = true> <Delay = 0.00> <CoreInst = "FIFO_SRL">   --->   Core 81 'FIFO_SRL' <Latency = 0> <II = 1> <Delay = 3.63> <Storage> <Opcode : 'read' 'write' 'nbread' 'nbwrite'> <Ports = 0> <Width = 512> <Depth = 1> <FIFO>
ST_1 : Operation 12 [1/1] (0.00ns)   --->   "%layer3_out = alloca i64 1"   --->   Operation 12 'alloca' 'layer3_out' <Predicate = true> <Delay = 0.00> <CoreInst = "FIFO_SRL">   --->   Core 81 'FIFO_SRL' <Latency = 0> <II = 1> <Delay = 3.63> <Storage> <Opcode : 'read' 'write' 'nbread' 'nbwrite'> <Ports = 0> <Width = 512> <Depth = 1> <FIFO>
ST_1 : Operation 13 [1/1] (0.00ns)   --->   "%layer4_out = alloca i64 1"   --->   Operation 13 'alloca' 'layer4_out' <Predicate = true> <Delay = 0.00> <CoreInst = "FIFO_SRL">   --->   Core 81 'FIFO_SRL' <Latency = 0> <II = 1> <Delay = 3.63> <Storage> <Opcode : 'read' 'write' 'nbread' 'nbwrite'> <Ports = 0> <Width = 16> <Depth = 1> <FIFO>

State 2 <SV = 1> <Delay = 0.00>
ST_2 : Operation 14 [2/2] (0.00ns)   --->   "%call_ln41 = call void @dense<array<ap_fixed,10u>,array<ap_fixed<16,6,5,3,0>,32u>,config2>, i160 %input_1, i512 %layer2_out, i1020 %w2_66" [firmware/myproject.cpp:41]   --->   Operation 14 'call' 'call_ln41' <Predicate = true> <Delay = 0.00> <CoreType = "Generic">   --->   Core 0 '' <Latency = 0> <II = 1> <Delay = 1.00> <Generic> <Opcode : >

State 3 <SV = 2> <Delay = 0.00>
ST_3 : Operation 15 [1/2] (0.00ns)   --->   "%call_ln41 = call void @dense<array<ap_fixed,10u>,array<ap_fixed<16,6,5,3,0>,32u>,config2>, i160 %input_1, i512 %layer2_out, i1020 %w2_66" [firmware/myproject.cpp:41]   --->   Operation 15 'call' 'call_ln41' <Predicate = true> <Delay = 0.00> <CoreType = "Generic">   --->   Core 0 '' <Latency = 0> <II = 1> <Delay = 1.00> <Generic> <Opcode : >

State 4 <SV = 3> <Delay = 0.00>
ST_4 : Operation 16 [2/2] (0.00ns)   --->   "%call_ln43 = call void @relu<array<ap_fixed,32u>,array<ap_fixed<16,6,5,3,0>,32u>,relu_config3>, i512 %layer2_out, i512 %layer3_out" [firmware/myproject.cpp:43]   --->   Operation 16 'call' 'call_ln43' <Predicate = true> <Delay = 0.00> <CoreType = "Generic">   --->   Core 0 '' <Latency = 0> <II = 1> <Delay = 1.00> <Generic> <Opcode : >

State 5 <SV = 4> <Delay = 0.00>
ST_5 : Operation 17 [1/2] (0.00ns)   --->   "%call_ln43 = call void @relu<array<ap_fixed,32u>,array<ap_fixed<16,6,5,3,0>,32u>,relu_config3>, i512 %layer2_out, i512 %layer3_out" [firmware/myproject.cpp:43]   --->   Operation 17 'call' 'call_ln43' <Predicate = true> <Delay = 0.00> <CoreType = "Generic">   --->   Core 0 '' <Latency = 0> <II = 1> <Delay = 1.00> <Generic> <Opcode : >

State 6 <SV = 5> <Delay = 0.00>
ST_6 : Operation 18 [2/2] (0.00ns)   --->   "%call_ln45 = call void @dense<array<ap_fixed,32u>,array<ap_fixed<16,6,5,3,0>,1u>,config4>, i512 %layer3_out, i16 %layer4_out, i123 %w4_67" [firmware/myproject.cpp:45]   --->   Operation 18 'call' 'call_ln45' <Predicate = true> <Delay = 0.00> <CoreType = "Generic">   --->   Core 0 '' <Latency = 0> <II = 1> <Delay = 1.00> <Generic> <Opcode : >

State 7 <SV = 6> <Delay = 0.00>
ST_7 : Operation 19 [1/2] (0.00ns)   --->   "%call_ln45 = call void @dense<array<ap_fixed,32u>,array<ap_fixed<16,6,5,3,0>,1u>,config4>, i512 %layer3_out, i16 %layer4_out, i123 %w4_67" [firmware/myproject.cpp:45]   --->   Operation 19 'call' 'call_ln45' <Predicate = true> <Delay = 0.00> <CoreType = "Generic">   --->   Core 0 '' <Latency = 0> <II = 1> <Delay = 1.00> <Generic> <Opcode : >

State 8 <SV = 7> <Delay = 0.00>
ST_8 : Operation 20 [2/2] (0.00ns)   --->   "%call_ln47 = call void @sigmoid<array,array<ap_fixed<16,6,5,3,0>,1u>,sigmoid_config5>, i16 %layer4_out, i16 %layer5_out, i10 %sigmoid_table" [firmware/myproject.cpp:47]   --->   Operation 20 'call' 'call_ln47' <Predicate = true> <Delay = 0.00> <CoreType = "Generic">   --->   Core 0 '' <Latency = 0> <II = 1> <Delay = 1.00> <Generic> <Opcode : >

State 9 <SV = 8> <Delay = 0.00>
ST_9 : Operation 21 [1/2] (0.00ns)   --->   "%call_ln47 = call void @sigmoid<array,array<ap_fixed<16,6,5,3,0>,1u>,sigmoid_config5>, i16 %layer4_out, i16 %layer5_out, i10 %sigmoid_table" [firmware/myproject.cpp:47]   --->   Operation 21 'call' 'call_ln47' <Predicate = true> <Delay = 0.00> <CoreType = "Generic">   --->   Core 0 '' <Latency = 0> <II = 1> <Delay = 1.00> <Generic> <Opcode : >

State 10 <SV = 9> <Delay = 0.00>
ST_10 : Operation 22 [1/1] (0.00ns)   --->   "%specdataflowpipeline_ln14 = specdataflowpipeline void @_ssdm_op_SpecDataflowPipeline, i32 4294967295, i32 0, void @empty_0" [firmware/myproject.cpp:14]   --->   Operation 22 'specdataflowpipeline' 'specdataflowpipeline_ln14' <Predicate = true> <Delay = 0.00>
ST_10 : Operation 23 [1/1] (0.00ns)   --->   "%spectopmodule_ln7 = spectopmodule void @_ssdm_op_SpecTopModule, void @empty_3" [firmware/myproject.cpp:7]   --->   Operation 23 'spectopmodule' 'spectopmodule_ln7' <Predicate = true> <Delay = 0.00>
ST_10 : Operation 24 [1/1] (0.00ns)   --->   "%specinterface_ln0 = specinterface void @_ssdm_op_SpecInterface, i160 %input_1, void @empty_2, i32 1, i32 1, void @empty_1, i32 0, i32 0, void @empty_0, void @empty_0, void @empty_0, i32 0, i32 0, i32 0, i32 0, void @empty_0, void @empty_0, i32 4294967295, i32 0"   --->   Operation 24 'specinterface' 'specinterface_ln0' <Predicate = true> <Delay = 0.00>
ST_10 : Operation 25 [1/1] (0.00ns)   --->   "%specbitsmap_ln0 = specbitsmap void @_ssdm_op_SpecBitsMap, i160 %input_1"   --->   Operation 25 'specbitsmap' 'specbitsmap_ln0' <Predicate = true> <Delay = 0.00>
ST_10 : Operation 26 [1/1] (0.00ns)   --->   "%specinterface_ln0 = specinterface void @_ssdm_op_SpecInterface, i16 %layer5_out, void @empty_2, i32 1, i32 1, void @empty_1, i32 0, i32 0, void @empty_0, void @empty_0, void @empty_0, i32 0, i32 0, i32 0, i32 0, void @empty_0, void @empty_0, i32 4294967295, i32 0"   --->   Operation 26 'specinterface' 'specinterface_ln0' <Predicate = true> <Delay = 0.00>
ST_10 : Operation 27 [1/1] (0.00ns)   --->   "%specbitsmap_ln0 = specbitsmap void @_ssdm_op_SpecBitsMap, i16 %layer5_out"   --->   Operation 27 'specbitsmap' 'specbitsmap_ln0' <Predicate = true> <Delay = 0.00>
ST_10 : Operation 28 [1/1] (0.00ns)   --->   "%empty = specchannel i32 @_ssdm_op_SpecChannel, void @layer2_out_str, i32 1, void @p_str, void @p_str, i32 1, i32 1, i512 %layer2_out, i512 %layer2_out"   --->   Operation 28 'specchannel' 'empty' <Predicate = true> <Delay = 0.00>
ST_10 : Operation 29 [1/1] (0.00ns)   --->   "%specinterface_ln0 = specinterface void @_ssdm_op_SpecInterface, i512 %layer2_out, void @empty, i32 0, i32 0, void @empty_0, i32 0, i32 0, void @empty_0, void @empty_0, void @empty_0, i32 0, i32 0, i32 0, i32 0, void @empty_0, void @empty_0, i32 4294967295, i32 0"   --->   Operation 29 'specinterface' 'specinterface_ln0' <Predicate = true> <Delay = 0.00>
ST_10 : Operation 30 [1/1] (0.00ns)   --->   "%empty_23 = specchannel i32 @_ssdm_op_SpecChannel, void @layer3_out_str, i32 1, void @p_str, void @p_str, i32 1, i32 1, i512 %layer3_out, i512 %layer3_out"   --->   Operation 30 'specchannel' 'empty_23' <Predicate = true> <Delay = 0.00>
ST_10 : Operation 31 [1/1] (0.00ns)   --->   "%specinterface_ln0 = specinterface void @_ssdm_op_SpecInterface, i512 %layer3_out, void @empty, i32 0, i32 0, void @empty_0, i32 0, i32 0, void @empty_0, void @empty_0, void @empty_0, i32 0, i32 0, i32 0, i32 0, void @empty_0, void @empty_0, i32 4294967295, i32 0"   --->   Operation 31 'specinterface' 'specinterface_ln0' <Predicate = true> <Delay = 0.00>
ST_10 : Operation 32 [1/1] (0.00ns)   --->   "%empty_24 = specchannel i32 @_ssdm_op_SpecChannel, void @layer4_out_str, i32 1, void @p_str, void @p_str, i32 1, i32 1, i16 %layer4_out, i16 %layer4_out"   --->   Operation 32 'specchannel' 'empty_24' <Predicate = true> <Delay = 0.00>
ST_10 : Operation 33 [1/1] (0.00ns)   --->   "%specinterface_ln0 = specinterface void @_ssdm_op_SpecInterface, i16 %layer4_out, void @empty, i32 0, i32 0, void @empty_0, i32 0, i32 0, void @empty_0, void @empty_0, void @empty_0, i32 0, i32 0, i32 0, i32 0, void @empty_0, void @empty_0, i32 4294967295, i32 0"   --->   Operation 33 'specinterface' 'specinterface_ln0' <Predicate = true> <Delay = 0.00>
ST_10 : Operation 34 [1/1] (0.00ns)   --->   "%specmemcore_ln41 = specmemcore void @_ssdm_op_SpecMemCore, i1020 %w2_66, i64 666, i64 38, i64 18446744073709551615" [firmware/myproject.cpp:41]   --->   Operation 34 'specmemcore' 'specmemcore_ln41' <Predicate = true> <Delay = 0.00>
ST_10 : Operation 35 [1/1] (0.00ns)   --->   "%specmemcore_ln45 = specmemcore void @_ssdm_op_SpecMemCore, i123 %w4_67, i64 666, i64 38, i64 18446744073709551615" [firmware/myproject.cpp:45]   --->   Operation 35 'specmemcore' 'specmemcore_ln45' <Predicate = true> <Delay = 0.00>
ST_10 : Operation 36 [1/1] (0.00ns)   --->   "%ret_ln49 = ret" [firmware/myproject.cpp:49]   --->   Operation 36 'ret' 'ret_ln49' <Predicate = true> <Delay = 0.00>


============================================================
+ Verbose Summary: Binding
============================================================
STG Binding: 
---------------- STG Properties BEGIN ----------------
- Is combinational: 0
- Is one-state seq: 0
- Is datapath-only: 0
- Is pipelined: 0
- Is top level: 1
Port [ Return ] is wired: 1; IO mode=ap_ctrl_hs:ce=0
Port [ input_1]:  wired=1; compound=1; hidden=0; nouse=0; global=0; static=0; extern=0; dir=0; type=0; pingpong=0; private_global=0; IO mode=axis:ce=0
Port [ layer5_out]:  wired=1; compound=1; hidden=0; nouse=0; global=0; static=0; extern=0; dir=1; type=0; pingpong=0; private_global=0; IO mode=axis:ce=0
Port [ w2_66]:  wired=0; compound=1; hidden=1; nouse=1; global=1; static=1; extern=0; dir=0; type=1; pingpong=0; private_global=0; MemPort=[1]; IO mode=ap_memory:ce=0
Port [ w4_67]:  wired=0; compound=1; hidden=1; nouse=1; global=1; static=1; extern=0; dir=0; type=1; pingpong=0; private_global=0; MemPort=[1]; IO mode=ap_memory:ce=0
Port [ sigmoid_table]:  wired=0; compound=1; hidden=1; nouse=1; global=1; static=1; extern=0; dir=0; type=1; pingpong=0; private_global=0; MemPort=[1]; IO mode=ap_memory:ce=0
---------------- STG Properties END ------------------

---------------- Datapath Model BEGIN ----------------

<LifeTime>
<method=bitvector/>
layer2_out                (alloca              ) [ 00111111111]
layer3_out                (alloca              ) [ 00111111111]
layer4_out                (alloca              ) [ 00111111111]
call_ln41                 (call                ) [ 00000000000]
call_ln43                 (call                ) [ 00000000000]
call_ln45                 (call                ) [ 00000000000]
call_ln47                 (call                ) [ 00000000000]
specdataflowpipeline_ln14 (specdataflowpipeline) [ 00000000000]
spectopmodule_ln7         (spectopmodule       ) [ 00000000000]
specinterface_ln0         (specinterface       ) [ 00000000000]
specbitsmap_ln0           (specbitsmap         ) [ 00000000000]
specinterface_ln0         (specinterface       ) [ 00000000000]
specbitsmap_ln0           (specbitsmap         ) [ 00000000000]
empty                     (specchannel         ) [ 00000000000]
specinterface_ln0         (specinterface       ) [ 00000000000]
empty_23                  (specchannel         ) [ 00000000000]
specinterface_ln0         (specinterface       ) [ 00000000000]
empty_24                  (specchannel         ) [ 00000000000]
specinterface_ln0         (specinterface       ) [ 00000000000]
specmemcore_ln41          (specmemcore         ) [ 00000000000]
specmemcore_ln45          (specmemcore         ) [ 00000000000]
ret_ln49                  (ret                 ) [ 00000000000]
</LifeTime>

<model>

<comp_list>
<comp id="0" class="1000" name="input_1">
<pin_list>
<pin id="1" dir="1" index="0" bw="1" slack="0"/>
</pin_list>
<bind>
<StgValue><ssdm name="input_1"/></StgValue>
</bind>
</comp>

<comp id="2" class="1000" name="layer5_out">
<pin_list>
<pin id="3" dir="1" index="0" bw="1" slack="0"/>
</pin_list>
<bind>
<StgValue><ssdm name="layer5_out"/></StgValue>
</bind>
</comp>

<comp id="4" class="1000" name="w2_66">
<pin_list>
<pin id="5" dir="1" index="0" bw="1" slack="0"/>
</pin_list>
<bind>
<StgValue><ssdm name="w2_66"/><MemPortTyVec>1 </MemPortTyVec>
</StgValue>
</bind>
</comp>

<comp id="6" class="1000" name="w4_67">
<pin_list>
<pin id="7" dir="1" index="0" bw="1" slack="0"/>
</pin_list>
<bind>
<StgValue><ssdm name="w4_67"/><MemPortTyVec>1 </MemPortTyVec>
</StgValue>
</bind>
</comp>

<comp id="8" class="1000" name="sigmoid_table">
<pin_list>
<pin id="9" dir="1" index="0" bw="1" slack="0"/>
</pin_list>
<bind>
<StgValue><ssdm name="sigmoid_table"/><MemPortTyVec>1 </MemPortTyVec>
</StgValue>
</bind>
</comp>

<comp id="10" class="1001" name="const_10">
<pin_list>
<pin id="11" dir="1" index="0" bw="1" slack="0"/>
</pin_list>
<bind>
<StgValue><ssdm name=""/></StgValue>
</bind>
</comp>

<comp id="12" class="1001" name="const_12">
<pin_list>
<pin id="13" dir="1" index="0" bw="1" slack="0"/>
</pin_list>
<bind>
<StgValue><ssdm name="dense<array<ap_fixed,10u>,array<ap_fixed<16,6,5,3,0>,32u>,config2>"/></StgValue>
</bind>
</comp>

<comp id="14" class="1001" name="const_14">
<pin_list>
<pin id="15" dir="1" index="0" bw="1" slack="0"/>
</pin_list>
<bind>
<StgValue><ssdm name="relu<array<ap_fixed,32u>,array<ap_fixed<16,6,5,3,0>,32u>,relu_config3>"/></StgValue>
</bind>
</comp>

<comp id="16" class="1001" name="const_16">
<pin_list>
<pin id="17" dir="1" index="0" bw="1" slack="0"/>
</pin_list>
<bind>
<StgValue><ssdm name="dense<array<ap_fixed,32u>,array<ap_fixed<16,6,5,3,0>,1u>,config4>"/></StgValue>
</bind>
</comp>

<comp id="18" class="1001" name="const_18">
<pin_list>
<pin id="19" dir="1" index="0" bw="1" slack="0"/>
</pin_list>
<bind>
<StgValue><ssdm name="sigmoid<array,array<ap_fixed<16,6,5,3,0>,1u>,sigmoid_config5>"/></StgValue>
</bind>
</comp>

<comp id="20" class="1001" name="const_20">
<pin_list>
<pin id="21" dir="1" index="0" bw="1" slack="2147483647"/>
</pin_list>
<bind>
<StgValue><ssdm name="_ssdm_op_SpecDataflowPipeline"/></StgValue>
</bind>
</comp>

<comp id="22" class="1001" name="const_22">
<pin_list>
<pin id="23" dir="1" index="0" bw="1" slack="2147483647"/>
</pin_list>
<bind>
<StgValue><ssdm name=""/></StgValue>
</bind>
</comp>

<comp id="24" class="1001" name="const_24">
<pin_list>
<pin id="25" dir="1" index="0" bw="1" slack="2147483647"/>
</pin_list>
<bind>
<StgValue><ssdm name=""/></StgValue>
</bind>
</comp>

<comp id="26" class="1001" name="const_26">
<pin_list>
<pin id="27" dir="1" index="0" bw="1" slack="2147483647"/>
</pin_list>
<bind>
<StgValue><ssdm name="empty_0"/></StgValue>
</bind>
</comp>

<comp id="28" class="1001" name="const_28">
<pin_list>
<pin id="29" dir="1" index="0" bw="1" slack="2147483647"/>
</pin_list>
<bind>
<StgValue><ssdm name="_ssdm_op_SpecTopModule"/></StgValue>
</bind>
</comp>

<comp id="30" class="1001" name="const_30">
<pin_list>
<pin id="31" dir="1" index="0" bw="1" slack="2147483647"/>
</pin_list>
<bind>
<StgValue><ssdm name="empty_3"/></StgValue>
</bind>
</comp>

<comp id="32" class="1001" name="const_32">
<pin_list>
<pin id="33" dir="1" index="0" bw="1" slack="2147483647"/>
</pin_list>
<bind>
<StgValue><ssdm name="_ssdm_op_SpecInterface"/></StgValue>
</bind>
</comp>

<comp id="34" class="1001" name="const_34">
<pin_list>
<pin id="35" dir="1" index="0" bw="1" slack="2147483647"/>
</pin_list>
<bind>
<StgValue><ssdm name="empty_2"/></StgValue>
</bind>
</comp>

<comp id="36" class="1001" name="const_36">
<pin_list>
<pin id="37" dir="1" index="0" bw="1" slack="2147483647"/>
</pin_list>
<bind>
<StgValue><ssdm name=""/></StgValue>
</bind>
</comp>

<comp id="38" class="1001" name="const_38">
<pin_list>
<pin id="39" dir="1" index="0" bw="1" slack="2147483647"/>
</pin_list>
<bind>
<StgValue><ssdm name="empty_1"/></StgValue>
</bind>
</comp>

<comp id="40" class="1001" name="const_40">
<pin_list>
<pin id="41" dir="1" index="0" bw="1" slack="2147483647"/>
</pin_list>
<bind>
<StgValue><ssdm name="_ssdm_op_SpecBitsMap"/></StgValue>
</bind>
</comp>

<comp id="42" class="1001" name="const_42">
<pin_list>
<pin id="43" dir="1" index="0" bw="1" slack="2147483647"/>
</pin_list>
<bind>
<StgValue><ssdm name="_ssdm_op_SpecChannel"/></StgValue>
</bind>
</comp>

<comp id="44" class="1001" name="const_44">
<pin_list>
<pin id="45" dir="1" index="0" bw="1" slack="2147483647"/>
</pin_list>
<bind>
<StgValue><ssdm name="layer2_out_str"/></StgValue>
</bind>
</comp>

<comp id="46" class="1001" name="const_46">
<pin_list>
<pin id="47" dir="1" index="0" bw="1" slack="2147483647"/>
</pin_list>
<bind>
<StgValue><ssdm name="p_str"/></StgValue>
</bind>
</comp>

<comp id="48" class="1001" name="const_48">
<pin_list>
<pin id="49" dir="1" index="0" bw="1" slack="2147483647"/>
</pin_list>
<bind>
<StgValue><ssdm name="empty"/></StgValue>
</bind>
</comp>

<comp id="50" class="1001" name="const_50">
<pin_list>
<pin id="51" dir="1" index="0" bw="1" slack="2147483647"/>
</pin_list>
<bind>
<StgValue><ssdm name="layer3_out_str"/></StgValue>
</bind>
</comp>

<comp id="52" class="1001" name="const_52">
<pin_list>
<pin id="53" dir="1" index="0" bw="1" slack="2147483647"/>
</pin_list>
<bind>
<StgValue><ssdm name="layer4_out_str"/></StgValue>
</bind>
</comp>

<comp id="54" class="1001" name="const_54">
<pin_list>
<pin id="55" dir="1" index="0" bw="1" slack="2147483647"/>
</pin_list>
<bind>
<StgValue><ssdm name="_ssdm_op_SpecMemCore"/></StgValue>
</bind>
</comp>

<comp id="56" class="1001" name="const_56">
<pin_list>
<pin id="57" dir="1" index="0" bw="1" slack="2147483647"/>
</pin_list>
<bind>
<StgValue><ssdm name=""/></StgValue>
</bind>
</comp>

<comp id="58" class="1001" name="const_58">
<pin_list>
<pin id="59" dir="1" index="0" bw="1" slack="2147483647"/>
</pin_list>
<bind>
<StgValue><ssdm name=""/></StgValue>
</bind>
</comp>

<comp id="60" class="1001" name="const_60">
<pin_list>
<pin id="61" dir="1" index="0" bw="1" slack="2147483647"/>
</pin_list>
<bind>
<StgValue><ssdm name=""/></StgValue>
</bind>
</comp>

<comp id="62" class="1004" name="layer2_out_fu_62">
<pin_list>
<pin id="63" dir="0" index="0" bw="1" slack="0"/>
<pin id="64" dir="1" index="1" bw="512" slack="1"/>
</pin_list>
<bind>
<opcode="alloca(26) " fcode="alloca"/>
<opset="layer2_out/1 "/>
</bind>
</comp>

<comp id="66" class="1004" name="layer3_out_fu_66">
<pin_list>
<pin id="67" dir="0" index="0" bw="1" slack="0"/>
<pin id="68" dir="1" index="1" bw="512" slack="3"/>
</pin_list>
<bind>
<opcode="alloca(26) " fcode="alloca"/>
<opset="layer3_out/1 "/>
</bind>
</comp>

<comp id="70" class="1004" name="layer4_out_fu_70">
<pin_list>
<pin id="71" dir="0" index="0" bw="1" slack="0"/>
<pin id="72" dir="1" index="1" bw="16" slack="5"/>
</pin_list>
<bind>
<opcode="alloca(26) " fcode="alloca"/>
<opset="layer4_out/1 "/>
</bind>
</comp>

<comp id="74" class="1004" name="grp_dense_array_ap_fixed_10u_array_ap_fixed_16_6_5_3_0_32u_config2_s_fu_74">
<pin_list>
<pin id="75" dir="0" index="0" bw="0" slack="0"/>
<pin id="76" dir="0" index="1" bw="160" slack="0"/>
<pin id="77" dir="0" index="2" bw="512" slack="1"/>
<pin id="78" dir="0" index="3" bw="1020" slack="0"/>
<pin id="79" dir="1" index="4" bw="0" slack="2147483647"/>
</pin_list>
<bind>
<opcode="call(48) " fcode="call"/>
<opset="call_ln41/2 "/>
</bind>
</comp>

<comp id="83" class="1004" name="grp_relu_array_ap_fixed_32u_array_ap_fixed_16_6_5_3_0_32u_relu_config3_s_fu_83">
<pin_list>
<pin id="84" dir="0" index="0" bw="0" slack="0"/>
<pin id="85" dir="0" index="1" bw="512" slack="3"/>
<pin id="86" dir="0" index="2" bw="512" slack="3"/>
<pin id="87" dir="1" index="3" bw="0" slack="2147483647"/>
</pin_list>
<bind>
<opcode="call(48) " fcode="call"/>
<opset="call_ln43/4 "/>
</bind>
</comp>

<comp id="89" class="1004" name="grp_dense_array_ap_fixed_32u_array_ap_fixed_16_6_5_3_0_1u_config4_s_fu_89">
<pin_list>
<pin id="90" dir="0" index="0" bw="0" slack="0"/>
<pin id="91" dir="0" index="1" bw="512" slack="5"/>
<pin id="92" dir="0" index="2" bw="16" slack="5"/>
<pin id="93" dir="0" index="3" bw="123" slack="0"/>
<pin id="94" dir="1" index="4" bw="0" slack="2147483647"/>
</pin_list>
<bind>
<opcode="call(48) " fcode="call"/>
<opset="call_ln45/6 "/>
</bind>
</comp>

<comp id="97" class="1004" name="grp_sigmoid_array_array_ap_fixed_16_6_5_3_0_1u_sigmoid_config5_s_fu_97">
<pin_list>
<pin id="98" dir="0" index="0" bw="0" slack="0"/>
<pin id="99" dir="0" index="1" bw="16" slack="7"/>
<pin id="100" dir="0" index="2" bw="16" slack="0"/>
<pin id="101" dir="0" index="3" bw="10" slack="0"/>
<pin id="102" dir="1" index="4" bw="0" slack="2147483647"/>
</pin_list>
<bind>
<opcode="call(48) " fcode="call"/>
<opset="call_ln47/8 "/>
</bind>
</comp>

<comp id="106" class="1005" name="layer2_out_reg_106">
<pin_list>
<pin id="107" dir="0" index="0" bw="512" slack="1"/>
<pin id="108" dir="1" index="1" bw="512" slack="1"/>
</pin_list>
<bind>
<opset="layer2_out "/>
</bind>
</comp>

<comp id="112" class="1005" name="layer3_out_reg_112">
<pin_list>
<pin id="113" dir="0" index="0" bw="512" slack="3"/>
<pin id="114" dir="1" index="1" bw="512" slack="3"/>
</pin_list>
<bind>
<opset="layer3_out "/>
</bind>
</comp>

<comp id="118" class="1005" name="layer4_out_reg_118">
<pin_list>
<pin id="119" dir="0" index="0" bw="16" slack="5"/>
<pin id="120" dir="1" index="1" bw="16" slack="5"/>
</pin_list>
<bind>
<opset="layer4_out "/>
</bind>
</comp>

</comp_list>

<net_list>
<net id="65"><net_src comp="10" pin="0"/><net_sink comp="62" pin=0"/></net>

<net id="69"><net_src comp="10" pin="0"/><net_sink comp="66" pin=0"/></net>

<net id="73"><net_src comp="10" pin="0"/><net_sink comp="70" pin=0"/></net>

<net id="80"><net_src comp="12" pin="0"/><net_sink comp="74" pin=0"/></net>

<net id="81"><net_src comp="0" pin="0"/><net_sink comp="74" pin=1"/></net>

<net id="82"><net_src comp="4" pin="0"/><net_sink comp="74" pin=3"/></net>

<net id="88"><net_src comp="14" pin="0"/><net_sink comp="83" pin=0"/></net>

<net id="95"><net_src comp="16" pin="0"/><net_sink comp="89" pin=0"/></net>

<net id="96"><net_src comp="6" pin="0"/><net_sink comp="89" pin=3"/></net>

<net id="103"><net_src comp="18" pin="0"/><net_sink comp="97" pin=0"/></net>

<net id="104"><net_src comp="2" pin="0"/><net_sink comp="97" pin=2"/></net>

<net id="105"><net_src comp="8" pin="0"/><net_sink comp="97" pin=3"/></net>

<net id="109"><net_src comp="62" pin="1"/><net_sink comp="106" pin=0"/></net>

<net id="110"><net_src comp="106" pin="1"/><net_sink comp="74" pin=2"/></net>

<net id="111"><net_src comp="106" pin="1"/><net_sink comp="83" pin=1"/></net>

<net id="115"><net_src comp="66" pin="1"/><net_sink comp="112" pin=0"/></net>

<net id="116"><net_src comp="112" pin="1"/><net_sink comp="83" pin=2"/></net>

<net id="117"><net_src comp="112" pin="1"/><net_sink comp="89" pin=1"/></net>

<net id="121"><net_src comp="70" pin="1"/><net_sink comp="118" pin=0"/></net>

<net id="122"><net_src comp="118" pin="1"/><net_sink comp="89" pin=2"/></net>

<net id="123"><net_src comp="118" pin="1"/><net_sink comp="97" pin=1"/></net>

</net_list>

</model> 
---------------- Datapath Model END ------------------

* FSMD analyzer results:
  - Output states:
	Port: layer5_out | {8 9 }
 - Input state : 
	Port: myproject : input_1 | {2 3 }
	Port: myproject : w2_66 | {2 3 }
	Port: myproject : w4_67 | {6 7 }
	Port: myproject : sigmoid_table | {8 9 }
  - Chain level:
	State 1
	State 2
	State 3
	State 4
	State 5
	State 6
	State 7
	State 8
	State 9
	State 10


============================================================
+ Verbose Summary: Datapath Resource usage 
============================================================

* Functional unit list:
|----------|--------------------------------------------------------------------------------|---------|---------|---------|---------|
| Operation|                                 Functional Unit                                |   DSP   |  Delay  |    FF   |   LUT   |
|----------|--------------------------------------------------------------------------------|---------|---------|---------|---------|
|          |   grp_dense_array_ap_fixed_10u_array_ap_fixed_16_6_5_3_0_32u_config2_s_fu_74   |    64   | 208.028 |  10107  |   2851  |
|   call   | grp_relu_array_ap_fixed_32u_array_ap_fixed_16_6_5_3_0_32u_relu_config3_s_fu_83 |    0    |    0    |   1472  |   1216  |
|          |    grp_dense_array_ap_fixed_32u_array_ap_fixed_16_6_5_3_0_1u_config4_s_fu_89   |    8    |  30.172 |   3019  |   551   |
|          |     grp_sigmoid_array_array_ap_fixed_16_6_5_3_0_1u_sigmoid_config5_s_fu_97     |    0    |  3.176  |    92   |   161   |
|----------|--------------------------------------------------------------------------------|---------|---------|---------|---------|
|   Total  |                                                                                |    72   | 241.376 |  14690  |   4779  |
|----------|--------------------------------------------------------------------------------|---------|---------|---------|---------|

Memories:
+-------------+--------+--------+--------+
|             |  BRAM  |   FF   |   LUT  |
+-------------+--------+--------+--------+
|sigmoid_table|    1   |    0   |    0   |
|    w2_66    |   29   |    0   |    0   |
|    w4_67    |    4   |    0   |    0   |
+-------------+--------+--------+--------+
|    Total    |   34   |    0   |    0   |
+-------------+--------+--------+--------+

* Register list:
+------------------+--------+
|                  |   FF   |
+------------------+--------+
|layer2_out_reg_106|   512  |
|layer3_out_reg_112|   512  |
|layer4_out_reg_118|   16   |
+------------------+--------+
|       Total      |  1040  |
+------------------+--------+

* Multiplexer (MUX) list: 
|--------|------|------|------|--------|
|  Comp  |  Pin | Size |  BW  | S x BW |
|--------|------|------|------|--------|
|  Total |      |      |      |    0   |
|--------|------|------|------|--------|



* Summary:
+-----------+--------+--------+--------+--------+--------+
|           |  BRAM  |   DSP  |  Delay |   FF   |   LUT  |
+-----------+--------+--------+--------+--------+--------+
|  Function |    -   |   72   |   241  |  14690 |  4779  |
|   Memory  |   34   |    -   |    -   |    0   |    0   |
|Multiplexer|    -   |    -   |    -   |    -   |    -   |
|  Register |    -   |    -   |    -   |  1040  |    -   |
+-----------+--------+--------+--------+--------+--------+
|   Total   |   34   |   72   |   241  |  15730 |  4779  |
+-----------+--------+--------+--------+--------+--------+
