

================================================================
== Vitis HLS Report for 'sigmoid_array_array_ap_fixed_16_6_5_3_0_1u_sigmoid_config5_s'
================================================================
* Date:           Mon Sep 21 23:22:09 2026

* Version:        2023.1.1 (Build 3869133 on Jun 15 2023)
* Project:        myproject_prj
* Solution:       solution1 (Vivado IP Flow Target)
* Product family: zynq
* Target device:  xc7z020-clg400-1


================================================================
== Performance Estimates
================================================================
+ Timing: 
    * Summary: 
    +--------+---------+----------+------------+
    |  Clock |  Target | Estimated| Uncertainty|
    +--------+---------+----------+------------+
    |ap_clk  |  5.00 ns|  3.556 ns|     1.35 ns|
    +--------+---------+----------+------------+

+ Latency: 
    * Summary: 
    +---------+---------+-----------+-----------+-----+-----+---------+
    |  Latency (cycles) |   Latency (absolute)  |  Interval | Pipeline|
    |   min   |   max   |    min    |    max    | min | max |   Type  |
    +---------+---------+-----------+-----------+-----+-----+---------+
    |        6|        6|  30.000 ns|  30.000 ns|    6|    6|       no|
    +---------+---------+-----------+-----------+-----+-----+---------+

    + Detail: 
        * Instance: 
        N/A

        * Loop: 
        N/A



================================================================
== Utilization Estimates
================================================================
* Summary: 
+-----------------+---------+-----+--------+-------+-----+
|       Name      | BRAM_18K| DSP |   FF   |  LUT  | URAM|
+-----------------+---------+-----+--------+-------+-----+
|DSP              |        -|    -|       -|      -|    -|
|Expression       |        -|    -|       0|    142|    -|
|FIFO             |        -|    -|       -|      -|    -|
|Instance         |        -|    -|       -|      -|    -|
|Memory           |        1|    -|       0|      0|    -|
|Multiplexer      |        -|    -|       -|     69|    -|
|Register         |        -|    -|      74|      -|    -|
+-----------------+---------+-----+--------+-------+-----+
|Total            |        1|    0|      74|    211|    0|
+-----------------+---------+-----+--------+-------+-----+
|Available        |      280|  220|  106400|  53200|    0|
+-----------------+---------+-----+--------+-------+-----+
|Utilization (%)  |       ~0|    0|      ~0|     ~0|    0|
+-----------------+---------+-----+--------+-------+-----+

+ Detail: 
    * Instance: 
    N/A

    * DSP: 
    N/A

    * Memory: 
    +-----------------+----------------------------------------------------------------------------------+---------+---+----+-----+------+-----+------+-------------+
    |      Memory     |                                      Module                                      | BRAM_18K| FF| LUT| URAM| Words| Bits| Banks| W*Bits*Banks|
    +-----------------+----------------------------------------------------------------------------------+---------+---+----+-----+------+-----+------+-------------+
    |sigmoid_table_U  |sigmoid_array_array_ap_fixed_16_6_5_3_0_1u_sigmoid_config5_s_sigmoid_table_ROdEe  |        1|  0|   0|    0|  1024|   10|     1|        10240|
    +-----------------+----------------------------------------------------------------------------------+---------+---+----+-----+------+-----+------+-------------+
    |Total            |                                                                                  |        1|  0|   0|    0|  1024|   10|     1|        10240|
    +-----------------+----------------------------------------------------------------------------------+---------+---+----+-----+------+-----+------+-------------+

    * FIFO: 
    N/A

    * Expression: 
    +-----------------------+----------+----+---+----+------------+------------+
    |     Variable Name     | Operation| DSP| FF| LUT| Bitwidth P0| Bitwidth P1|
    +-----------------------+----------+----+---+----+------------+------------+
    |add_ln90_fu_134_p2     |         +|   0|  0|  14|          13|           1|
    |index_fu_155_p2        |         +|   0|  0|  14|          13|          10|
    |icmp_ln90_1_fu_112_p2  |      icmp|   0|  0|  13|          10|           1|
    |icmp_ln90_fu_128_p2    |      icmp|   0|  0|  33|          26|           5|
    |icmp_ln94_fu_170_p2    |      icmp|   0|  0|  11|           3|           1|
    |ap_block_state1        |        or|   0|  0|   2|           1|           1|
    |ap_block_state7        |        or|   0|  0|   2|           1|           1|
    |or_ln92_fu_213_p2      |        or|   0|  0|   2|           1|           1|
    |data_round_fu_147_p3   |    select|   0|  0|  13|           1|          13|
    |index_1_fu_218_p3      |    select|   0|  0|  10|           1|          10|
    |select_ln90_fu_140_p3  |    select|   0|  0|  13|           1|          13|
    |select_ln92_fu_205_p3  |    select|   0|  0|   2|           1|           2|
    |xor_ln91_fu_179_p2     |       xor|   0|  0|  11|          10|          11|
    |xor_ln92_fu_199_p2     |       xor|   0|  0|   2|           1|           2|
    +-----------------------+----------+----+---+----+------------+------------+
    |Total                  |          |   0|  0| 142|          83|          72|
    +-----------------------+----------+----+---+----+------------+------------+

    * Multiplexer: 
    +------------------------+----+-----------+-----+-----------+
    |          Name          | LUT| Input Size| Bits| Total Bits|
    +------------------------+----+-----------+-----+-----------+
    |ap_NS_fsm               |  42|          8|    1|          8|
    |ap_done                 |   9|          2|    1|          2|
    |layer4_out_blk_n        |   9|          2|    1|          2|
    |layer5_out_TDATA_blk_n  |   9|          2|    1|          2|
    +------------------------+----+-----------+-----+-----------+
    |Total                   |  69|         14|    4|         14|
    +------------------------+----+-----------+-----+-----------+

    * Register: 
    +---------------------+----+----+-----+-----------+
    |         Name        | FF | LUT| Bits| Const Bits|
    +---------------------+----+----+-----+-----------+
    |ap_CS_fsm            |   7|   0|    7|          0|
    |ap_done_reg          |   1|   0|    1|          0|
    |data_round_reg_250   |  13|   0|   13|          0|
    |icmp_ln90_1_reg_245  |   1|   0|    1|          0|
    |icmp_ln94_reg_262    |   1|   0|    1|          0|
    |in_data_reg_235      |  16|   0|   16|          0|
    |index_1_reg_267      |  10|   0|   10|          0|
    |index_reg_256        |  13|   0|   13|          0|
    |tmp_2_reg_240        |  12|   0|   12|          0|
    +---------------------+----+----+-----+-----------+
    |Total                |  74|   0|   74|          0|
    +---------------------+----+----+-----+-----------+



================================================================
== Interface
================================================================
* Summary: 
+---------------------------+-----+-----+------------+---------------------------------------------------------------+--------------+
|         RTL Ports         | Dir | Bits|  Protocol  |                         Source Object                         |    C Type    |
+---------------------------+-----+-----+------------+---------------------------------------------------------------+--------------+
|ap_clk                     |   in|    1|  ap_ctrl_hs|  sigmoid<array,array<ap_fixed<16,6,5,3,0>,1u>,sigmoid_config5>|  return value|
|ap_rst                     |   in|    1|  ap_ctrl_hs|  sigmoid<array,array<ap_fixed<16,6,5,3,0>,1u>,sigmoid_config5>|  return value|
|ap_start                   |   in|    1|  ap_ctrl_hs|  sigmoid<array,array<ap_fixed<16,6,5,3,0>,1u>,sigmoid_config5>|  return value|
|ap_done                    |  out|    1|  ap_ctrl_hs|  sigmoid<array,array<ap_fixed<16,6,5,3,0>,1u>,sigmoid_config5>|  return value|
|ap_continue                |   in|    1|  ap_ctrl_hs|  sigmoid<array,array<ap_fixed<16,6,5,3,0>,1u>,sigmoid_config5>|  return value|
|ap_idle                    |  out|    1|  ap_ctrl_hs|  sigmoid<array,array<ap_fixed<16,6,5,3,0>,1u>,sigmoid_config5>|  return value|
|ap_ready                   |  out|    1|  ap_ctrl_hs|  sigmoid<array,array<ap_fixed<16,6,5,3,0>,1u>,sigmoid_config5>|  return value|
|layer4_out_dout            |   in|   16|     ap_fifo|                                                     layer4_out|       pointer|
|layer4_out_num_data_valid  |   in|    2|     ap_fifo|                                                     layer4_out|       pointer|
|layer4_out_fifo_cap        |   in|    2|     ap_fifo|                                                     layer4_out|       pointer|
|layer4_out_empty_n         |   in|    1|     ap_fifo|                                                     layer4_out|       pointer|
|layer4_out_read            |  out|    1|     ap_fifo|                                                     layer4_out|       pointer|
|layer5_out_TDATA           |  out|   16|        axis|                                                     layer5_out|       pointer|
|layer5_out_TVALID          |  out|    1|        axis|                                                     layer5_out|       pointer|
|layer5_out_TREADY          |   in|    1|        axis|                                                     layer5_out|       pointer|
+---------------------------+-----+-----+------------+---------------------------------------------------------------+--------------+

============================================================
+ Verbose Summary: Synthesis Manager
============================================================
InlineROM: 1
ExposeGlobal: 0
============================================================
+ Verbose Summary: CDFG Model
============================================================
IsTopModel: 0
ResetActiveHigh: 1
IsCombinational: 2
IsDatapathOnly: 0
HasWiredReturn: 1
HasMFsm: 0
HasVarLatency: 1
IsPipeline: 0
IsRtlPipelined: 0
IsInstanceOverlapped: 0
IsDontTouch: 0
HasImplIP: 0
IsGatedGlobalClock: 0


============================================================
+ Verbose Summary: Schedule
============================================================
* Number of FSM states : 7
* Pipeline : 0
* Dataflow Pipeline: 0

* FSM state transitions: 
1 --> 2 
2 --> 3 
3 --> 4 
4 --> 5 
5 --> 6 
6 --> 7 
7 --> 

* FSM state operations: 

State 1 <SV = 0> <Delay = 3.55>
ST_1 : Operation 8 [1/1] (1.82ns)   --->   "%in_data = read i16 @_ssdm_op_Read.ap_fifo.volatile.i16P0A, i16 %layer4_out" [firmware/nnet_utils/nnet_activation_stream.h:83]   --->   Operation 8 'read' 'in_data' <Predicate = true> <Delay = 1.82> <CoreInst = "FIFO_SRL">   --->   Core 81 'FIFO_SRL' <Latency = 0> <II = 1> <Delay = 3.63> <Storage> <Opcode : 'read' 'write' 'nbread' 'nbwrite'> <Ports = 0> <Width = 16> <Depth = 1> <FIFO>
ST_1 : Operation 9 [1/1] (0.00ns)   --->   "%tmp_2 = partselect i12 @_ssdm_op_PartSelect.i12.i16.i32.i32, i16 %in_data, i32 4, i32 15" [firmware/nnet_utils/nnet_activation_stream.h:90]   --->   Operation 9 'partselect' 'tmp_2' <Predicate = true> <Delay = 0.00>
ST_1 : Operation 10 [1/1] (0.00ns)   --->   "%trunc_ln90 = trunc i16 %in_data" [firmware/nnet_utils/nnet_activation_stream.h:90]   --->   Operation 10 'trunc' 'trunc_ln90' <Predicate = true> <Delay = 0.00>
ST_1 : Operation 11 [1/1] (0.00ns)   --->   "%tmp_1 = bitconcatenate i10 @_ssdm_op_BitConcatenate.i10.i4.i6, i4 %trunc_ln90, i6 0" [firmware/nnet_utils/nnet_activation_stream.h:90]   --->   Operation 11 'bitconcatenate' 'tmp_1' <Predicate = true> <Delay = 0.00>
ST_1 : Operation 12 [1/1] (1.73ns)   --->   "%icmp_ln90_1 = icmp_eq  i10 %tmp_1, i10 0" [firmware/nnet_utils/nnet_activation_stream.h:90]   --->   Operation 12 'icmp' 'icmp_ln90_1' <Predicate = true> <Delay = 1.73> <CoreInst = "Cmp">   --->   Core 9 'Cmp' <Latency = 0> <II = 1> <Delay = 1.73> <FuncUnit> <Opcode : 'icmp'> <InPorts = 2> <OutPorts = 1>

State 2 <SV = 1> <Delay = 3.07>
ST_2 : Operation 13 [1/1] (0.00ns)   --->   "%shl_ln = bitconcatenate i26 @_ssdm_op_BitConcatenate.i26.i16.i10, i16 %in_data, i10 0" [firmware/nnet_utils/nnet_activation_stream.h:90]   --->   Operation 13 'bitconcatenate' 'shl_ln' <Predicate = true> <Delay = 0.00>
ST_2 : Operation 14 [1/1] (0.00ns)   --->   "%sext_ln90 = sext i12 %tmp_2" [firmware/nnet_utils/nnet_activation_stream.h:90]   --->   Operation 14 'sext' 'sext_ln90' <Predicate = true> <Delay = 0.00>
ST_2 : Operation 15 [1/1] (2.37ns)   --->   "%icmp_ln90 = icmp_slt  i26 %shl_ln, i26 67108849" [firmware/nnet_utils/nnet_activation_stream.h:90]   --->   Operation 15 'icmp' 'icmp_ln90' <Predicate = true> <Delay = 2.37> <CoreInst = "Cmp">   --->   Core 9 'Cmp' <Latency = 0> <II = 1> <Delay = 2.37> <FuncUnit> <Opcode : 'icmp'> <InPorts = 2> <OutPorts = 1>
ST_2 : Operation 16 [1/1] (1.54ns)   --->   "%add_ln90 = add i13 %sext_ln90, i13 1" [firmware/nnet_utils/nnet_activation_stream.h:90]   --->   Operation 16 'add' 'add_ln90' <Predicate = (!icmp_ln90_1)> <Delay = 1.54> <CoreInst = "Adder">   --->   Core 1 'Adder' <Latency = 0> <II = 1> <Delay = 1.67> <FuncUnit> <Opcode : 'add' 'sub'> <InPorts = 2> <OutPorts = 1>
ST_2 : Operation 17 [1/1] (0.00ns) (grouped into LUT with out node data_round)   --->   "%select_ln90 = select i1 %icmp_ln90_1, i13 %sext_ln90, i13 %add_ln90" [firmware/nnet_utils/nnet_activation_stream.h:90]   --->   Operation 17 'select' 'select_ln90' <Predicate = true> <Delay = 0.00> <CoreInst = "Sel">   --->   Core 73 'Sel' <Latency = 0> <II = 1> <Delay = 0.69> <FuncUnit> <Opcode : 'select'> <InPorts = 3> <OutPorts = 1>
ST_2 : Operation 18 [1/1] (0.69ns) (out node of the LUT)   --->   "%data_round = select i1 %icmp_ln90, i13 %select_ln90, i13 %sext_ln90" [firmware/nnet_utils/nnet_activation_stream.h:90]   --->   Operation 18 'select' 'data_round' <Predicate = true> <Delay = 0.69> <CoreInst = "Sel">   --->   Core 73 'Sel' <Latency = 0> <II = 1> <Delay = 0.69> <FuncUnit> <Opcode : 'select'> <InPorts = 3> <OutPorts = 1>

State 3 <SV = 2> <Delay = 3.32>
ST_3 : Operation 19 [1/1] (1.67ns)   --->   "%index = add i13 %data_round, i13 512" [firmware/nnet_utils/nnet_activation_stream.h:91]   --->   Operation 19 'add' 'index' <Predicate = true> <Delay = 1.67> <CoreInst = "Adder">   --->   Core 1 'Adder' <Latency = 0> <II = 1> <Delay = 1.67> <FuncUnit> <Opcode : 'add' 'sub'> <InPorts = 2> <OutPorts = 1>
ST_3 : Operation 20 [1/1] (0.00ns)   --->   "%tmp_3 = partselect i3 @_ssdm_op_PartSelect.i3.i13.i32.i32, i13 %index, i32 10, i32 12" [firmware/nnet_utils/nnet_activation_stream.h:94]   --->   Operation 20 'partselect' 'tmp_3' <Predicate = true> <Delay = 0.00>
ST_3 : Operation 21 [1/1] (1.65ns)   --->   "%icmp_ln94 = icmp_ne  i3 %tmp_3, i3 0" [firmware/nnet_utils/nnet_activation_stream.h:94]   --->   Operation 21 'icmp' 'icmp_ln94' <Predicate = true> <Delay = 1.65> <CoreInst = "Cmp">   --->   Core 9 'Cmp' <Latency = 0> <II = 1> <Delay = 1.65> <FuncUnit> <Opcode : 'icmp'> <InPorts = 2> <OutPorts = 1>

State 4 <SV = 3> <Delay = 0.99>
ST_4 : Operation 22 [1/1] (0.00ns) (grouped into LUT with out node index_1)   --->   "%trunc_ln91 = trunc i13 %data_round" [firmware/nnet_utils/nnet_activation_stream.h:91]   --->   Operation 22 'trunc' 'trunc_ln91' <Predicate = true> <Delay = 0.00>
ST_4 : Operation 23 [1/1] (0.00ns) (grouped into LUT with out node index_1)   --->   "%xor_ln91 = xor i10 %trunc_ln91, i10 512" [firmware/nnet_utils/nnet_activation_stream.h:91]   --->   Operation 23 'xor' 'xor_ln91' <Predicate = true> <Delay = 0.00> <CoreInst = "LogicGate">   --->   Core 74 'LogicGate' <Latency = 0> <II = 1> <Delay = 0.99> <FuncUnit> <Opcode : 'and' 'or' 'xor'> <InPorts = 2> <OutPorts = 1>
ST_4 : Operation 24 [1/1] (0.00ns) (grouped into LUT with out node index_1)   --->   "%tmp = bitselect i1 @_ssdm_op_BitSelect.i1.i13.i32, i13 %index, i32 12" [firmware/nnet_utils/nnet_activation_stream.h:92]   --->   Operation 24 'bitselect' 'tmp' <Predicate = true> <Delay = 0.00>
ST_4 : Operation 25 [1/1] (0.00ns) (grouped into LUT with out node index_1)   --->   "%tmp_4 = bitselect i1 @_ssdm_op_BitSelect.i1.i13.i32, i13 %index, i32 12" [firmware/nnet_utils/nnet_activation_stream.h:92]   --->   Operation 25 'bitselect' 'tmp_4' <Predicate = true> <Delay = 0.00>
ST_4 : Operation 26 [1/1] (0.00ns) (grouped into LUT with out node index_1)   --->   "%xor_ln92 = xor i1 %tmp_4, i1 1" [firmware/nnet_utils/nnet_activation_stream.h:92]   --->   Operation 26 'xor' 'xor_ln92' <Predicate = true> <Delay = 0.00> <CoreInst = "LogicGate">   --->   Core 74 'LogicGate' <Latency = 0> <II = 1> <Delay = 0.97> <FuncUnit> <Opcode : 'and' 'or' 'xor'> <InPorts = 2> <OutPorts = 1>
ST_4 : Operation 27 [1/1] (0.00ns) (grouped into LUT with out node index_1)   --->   "%select_ln92 = select i1 %xor_ln92, i10 1023, i10 0" [firmware/nnet_utils/nnet_activation_stream.h:92]   --->   Operation 27 'select' 'select_ln92' <Predicate = true> <Delay = 0.00> <CoreInst = "Sel">   --->   Core 73 'Sel' <Latency = 0> <II = 1> <Delay = 0.99> <FuncUnit> <Opcode : 'select'> <InPorts = 3> <OutPorts = 1>
ST_4 : Operation 28 [1/1] (0.00ns) (grouped into LUT with out node index_1)   --->   "%or_ln92 = or i1 %tmp, i1 %icmp_ln94" [firmware/nnet_utils/nnet_activation_stream.h:92]   --->   Operation 28 'or' 'or_ln92' <Predicate = true> <Delay = 0.00> <CoreInst = "LogicGate">   --->   Core 74 'LogicGate' <Latency = 0> <II = 1> <Delay = 0.97> <FuncUnit> <Opcode : 'and' 'or' 'xor'> <InPorts = 2> <OutPorts = 1>
ST_4 : Operation 29 [1/1] (0.99ns) (out node of the LUT)   --->   "%index_1 = select i1 %or_ln92, i10 %select_ln92, i10 %xor_ln91" [firmware/nnet_utils/nnet_activation_stream.h:92]   --->   Operation 29 'select' 'index_1' <Predicate = true> <Delay = 0.99> <CoreInst = "Sel">   --->   Core 73 'Sel' <Latency = 0> <II = 1> <Delay = 0.68> <FuncUnit> <Opcode : 'select'> <InPorts = 3> <OutPorts = 1>

State 5 <SV = 4> <Delay = 3.25>
ST_5 : Operation 30 [1/1] (0.00ns)   --->   "%zext_ln96 = zext i10 %index_1" [firmware/nnet_utils/nnet_activation_stream.h:96]   --->   Operation 30 'zext' 'zext_ln96' <Predicate = true> <Delay = 0.00>
ST_5 : Operation 31 [1/1] (0.00ns)   --->   "%sigmoid_table_addr = getelementptr i10 %sigmoid_table, i64 0, i64 %zext_ln96" [firmware/nnet_utils/nnet_activation_stream.h:96]   --->   Operation 31 'getelementptr' 'sigmoid_table_addr' <Predicate = true> <Delay = 0.00>
ST_5 : Operation 32 [2/2] (3.25ns)   --->   "%sigmoid_table_load = load i10 %sigmoid_table_addr" [firmware/nnet_utils/nnet_activation_stream.h:96]   --->   Operation 32 'load' 'sigmoid_table_load' <Predicate = true> <Delay = 3.25> <CoreInst = "ROM">   --->   Core 95 'ROM' <Latency = 1> <II = 1> <Delay = 3.25> <Storage> <Opcode : 'load'> <Ports = 0> <Width = 10> <Depth = 1024> <ROM>

State 6 <SV = 5> <Delay = 3.25>
ST_6 : Operation 33 [1/2] (3.25ns)   --->   "%sigmoid_table_load = load i10 %sigmoid_table_addr" [firmware/nnet_utils/nnet_activation_stream.h:96]   --->   Operation 33 'load' 'sigmoid_table_load' <Predicate = true> <Delay = 3.25> <CoreInst = "ROM">   --->   Core 95 'ROM' <Latency = 1> <II = 1> <Delay = 3.25> <Storage> <Opcode : 'load'> <Ports = 0> <Width = 10> <Depth = 1024> <ROM>
ST_6 : Operation 34 [1/1] (0.00ns)   --->   "%zext_ln96_1 = zext i10 %sigmoid_table_load" [firmware/nnet_utils/nnet_activation_stream.h:96]   --->   Operation 34 'zext' 'zext_ln96_1' <Predicate = true> <Delay = 0.00>
ST_6 : Operation 35 [2/2] (0.00ns)   --->   "%write_ln99 = write void @_ssdm_op_Write.axis.volatile.i16P128A, i16 %layer5_out, i16 %zext_ln96_1" [firmware/nnet_utils/nnet_activation_stream.h:99]   --->   Operation 35 'write' 'write_ln99' <Predicate = true> <Delay = 0.00> <CoreInst = "axis">   --->   Core 115 'axis' <Latency = 0> <II = 1> <Delay = 1.00> <Adapter> <Opcode : >

State 7 <SV = 6> <Delay = 0.00>
ST_7 : Operation 36 [1/1] (0.00ns)   --->   "%specinterface_ln0 = specinterface void @_ssdm_op_SpecInterface, i16 %layer4_out, void @empty, i32 0, i32 0, void @empty_0, i32 0, i32 0, void @empty_0, void @empty_0, void @empty_0, i32 0, i32 0, i32 0, i32 0, void @empty_0, void @empty_0, i32 4294967295, i32 0"   --->   Operation 36 'specinterface' 'specinterface_ln0' <Predicate = true> <Delay = 0.00>
ST_7 : Operation 37 [1/1] (0.00ns)   --->   "%specinterface_ln0 = specinterface void @_ssdm_op_SpecInterface, i16 %layer5_out, void @empty_2, i32 1, i32 1, void @empty_1, i32 0, i32 0, void @empty_0, void @empty_0, void @empty_0, i32 0, i32 0, i32 0, i32 0, void @empty_0, void @empty_0, i32 4294967295, i32 0"   --->   Operation 37 'specinterface' 'specinterface_ln0' <Predicate = true> <Delay = 0.00>
ST_7 : Operation 38 [1/2] (0.00ns)   --->   "%write_ln99 = write void @_ssdm_op_Write.axis.volatile.i16P128A, i16 %layer5_out, i16 %zext_ln96_1" [firmware/nnet_utils/nnet_activation_stream.h:99]   --->   Operation 38 'write' 'write_ln99' <Predicate = true> <Delay = 0.00> <CoreInst = "axis">   --->   Core 115 'axis' <Latency = 0> <II = 1> <Delay = 1.00> <Adapter> <Opcode : >
ST_7 : Operation 39 [1/1] (0.00ns)   --->   "%ret_ln101 = ret" [firmware/nnet_utils/nnet_activation_stream.h:101]   --->   Operation 39 'ret' 'ret_ln101' <Predicate = true> <Delay = 0.00>


============================================================
+ Verbose Summary: Binding
============================================================
STG Binding: 
---------------- STG Properties BEGIN ----------------
- Is combinational: 0
- Is one-state seq: 0
- Is datapath-only: 0
- Is pipelined: 0
- Is top level: 0
Port [ Return ] is wired: 1; IO mode=ap_ctrl_hs:ce=0
Port [ layer4_out]:  wired=1; compound=1; hidden=0; nouse=0; global=0; static=0; extern=0; dir=0; type=3; pingpong=0; private_global=0; IO mode=ap_fifo:ce=0
Port [ layer5_out]:  wired=1; compound=1; hidden=0; nouse=0; global=0; static=0; extern=0; dir=1; type=0; pingpong=0; private_global=0; IO mode=axis:ce=0
Port [ sigmoid_table]:  wired=0; compound=1; hidden=1; nouse=0; global=1; static=1; extern=0; dir=0; type=1; pingpong=0; private_global=1; MemPort=[1]; IO mode=ap_memory:ce=0
---------------- STG Properties END ------------------

---------------- Datapath Model BEGIN ----------------

<LifeTime>
<method=bitvector/>
in_data            (read          ) [ 00100000]
tmp_2              (partselect    ) [ 00100000]
trunc_ln90         (trunc         ) [ 00000000]
tmp_1              (bitconcatenate) [ 00000000]
icmp_ln90_1        (icmp          ) [ 00100000]
shl_ln             (bitconcatenate) [ 00000000]
sext_ln90          (sext          ) [ 00000000]
icmp_ln90          (icmp          ) [ 00000000]
add_ln90           (add           ) [ 00000000]
select_ln90        (select        ) [ 00000000]
data_round         (select        ) [ 00011000]
index              (add           ) [ 00001000]
tmp_3              (partselect    ) [ 00000000]
icmp_ln94          (icmp          ) [ 00001000]
trunc_ln91         (trunc         ) [ 00000000]
xor_ln91           (xor           ) [ 00000000]
tmp                (bitselect     ) [ 00000000]
tmp_4              (bitselect     ) [ 00000000]
xor_ln92           (xor           ) [ 00000000]
select_ln92        (select        ) [ 00000000]
or_ln92            (or            ) [ 00000000]
index_1            (select        ) [ 00000100]
zext_ln96          (zext          ) [ 00000000]
sigmoid_table_addr (getelementptr ) [ 00000010]
sigmoid_table_load (load          ) [ 00000000]
zext_ln96_1        (zext          ) [ 00000001]
specinterface_ln0  (specinterface ) [ 00000000]
specinterface_ln0  (specinterface ) [ 00000000]
write_ln99         (write         ) [ 00000000]
ret_ln101          (ret           ) [ 00000000]
</LifeTime>

<model>

<comp_list>
<comp id="0" class="1000" name="layer4_out">
<pin_list>
<pin id="1" dir="1" index="0" bw="1" slack="0"/>
</pin_list>
<bind>
<StgValue><ssdm name="layer4_out"/></StgValue>
</bind>
</comp>

<comp id="2" class="1000" name="layer5_out">
<pin_list>
<pin id="3" dir="1" index="0" bw="1" slack="0"/>
</pin_list>
<bind>
<StgValue><ssdm name="layer5_out"/></StgValue>
</bind>
</comp>

<comp id="4" class="1000" name="sigmoid_table">
<pin_list>
<pin id="5" dir="1" index="0" bw="1" slack="0"/>
</pin_list>
<bind>
<StgValue><ssdm name="sigmoid_table"/><MemPortTyVec>1 </MemPortTyVec>
</StgValue>
</bind>
</comp>

<comp id="6" class="1001" name="const_6">
<pin_list>
<pin id="7" dir="1" index="0" bw="1" slack="0"/>
</pin_list>
<bind>
<StgValue><ssdm name="_ssdm_op_Read.ap_fifo.volatile.i16P0A"/></StgValue>
</bind>
</comp>

<comp id="8" class="1001" name="const_8">
<pin_list>
<pin id="9" dir="1" index="0" bw="1" slack="0"/>
</pin_list>
<bind>
<StgValue><ssdm name="_ssdm_op_PartSelect.i12.i16.i32.i32"/></StgValue>
</bind>
</comp>

<comp id="10" class="1001" name="const_10">
<pin_list>
<pin id="11" dir="1" index="0" bw="1" slack="0"/>
</pin_list>
<bind>
<StgValue><ssdm name=""/></StgValue>
</bind>
</comp>

<comp id="12" class="1001" name="const_12">
<pin_list>
<pin id="13" dir="1" index="0" bw="1" slack="0"/>
</pin_list>
<bind>
<StgValue><ssdm name=""/></StgValue>
</bind>
</comp>

<comp id="14" class="1001" name="const_14">
<pin_list>
<pin id="15" dir="1" index="0" bw="1" slack="0"/>
</pin_list>
<bind>
<StgValue><ssdm name="_ssdm_op_BitConcatenate.i10.i4.i6"/></StgValue>
</bind>
</comp>

<comp id="16" class="1001" name="const_16">
<pin_list>
<pin id="17" dir="1" index="0" bw="1" slack="0"/>
</pin_list>
<bind>
<StgValue><ssdm name=""/></StgValue>
</bind>
</comp>

<comp id="18" class="1001" name="const_18">
<pin_list>
<pin id="19" dir="1" index="0" bw="1" slack="0"/>
</pin_list>
<bind>
<StgValue><ssdm name=""/></StgValue>
</bind>
</comp>

<comp id="20" class="1001" name="const_20">
<pin_list>
<pin id="21" dir="1" index="0" bw="1" slack="0"/>
</pin_list>
<bind>
<StgValue><ssdm name="_ssdm_op_BitConcatenate.i26.i16.i10"/></StgValue>
</bind>
</comp>

<comp id="22" class="1001" name="const_22">
<pin_list>
<pin id="23" dir="1" index="0" bw="1" slack="0"/>
</pin_list>
<bind>
<StgValue><ssdm name=""/></StgValue>
</bind>
</comp>

<comp id="24" class="1001" name="const_24">
<pin_list>
<pin id="25" dir="1" index="0" bw="1" slack="0"/>
</pin_list>
<bind>
<StgValue><ssdm name=""/></StgValue>
</bind>
</comp>

<comp id="26" class="1001" name="const_26">
<pin_list>
<pin id="27" dir="1" index="0" bw="1" slack="0"/>
</pin_list>
<bind>
<StgValue><ssdm name=""/></StgValue>
</bind>
</comp>

<comp id="28" class="1001" name="const_28">
<pin_list>
<pin id="29" dir="1" index="0" bw="1" slack="0"/>
</pin_list>
<bind>
<StgValue><ssdm name="_ssdm_op_PartSelect.i3.i13.i32.i32"/></StgValue>
</bind>
</comp>

<comp id="30" class="1001" name="const_30">
<pin_list>
<pin id="31" dir="1" index="0" bw="1" slack="0"/>
</pin_list>
<bind>
<StgValue><ssdm name=""/></StgValue>
</bind>
</comp>

<comp id="32" class="1001" name="const_32">
<pin_list>
<pin id="33" dir="1" index="0" bw="1" slack="0"/>
</pin_list>
<bind>
<StgValue><ssdm name=""/></StgValue>
</bind>
</comp>

<comp id="34" class="1001" name="const_34">
<pin_list>
<pin id="35" dir="1" index="0" bw="1" slack="0"/>
</pin_list>
<bind>
<StgValue><ssdm name=""/></StgValue>
</bind>
</comp>

<comp id="36" class="1001" name="const_36">
<pin_list>
<pin id="37" dir="1" index="0" bw="1" slack="0"/>
</pin_list>
<bind>
<StgValue><ssdm name=""/></StgValue>
</bind>
</comp>

<comp id="38" class="1001" name="const_38">
<pin_list>
<pin id="39" dir="1" index="0" bw="1" slack="0"/>
</pin_list>
<bind>
<StgValue><ssdm name="_ssdm_op_BitSelect.i1.i13.i32"/></StgValue>
</bind>
</comp>

<comp id="40" class="1001" name="const_40">
<pin_list>
<pin id="41" dir="1" index="0" bw="1" slack="0"/>
</pin_list>
<bind>
<StgValue><ssdm name=""/></StgValue>
</bind>
</comp>

<comp id="42" class="1001" name="const_42">
<pin_list>
<pin id="43" dir="1" index="0" bw="1" slack="0"/>
</pin_list>
<bind>
<StgValue><ssdm name=""/></StgValue>
</bind>
</comp>

<comp id="44" class="1001" name="const_44">
<pin_list>
<pin id="45" dir="1" index="0" bw="1" slack="0"/>
</pin_list>
<bind>
<StgValue><ssdm name=""/></StgValue>
</bind>
</comp>

<comp id="46" class="1001" name="const_46">
<pin_list>
<pin id="47" dir="1" index="0" bw="1" slack="0"/>
</pin_list>
<bind>
<StgValue><ssdm name="_ssdm_op_Write.axis.volatile.i16P128A"/></StgValue>
</bind>
</comp>

<comp id="48" class="1001" name="const_48">
<pin_list>
<pin id="49" dir="1" index="0" bw="1" slack="2147483647"/>
</pin_list>
<bind>
<StgValue><ssdm name="_ssdm_op_SpecInterface"/></StgValue>
</bind>
</comp>

<comp id="50" class="1001" name="const_50">
<pin_list>
<pin id="51" dir="1" index="0" bw="1" slack="2147483647"/>
</pin_list>
<bind>
<StgValue><ssdm name="empty"/></StgValue>
</bind>
</comp>

<comp id="52" class="1001" name="const_52">
<pin_list>
<pin id="53" dir="1" index="0" bw="1" slack="2147483647"/>
</pin_list>
<bind>
<StgValue><ssdm name=""/></StgValue>
</bind>
</comp>

<comp id="54" class="1001" name="const_54">
<pin_list>
<pin id="55" dir="1" index="0" bw="1" slack="2147483647"/>
</pin_list>
<bind>
<StgValue><ssdm name="empty_0"/></StgValue>
</bind>
</comp>

<comp id="56" class="1001" name="const_56">
<pin_list>
<pin id="57" dir="1" index="0" bw="1" slack="2147483647"/>
</pin_list>
<bind>
<StgValue><ssdm name=""/></StgValue>
</bind>
</comp>

<comp id="58" class="1001" name="const_58">
<pin_list>
<pin id="59" dir="1" index="0" bw="1" slack="2147483647"/>
</pin_list>
<bind>
<StgValue><ssdm name="empty_2"/></StgValue>
</bind>
</comp>

<comp id="60" class="1001" name="const_60">
<pin_list>
<pin id="61" dir="1" index="0" bw="1" slack="2147483647"/>
</pin_list>
<bind>
<StgValue><ssdm name=""/></StgValue>
</bind>
</comp>

<comp id="62" class="1001" name="const_62">
<pin_list>
<pin id="63" dir="1" index="0" bw="1" slack="2147483647"/>
</pin_list>
<bind>
<StgValue><ssdm name="empty_1"/></StgValue>
</bind>
</comp>

<comp id="64" class="1004" name="in_data_read_fu_64">
<pin_list>
<pin id="65" dir="0" index="0" bw="16" slack="0"/>
<pin id="66" dir="0" index="1" bw="16" slack="0"/>
<pin id="67" dir="1" index="2" bw="16" slack="0"/>
</pin_list>
<bind>
<opcode="read(1150) " fcode="read"/>
<opset="in_data/1 "/>
</bind>
</comp>

<comp id="70" class="1004" name="grp_write_fu_70">
<pin_list>
<pin id="71" dir="0" index="0" bw="0" slack="0"/>
<pin id="72" dir="0" index="1" bw="16" slack="0"/>
<pin id="73" dir="0" index="2" bw="10" slack="0"/>
<pin id="74" dir="1" index="3" bw="0" slack="2147483647"/>
</pin_list>
<bind>
<opcode="write(1151) " fcode="write"/>
<opset="write_ln99/6 "/>
</bind>
</comp>

<comp id="77" class="1004" name="sigmoid_table_addr_gep_fu_77">
<pin_list>
<pin id="78" dir="0" index="0" bw="10" slack="0"/>
<pin id="79" dir="0" index="1" bw="1" slack="0"/>
<pin id="80" dir="0" index="2" bw="10" slack="0"/>
<pin id="81" dir="1" index="3" bw="10" slack="0"/>
</pin_list>
<bind>
<opcode="getelementptr(29) " fcode="getelementptr"/>
<opset="sigmoid_table_addr/5 "/>
</bind>
</comp>

<comp id="84" class="1004" name="grp_access_fu_84">
<pin_list>
<pin id="85" dir="0" index="0" bw="10" slack="0"/>
<pin id="86" dir="0" index="1" bw="10" slack="2147483647"/>
<pin id="87" dir="0" index="2" bw="0" slack="2147483647"/>
<pin id="88" dir="1" index="3" bw="10" slack="0"/>
</pin_list>
<bind>
<opcode="load(27) " fcode="load"/>
<opset="sigmoid_table_load/5 "/>
</bind>
</comp>

<comp id="90" class="1004" name="tmp_2_fu_90">
<pin_list>
<pin id="91" dir="0" index="0" bw="12" slack="0"/>
<pin id="92" dir="0" index="1" bw="16" slack="0"/>
<pin id="93" dir="0" index="2" bw="4" slack="0"/>
<pin id="94" dir="0" index="3" bw="5" slack="0"/>
<pin id="95" dir="1" index="4" bw="12" slack="1"/>
</pin_list>
<bind>
<opcode="partselect(1002) " fcode="partselect"/>
<opset="tmp_2/1 "/>
</bind>
</comp>

<comp id="100" class="1004" name="trunc_ln90_fu_100">
<pin_list>
<pin id="101" dir="0" index="0" bw="16" slack="0"/>
<pin id="102" dir="1" index="1" bw="4" slack="0"/>
</pin_list>
<bind>
<opcode="trunc(33) " fcode="trunc"/>
<opset="trunc_ln90/1 "/>
</bind>
</comp>

<comp id="104" class="1004" name="tmp_1_fu_104">
<pin_list>
<pin id="105" dir="0" index="0" bw="10" slack="0"/>
<pin id="106" dir="0" index="1" bw="4" slack="0"/>
<pin id="107" dir="0" index="2" bw="1" slack="0"/>
<pin id="108" dir="1" index="3" bw="10" slack="0"/>
</pin_list>
<bind>
<opcode="bitconcatenate(1004) " fcode="bitconcatenate"/>
<opset="tmp_1/1 "/>
</bind>
</comp>

<comp id="112" class="1004" name="icmp_ln90_1_fu_112">
<pin_list>
<pin id="113" dir="0" index="0" bw="10" slack="0"/>
<pin id="114" dir="0" index="1" bw="10" slack="0"/>
<pin id="115" dir="1" index="2" bw="1" slack="1"/>
</pin_list>
<bind>
<opcode="icmp(45) " fcode="icmp"/>
<opset="icmp_ln90_1/1 "/>
</bind>
</comp>

<comp id="118" class="1004" name="shl_ln_fu_118">
<pin_list>
<pin id="119" dir="0" index="0" bw="26" slack="0"/>
<pin id="120" dir="0" index="1" bw="16" slack="1"/>
<pin id="121" dir="0" index="2" bw="1" slack="0"/>
<pin id="122" dir="1" index="3" bw="26" slack="0"/>
</pin_list>
<bind>
<opcode="bitconcatenate(1004) " fcode="bitconcatenate"/>
<opset="shl_ln/2 "/>
</bind>
</comp>

<comp id="125" class="1004" name="sext_ln90_fu_125">
<pin_list>
<pin id="126" dir="0" index="0" bw="12" slack="1"/>
<pin id="127" dir="1" index="1" bw="13" slack="0"/>
</pin_list>
<bind>
<opcode="sext(35) " fcode="sext"/>
<opset="sext_ln90/2 "/>
</bind>
</comp>

<comp id="128" class="1004" name="icmp_ln90_fu_128">
<pin_list>
<pin id="129" dir="0" index="0" bw="26" slack="0"/>
<pin id="130" dir="0" index="1" bw="26" slack="0"/>
<pin id="131" dir="1" index="2" bw="1" slack="0"/>
</pin_list>
<bind>
<opcode="icmp(45) " fcode="icmp"/>
<opset="icmp_ln90/2 "/>
</bind>
</comp>

<comp id="134" class="1004" name="add_ln90_fu_134">
<pin_list>
<pin id="135" dir="0" index="0" bw="12" slack="0"/>
<pin id="136" dir="0" index="1" bw="1" slack="0"/>
<pin id="137" dir="1" index="2" bw="13" slack="0"/>
</pin_list>
<bind>
<opcode="add(8) " fcode="add"/>
<opset="add_ln90/2 "/>
</bind>
</comp>

<comp id="140" class="1004" name="select_ln90_fu_140">
<pin_list>
<pin id="141" dir="0" index="0" bw="1" slack="1"/>
<pin id="142" dir="0" index="1" bw="13" slack="0"/>
<pin id="143" dir="0" index="2" bw="13" slack="0"/>
<pin id="144" dir="1" index="3" bw="13" slack="0"/>
</pin_list>
<bind>
<opcode="select(49) " fcode="select"/>
<opset="select_ln90/2 "/>
</bind>
</comp>

<comp id="147" class="1004" name="data_round_fu_147">
<pin_list>
<pin id="148" dir="0" index="0" bw="1" slack="0"/>
<pin id="149" dir="0" index="1" bw="13" slack="0"/>
<pin id="150" dir="0" index="2" bw="13" slack="0"/>
<pin id="151" dir="1" index="3" bw="13" slack="1"/>
</pin_list>
<bind>
<opcode="select(49) " fcode="select"/>
<opset="data_round/2 "/>
</bind>
</comp>

<comp id="155" class="1004" name="index_fu_155">
<pin_list>
<pin id="156" dir="0" index="0" bw="13" slack="1"/>
<pin id="157" dir="0" index="1" bw="11" slack="0"/>
<pin id="158" dir="1" index="2" bw="13" slack="0"/>
</pin_list>
<bind>
<opcode="add(8) " fcode="add"/>
<opset="index/3 "/>
</bind>
</comp>

<comp id="160" class="1004" name="tmp_3_fu_160">
<pin_list>
<pin id="161" dir="0" index="0" bw="3" slack="0"/>
<pin id="162" dir="0" index="1" bw="13" slack="0"/>
<pin id="163" dir="0" index="2" bw="5" slack="0"/>
<pin id="164" dir="0" index="3" bw="5" slack="0"/>
<pin id="165" dir="1" index="4" bw="3" slack="0"/>
</pin_list>
<bind>
<opcode="partselect(1002) " fcode="partselect"/>
<opset="tmp_3/3 "/>
</bind>
</comp>

<comp id="170" class="1004" name="icmp_ln94_fu_170">
<pin_list>
<pin id="171" dir="0" index="0" bw="3" slack="0"/>
<pin id="172" dir="0" index="1" bw="3" slack="0"/>
<pin id="173" dir="1" index="2" bw="1" slack="1"/>
</pin_list>
<bind>
<opcode="icmp(45) " fcode="icmp"/>
<opset="icmp_ln94/3 "/>
</bind>
</comp>

<comp id="176" class="1004" name="trunc_ln91_fu_176">
<pin_list>
<pin id="177" dir="0" index="0" bw="13" slack="2"/>
<pin id="178" dir="1" index="1" bw="10" slack="0"/>
</pin_list>
<bind>
<opcode="trunc(33) " fcode="trunc"/>
<opset="trunc_ln91/4 "/>
</bind>
</comp>

<comp id="179" class="1004" name="xor_ln91_fu_179">
<pin_list>
<pin id="180" dir="0" index="0" bw="10" slack="0"/>
<pin id="181" dir="0" index="1" bw="10" slack="0"/>
<pin id="182" dir="1" index="2" bw="10" slack="0"/>
</pin_list>
<bind>
<opcode="xor(25) " fcode="xor"/>
<opset="xor_ln91/4 "/>
</bind>
</comp>

<comp id="185" class="1004" name="tmp_fu_185">
<pin_list>
<pin id="186" dir="0" index="0" bw="1" slack="0"/>
<pin id="187" dir="0" index="1" bw="13" slack="1"/>
<pin id="188" dir="0" index="2" bw="5" slack="0"/>
<pin id="189" dir="1" index="3" bw="1" slack="0"/>
</pin_list>
<bind>
<opcode="bitselect(1000) " fcode="bitselect"/>
<opset="tmp/4 "/>
</bind>
</comp>

<comp id="192" class="1004" name="tmp_4_fu_192">
<pin_list>
<pin id="193" dir="0" index="0" bw="1" slack="0"/>
<pin id="194" dir="0" index="1" bw="13" slack="1"/>
<pin id="195" dir="0" index="2" bw="5" slack="0"/>
<pin id="196" dir="1" index="3" bw="1" slack="0"/>
</pin_list>
<bind>
<opcode="bitselect(1000) " fcode="bitselect"/>
<opset="tmp_4/4 "/>
</bind>
</comp>

<comp id="199" class="1004" name="xor_ln92_fu_199">
<pin_list>
<pin id="200" dir="0" index="0" bw="1" slack="0"/>
<pin id="201" dir="0" index="1" bw="1" slack="0"/>
<pin id="202" dir="1" index="2" bw="1" slack="0"/>
</pin_list>
<bind>
<opcode="xor(25) " fcode="xor"/>
<opset="xor_ln92/4 "/>
</bind>
</comp>

<comp id="205" class="1004" name="select_ln92_fu_205">
<pin_list>
<pin id="206" dir="0" index="0" bw="1" slack="0"/>
<pin id="207" dir="0" index="1" bw="10" slack="0"/>
<pin id="208" dir="0" index="2" bw="10" slack="0"/>
<pin id="209" dir="1" index="3" bw="10" slack="0"/>
</pin_list>
<bind>
<opcode="select(49) " fcode="select"/>
<opset="select_ln92/4 "/>
</bind>
</comp>

<comp id="213" class="1004" name="or_ln92_fu_213">
<pin_list>
<pin id="214" dir="0" index="0" bw="1" slack="0"/>
<pin id="215" dir="0" index="1" bw="1" slack="1"/>
<pin id="216" dir="1" index="2" bw="1" slack="0"/>
</pin_list>
<bind>
<opcode="or(24) " fcode="or"/>
<opset="or_ln92/4 "/>
</bind>
</comp>

<comp id="218" class="1004" name="index_1_fu_218">
<pin_list>
<pin id="219" dir="0" index="0" bw="1" slack="0"/>
<pin id="220" dir="0" index="1" bw="10" slack="0"/>
<pin id="221" dir="0" index="2" bw="10" slack="0"/>
<pin id="222" dir="1" index="3" bw="10" slack="1"/>
</pin_list>
<bind>
<opcode="select(49) " fcode="select"/>
<opset="index_1/4 "/>
</bind>
</comp>

<comp id="226" class="1004" name="zext_ln96_fu_226">
<pin_list>
<pin id="227" dir="0" index="0" bw="10" slack="1"/>
<pin id="228" dir="1" index="1" bw="64" slack="0"/>
</pin_list>
<bind>
<opcode="zext(34) " fcode="zext"/>
<opset="zext_ln96/5 "/>
</bind>
</comp>

<comp id="230" class="1004" name="zext_ln96_1_fu_230">
<pin_list>
<pin id="231" dir="0" index="0" bw="10" slack="0"/>
<pin id="232" dir="1" index="1" bw="16" slack="0"/>
</pin_list>
<bind>
<opcode="zext(34) " fcode="zext"/>
<opset="zext_ln96_1/6 "/>
</bind>
</comp>

<comp id="235" class="1005" name="in_data_reg_235">
<pin_list>
<pin id="236" dir="0" index="0" bw="16" slack="1"/>
<pin id="237" dir="1" index="1" bw="16" slack="1"/>
</pin_list>
<bind>
<opset="in_data "/>
</bind>
</comp>

<comp id="240" class="1005" name="tmp_2_reg_240">
<pin_list>
<pin id="241" dir="0" index="0" bw="12" slack="1"/>
<pin id="242" dir="1" index="1" bw="12" slack="1"/>
</pin_list>
<bind>
<opset="tmp_2 "/>
</bind>
</comp>

<comp id="245" class="1005" name="icmp_ln90_1_reg_245">
<pin_list>
<pin id="246" dir="0" index="0" bw="1" slack="1"/>
<pin id="247" dir="1" index="1" bw="1" slack="1"/>
</pin_list>
<bind>
<opset="icmp_ln90_1 "/>
</bind>
</comp>

<comp id="250" class="1005" name="data_round_reg_250">
<pin_list>
<pin id="251" dir="0" index="0" bw="13" slack="1"/>
<pin id="252" dir="1" index="1" bw="13" slack="1"/>
</pin_list>
<bind>
<opset="data_round "/>
</bind>
</comp>

<comp id="256" class="1005" name="index_reg_256">
<pin_list>
<pin id="257" dir="0" index="0" bw="13" slack="1"/>
<pin id="258" dir="1" index="1" bw="13" slack="1"/>
</pin_list>
<bind>
<opset="index "/>
</bind>
</comp>

<comp id="262" class="1005" name="icmp_ln94_reg_262">
<pin_list>
<pin id="263" dir="0" index="0" bw="1" slack="1"/>
<pin id="264" dir="1" index="1" bw="1" slack="1"/>
</pin_list>
<bind>
<opset="icmp_ln94 "/>
</bind>
</comp>

<comp id="267" class="1005" name="index_1_reg_267">
<pin_list>
<pin id="268" dir="0" index="0" bw="10" slack="1"/>
<pin id="269" dir="1" index="1" bw="10" slack="1"/>
</pin_list>
<bind>
<opset="index_1 "/>
</bind>
</comp>

<comp id="272" class="1005" name="sigmoid_table_addr_reg_272">
<pin_list>
<pin id="273" dir="0" index="0" bw="10" slack="1"/>
<pin id="274" dir="1" index="1" bw="10" slack="1"/>
</pin_list>
<bind>
<opset="sigmoid_table_addr "/>
</bind>
</comp>

<comp id="277" class="1005" name="zext_ln96_1_reg_277">
<pin_list>
<pin id="278" dir="0" index="0" bw="16" slack="1"/>
<pin id="279" dir="1" index="1" bw="16" slack="1"/>
</pin_list>
<bind>
<opset="zext_ln96_1 "/>
</bind>
</comp>

</comp_list>

<net_list>
<net id="68"><net_src comp="6" pin="0"/><net_sink comp="64" pin=0"/></net>

<net id="69"><net_src comp="0" pin="0"/><net_sink comp="64" pin=1"/></net>

<net id="75"><net_src comp="46" pin="0"/><net_sink comp="70" pin=0"/></net>

<net id="76"><net_src comp="2" pin="0"/><net_sink comp="70" pin=1"/></net>

<net id="82"><net_src comp="4" pin="0"/><net_sink comp="77" pin=0"/></net>

<net id="83"><net_src comp="44" pin="0"/><net_sink comp="77" pin=1"/></net>

<net id="89"><net_src comp="77" pin="3"/><net_sink comp="84" pin=0"/></net>

<net id="96"><net_src comp="8" pin="0"/><net_sink comp="90" pin=0"/></net>

<net id="97"><net_src comp="64" pin="2"/><net_sink comp="90" pin=1"/></net>

<net id="98"><net_src comp="10" pin="0"/><net_sink comp="90" pin=2"/></net>

<net id="99"><net_src comp="12" pin="0"/><net_sink comp="90" pin=3"/></net>

<net id="103"><net_src comp="64" pin="2"/><net_sink comp="100" pin=0"/></net>

<net id="109"><net_src comp="14" pin="0"/><net_sink comp="104" pin=0"/></net>

<net id="110"><net_src comp="100" pin="1"/><net_sink comp="104" pin=1"/></net>

<net id="111"><net_src comp="16" pin="0"/><net_sink comp="104" pin=2"/></net>

<net id="116"><net_src comp="104" pin="3"/><net_sink comp="112" pin=0"/></net>

<net id="117"><net_src comp="18" pin="0"/><net_sink comp="112" pin=1"/></net>

<net id="123"><net_src comp="20" pin="0"/><net_sink comp="118" pin=0"/></net>

<net id="124"><net_src comp="18" pin="0"/><net_sink comp="118" pin=2"/></net>

<net id="132"><net_src comp="118" pin="3"/><net_sink comp="128" pin=0"/></net>

<net id="133"><net_src comp="22" pin="0"/><net_sink comp="128" pin=1"/></net>

<net id="138"><net_src comp="125" pin="1"/><net_sink comp="134" pin=0"/></net>

<net id="139"><net_src comp="24" pin="0"/><net_sink comp="134" pin=1"/></net>

<net id="145"><net_src comp="125" pin="1"/><net_sink comp="140" pin=1"/></net>

<net id="146"><net_src comp="134" pin="2"/><net_sink comp="140" pin=2"/></net>

<net id="152"><net_src comp="128" pin="2"/><net_sink comp="147" pin=0"/></net>

<net id="153"><net_src comp="140" pin="3"/><net_sink comp="147" pin=1"/></net>

<net id="154"><net_src comp="125" pin="1"/><net_sink comp="147" pin=2"/></net>

<net id="159"><net_src comp="26" pin="0"/><net_sink comp="155" pin=1"/></net>

<net id="166"><net_src comp="28" pin="0"/><net_sink comp="160" pin=0"/></net>

<net id="167"><net_src comp="155" pin="2"/><net_sink comp="160" pin=1"/></net>

<net id="168"><net_src comp="30" pin="0"/><net_sink comp="160" pin=2"/></net>

<net id="169"><net_src comp="32" pin="0"/><net_sink comp="160" pin=3"/></net>

<net id="174"><net_src comp="160" pin="4"/><net_sink comp="170" pin=0"/></net>

<net id="175"><net_src comp="34" pin="0"/><net_sink comp="170" pin=1"/></net>

<net id="183"><net_src comp="176" pin="1"/><net_sink comp="179" pin=0"/></net>

<net id="184"><net_src comp="36" pin="0"/><net_sink comp="179" pin=1"/></net>

<net id="190"><net_src comp="38" pin="0"/><net_sink comp="185" pin=0"/></net>

<net id="191"><net_src comp="32" pin="0"/><net_sink comp="185" pin=2"/></net>

<net id="197"><net_src comp="38" pin="0"/><net_sink comp="192" pin=0"/></net>

<net id="198"><net_src comp="32" pin="0"/><net_sink comp="192" pin=2"/></net>

<net id="203"><net_src comp="192" pin="3"/><net_sink comp="199" pin=0"/></net>

<net id="204"><net_src comp="40" pin="0"/><net_sink comp="199" pin=1"/></net>

<net id="210"><net_src comp="199" pin="2"/><net_sink comp="205" pin=0"/></net>

<net id="211"><net_src comp="42" pin="0"/><net_sink comp="205" pin=1"/></net>

<net id="212"><net_src comp="18" pin="0"/><net_sink comp="205" pin=2"/></net>

<net id="217"><net_src comp="185" pin="3"/><net_sink comp="213" pin=0"/></net>

<net id="223"><net_src comp="213" pin="2"/><net_sink comp="218" pin=0"/></net>

<net id="224"><net_src comp="205" pin="3"/><net_sink comp="218" pin=1"/></net>

<net id="225"><net_src comp="179" pin="2"/><net_sink comp="218" pin=2"/></net>

<net id="229"><net_src comp="226" pin="1"/><net_sink comp="77" pin=2"/></net>

<net id="233"><net_src comp="84" pin="3"/><net_sink comp="230" pin=0"/></net>

<net id="234"><net_src comp="230" pin="1"/><net_sink comp="70" pin=2"/></net>

<net id="238"><net_src comp="64" pin="2"/><net_sink comp="235" pin=0"/></net>

<net id="239"><net_src comp="235" pin="1"/><net_sink comp="118" pin=1"/></net>

<net id="243"><net_src comp="90" pin="4"/><net_sink comp="240" pin=0"/></net>

<net id="244"><net_src comp="240" pin="1"/><net_sink comp="125" pin=0"/></net>

<net id="248"><net_src comp="112" pin="2"/><net_sink comp="245" pin=0"/></net>

<net id="249"><net_src comp="245" pin="1"/><net_sink comp="140" pin=0"/></net>

<net id="253"><net_src comp="147" pin="3"/><net_sink comp="250" pin=0"/></net>

<net id="254"><net_src comp="250" pin="1"/><net_sink comp="155" pin=0"/></net>

<net id="255"><net_src comp="250" pin="1"/><net_sink comp="176" pin=0"/></net>

<net id="259"><net_src comp="155" pin="2"/><net_sink comp="256" pin=0"/></net>

<net id="260"><net_src comp="256" pin="1"/><net_sink comp="185" pin=1"/></net>

<net id="261"><net_src comp="256" pin="1"/><net_sink comp="192" pin=1"/></net>

<net id="265"><net_src comp="170" pin="2"/><net_sink comp="262" pin=0"/></net>

<net id="266"><net_src comp="262" pin="1"/><net_sink comp="213" pin=1"/></net>

<net id="270"><net_src comp="218" pin="3"/><net_sink comp="267" pin=0"/></net>

<net id="271"><net_src comp="267" pin="1"/><net_sink comp="226" pin=0"/></net>

<net id="275"><net_src comp="77" pin="3"/><net_sink comp="272" pin=0"/></net>

<net id="276"><net_src comp="272" pin="1"/><net_sink comp="84" pin=0"/></net>

<net id="280"><net_src comp="230" pin="1"/><net_sink comp="277" pin=0"/></net>

<net id="281"><net_src comp="277" pin="1"/><net_sink comp="70" pin=2"/></net>

</net_list>

</model> 
---------------- Datapath Model END ------------------

* FSMD analyzer results:
  - Output states:
	Port: layer5_out | {7 }
	Port: sigmoid_table | {}
 - Input state : 
	Port: sigmoid<array,array<ap_fixed<16,6,5,3,0>,1u>,sigmoid_config5> : layer4_out | {1 }
	Port: sigmoid<array,array<ap_fixed<16,6,5,3,0>,1u>,sigmoid_config5> : layer5_out | {}
	Port: sigmoid<array,array<ap_fixed<16,6,5,3,0>,1u>,sigmoid_config5> : sigmoid_table | {5 6 }
  - Chain level:
	State 1
		tmp_1 : 1
		icmp_ln90_1 : 2
	State 2
		icmp_ln90 : 1
		add_ln90 : 1
		select_ln90 : 2
		data_round : 3
	State 3
		tmp_3 : 1
		icmp_ln94 : 2
	State 4
		xor_ln91 : 1
		xor_ln92 : 1
		select_ln92 : 1
		or_ln92 : 1
		index_1 : 2
	State 5
		sigmoid_table_addr : 1
		sigmoid_table_load : 2
	State 6
		zext_ln96_1 : 1
		write_ln99 : 2
	State 7


============================================================
+ Verbose Summary: Datapath Resource usage 
============================================================

* Functional unit list:
|----------|--------------------|---------|---------|
| Operation|   Functional Unit  |    FF   |   LUT   |
|----------|--------------------|---------|---------|
|          | icmp_ln90_1_fu_112 |    0    |    13   |
|   icmp   |  icmp_ln90_fu_128  |    0    |    33   |
|          |  icmp_ln94_fu_170  |    0    |    11   |
|----------|--------------------|---------|---------|
|          | select_ln90_fu_140 |    0    |    13   |
|  select  |  data_round_fu_147 |    0    |    13   |
|          | select_ln92_fu_205 |    0    |    10   |
|          |   index_1_fu_218   |    0    |    10   |
|----------|--------------------|---------|---------|
|    add   |   add_ln90_fu_134  |    0    |    12   |
|          |    index_fu_155    |    0    |    14   |
|----------|--------------------|---------|---------|
|    xor   |   xor_ln91_fu_179  |    0    |    10   |
|          |   xor_ln92_fu_199  |    0    |    2    |
|----------|--------------------|---------|---------|
|    or    |   or_ln92_fu_213   |    0    |    2    |
|----------|--------------------|---------|---------|
|   read   | in_data_read_fu_64 |    0    |    0    |
|----------|--------------------|---------|---------|
|   write  |   grp_write_fu_70  |    0    |    0    |
|----------|--------------------|---------|---------|
|partselect|     tmp_2_fu_90    |    0    |    0    |
|          |    tmp_3_fu_160    |    0    |    0    |
|----------|--------------------|---------|---------|
|   trunc  |  trunc_ln90_fu_100 |    0    |    0    |
|          |  trunc_ln91_fu_176 |    0    |    0    |
|----------|--------------------|---------|---------|
|bitconcatenate|    tmp_1_fu_104    |    0    |    0    |
|          |    shl_ln_fu_118   |    0    |    0    |
|----------|--------------------|---------|---------|
|   sext   |  sext_ln90_fu_125  |    0    |    0    |
|----------|--------------------|---------|---------|
| bitselect|     tmp_fu_185     |    0    |    0    |
|          |    tmp_4_fu_192    |    0    |    0    |
|----------|--------------------|---------|---------|
|   zext   |  zext_ln96_fu_226  |    0    |    0    |
|          | zext_ln96_1_fu_230 |    0    |    0    |
|----------|--------------------|---------|---------|
|   Total  |                    |    0    |   143   |
|----------|--------------------|---------|---------|

Memories:
N/A

* Register list:
+--------------------------+--------+
|                          |   FF   |
+--------------------------+--------+
|    data_round_reg_250    |   13   |
|    icmp_ln90_1_reg_245   |    1   |
|     icmp_ln94_reg_262    |    1   |
|      in_data_reg_235     |   16   |
|      index_1_reg_267     |   10   |
|       index_reg_256      |   13   |
|sigmoid_table_addr_reg_272|   10   |
|       tmp_2_reg_240      |   12   |
|    zext_ln96_1_reg_277   |   16   |
+--------------------------+--------+
|           Total          |   92   |
+--------------------------+--------+

* Multiplexer (MUX) list: 
|------------------|------|------|------|--------||---------||---------|
|       Comp       |  Pin | Size |  BW  | S x BW ||  Delay  ||   LUT   |
|------------------|------|------|------|--------||---------||---------|
|  grp_write_fu_70 |  p2  |   2  |  10  |   20   ||    9    |
| grp_access_fu_84 |  p0  |   2  |  10  |   20   ||    9    |
|------------------|------|------|------|--------||---------||---------|
|       Total      |      |      |      |   40   ||  3.176  ||    18   |
|------------------|------|------|------|--------||---------||---------|



* Summary:
+-----------+--------+--------+--------+
|           |  Delay |   FF   |   LUT  |
+-----------+--------+--------+--------+
|  Function |    -   |    0   |   143  |
|   Memory  |    -   |    -   |    -   |
|Multiplexer|    3   |    -   |   18   |
|  Register |    -   |   92   |    -   |
+-----------+--------+--------+--------+
|   Total   |    3   |   92   |   161  |
+-----------+--------+--------+--------+
