

================================================================
== Vitis HLS Report for 'myproject'
================================================================
* Date:           Mon Sep 21 23:26:38 2026

* Version:        2023.1.1 (Build 3869133 on Jun 15 2023)
* Project:        myproject_prj
* Solution:       solution1 (Vivado IP Flow Target)
* Product family: zynq
* Target device:  xc7z020-clg400-1


================================================================
== Performance Estimates
================================================================
+ Timing: 
    * Summary: 
    +--------+---------+----------+------------+
    |  Clock |  Target | Estimated| Uncertainty|
    +--------+---------+----------+------------+
    |ap_clk  |  5.00 ns|  3.415 ns|     1.35 ns|
    +--------+---------+----------+------------+

+ Latency: 
    * Summary: 
    +---------+---------+----------+----------+-----+-----+----------+
    |  Latency (cycles) |  Latency (absolute) |  Interval | Pipeline |
    |   min   |   max   |    min   |    max   | min | max |   Type   |
    +---------+---------+----------+----------+-----+-----+----------+
    |       63|       63|  0.315 us|  0.315 us|   18|   18|  dataflow|
    +---------+---------+----------+----------+-----+-----+----------+

    + Detail: 
        * Instance: 
        +---------------------------------------------------------------------------------+----------------------------------------------------------------------+---------+---------+-----------+-----------+-----+-----+------------------------------------------+
        |                                                                                 |                                                                      |  Latency (cycles) |   Latency (absolute)  |  Interval |                 Pipeline                 |
        |                                     Instance                                    |                                Module                                |   min   |   max   |    min    |    max    | min | max |                   Type                   |
        +---------------------------------------------------------------------------------+----------------------------------------------------------------------+---------+---------+-----------+-----------+-----+-----+------------------------------------------+
        |grp_dense_array_ap_fixed_16u_array_ap_fixed_16_6_5_3_0_64u_config2_s_fu_112      |dense_array_ap_fixed_16u_array_ap_fixed_16_6_5_3_0_64u_config2_s      |       10|       11|  50.000 ns|  55.000 ns|    4|    4|  loop rewind stp(delay=0 clock cycles(s))|
        |grp_relu_array_ap_fixed_64u_array_ap_fixed_16_6_5_3_0_64u_relu_config3_s_fu_121  |relu_array_ap_fixed_64u_array_ap_fixed_16_6_5_3_0_64u_relu_config3_s  |        2|        2|  10.000 ns|  10.000 ns|    2|    2|                                        no|
        |grp_dense_array_ap_fixed_64u_array_ap_fixed_16_6_5_3_0_32u_config4_s_fu_127      |dense_array_ap_fixed_64u_array_ap_fixed_16_6_5_3_0_32u_config4_s      |       13|       14|  65.000 ns|  70.000 ns|    4|    4|  loop rewind stp(delay=0 clock cycles(s))|
        |grp_relu_array_ap_fixed_32u_array_ap_fixed_16_6_5_3_0_32u_relu_config5_s_fu_135  |relu_array_ap_fixed_32u_array_ap_fixed_16_6_5_3_0_32u_relu_config5_s  |        2|        2|  10.000 ns|  10.000 ns|    2|    2|                                        no|
        |grp_dense_array_ap_fixed_32u_array_ap_fixed_16_6_5_3_0_32u_config6_s_fu_141      |dense_array_ap_fixed_32u_array_ap_fixed_16_6_5_3_0_32u_config6_s      |       12|       13|  60.000 ns|  65.000 ns|    4|    4|  loop rewind stp(delay=0 clock cycles(s))|
        |grp_relu_array_ap_fixed_32u_array_ap_fixed_16_6_5_3_0_32u_relu_config7_s_fu_149  |relu_array_ap_fixed_32u_array_ap_fixed_16_6_5_3_0_32u_relu_config7_s  |        2|        2|  10.000 ns|  10.000 ns|    2|    2|                                        no|
        |grp_dense_array_ap_fixed_32u_array_ap_fixed_16_6_5_3_0_5u_config8_s_fu_155       |dense_array_ap_fixed_32u_array_ap_fixed_16_6_5_3_0_5u_config8_s       |       12|       13|  60.000 ns|  65.000 ns|    4|    4|  loop rewind stp(delay=0 clock cycles(s))|
        |grp_softmax_array_array_ap_fixed_16_6_5_3_0_5u_softmax_config9_s_fu_163          |softmax_array_array_ap_fixed_16_6_5_3_0_5u_softmax_config9_s          |       17|       17|  85.000 ns|  85.000 ns|   17|   17|                                        no|
        +---------------------------------------------------------------------------------+----------------------------------------------------------------------+---------+---------+-----------+-----------+-----+-----+------------------------------------------+

        * Loop: 
        N/A

============================================================
+ Verbose Summary: Synthesis Manager
============================================================
InlineROM: 1
ExposeGlobal: 0
============================================================
+ Verbose Summary: CDFG Model
============================================================
IsTopModel: 1
ResetActiveHigh: 1
IsCombinational: 2
IsDatapathOnly: 0
HasWiredReturn: 1
HasMFsm: 0
HasVarLatency: 1
IsPipeline: 0
IsRtlPipelined: 0
IsInstanceOverlapped: 0
IsDontTouch: 0
HasImplIP: 0
IsGatedGlobalClock: 0


============================================================
+ Verbose Summary: Schedule
============================================================
* Number of FSM states : 18
* Pipeline : 0
* Dataflow Pipeline: 1
  DF-Pipeline-0: Size = 18, States = { 1 2 3 4 5 6 7 8 9 10 11 12 13 14 15 16 17 18 }

* FSM state transitions: 
1 --> 2 
2 --> 3 
3 --> 4 
4 --> 5 
5 --> 6 
6 --> 7 
7 --> 8 
8 --> 9 
9 --> 10 
10 --> 11 
11 --> 12 
12 --> 13 
13 --> 14 
14 --> 15 
15 --> 16 
16 --> 17 
17 --> 18 
18 --> 

* FSM state operations: 

State 1 <SV = 0> <Delay = 0.00>
ST_1 : Operation 19 [1/1] (0.00ns)   --->   "%layer2_out = alloca i64 1"   --->   Operation 19 'alloca' 'layer2_out' <Predicate = true> <Delay = 0.00> <CoreInst = "FIFO_SRL">   --->   Core 81 'FIFO_SRL' <Latency = 0> <II = 1> <Delay = 3.63> <Storage> <Opcode : 'read' 'write' 'nbread' 'nbwrite'> <Ports = 0> <Width = 1024> <Depth = 1> <FIFO>
ST_1 : Operation 20 [1/1] (0.00ns)   --->   "%layer3_out = alloca i64 1"   --->   Operation 20 'alloca' 'layer3_out' <Predicate = true> <Delay = 0.00> <CoreInst = "FIFO_SRL">   --->   Core 81 'FIFO_SRL' <Latency = 0> <II = 1> <Delay = 3.63> <Storage> <Opcode : 'read' 'write' 'nbread' 'nbwrite'> <Ports = 0> <Width = 1024> <Depth = 1> <FIFO>
ST_1 : Operation 21 [1/1] (0.00ns)   --->   "%layer4_out = alloca i64 1"   --->   Operation 21 'alloca' 'layer4_out' <Predicate = true> <Delay = 0.00> <CoreInst = "FIFO_SRL">   --->   Core 81 'FIFO_SRL' <Latency = 0> <II = 1> <Delay = 3.63> <Storage> <Opcode : 'read' 'write' 'nbread' 'nbwrite'> <Ports = 0> <Width = 512> <Depth = 1> <FIFO>
ST_1 : Operation 22 [1/1] (0.00ns)   --->   "%layer5_out = alloca i64 1"   --->   Operation 22 'alloca' 'layer5_out' <Predicate = true> <Delay = 0.00> <CoreInst = "FIFO_SRL">   --->   Core 81 'FIFO_SRL' <Latency = 0> <II = 1> <Delay = 3.63> <Storage> <Opcode : 'read' 'write' 'nbread' 'nbwrite'> <Ports = 0> <Width = 512> <Depth = 1> <FIFO>
ST_1 : Operation 23 [1/1] (0.00ns)   --->   "%layer6_out = alloca i64 1"   --->   Operation 23 'alloca' 'layer6_out' <Predicate = true> <Delay = 0.00> <CoreInst = "FIFO_SRL">   --->   Core 81 'FIFO_SRL' <Latency = 0> <II = 1> <Delay = 3.63> <Storage> <Opcode : 'read' 'write' 'nbread' 'nbwrite'> <Ports = 0> <Width = 512> <Depth = 1> <FIFO>
ST_1 : Operation 24 [1/1] (0.00ns)   --->   "%layer7_out = alloca i64 1"   --->   Operation 24 'alloca' 'layer7_out' <Predicate = true> <Delay = 0.00> <CoreInst = "FIFO_SRL">   --->   Core 81 'FIFO_SRL' <Latency = 0> <II = 1> <Delay = 3.63> <Storage> <Opcode : 'read' 'write' 'nbread' 'nbwrite'> <Ports = 0> <Width = 512> <Depth = 1> <FIFO>
ST_1 : Operation 25 [1/1] (0.00ns)   --->   "%layer8_out = alloca i64 1"   --->   Operation 25 'alloca' 'layer8_out' <Predicate = true> <Delay = 0.00> <CoreInst = "FIFO_SRL">   --->   Core 81 'FIFO_SRL' <Latency = 0> <II = 1> <Delay = 3.63> <Storage> <Opcode : 'read' 'write' 'nbread' 'nbwrite'> <Ports = 0> <Width = 80> <Depth = 1> <FIFO>

State 2 <SV = 1> <Delay = 0.00>
ST_2 : Operation 26 [2/2] (0.00ns)   --->   "%call_ln57 = call void @dense<array<ap_fixed,16u>,array<ap_fixed<16,6,5,3,0>,64u>,config2>, i256 %input_1, i1024 %layer2_out, i4090 %w2" [firmware/myproject.cpp:57]   --->   Operation 26 'call' 'call_ln57' <Predicate = true> <Delay = 0.00> <CoreType = "Generic">   --->   Core 0 '' <Latency = 0> <II = 1> <Delay = 1.00> <Generic> <Opcode : >

State 3 <SV = 2> <Delay = 0.00>
ST_3 : Operation 27 [1/2] (0.00ns)   --->   "%call_ln57 = call void @dense<array<ap_fixed,16u>,array<ap_fixed<16,6,5,3,0>,64u>,config2>, i256 %input_1, i1024 %layer2_out, i4090 %w2" [firmware/myproject.cpp:57]   --->   Operation 27 'call' 'call_ln57' <Predicate = true> <Delay = 0.00> <CoreType = "Generic">   --->   Core 0 '' <Latency = 0> <II = 1> <Delay = 1.00> <Generic> <Opcode : >

State 4 <SV = 3> <Delay = 0.00>
ST_4 : Operation 28 [2/2] (0.00ns)   --->   "%call_ln59 = call void @relu<array<ap_fixed,64u>,array<ap_fixed<16,6,5,3,0>,64u>,relu_config3>, i1024 %layer2_out, i1024 %layer3_out" [firmware/myproject.cpp:59]   --->   Operation 28 'call' 'call_ln59' <Predicate = true> <Delay = 0.00> <CoreType = "Generic">   --->   Core 0 '' <Latency = 0> <II = 1> <Delay = 1.00> <Generic> <Opcode : >

State 5 <SV = 4> <Delay = 0.00>
ST_5 : Operation 29 [1/2] (0.00ns)   --->   "%call_ln59 = call void @relu<array<ap_fixed,64u>,array<ap_fixed<16,6,5,3,0>,64u>,relu_config3>, i1024 %layer2_out, i1024 %layer3_out" [firmware/myproject.cpp:59]   --->   Operation 29 'call' 'call_ln59' <Predicate = true> <Delay = 0.00> <CoreType = "Generic">   --->   Core 0 '' <Latency = 0> <II = 1> <Delay = 1.00> <Generic> <Opcode : >

State 6 <SV = 5> <Delay = 0.00>
ST_6 : Operation 30 [2/2] (0.00ns)   --->   "%call_ln61 = call void @dense<array<ap_fixed,64u>,array<ap_fixed<16,6,5,3,0>,32u>,config4>, i1024 %layer3_out, i512 %layer4_out, i8185 %w4" [firmware/myproject.cpp:61]   --->   Operation 30 'call' 'call_ln61' <Predicate = true> <Delay = 0.00> <CoreType = "Generic">   --->   Core 0 '' <Latency = 0> <II = 1> <Delay = 1.00> <Generic> <Opcode : >

State 7 <SV = 6> <Delay = 0.00>
ST_7 : Operation 31 [1/2] (0.00ns)   --->   "%call_ln61 = call void @dense<array<ap_fixed,64u>,array<ap_fixed<16,6,5,3,0>,32u>,config4>, i1024 %layer3_out, i512 %layer4_out, i8185 %w4" [firmware/myproject.cpp:61]   --->   Operation 31 'call' 'call_ln61' <Predicate = true> <Delay = 0.00> <CoreType = "Generic">   --->   Core 0 '' <Latency = 0> <II = 1> <Delay = 1.00> <Generic> <Opcode : >

State 8 <SV = 7> <Delay = 0.00>
ST_8 : Operation 32 [2/2] (0.00ns)   --->   "%call_ln63 = call void @relu<array<ap_fixed,32u>,array<ap_fixed<16,6,5,3,0>,32u>,relu_config5>, i512 %layer4_out, i512 %layer5_out" [firmware/myproject.cpp:63]   --->   Operation 32 'call' 'call_ln63' <Predicate = true> <Delay = 0.00> <CoreType = "Generic">   --->   Core 0 '' <Latency = 0> <II = 1> <Delay = 1.00> <Generic> <Opcode : >

State 9 <SV = 8> <Delay = 0.00>
ST_9 : Operation 33 [1/2] (0.00ns)   --->   "%call_ln63 = call void @relu<array<ap_fixed,32u>,array<ap_fixed<16,6,5,3,0>,32u>,relu_config5>, i512 %layer4_out, i512 %layer5_out" [firmware/myproject.cpp:63]   --->   Operation 33 'call' 'call_ln63' <Predicate = true> <Delay = 0.00> <CoreType = "Generic">   --->   Core 0 '' <Latency = 0> <II = 1> <Delay = 1.00> <Generic> <Opcode : >

State 10 <SV = 9> <Delay = 0.00>
ST_10 : Operation 34 [2/2] (0.00ns)   --->   "%call_ln65 = call void @dense<array<ap_fixed,32u>,array<ap_fixed<16,6,5,3,0>,32u>,config6>, i512 %layer5_out, i512 %layer6_out, i4090 %w6" [firmware/myproject.cpp:65]   --->   Operation 34 'call' 'call_ln65' <Predicate = true> <Delay = 0.00> <CoreType = "Generic">   --->   Core 0 '' <Latency = 0> <II = 1> <Delay = 1.00> <Generic> <Opcode : >

State 11 <SV = 10> <Delay = 0.00>
ST_11 : Operation 35 [1/2] (0.00ns)   --->   "%call_ln65 = call void @dense<array<ap_fixed,32u>,array<ap_fixed<16,6,5,3,0>,32u>,config6>, i512 %layer5_out, i512 %layer6_out, i4090 %w6" [firmware/myproject.cpp:65]   --->   Operation 35 'call' 'call_ln65' <Predicate = true> <Delay = 0.00> <CoreType = "Generic">   --->   Core 0 '' <Latency = 0> <II = 1> <Delay = 1.00> <Generic> <Opcode : >

State 12 <SV = 11> <Delay = 0.00>
ST_12 : Operation 36 [2/2] (0.00ns)   --->   "%call_ln67 = call void @relu<array<ap_fixed,32u>,array<ap_fixed<16,6,5,3,0>,32u>,relu_config7>, i512 %layer6_out, i512 %layer7_out" [firmware/myproject.cpp:67]   --->   Operation 36 'call' 'call_ln67' <Predicate = true> <Delay = 0.00> <CoreType = "Generic">   --->   Core 0 '' <Latency = 0> <II = 1> <Delay = 1.00> <Generic> <Opcode : >

State 13 <SV = 12> <Delay = 0.00>
ST_13 : Operation 37 [1/2] (0.00ns)   --->   "%call_ln67 = call void @relu<array<ap_fixed,32u>,array<ap_fixed<16,6,5,3,0>,32u>,relu_config7>, i512 %layer6_out, i512 %layer7_out" [firmware/myproject.cpp:67]   --->   Operation 37 'call' 'call_ln67' <Predicate = true> <Delay = 0.00> <CoreType = "Generic">   --->   Core 0 '' <Latency = 0> <II = 1> <Delay = 1.00> <Generic> <Opcode : >

State 14 <SV = 13> <Delay = 0.00>
ST_14 : Operation 38 [2/2] (0.00ns)   --->   "%call_ln69 = call void @dense<array<ap_fixed,32u>,array<ap_fixed<16,6,5,3,0>,5u>,config8>, i512 %layer7_out, i80 %layer8_out, i634 %w8" [firmware/myproject.cpp:69]   --->   Operation 38 'call' 'call_ln69' <Predicate = true> <Delay = 0.00> <CoreType = "Generic">   --->   Core 0 '' <Latency = 0> <II = 1> <Delay = 1.00> <Generic> <Opcode : >

State 15 <SV = 14> <Delay = 0.00>
ST_15 : Operation 39 [1/2] (0.00ns)   --->   "%call_ln69 = call void @dense<array<ap_fixed,32u>,array<ap_fixed<16,6,5,3,0>,5u>,config8>, i512 %layer7_out, i80 %layer8_out, i634 %w8" [firmware/myproject.cpp:69]   --->   Operation 39 'call' 'call_ln69' <Predicate = true> <Delay = 0.00> <CoreType = "Generic">   --->   Core 0 '' <Latency = 0> <II = 1> <Delay = 1.00> <Generic> <Opcode : >

State 16 <SV = 15> <Delay = 0.00>
ST_16 : Operation 40 [2/2] (0.00ns)   --->   "%call_ln71 = call void @softmax<array,array<ap_fixed<16,6,5,3,0>,5u>,softmax_config9>, i80 %layer8_out, i80 %layer9_out, i11 %exp_table, i18 %invert_table" [firmware/myproject.cpp:71]   --->   Operation 40 'call' 'call_ln71' <Predicate = true> <Delay = 0.00> <CoreType = "Generic">   --->   Core 0 '' <Latency = 0> <II = 1> <Delay = 1.00> <Generic> <Opcode : >

State 17 <SV = 16> <Delay = 0.00>
ST_17 : Operation 41 [1/2] (0.00ns)   --->   "%call_ln71 = call void @softmax<array,array<ap_fixed<16,6,5,3,0>,5u>,softmax_config9>, i80 %layer8_out, i80 %layer9_out, i11 %exp_table, i18 %invert_table" [firmware/myproject.cpp:71]   --->   Operation 41 'call' 'call_ln71' <Predicate = true> <Delay = 0.00> <CoreType = "Generic">   --->   Core 0 '' <Latency = 0> <II = 1> <Delay = 1.00> <Generic> <Opcode : >

State 18 <SV = 17> <Delay = 0.00>
ST_18 : Operation 42 [1/1] (0.00ns)   --->   "%specdataflowpipeline_ln14 = specdataflowpipeline void @_ssdm_op_SpecDataflowPipeline, i32 4294967295, i32 0, void @empty_7" [firmware/myproject.cpp:14]   --->   Operation 42 'specdataflowpipeline' 'specdataflowpipeline_ln14' <Predicate = true> <Delay = 0.00>
ST_18 : Operation 43 [1/1] (0.00ns)   --->   "%spectopmodule_ln7 = spectopmodule void @_ssdm_op_SpecTopModule, void @empty" [firmware/myproject.cpp:7]   --->   Operation 43 'spectopmodule' 'spectopmodule_ln7' <Predicate = true> <Delay = 0.00>
ST_18 : Operation 44 [1/1] (0.00ns)   --->   "%specinterface_ln0 = specinterface void @_ssdm_op_SpecInterface, i256 %input_1, void @empty_2, i32 1, i32 1, void @empty_1, i32 0, i32 0, void @empty_7, void @empty_7, void @empty_7, i32 0, i32 0, i32 0, i32 0, void @empty_7, void @empty_7, i32 4294967295, i32 0"   --->   Operation 44 'specinterface' 'specinterface_ln0' <Predicate = true> <Delay = 0.00>
ST_18 : Operation 45 [1/1] (0.00ns)   --->   "%specbitsmap_ln0 = specbitsmap void @_ssdm_op_SpecBitsMap, i256 %input_1"   --->   Operation 45 'specbitsmap' 'specbitsmap_ln0' <Predicate = true> <Delay = 0.00>
ST_18 : Operation 46 [1/1] (0.00ns)   --->   "%specinterface_ln0 = specinterface void @_ssdm_op_SpecInterface, i80 %layer9_out, void @empty_2, i32 1, i32 1, void @empty_1, i32 0, i32 0, void @empty_7, void @empty_7, void @empty_7, i32 0, i32 0, i32 0, i32 0, void @empty_7, void @empty_7, i32 4294967295, i32 0"   --->   Operation 46 'specinterface' 'specinterface_ln0' <Predicate = true> <Delay = 0.00>
ST_18 : Operation 47 [1/1] (0.00ns)   --->   "%specbitsmap_ln0 = specbitsmap void @_ssdm_op_SpecBitsMap, i80 %layer9_out"   --->   Operation 47 'specbitsmap' 'specbitsmap_ln0' <Predicate = true> <Delay = 0.00>
ST_18 : Operation 48 [1/1] (0.00ns)   --->   "%empty = specchannel i32 @_ssdm_op_SpecChannel, void @layer2_out_str, i32 1, void @p_str, void @p_str, i32 1, i32 1, i1024 %layer2_out, i1024 %layer2_out"   --->   Operation 48 'specchannel' 'empty' <Predicate = true> <Delay = 0.00>
ST_18 : Operation 49 [1/1] (0.00ns)   --->   "%specinterface_ln0 = specinterface void @_ssdm_op_SpecInterface, i1024 %layer2_out, void @empty_0, i32 0, i32 0, void @empty_7, i32 0, i32 0, void @empty_7, void @empty_7, void @empty_7, i32 0, i32 0, i32 0, i32 0, void @empty_7, void @empty_7, i32 4294967295, i32 0"   --->   Operation 49 'specinterface' 'specinterface_ln0' <Predicate = true> <Delay = 0.00>
ST_18 : Operation 50 [1/1] (0.00ns)   --->   "%empty_38 = specchannel i32 @_ssdm_op_SpecChannel, void @layer3_out_str, i32 1, void @p_str, void @p_str, i32 1, i32 1, i1024 %layer3_out, i1024 %layer3_out"   --->   Operation 50 'specchannel' 'empty_38' <Predicate = true> <Delay = 0.00>
ST_18 : Operation 51 [1/1] (0.00ns)   --->   "%specinterface_ln0 = specinterface void @_ssdm_op_SpecInterface, i1024 %layer3_out, void @empty_0, i32 0, i32 0, void @empty_7, i32 0, i32 0, void @empty_7, void @empty_7, void @empty_7, i32 0, i32 0, i32 0, i32 0, void @empty_7, void @empty_7, i32 4294967295, i32 0"   --->   Operation 51 'specinterface' 'specinterface_ln0' <Predicate = true> <Delay = 0.00>
ST_18 : Operation 52 [1/1] (0.00ns)   --->   "%empty_39 = specchannel i32 @_ssdm_op_SpecChannel, void @layer4_out_str, i32 1, void @p_str, void @p_str, i32 1, i32 1, i512 %layer4_out, i512 %layer4_out"   --->   Operation 52 'specchannel' 'empty_39' <Predicate = true> <Delay = 0.00>
ST_18 : Operation 53 [1/1] (0.00ns)   --->   "%specinterface_ln0 = specinterface void @_ssdm_op_SpecInterface, i512 %layer4_out, void @empty_0, i32 0, i32 0, void @empty_7, i32 0, i32 0, void @empty_7, void @empty_7, void @empty_7, i32 0, i32 0, i32 0, i32 0, void @empty_7, void @empty_7, i32 4294967295, i32 0"   --->   Operation 53 'specinterface' 'specinterface_ln0' <Predicate = true> <Delay = 0.00>
ST_18 : Operation 54 [1/1] (0.00ns)   --->   "%empty_40 = specchannel i32 @_ssdm_op_SpecChannel, void @layer5_out_str, i32 1, void @p_str, void @p_str, i32 1, i32 1, i512 %layer5_out, i512 %layer5_out"   --->   Operation 54 'specchannel' 'empty_40' <Predicate = true> <Delay = 0.00>
ST_18 : Operation 55 [1/1] (0.00ns)   --->   "%specinterface_ln0 = specinterface void @_ssdm_op_SpecInterface, i512 %layer5_out, void @empty_0, i32 0, i32 0, void @empty_7, i32 0, i32 0, void @empty_7, void @empty_7, void @empty_7, i32 0, i32 0, i32 0, i32 0, void @empty_7, void @empty_7, i32 4294967295, i32 0"   --->   Operation 55 'specinterface' 'specinterface_ln0' <Predicate = true> <Delay = 0.00>
ST_18 : Operation 56 [1/1] (0.00ns)   --->   "%empty_41 = specchannel i32 @_ssdm_op_SpecChannel, void @layer6_out_str, i32 1, void @p_str, void @p_str, i32 1, i32 1, i512 %layer6_out, i512 %layer6_out"   --->   Operation 56 'specchannel' 'empty_41' <Predicate = true> <Delay = 0.00>
ST_18 : Operation 57 [1/1] (0.00ns)   --->   "%specinterface_ln0 = specinterface void @_ssdm_op_SpecInterface, i512 %layer6_out, void @empty_0, i32 0, i32 0, void @empty_7, i32 0, i32 0, void @empty_7, void @empty_7, void @empty_7, i32 0, i32 0, i32 0, i32 0, void @empty_7, void @empty_7, i32 4294967295, i32 0"   --->   Operation 57 'specinterface' 'specinterface_ln0' <Predicate = true> <Delay = 0.00>
ST_18 : Operation 58 [1/1] (0.00ns)   --->   "%empty_42 = specchannel i32 @_ssdm_op_SpecChannel, void @layer7_out_str, i32 1, void @p_str, void @p_str, i32 1, i32 1, i512 %layer7_out, i512 %layer7_out"   --->   Operation 58 'specchannel' 'empty_42' <Predicate = true> <Delay = 0.00>
ST_18 : Operation 59 [1/1] (0.00ns)   --->   "%specinterface_ln0 = specinterface void @_ssdm_op_SpecInterface, i512 %layer7_out, void @empty_0, i32 0, i32 0, void @empty_7, i32 0, i32 0, void @empty_7, void @empty_7, void @empty_7, i32 0, i32 0, i32 0, i32 0, void @empty_7, void @empty_7, i32 4294967295, i32 0"   --->   Operation 59 'specinterface' 'specinterface_ln0' <Predicate = true> <Delay = 0.00>
ST_18 : Operation 60 [1/1] (0.00ns)   --->   "%empty_43 = specchannel i32 @_ssdm_op_SpecChannel, void @layer8_out_str, i32 1, void @p_str, void @p_str, i32 1, i32 1, i80 %layer8_out, i80 %layer8_out"   --->   Operation 60 'specchannel' 'empty_43' <Predicate = true> <Delay = 0.00>
ST_18 : Operation 61 [1/1] (0.00ns)   --->   "%specinterface_ln0 = specinterface void @_ssdm_op_SpecInterface, i80 %layer8_out, void @empty_0, i32 0, i32 0, void @empty_7, i32 0, i32 0, void @empty_7, void @empty_7, void @empty_7, i32 0, i32 0, i32 0, i32 0, void @empty_7, void @empty_7, i32 4294967295, i32 0"   --->   Operation 61 'specinterface' 'specinterface_ln0' <Predicate = true> <Delay = 0.00>
ST_18 : Operation 62 [1/1] (0.00ns)   --->   "%specmemcore_ln57 = specmemcore void @_ssdm_op_SpecMemCore, i4090 %w2, i64 666, i64 38, i64 18446744073709551615" [firmware/myproject.cpp:57]   --->   Operation 62 'specmemcore' 'specmemcore_ln57' <Predicate = true> <Delay = 0.00>
ST_18 : Operation 63 [1/1] (0.00ns)   --->   "%specmemcore_ln61 = specmemcore void @_ssdm_op_SpecMemCore, i8185 %w4, i64 666, i64 38, i64 18446744073709551615" [firmware/myproject.cpp:61]   --->   Operation 63 'specmemcore' 'specmemcore_ln61' <Predicate = true> <Delay = 0.00>
ST_18 : Operation 64 [1/1] (0.00ns)   --->   "%specmemcore_ln65 = specmemcore void @_ssdm_op_SpecMemCore, i4090 %w6, i64 666, i64 38, i64 18446744073709551615" [firmware/myproject.cpp:65]   --->   Operation 64 'specmemcore' 'specmemcore_ln65' <Predicate = true> <Delay = 0.00>
ST_18 : Operation 65 [1/1] (0.00ns)   --->   "%specmemcore_ln69 = specmemcore void @_ssdm_op_SpecMemCore, i634 %w8, i64 666, i64 38, i64 18446744073709551615" [firmware/myproject.cpp:69]   --->   Operation 65 'specmemcore' 'specmemcore_ln69' <Predicate = true> <Delay = 0.00>
ST_18 : Operation 66 [1/1] (0.00ns)   --->   "%ret_ln73 = ret" [firmware/myproject.cpp:73]   --->   Operation 66 'ret' 'ret_ln73' <Predicate = true> <Delay = 0.00>


============================================================
+ Verbose Summary: Binding
============================================================
STG Binding: 
---------------- STG Properties BEGIN ----------------
- Is combinational: 0
- Is one-state seq: 0
- Is datapath-only: 0
- Is pipelined: 0
- Is top level: 1
Port [ Return ] is wired: 1; IO mode=ap_ctrl_hs:ce=0
Port [ input_1]:  wired=1; compound=1; hidden=0; nouse=0; global=0; static=0; extern=0; dir=0; type=0; pingpong=0; private_global=0; IO mode=axis:ce=0
Port [ layer9_out]:  wired=1; compound=1; hidden=0; nouse=0; global=0; static=0; extern=0; dir=1; type=0; pingpong=0; private_global=0; IO mode=axis:ce=0
Port [ w2]:  wired=0; compound=1; hidden=1; nouse=1; global=1; static=1; extern=0; dir=0; type=1; pingpong=0; private_global=0; MemPort=[1]; IO mode=ap_memory:ce=0
Port [ w4]:  wired=0; compound=1; hidden=1; nouse=1; global=1; static=1; extern=0; dir=0; type=1; pingpong=0; private_global=0; MemPort=[1]; IO mode=ap_memory:ce=0
Port [ w6]:  wired=0; compound=1; hidden=1; nouse=1; global=1; static=1; extern=0; dir=0; type=1; pingpong=0; private_global=0; MemPort=[1]; IO mode=ap_memory:ce=0
Port [ w8]:  wired=0; compound=1; hidden=1; nouse=1; global=1; static=1; extern=0; dir=0; type=1; pingpong=0; private_global=0; MemPort=[1]; IO mode=ap_memory:ce=0
Port [ exp_table]:  wired=0; compound=1; hidden=1; nouse=1; global=1; static=1; extern=0; dir=0; type=1; pingpong=0; private_global=0; MemPort=[111]; IO mode=ap_memory:ce=0
Port [ invert_table]:  wired=0; compound=1; hidden=1; nouse=1; global=1; static=1; extern=0; dir=0; type=1; pingpong=0; private_global=0; MemPort=[1]; IO mode=ap_memory:ce=0
---------------- STG Properties END ------------------

---------------- Datapath Model BEGIN ----------------

<LifeTime>
<method=bitvector/>
layer2_out                (alloca              ) [ 0011111111111111111]
layer3_out                (alloca              ) [ 0011111111111111111]
layer4_out                (alloca              ) [ 0011111111111111111]
layer5_out                (alloca              ) [ 0011111111111111111]
layer6_out                (alloca              ) [ 0011111111111111111]
layer7_out                (alloca              ) [ 0011111111111111111]
layer8_out                (alloca              ) [ 0011111111111111111]
call_ln57                 (call                ) [ 0000000000000000000]
call_ln59                 (call                ) [ 0000000000000000000]
call_ln61                 (call                ) [ 0000000000000000000]
call_ln63                 (call                ) [ 0000000000000000000]
call_ln65                 (call                ) [ 0000000000000000000]
call_ln67                 (call                ) [ 0000000000000000000]
call_ln69                 (call                ) [ 0000000000000000000]
call_ln71                 (call                ) [ 0000000000000000000]
specdataflowpipeline_ln14 (specdataflowpipeline) [ 0000000000000000000]
spectopmodule_ln7         (spectopmodule       ) [ 0000000000000000000]
specinterface_ln0         (specinterface       ) [ 0000000000000000000]
specbitsmap_ln0           (specbitsmap         ) [ 0000000000000000000]
specinterface_ln0         (specinterface       ) [ 0000000000000000000]
specbitsmap_ln0           (specbitsmap         ) [ 0000000000000000000]
empty                     (specchannel         ) [ 0000000000000000000]
specinterface_ln0         (specinterface       ) [ 0000000000000000000]
empty_38                  (specchannel         ) [ 0000000000000000000]
specinterface_ln0         (specinterface       ) [ 0000000000000000000]
empty_39                  (specchannel         ) [ 0000000000000000000]
specinterface_ln0         (specinterface       ) [ 0000000000000000000]
empty_40                  (specchannel         ) [ 0000000000000000000]
specinterface_ln0         (specinterface       ) [ 0000000000000000000]
empty_41                  (specchannel         ) [ 0000000000000000000]
specinterface_ln0         (specinterface       ) [ 0000000000000000000]
empty_42                  (specchannel         ) [ 0000000000000000000]
specinterface_ln0         (specinterface       ) [ 0000000000000000000]
empty_43                  (specchannel         ) [ 0000000000000000000]
specinterface_ln0         (specinterface       ) [ 0000000000000000000]
specmemcore_ln57          (specmemcore         ) [ 0000000000000000000]
specmemcore_ln61          (specmemcore         ) [ 0000000000000000000]
specmemcore_ln65          (specmemcore         ) [ 0000000000000000000]
specmemcore_ln69          (specmemcore         ) [ 0000000000000000000]
ret_ln73                  (ret                 ) [ 0000000000000000000]
</LifeTime>

<model>

<comp_list>
<comp id="0" class="1000" name="input_1">
<pin_list>
<pin id="1" dir="1" index="0" bw="1" slack="0"/>
</pin_list>
<bind>
<StgValue><ssdm name="input_1"/></StgValue>
</bind>
</comp>

<comp id="2" class="1000" name="layer9_out">
<pin_list>
<pin id="3" dir="1" index="0" bw="1" slack="0"/>
</pin_list>
<bind>
<StgValue><ssdm name="layer9_out"/></StgValue>
</bind>
</comp>

<comp id="4" class="1000" name="w2">
<pin_list>
<pin id="5" dir="1" index="0" bw="1" slack="0"/>
</pin_list>
<bind>
<StgValue><ssdm name="w2"/><MemPortTyVec>1 </MemPortTyVec>
</StgValue>
</bind>
</comp>

<comp id="6" class="1000" name="w4">
<pin_list>
<pin id="7" dir="1" index="0" bw="1" slack="0"/>
</pin_list>
<bind>
<StgValue><ssdm name="w4"/><MemPortTyVec>1 </MemPortTyVec>
</StgValue>
</bind>
</comp>

<comp id="8" class="1000" name="w6">
<pin_list>
<pin id="9" dir="1" index="0" bw="1" slack="0"/>
</pin_list>
<bind>
<StgValue><ssdm name="w6"/><MemPortTyVec>1 </MemPortTyVec>
</StgValue>
</bind>
</comp>

<comp id="10" class="1000" name="w8">
<pin_list>
<pin id="11" dir="1" index="0" bw="1" slack="0"/>
</pin_list>
<bind>
<StgValue><ssdm name="w8"/><MemPortTyVec>1 </MemPortTyVec>
</StgValue>
</bind>
</comp>

<comp id="12" class="1000" name="exp_table">
<pin_list>
<pin id="13" dir="1" index="0" bw="1" slack="0"/>
</pin_list>
<bind>
<StgValue><ssdm name="exp_table"/><MemPortTyVec>1 1 1 </MemPortTyVec>
</StgValue>
</bind>
</comp>

<comp id="14" class="1000" name="invert_table">
<pin_list>
<pin id="15" dir="1" index="0" bw="1" slack="0"/>
</pin_list>
<bind>
<StgValue><ssdm name="invert_table"/><MemPortTyVec>1 </MemPortTyVec>
</StgValue>
</bind>
</comp>

<comp id="16" class="1001" name="const_16">
<pin_list>
<pin id="17" dir="1" index="0" bw="1" slack="0"/>
</pin_list>
<bind>
<StgValue><ssdm name=""/></StgValue>
</bind>
</comp>

<comp id="18" class="1001" name="const_18">
<pin_list>
<pin id="19" dir="1" index="0" bw="1" slack="0"/>
</pin_list>
<bind>
<StgValue><ssdm name="dense<array<ap_fixed,16u>,array<ap_fixed<16,6,5,3,0>,64u>,config2>"/></StgValue>
</bind>
</comp>

<comp id="20" class="1001" name="const_20">
<pin_list>
<pin id="21" dir="1" index="0" bw="1" slack="0"/>
</pin_list>
<bind>
<StgValue><ssdm name="relu<array<ap_fixed,64u>,array<ap_fixed<16,6,5,3,0>,64u>,relu_config3>"/></StgValue>
</bind>
</comp>

<comp id="22" class="1001" name="const_22">
<pin_list>
<pin id="23" dir="1" index="0" bw="1" slack="0"/>
</pin_list>
<bind>
<StgValue><ssdm name="dense<array<ap_fixed,64u>,array<ap_fixed<16,6,5,3,0>,32u>,config4>"/></StgValue>
</bind>
</comp>

<comp id="24" class="1001" name="const_24">
<pin_list>
<pin id="25" dir="1" index="0" bw="1" slack="0"/>
</pin_list>
<bind>
<StgValue><ssdm name="relu<array<ap_fixed,32u>,array<ap_fixed<16,6,5,3,0>,32u>,relu_config5>"/></StgValue>
</bind>
</comp>

<comp id="26" class="1001" name="const_26">
<pin_list>
<pin id="27" dir="1" index="0" bw="1" slack="0"/>
</pin_list>
<bind>
<StgValue><ssdm name="dense<array<ap_fixed,32u>,array<ap_fixed<16,6,5,3,0>,32u>,config6>"/></StgValue>
</bind>
</comp>

<comp id="28" class="1001" name="const_28">
<pin_list>
<pin id="29" dir="1" index="0" bw="1" slack="0"/>
</pin_list>
<bind>
<StgValue><ssdm name="relu<array<ap_fixed,32u>,array<ap_fixed<16,6,5,3,0>,32u>,relu_config7>"/></StgValue>
</bind>
</comp>

<comp id="30" class="1001" name="const_30">
<pin_list>
<pin id="31" dir="1" index="0" bw="1" slack="0"/>
</pin_list>
<bind>
<StgValue><ssdm name="dense<array<ap_fixed,32u>,array<ap_fixed<16,6,5,3,0>,5u>,config8>"/></StgValue>
</bind>
</comp>

<comp id="32" class="1001" name="const_32">
<pin_list>
<pin id="33" dir="1" index="0" bw="1" slack="0"/>
</pin_list>
<bind>
<StgValue><ssdm name="softmax<array,array<ap_fixed<16,6,5,3,0>,5u>,softmax_config9>"/></StgValue>
</bind>
</comp>

<comp id="34" class="1001" name="const_34">
<pin_list>
<pin id="35" dir="1" index="0" bw="1" slack="2147483647"/>
</pin_list>
<bind>
<StgValue><ssdm name="_ssdm_op_SpecDataflowPipeline"/></StgValue>
</bind>
</comp>

<comp id="36" class="1001" name="const_36">
<pin_list>
<pin id="37" dir="1" index="0" bw="1" slack="2147483647"/>
</pin_list>
<bind>
<StgValue><ssdm name=""/></StgValue>
</bind>
</comp>

<comp id="38" class="1001" name="const_38">
<pin_list>
<pin id="39" dir="1" index="0" bw="1" slack="2147483647"/>
</pin_list>
<bind>
<StgValue><ssdm name=""/></StgValue>
</bind>
</comp>

<comp id="40" class="1001" name="const_40">
<pin_list>
<pin id="41" dir="1" index="0" bw="1" slack="2147483647"/>
</pin_list>
<bind>
<StgValue><ssdm name="empty_7"/></StgValue>
</bind>
</comp>

<comp id="42" class="1001" name="const_42">
<pin_list>
<pin id="43" dir="1" index="0" bw="1" slack="2147483647"/>
</pin_list>
<bind>
<StgValue><ssdm name="_ssdm_op_SpecTopModule"/></StgValue>
</bind>
</comp>

<comp id="44" class="1001" name="const_44">
<pin_list>
<pin id="45" dir="1" index="0" bw="1" slack="2147483647"/>
</pin_list>
<bind>
<StgValue><ssdm name="empty"/></StgValue>
</bind>
</comp>

<comp id="46" class="1001" name="const_46">
<pin_list>
<pin id="47" dir="1" index="0" bw="1" slack="2147483647"/>
</pin_list>
<bind>
<StgValue><ssdm name="_ssdm_op_SpecInterface"/></StgValue>
</bind>
</comp>

<comp id="48" class="1001" name="const_48">
<pin_list>
<pin id="49" dir="1" index="0" bw="1" slack="2147483647"/>
</pin_list>
<bind>
<StgValue><ssdm name="empty_2"/></StgValue>
</bind>
</comp>

<comp id="50" class="1001" name="const_50">
<pin_list>
<pin id="51" dir="1" index="0" bw="1" slack="2147483647"/>
</pin_list>
<bind>
<StgValue><ssdm name=""/></StgValue>
</bind>
</comp>

<comp id="52" class="1001" name="const_52">
<pin_list>
<pin id="53" dir="1" index="0" bw="1" slack="2147483647"/>
</pin_list>
<bind>
<StgValue><ssdm name="empty_1"/></StgValue>
</bind>
</comp>

<comp id="54" class="1001" name="const_54">
<pin_list>
<pin id="55" dir="1" index="0" bw="1" slack="2147483647"/>
</pin_list>
<bind>
<StgValue><ssdm name="_ssdm_op_SpecBitsMap"/></StgValue>
</bind>
</comp>

<comp id="56" class="1001" name="const_56">
<pin_list>
<pin id="57" dir="1" index="0" bw="1" slack="2147483647"/>
</pin_list>
<bind>
<StgValue><ssdm name="_ssdm_op_SpecChannel"/></StgValue>
</bind>
</comp>

<comp id="58" class="1001" name="const_58">
<pin_list>
<pin id="59" dir="1" index="0" bw="1" slack="2147483647"/>
</pin_list>
<bind>
<StgValue><ssdm name="layer2_out_str"/></StgValue>
</bind>
</comp>

<comp id="60" class="1001" name="const_60">
<pin_list>
<pin id="61" dir="1" index="0" bw="1" slack="2147483647"/>
</pin_list>
<bind>
<StgValue><ssdm name="p_str"/></StgValue>
</bind>
</comp>

<comp id="62" class="1001" name="const_62">
<pin_list>
<pin id="63" dir="1" index="0" bw="1" slack="2147483647"/>
</pin_list>
<bind>
<StgValue><ssdm name="empty_0"/></StgValue>
</bind>
</comp>

<comp id="64" class="1001" name="const_64">
<pin_list>
<pin id="65" dir="1" index="0" bw="1" slack="2147483647"/>
</pin_list>
<bind>
<StgValue><ssdm name="layer3_out_str"/></StgValue>
</bind>
</comp>

<comp id="66" class="1001" name="const_66">
<pin_list>
<pin id="67" dir="1" index="0" bw="1" slack="2147483647"/>
</pin_list>
<bind>
<StgValue><ssdm name="layer4_out_str"/></StgValue>
</bind>
</comp>

<comp id="68" class="1001" name="const_68">
<pin_list>
<pin id="69" dir="1" index="0" bw="1" slack="2147483647"/>
</pin_list>
<bind>
<StgValue><ssdm name="layer5_out_str"/></StgValue>
</bind>
</comp>

<comp id="70" class="1001" name="const_70">
<pin_list>
<pin id="71" dir="1" index="0" bw="1" slack="2147483647"/>
</pin_list>
<bind>
<StgValue><ssdm name="layer6_out_str"/></StgValue>
</bind>
</comp>

<comp id="72" class="1001" name="const_72">
<pin_list>
<pin id="73" dir="1" index="0" bw="1" slack="2147483647"/>
</pin_list>
<bind>
<StgValue><ssdm name="layer7_out_str"/></StgValue>
</bind>
</comp>

<comp id="74" class="1001" name="const_74">
<pin_list>
<pin id="75" dir="1" index="0" bw="1" slack="2147483647"/>
</pin_list>
<bind>
<StgValue><ssdm name="layer8_out_str"/></StgValue>
</bind>
</comp>

<comp id="76" class="1001" name="const_76">
<pin_list>
<pin id="77" dir="1" index="0" bw="1" slack="2147483647"/>
</pin_list>
<bind>
<StgValue><ssdm name="_ssdm_op_SpecMemCore"/></StgValue>
</bind>
</comp>

<comp id="78" class="1001" name="const_78">
<pin_list>
<pin id="79" dir="1" index="0" bw="1" slack="2147483647"/>
</pin_list>
<bind>
<StgValue><ssdm name=""/></StgValue>
</bind>
</comp>

<comp id="80" class="1001" name="const_80">
<pin_list>
<pin id="81" dir="1" index="0" bw="1" slack="2147483647"/>
</pin_list>
<bind>
<StgValue><ssdm name=""/></StgValue>
</bind>
</comp>

<comp id="82" class="1001" name="const_82">
<pin_list>
<pin id="83" dir="1" index="0" bw="1" slack="2147483647"/>
</pin_list>
<bind>
<StgValue><ssdm name=""/></StgValue>
</bind>
</comp>

<comp id="84" class="1004" name="layer2_out_fu_84">
<pin_list>
<pin id="85" dir="0" index="0" bw="1" slack="0"/>
<pin id="86" dir="1" index="1" bw="1024" slack="1"/>
</pin_list>
<bind>
<opcode="alloca(26) " fcode="alloca"/>
<opset="layer2_out/1 "/>
</bind>
</comp>

<comp id="88" class="1004" name="layer3_out_fu_88">
<pin_list>
<pin id="89" dir="0" index="0" bw="1" slack="0"/>
<pin id="90" dir="1" index="1" bw="1024" slack="3"/>
</pin_list>
<bind>
<opcode="alloca(26) " fcode="alloca"/>
<opset="layer3_out/1 "/>
</bind>
</comp>

<comp id="92" class="1004" name="layer4_out_fu_92">
<pin_list>
<pin id="93" dir="0" index="0" bw="1" slack="0"/>
<pin id="94" dir="1" index="1" bw="512" slack="5"/>
</pin_list>
<bind>
<opcode="alloca(26) " fcode="alloca"/>
<opset="layer4_out/1 "/>
</bind>
</comp>

<comp id="96" class="1004" name="layer5_out_fu_96">
<pin_list>
<pin id="97" dir="0" index="0" bw="1" slack="0"/>
<pin id="98" dir="1" index="1" bw="512" slack="7"/>
</pin_list>
<bind>
<opcode="alloca(26) " fcode="alloca"/>
<opset="layer5_out/1 "/>
</bind>
</comp>

<comp id="100" class="1004" name="layer6_out_fu_100">
<pin_list>
<pin id="101" dir="0" index="0" bw="1" slack="0"/>
<pin id="102" dir="1" index="1" bw="512" slack="9"/>
</pin_list>
<bind>
<opcode="alloca(26) " fcode="alloca"/>
<opset="layer6_out/1 "/>
</bind>
</comp>

<comp id="104" class="1004" name="layer7_out_fu_104">
<pin_list>
<pin id="105" dir="0" index="0" bw="1" slack="0"/>
<pin id="106" dir="1" index="1" bw="512" slack="11"/>
</pin_list>
<bind>
<opcode="alloca(26) " fcode="alloca"/>
<opset="layer7_out/1 "/>
</bind>
</comp>

<comp id="108" class="1004" name="layer8_out_fu_108">
<pin_list>
<pin id="109" dir="0" index="0" bw="1" slack="0"/>
<pin id="110" dir="1" index="1" bw="80" slack="13"/>
</pin_list>
<bind>
<opcode="alloca(26) " fcode="alloca"/>
<opset="layer8_out/1 "/>
</bind>
</comp>

<comp id="112" class="1004" name="grp_dense_array_ap_fixed_16u_array_ap_fixed_16_6_5_3_0_64u_config2_s_fu_112">
<pin_list>
<pin id="113" dir="0" index="0" bw="0" slack="0"/>
<pin id="114" dir="0" index="1" bw="256" slack="0"/>
<pin id="115" dir="0" index="2" bw="1024" slack="1"/>
<pin id="116" dir="0" index="3" bw="4090" slack="0"/>
<pin id="117" dir="1" index="4" bw="0" slack="2147483647"/>
</pin_list>
<bind>
<opcode="call(48) " fcode="call"/>
<opset="call_ln57/2 "/>
</bind>
</comp>

<comp id="121" class="1004" name="grp_relu_array_ap_fixed_64u_array_ap_fixed_16_6_5_3_0_64u_relu_config3_s_fu_121">
<pin_list>
<pin id="122" dir="0" index="0" bw="0" slack="0"/>
<pin id="123" dir="0" index="1" bw="1024" slack="3"/>
<pin id="124" dir="0" index="2" bw="1024" slack="3"/>
<pin id="125" dir="1" index="3" bw="0" slack="2147483647"/>
</pin_list>
<bind>
<opcode="call(48) " fcode="call"/>
<opset="call_ln59/4 "/>
</bind>
</comp>

<comp id="127" class="1004" name="grp_dense_array_ap_fixed_64u_array_ap_fixed_16_6_5_3_0_32u_config4_s_fu_127">
<pin_list>
<pin id="128" dir="0" index="0" bw="0" slack="0"/>
<pin id="129" dir="0" index="1" bw="1024" slack="5"/>
<pin id="130" dir="0" index="2" bw="512" slack="5"/>
<pin id="131" dir="0" index="3" bw="8185" slack="0"/>
<pin id="132" dir="1" index="4" bw="0" slack="2147483647"/>
</pin_list>
<bind>
<opcode="call(48) " fcode="call"/>
<opset="call_ln61/6 "/>
</bind>
</comp>

<comp id="135" class="1004" name="grp_relu_array_ap_fixed_32u_array_ap_fixed_16_6_5_3_0_32u_relu_config5_s_fu_135">
<pin_list>
<pin id="136" dir="0" index="0" bw="0" slack="0"/>
<pin id="137" dir="0" index="1" bw="512" slack="7"/>
<pin id="138" dir="0" index="2" bw="512" slack="7"/>
<pin id="139" dir="1" index="3" bw="0" slack="2147483647"/>
</pin_list>
<bind>
<opcode="call(48) " fcode="call"/>
<opset="call_ln63/8 "/>
</bind>
</comp>

<comp id="141" class="1004" name="grp_dense_array_ap_fixed_32u_array_ap_fixed_16_6_5_3_0_32u_config6_s_fu_141">
<pin_list>
<pin id="142" dir="0" index="0" bw="0" slack="0"/>
<pin id="143" dir="0" index="1" bw="512" slack="9"/>
<pin id="144" dir="0" index="2" bw="512" slack="9"/>
<pin id="145" dir="0" index="3" bw="4090" slack="0"/>
<pin id="146" dir="1" index="4" bw="0" slack="2147483647"/>
</pin_list>
<bind>
<opcode="call(48) " fcode="call"/>
<opset="call_ln65/10 "/>
</bind>
</comp>

<comp id="149" class="1004" name="grp_relu_array_ap_fixed_32u_array_ap_fixed_16_6_5_3_0_32u_relu_config7_s_fu_149">
<pin_list>
<pin id="150" dir="0" index="0" bw="0" slack="0"/>
<pin id="151" dir="0" index="1" bw="512" slack="11"/>
<pin id="152" dir="0" index="2" bw="512" slack="11"/>
<pin id="153" dir="1" index="3" bw="0" slack="2147483647"/>
</pin_list>
<bind>
<opcode="call(48) " fcode="call"/>
<opset="call_ln67/12 "/>
</bind>
</comp>

<comp id="155" class="1004" name="grp_dense_array_ap_fixed_32u_array_ap_fixed_16_6_5_3_0_5u_config8_s_fu_155">
<pin_list>
<pin id="156" dir="0" index="0" bw="0" slack="0"/>
<pin id="157" dir="0" index="1" bw="512" slack="13"/>
<pin id="158" dir="0" index="2" bw="80" slack="13"/>
<pin id="159" dir="0" index="3" bw="634" slack="0"/>
<pin id="160" dir="1" index="4" bw="0" slack="2147483647"/>
</pin_list>
<bind>
<opcode="call(48) " fcode="call"/>
<opset="call_ln69/14 "/>
</bind>
</comp>

<comp id="163" class="1004" name="grp_softmax_array_array_ap_fixed_16_6_5_3_0_5u_softmax_config9_s_fu_163">
<pin_list>
<pin id="164" dir="0" index="0" bw="0" slack="0"/>
<pin id="165" dir="0" index="1" bw="80" slack="15"/>
<pin id="166" dir="0" index="2" bw="80" slack="0"/>
<pin id="167" dir="0" index="3" bw="11" slack="0"/>
<pin id="168" dir="0" index="4" bw="18" slack="0"/>
<pin id="169" dir="1" index="5" bw="0" slack="2147483647"/>
</pin_list>
<bind>
<opcode="call(48) " fcode="call"/>
<opset="call_ln71/16 "/>
</bind>
</comp>

<comp id="174" class="1005" name="layer2_out_reg_174">
<pin_list>
<pin id="175" dir="0" index="0" bw="1024" slack="1"/>
<pin id="176" dir="1" index="1" bw="1024" slack="1"/>
</pin_list>
<bind>
<opset="layer2_out "/>
</bind>
</comp>

<comp id="180" class="1005" name="layer3_out_reg_180">
<pin_list>
<pin id="181" dir="0" index="0" bw="1024" slack="3"/>
<pin id="182" dir="1" index="1" bw="1024" slack="3"/>
</pin_list>
<bind>
<opset="layer3_out "/>
</bind>
</comp>

<comp id="186" class="1005" name="layer4_out_reg_186">
<pin_list>
<pin id="187" dir="0" index="0" bw="512" slack="5"/>
<pin id="188" dir="1" index="1" bw="512" slack="5"/>
</pin_list>
<bind>
<opset="layer4_out "/>
</bind>
</comp>

<comp id="192" class="1005" name="layer5_out_reg_192">
<pin_list>
<pin id="193" dir="0" index="0" bw="512" slack="7"/>
<pin id="194" dir="1" index="1" bw="512" slack="7"/>
</pin_list>
<bind>
<opset="layer5_out "/>
</bind>
</comp>

<comp id="198" class="1005" name="layer6_out_reg_198">
<pin_list>
<pin id="199" dir="0" index="0" bw="512" slack="9"/>
<pin id="200" dir="1" index="1" bw="512" slack="9"/>
</pin_list>
<bind>
<opset="layer6_out "/>
</bind>
</comp>

<comp id="204" class="1005" name="layer7_out_reg_204">
<pin_list>
<pin id="205" dir="0" index="0" bw="512" slack="11"/>
<pin id="206" dir="1" index="1" bw="512" slack="11"/>
</pin_list>
<bind>
<opset="layer7_out "/>
</bind>
</comp>

<comp id="210" class="1005" name="layer8_out_reg_210">
<pin_list>
<pin id="211" dir="0" index="0" bw="80" slack="13"/>
<pin id="212" dir="1" index="1" bw="80" slack="13"/>
</pin_list>
<bind>
<opset="layer8_out "/>
</bind>
</comp>

</comp_list>

<net_list>
<net id="87"><net_src comp="16" pin="0"/><net_sink comp="84" pin=0"/></net>

<net id="91"><net_src comp="16" pin="0"/><net_sink comp="88" pin=0"/></net>

<net id="95"><net_src comp="16" pin="0"/><net_sink comp="92" pin=0"/></net>

<net id="99"><net_src comp="16" pin="0"/><net_sink comp="96" pin=0"/></net>

<net id="103"><net_src comp="16" pin="0"/><net_sink comp="100" pin=0"/></net>

<net id="107"><net_src comp="16" pin="0"/><net_sink comp="104" pin=0"/></net>

<net id="111"><net_src comp="16" pin="0"/><net_sink comp="108" pin=0"/></net>

<net id="118"><net_src comp="18" pin="0"/><net_sink comp="112" pin=0"/></net>

<net id="119"><net_src comp="0" pin="0"/><net_sink comp="112" pin=1"/></net>

<net id="120"><net_src comp="4" pin="0"/><net_sink comp="112" pin=3"/></net>

<net id="126"><net_src comp="20" pin="0"/><net_sink comp="121" pin=0"/></net>

<net id="133"><net_src comp="22" pin="0"/><net_sink comp="127" pin=0"/></net>

<net id="134"><net_src comp="6" pin="0"/><net_sink comp="127" pin=3"/></net>

<net id="140"><net_src comp="24" pin="0"/><net_sink comp="135" pin=0"/></net>

<net id="147"><net_src comp="26" pin="0"/><net_sink comp="141" pin=0"/></net>

<net id="148"><net_src comp="8" pin="0"/><net_sink comp="141" pin=3"/></net>

<net id="154"><net_src comp="28" pin="0"/><net_sink comp="149" pin=0"/></net>

<net id="161"><net_src comp="30" pin="0"/><net_sink comp="155" pin=0"/></net>

<net id="162"><net_src comp="10" pin="0"/><net_sink comp="155" pin=3"/></net>

<net id="170"><net_src comp="32" pin="0"/><net_sink comp="163" pin=0"/></net>

<net id="171"><net_src comp="2" pin="0"/><net_sink comp="163" pin=2"/></net>

<net id="172"><net_src comp="12" pin="0"/><net_sink comp="163" pin=3"/></net>

<net id="173"><net_src comp="14" pin="0"/><net_sink comp="163" pin=4"/></net>

<net id="177"><net_src comp="84" pin="1"/><net_sink comp="174" pin=0"/></net>

<net id="178"><net_src comp="174" pin="1"/><net_sink comp="112" pin=2"/></net>

<net id="179"><net_src comp="174" pin="1"/><net_sink comp="121" pin=1"/></net>

<net id="183"><net_src comp="88" pin="1"/><net_sink comp="180" pin=0"/></net>

<net id="184"><net_src comp="180" pin="1"/><net_sink comp="121" pin=2"/></net>

<net id="185"><net_src comp="180" pin="1"/><net_sink comp="127" pin=1"/></net>

<net id="189"><net_src comp="92" pin="1"/><net_sink comp="186" pin=0"/></net>

<net id="190"><net_src comp="186" pin="1"/><net_sink comp="127" pin=2"/></net>

<net id="191"><net_src comp="186" pin="1"/><net_sink comp="135" pin=1"/></net>

<net id="195"><net_src comp="96" pin="1"/><net_sink comp="192" pin=0"/></net>

<net id="196"><net_src comp="192" pin="1"/><net_sink comp="135" pin=2"/></net>

<net id="197"><net_src comp="192" pin="1"/><net_sink comp="141" pin=1"/></net>

<net id="201"><net_src comp="100" pin="1"/><net_sink comp="198" pin=0"/></net>

<net id="202"><net_src comp="198" pin="1"/><net_sink comp="141" pin=2"/></net>

<net id="203"><net_src comp="198" pin="1"/><net_sink comp="149" pin=1"/></net>

<net id="207"><net_src comp="104" pin="1"/><net_sink comp="204" pin=0"/></net>

<net id="208"><net_src comp="204" pin="1"/><net_sink comp="149" pin=2"/></net>

<net id="209"><net_src comp="204" pin="1"/><net_sink comp="155" pin=1"/></net>

<net id="213"><net_src comp="108" pin="1"/><net_sink comp="210" pin=0"/></net>

<net id="214"><net_src comp="210" pin="1"/><net_sink comp="155" pin=2"/></net>

<net id="215"><net_src comp="210" pin="1"/><net_sink comp="163" pin=1"/></net>

</net_list>

</model> 
---------------- Datapath Model END ------------------

* FSMD analyzer results:
  - Output states:
	Port: layer9_out | {16 17 }
 - Input state : 
	Port: myproject : input_1 | {2 3 }
	Port: myproject : w2 | {2 3 }
	Port: myproject : w4 | {6 7 }
	Port: myproject : w6 | {10 11 }
	Port: myproject : w8 | {14 15 }
	Port: myproject : exp_table | {16 17 }
	Port: myproject : invert_table | {16 17 }
  - Chain level:
	State 1
	State 2
	State 3
	State 4
	State 5
	State 6
	State 7
	State 8
	State 9
	State 10
	State 11
	State 12
	State 13
	State 14
	State 15
	State 16
	State 17
	State 18


============================================================
+ Verbose Summary: Datapath Resource usage 
============================================================

* Functional unit list:
|----------|---------------------------------------------------------------------------------|---------|---------|---------|---------|
| Operation|                                 Functional Unit                                 |   DSP   |  Delay  |    FF   |   LUT   |
|----------|---------------------------------------------------------------------------------|---------|---------|---------|---------|
|          |   grp_dense_array_ap_fixed_16u_array_ap_fixed_16_6_5_3_0_64u_config2_s_fu_112   |   256   |  817.82 |  38058  |  11135  |
|          | grp_relu_array_ap_fixed_64u_array_ap_fixed_16_6_5_3_0_64u_relu_config3_s_fu_121 |    0    |    0    |   2944  |   2432  |
|          |   grp_dense_array_ap_fixed_64u_array_ap_fixed_16_6_5_3_0_32u_config4_s_fu_127   |   512   | 1630.88 |  76472  |  22383  |
|   call   | grp_relu_array_ap_fixed_32u_array_ap_fixed_16_6_5_3_0_32u_relu_config5_s_fu_135 |    0    |    0    |   1472  |   1216  |
|          |   grp_dense_array_ap_fixed_32u_array_ap_fixed_16_6_5_3_0_32u_config6_s_fu_141   |   256   |  817.82 |  38482  |  11215  |
|          | grp_relu_array_ap_fixed_32u_array_ap_fixed_16_6_5_3_0_32u_relu_config7_s_fu_149 |    0    |    0    |   1472  |   1216  |
|          |    grp_dense_array_ap_fixed_32u_array_ap_fixed_16_6_5_3_0_5u_config8_s_fu_155   |    40   | 131.804 |   7594  |   1927  |
|          |     grp_softmax_array_array_ap_fixed_16_6_5_3_0_5u_softmax_config9_s_fu_163     |    2    |  12.309 |   772   |   433   |
|----------|---------------------------------------------------------------------------------|---------|---------|---------|---------|
|   Total  |                                                                                 |   1066  | 3410.63 |  167266 |  51957  |
|----------|---------------------------------------------------------------------------------|---------|---------|---------|---------|

Memories:
+------------+--------+--------+--------+
|            |  BRAM  |   FF   |   LUT  |
+------------+--------+--------+--------+
|  exp_table |    2   |    0   |    0   |
|invert_table|    1   |    0   |    0   |
|     w2     |   114  |    0   |    0   |
|     w4     |   228  |    0   |    0   |
|     w6     |   114  |    0   |    0   |
|     w8     |   18   |    0   |    0   |
+------------+--------+--------+--------+
|    Total   |   477  |    0   |    0   |
+------------+--------+--------+--------+

* Register list:
+------------------+--------+
|                  |   FF   |
+------------------+--------+
|layer2_out_reg_174|  1024  |
|layer3_out_reg_180|  1024  |
|layer4_out_reg_186|   512  |
|layer5_out_reg_192|   512  |
|layer6_out_reg_198|   512  |
|layer7_out_reg_204|   512  |
|layer8_out_reg_210|   80   |
+------------------+--------+
|       Total      |  4176  |
+------------------+--------+

* Multiplexer (MUX) list: 
|--------|------|------|------|--------|
|  Comp  |  Pin | Size |  BW  | S x BW |
|--------|------|------|------|--------|
|  Total |      |      |      |    0   |
|--------|------|------|------|--------|



* Summary:
+-----------+--------+--------+--------+--------+--------+
|           |  BRAM  |   DSP  |  Delay |   FF   |   LUT  |
+-----------+--------+--------+--------+--------+--------+
|  Function |    -   |  1066  |  3410  | 167266 |  51957 |
|   Memory  |   477  |    -   |    -   |    0   |    0   |
|Multiplexer|    -   |    -   |    -   |    -   |    -   |
|  Register |    -   |    -   |    -   |  4176  |    -   |
+-----------+--------+--------+--------+--------+--------+
|   Total   |   477  |  1066  |  3410  | 171442 |  51957 |
+-----------+--------+--------+--------+--------+--------+
