/nethome/dkulkarni47/LightningSimHLS4MLintegration/examples/fifo_stream_models_vitis2023/KERAS_3layer/myproject_prj/solution1/.autopilot/db/myproject.pp.0.cpp:28597:7: warning: Added loop label VITIS_LOOP_1213_1:   [xilinx-label-all-loops]
      for (i = 0; i < __N - 1; ++i) {
      ^~~
      VITIS_LOOP_1213_1: 
/nethome/dkulkarni47/LightningSimHLS4MLintegration/examples/fifo_stream_models_vitis2023/KERAS_3layer/myproject_prj/solution1/.autopilot/db/myproject.pp.0.cpp:28597:7: note: FIX-IT applied suggested code changes
/nethome/dkulkarni47/LightningSimHLS4MLintegration/examples/fifo_stream_models_vitis2023/KERAS_3layer/myproject_prj/solution1/.autopilot/db/myproject.pp.0.cpp:29571:5: warning: Added loop label VITIS_LOOP_676_1:   [xilinx-label-all-loops]
    for (unsigned i = low; i != high; ++i) {
    ^~~
    VITIS_LOOP_676_1: 
/nethome/dkulkarni47/LightningSimHLS4MLintegration/examples/fifo_stream_models_vitis2023/KERAS_3layer/myproject_prj/solution1/.autopilot/db/myproject.pp.0.cpp:29571:5: note: FIX-IT applied suggested code changes
/nethome/dkulkarni47/LightningSimHLS4MLintegration/examples/fifo_stream_models_vitis2023/KERAS_3layer/myproject_prj/solution1/.autopilot/db/myproject.pp.0.cpp:29585:5: warning: Added loop label VITIS_LOOP_690_1:   [xilinx-label-all-loops]
    for (unsigned i = low; i != high; ++i) {
    ^~~
    VITIS_LOOP_690_1: 
/nethome/dkulkarni47/LightningSimHLS4MLintegration/examples/fifo_stream_models_vitis2023/KERAS_3layer/myproject_prj/solution1/.autopilot/db/myproject.pp.0.cpp:29585:5: note: FIX-IT applied suggested code changes
/nethome/dkulkarni47/LightningSimHLS4MLintegration/examples/fifo_stream_models_vitis2023/KERAS_3layer/myproject_prj/solution1/.autopilot/db/myproject.pp.0.cpp:29599:5: warning: Added loop label VITIS_LOOP_704_1:   [xilinx-label-all-loops]
    for (unsigned i = low; i != high; ++i) {
    ^~~
    VITIS_LOOP_704_1: 
/nethome/dkulkarni47/LightningSimHLS4MLintegration/examples/fifo_stream_models_vitis2023/KERAS_3layer/myproject_prj/solution1/.autopilot/db/myproject.pp.0.cpp:29599:5: note: FIX-IT applied suggested code changes
/nethome/dkulkarni47/LightningSimHLS4MLintegration/examples/fifo_stream_models_vitis2023/KERAS_3layer/myproject_prj/solution1/.autopilot/db/myproject.pp.0.cpp:31198:7: warning: Added loop label VITIS_LOOP_1247_1:   [xilinx-label-all-loops]
      for (i = 0; i < __N - 1; ++i) {
      ^~~
      VITIS_LOOP_1247_1: 
/nethome/dkulkarni47/LightningSimHLS4MLintegration/examples/fifo_stream_models_vitis2023/KERAS_3layer/myproject_prj/solution1/.autopilot/db/myproject.pp.0.cpp:31198:7: note: FIX-IT applied suggested code changes
/nethome/dkulkarni47/LightningSimHLS4MLintegration/examples/fifo_stream_models_vitis2023/KERAS_3layer/myproject_prj/solution1/.autopilot/db/myproject.pp.0.cpp:33183:9: warning: Added loop label VITIS_LOOP_27_1:   [xilinx-label-all-loops]
        for (unsigned i = 0; i < N; i++) {
        ^~~
        VITIS_LOOP_27_1: 
/nethome/dkulkarni47/LightningSimHLS4MLintegration/examples/fifo_stream_models_vitis2023/KERAS_3layer/myproject_prj/solution1/.autopilot/db/myproject.pp.0.cpp:33183:9: note: FIX-IT applied suggested code changes
/nethome/dkulkarni47/LightningSimHLS4MLintegration/examples/fifo_stream_models_vitis2023/KERAS_3layer/myproject_prj/solution1/.autopilot/db/myproject.pp.0.cpp:33195:9: warning: Added loop label VITIS_LOOP_39_1:   [xilinx-label-all-loops]
        for (unsigned i = 0; i < N; i++) {
        ^~~
        VITIS_LOOP_39_1: 
/nethome/dkulkarni47/LightningSimHLS4MLintegration/examples/fifo_stream_models_vitis2023/KERAS_3layer/myproject_prj/solution1/.autopilot/db/myproject.pp.0.cpp:33195:9: note: FIX-IT applied suggested code changes
/nethome/dkulkarni47/LightningSimHLS4MLintegration/examples/fifo_stream_models_vitis2023/KERAS_3layer/myproject_prj/solution1/.autopilot/db/myproject.pp.0.cpp:33212:9: warning: Added loop label VITIS_LOOP_56_1:   [xilinx-label-all-loops]
        for (size_t i = 0; i < N; i++) {
        ^~~
        VITIS_LOOP_56_1: 
/nethome/dkulkarni47/LightningSimHLS4MLintegration/examples/fifo_stream_models_vitis2023/KERAS_3layer/myproject_prj/solution1/.autopilot/db/myproject.pp.0.cpp:33212:9: note: FIX-IT applied suggested code changes
/nethome/dkulkarni47/LightningSimHLS4MLintegration/examples/fifo_stream_models_vitis2023/KERAS_3layer/myproject_prj/solution1/.autopilot/db/myproject.pp.0.cpp:56164:5: warning: Added loop label VITIS_LOOP_265_1:   [xilinx-label-all-loops]
    for (typename std::vector<src_T>::const_iterator i = in_begin; i != in_end; ++i) {
    ^~~
    VITIS_LOOP_265_1: 
/nethome/dkulkarni47/LightningSimHLS4MLintegration/examples/fifo_stream_models_vitis2023/KERAS_3layer/myproject_prj/solution1/.autopilot/db/myproject.pp.0.cpp:56164:5: note: FIX-IT applied suggested code changes
/nethome/dkulkarni47/LightningSimHLS4MLintegration/examples/fifo_stream_models_vitis2023/KERAS_3layer/myproject_prj/solution1/.autopilot/db/myproject.pp.0.cpp:56174:5: warning: Added loop label VITIS_LOOP_275_1:   [xilinx-label-all-loops]
    for (auto i = 0; i < SIZE; i++)
    ^~~
    VITIS_LOOP_275_1: 
/nethome/dkulkarni47/LightningSimHLS4MLintegration/examples/fifo_stream_models_vitis2023/KERAS_3layer/myproject_prj/solution1/.autopilot/db/myproject.pp.0.cpp:56174:5: note: FIX-IT applied suggested code changes
/nethome/dkulkarni47/LightningSimHLS4MLintegration/examples/fifo_stream_models_vitis2023/KERAS_3layer/myproject_prj/solution1/.autopilot/db/myproject.pp.0.cpp:56185:5: warning: Added loop label VITIS_LOOP_286_1:   [xilinx-label-all-loops]
    for (int i = 0; i < SIZE; i++) {
    ^~~
    VITIS_LOOP_286_1: 
/nethome/dkulkarni47/LightningSimHLS4MLintegration/examples/fifo_stream_models_vitis2023/KERAS_3layer/myproject_prj/solution1/.autopilot/db/myproject.pp.0.cpp:56185:5: note: FIX-IT applied suggested code changes
/nethome/dkulkarni47/LightningSimHLS4MLintegration/examples/fifo_stream_models_vitis2023/KERAS_3layer/myproject_prj/solution1/.autopilot/db/myproject.pp.0.cpp:56192:5: warning: Added loop label VITIS_LOOP_293_1:   [xilinx-label-all-loops]
    for (int i = 0; i < SIZE / res_T::size; i++) {
    ^~~
    VITIS_LOOP_293_1: 
/nethome/dkulkarni47/LightningSimHLS4MLintegration/examples/fifo_stream_models_vitis2023/KERAS_3layer/myproject_prj/solution1/.autopilot/db/myproject.pp.0.cpp:56192:5: note: FIX-IT applied suggested code changes
/nethome/dkulkarni47/LightningSimHLS4MLintegration/examples/fifo_stream_models_vitis2023/KERAS_3layer/myproject_prj/solution1/.autopilot/db/myproject.pp.0.cpp:56194:9: warning: Added loop label VITIS_LOOP_295_2:   [xilinx-label-all-loops]
        for (int j = 0; j < res_T::size; j++) {
        ^~~
        VITIS_LOOP_295_2: 
/nethome/dkulkarni47/LightningSimHLS4MLintegration/examples/fifo_stream_models_vitis2023/KERAS_3layer/myproject_prj/solution1/.autopilot/db/myproject.pp.0.cpp:56194:9: note: FIX-IT applied suggested code changes
/nethome/dkulkarni47/LightningSimHLS4MLintegration/examples/fifo_stream_models_vitis2023/KERAS_3layer/myproject_prj/solution1/.autopilot/db/myproject.pp.0.cpp:56206:5: warning: Added loop label VITIS_LOOP_307_1:   [xilinx-label-all-loops]
    for (int i = 0; i < SIZE / data_T::size; i++) {
    ^~~
    VITIS_LOOP_307_1: 
/nethome/dkulkarni47/LightningSimHLS4MLintegration/examples/fifo_stream_models_vitis2023/KERAS_3layer/myproject_prj/solution1/.autopilot/db/myproject.pp.0.cpp:56206:5: note: FIX-IT applied suggested code changes
/nethome/dkulkarni47/LightningSimHLS4MLintegration/examples/fifo_stream_models_vitis2023/KERAS_3layer/myproject_prj/solution1/.autopilot/db/myproject.pp.0.cpp:56208:9: warning: Added loop label VITIS_LOOP_309_2:   [xilinx-label-all-loops]
        for (int j = 0; j < data_T::size; j++) {
        ^~~
        VITIS_LOOP_309_2: 
/nethome/dkulkarni47/LightningSimHLS4MLintegration/examples/fifo_stream_models_vitis2023/KERAS_3layer/myproject_prj/solution1/.autopilot/db/myproject.pp.0.cpp:56208:9: note: FIX-IT applied suggested code changes
/nethome/dkulkarni47/LightningSimHLS4MLintegration/examples/fifo_stream_models_vitis2023/KERAS_3layer/myproject_prj/solution1/.autopilot/db/myproject.pp.0.cpp:56223:5: warning: Added loop label VITIS_LOOP_324_1:   [xilinx-label-all-loops]
    for (int ii = 0; ii < nrows; ii++) {
    ^~~
    VITIS_LOOP_324_1: 
/nethome/dkulkarni47/LightningSimHLS4MLintegration/examples/fifo_stream_models_vitis2023/KERAS_3layer/myproject_prj/solution1/.autopilot/db/myproject.pp.0.cpp:56223:5: note: FIX-IT applied suggested code changes
/nethome/dkulkarni47/LightningSimHLS4MLintegration/examples/fifo_stream_models_vitis2023/KERAS_3layer/myproject_prj/solution1/.autopilot/db/myproject.pp.0.cpp:56243:5: warning: Added loop label VITIS_LOOP_344_1:   [xilinx-label-all-loops]
    for (int ii = 0; ii < nrows; ii++) {
    ^~~
    VITIS_LOOP_344_1: 
/nethome/dkulkarni47/LightningSimHLS4MLintegration/examples/fifo_stream_models_vitis2023/KERAS_3layer/myproject_prj/solution1/.autopilot/db/myproject.pp.0.cpp:56243:5: note: FIX-IT applied suggested code changes
/nethome/dkulkarni47/LightningSimHLS4MLintegration/examples/fifo_stream_models_vitis2023/KERAS_3layer/myproject_prj/solution1/.autopilot/db/myproject.pp.0.cpp:56244:9: warning: Added loop label VITIS_LOOP_345_2:   [xilinx-label-all-loops]
        for (int jj = 0; jj < ncols; jj++) {
        ^~~
        VITIS_LOOP_345_2: 
/nethome/dkulkarni47/LightningSimHLS4MLintegration/examples/fifo_stream_models_vitis2023/KERAS_3layer/myproject_prj/solution1/.autopilot/db/myproject.pp.0.cpp:56244:9: note: FIX-IT applied suggested code changes
/nethome/dkulkarni47/LightningSimHLS4MLintegration/examples/fifo_stream_models_vitis2023/KERAS_3layer/myproject_prj/solution1/.autopilot/db/myproject.pp.0.cpp:56259:5: warning: Added loop label VITIS_LOOP_360_1:   [xilinx-label-all-loops]
    for (int ii = 0; ii < N_IN; ii++) {
    ^~~
    VITIS_LOOP_360_1: 
/nethome/dkulkarni47/LightningSimHLS4MLintegration/examples/fifo_stream_models_vitis2023/KERAS_3layer/myproject_prj/solution1/.autopilot/db/myproject.pp.0.cpp:56259:5: note: FIX-IT applied suggested code changes
/nethome/dkulkarni47/LightningSimHLS4MLintegration/examples/fifo_stream_models_vitis2023/KERAS_3layer/myproject_prj/solution1/.autopilot/db/myproject.pp.0.cpp:56266:5: warning: Added loop label VITIS_LOOP_367_1:   [xilinx-label-all-loops]
    for (int ii = 0; ii < N_IN; ii++) {
    ^~~
    VITIS_LOOP_367_1: 
/nethome/dkulkarni47/LightningSimHLS4MLintegration/examples/fifo_stream_models_vitis2023/KERAS_3layer/myproject_prj/solution1/.autopilot/db/myproject.pp.0.cpp:56266:5: note: FIX-IT applied suggested code changes
/nethome/dkulkarni47/LightningSimHLS4MLintegration/examples/fifo_stream_models_vitis2023/KERAS_3layer/myproject_prj/solution1/.autopilot/db/myproject.pp.0.cpp:56576:5: warning: Added loop label VITIS_LOOP_136_1:   [xilinx-label-all-loops]
    for (int ii = 0; ii < CONFIG_T::out_width / CONFIG_T::n_partitions; ii++) {
    ^~~
    VITIS_LOOP_136_1: 
/nethome/dkulkarni47/LightningSimHLS4MLintegration/examples/fifo_stream_models_vitis2023/KERAS_3layer/myproject_prj/solution1/.autopilot/db/myproject.pp.0.cpp:56576:5: note: FIX-IT applied suggested code changes
/nethome/dkulkarni47/LightningSimHLS4MLintegration/examples/fifo_stream_models_vitis2023/KERAS_3layer/myproject_prj/solution1/.autopilot/db/myproject.pp.0.cpp:56577:9: warning: Added loop label VITIS_LOOP_137_2:   [xilinx-label-all-loops]
        for (int ff = 0; ff < CONFIG_T::n_filt; ff++) {
        ^~~
        VITIS_LOOP_137_2: 
/nethome/dkulkarni47/LightningSimHLS4MLintegration/examples/fifo_stream_models_vitis2023/KERAS_3layer/myproject_prj/solution1/.autopilot/db/myproject.pp.0.cpp:56577:9: note: FIX-IT applied suggested code changes
/nethome/dkulkarni47/LightningSimHLS4MLintegration/examples/fifo_stream_models_vitis2023/KERAS_3layer/myproject_prj/solution1/.autopilot/db/myproject.pp.0.cpp:56598:5: warning: Added loop label VITIS_LOOP_158_3:   [xilinx-label-all-loops]
    for (int ii = 0; ii < CONFIG_T::out_width / CONFIG_T::n_partitions; ii++) {
    ^~~
    VITIS_LOOP_158_3: 
/nethome/dkulkarni47/LightningSimHLS4MLintegration/examples/fifo_stream_models_vitis2023/KERAS_3layer/myproject_prj/solution1/.autopilot/db/myproject.pp.0.cpp:56598:5: note: FIX-IT applied suggested code changes
/nethome/dkulkarni47/LightningSimHLS4MLintegration/examples/fifo_stream_models_vitis2023/KERAS_3layer/myproject_prj/solution1/.autopilot/db/myproject.pp.0.cpp:56599:9: warning: Added loop label VITIS_LOOP_159_4:   [xilinx-label-all-loops]
        for (int ff = 0; ff < CONFIG_T::n_filt; ff++) {
        ^~~
        VITIS_LOOP_159_4: 
/nethome/dkulkarni47/LightningSimHLS4MLintegration/examples/fifo_stream_models_vitis2023/KERAS_3layer/myproject_prj/solution1/.autopilot/db/myproject.pp.0.cpp:56599:9: note: FIX-IT applied suggested code changes
/nethome/dkulkarni47/LightningSimHLS4MLintegration/examples/fifo_stream_models_vitis2023/KERAS_3layer/myproject_prj/solution1/.autopilot/db/myproject.pp.0.cpp:56746:2: warning: Added loop label VITIS_LOOP_31_1:   [xilinx-label-all-loops]
 for (int ii = 0; ii < CONFIG_T::n_in; ii++) {
 ^~~
 VITIS_LOOP_31_1: 
/nethome/dkulkarni47/LightningSimHLS4MLintegration/examples/fifo_stream_models_vitis2023/KERAS_3layer/myproject_prj/solution1/.autopilot/db/myproject.pp.0.cpp:56746:2: note: FIX-IT applied suggested code changes
/nethome/dkulkarni47/LightningSimHLS4MLintegration/examples/fifo_stream_models_vitis2023/KERAS_3layer/myproject_prj/solution1/.autopilot/db/myproject.pp.0.cpp:56758:5: warning: Added loop label VITIS_LOOP_43_1:   [xilinx-label-all-loops]
    for (int ii = 0; ii < CONFIG_T::n_in; ii++) {
    ^~~
    VITIS_LOOP_43_1: 
/nethome/dkulkarni47/LightningSimHLS4MLintegration/examples/fifo_stream_models_vitis2023/KERAS_3layer/myproject_prj/solution1/.autopilot/db/myproject.pp.0.cpp:56758:5: note: FIX-IT applied suggested code changes
/nethome/dkulkarni47/LightningSimHLS4MLintegration/examples/fifo_stream_models_vitis2023/KERAS_3layer/myproject_prj/solution1/.autopilot/db/myproject.pp.0.cpp:56772:5: warning: Added loop label VITIS_LOOP_57_1:   [xilinx-label-all-loops]
    for (int ii = 0; ii < CONFIG_T::n_in; ii++) {
    ^~~
    VITIS_LOOP_57_1: 
/nethome/dkulkarni47/LightningSimHLS4MLintegration/examples/fifo_stream_models_vitis2023/KERAS_3layer/myproject_prj/solution1/.autopilot/db/myproject.pp.0.cpp:56772:5: note: FIX-IT applied suggested code changes
/nethome/dkulkarni47/LightningSimHLS4MLintegration/examples/fifo_stream_models_vitis2023/KERAS_3layer/myproject_prj/solution1/.autopilot/db/myproject.pp.0.cpp:56799:5: warning: Added loop label VITIS_LOOP_84_1:   [xilinx-label-all-loops]
    for (int ii = 0; ii < N_TABLE; ii++) {
    ^~~
    VITIS_LOOP_84_1: 
/nethome/dkulkarni47/LightningSimHLS4MLintegration/examples/fifo_stream_models_vitis2023/KERAS_3layer/myproject_prj/solution1/.autopilot/db/myproject.pp.0.cpp:56799:5: note: FIX-IT applied suggested code changes
/nethome/dkulkarni47/LightningSimHLS4MLintegration/examples/fifo_stream_models_vitis2023/KERAS_3layer/myproject_prj/solution1/.autopilot/db/myproject.pp.0.cpp:56829:5: warning: Added loop label VITIS_LOOP_114_1:   [xilinx-label-all-loops]
    for (int ii = 0; ii < CONFIG_T::n_in; ii++) {
    ^~~
    VITIS_LOOP_114_1: 
/nethome/dkulkarni47/LightningSimHLS4MLintegration/examples/fifo_stream_models_vitis2023/KERAS_3layer/myproject_prj/solution1/.autopilot/db/myproject.pp.0.cpp:56829:5: note: FIX-IT applied suggested code changes
/nethome/dkulkarni47/LightningSimHLS4MLintegration/examples/fifo_stream_models_vitis2023/KERAS_3layer/myproject_prj/solution1/.autopilot/db/myproject.pp.0.cpp:56866:5: warning: Added loop label VITIS_LOOP_151_1:   [xilinx-label-all-loops]
    for (unsigned i = 0; i < CONFIG_T::exp_table_size; i++) {
    ^~~
    VITIS_LOOP_151_1: 
/nethome/dkulkarni47/LightningSimHLS4MLintegration/examples/fifo_stream_models_vitis2023/KERAS_3layer/myproject_prj/solution1/.autopilot/db/myproject.pp.0.cpp:56866:5: note: FIX-IT applied suggested code changes
/nethome/dkulkarni47/LightningSimHLS4MLintegration/examples/fifo_stream_models_vitis2023/KERAS_3layer/myproject_prj/solution1/.autopilot/db/myproject.pp.0.cpp:56882:5: warning: Added loop label VITIS_LOOP_167_1:   [xilinx-label-all-loops]
    for (unsigned i = 0; i < CONFIG_T::inv_table_size; i++) {
    ^~~
    VITIS_LOOP_167_1: 
/nethome/dkulkarni47/LightningSimHLS4MLintegration/examples/fifo_stream_models_vitis2023/KERAS_3layer/myproject_prj/solution1/.autopilot/db/myproject.pp.0.cpp:56882:5: note: FIX-IT applied suggested code changes
/nethome/dkulkarni47/LightningSimHLS4MLintegration/examples/fifo_stream_models_vitis2023/KERAS_3layer/myproject_prj/solution1/.autopilot/db/myproject.pp.0.cpp:56915:5: warning: Added loop label VITIS_LOOP_200_1:   [xilinx-label-all-loops]
    for (unsigned i = 0; i < CONFIG_T::n_slice; i++) {
    ^~~
    VITIS_LOOP_200_1: 
/nethome/dkulkarni47/LightningSimHLS4MLintegration/examples/fifo_stream_models_vitis2023/KERAS_3layer/myproject_prj/solution1/.autopilot/db/myproject.pp.0.cpp:56915:5: note: FIX-IT applied suggested code changes
/nethome/dkulkarni47/LightningSimHLS4MLintegration/examples/fifo_stream_models_vitis2023/KERAS_3layer/myproject_prj/solution1/.autopilot/db/myproject.pp.0.cpp:56928:5: warning: Added loop label VITIS_LOOP_213_2:   [xilinx-label-all-loops]
    for (unsigned i = 0; i < CONFIG_T::n_slice; i++) {
    ^~~
    VITIS_LOOP_213_2: 
/nethome/dkulkarni47/LightningSimHLS4MLintegration/examples/fifo_stream_models_vitis2023/KERAS_3layer/myproject_prj/solution1/.autopilot/db/myproject.pp.0.cpp:56928:5: note: FIX-IT applied suggested code changes
/nethome/dkulkarni47/LightningSimHLS4MLintegration/examples/fifo_stream_models_vitis2023/KERAS_3layer/myproject_prj/solution1/.autopilot/db/myproject.pp.0.cpp:56961:5: warning: Added loop label VITIS_LOOP_246_1:   [xilinx-label-all-loops]
    for (unsigned i = 0; i < CONFIG_T::n_slice; i++) {
    ^~~
    VITIS_LOOP_246_1: 
/nethome/dkulkarni47/LightningSimHLS4MLintegration/examples/fifo_stream_models_vitis2023/KERAS_3layer/myproject_prj/solution1/.autopilot/db/myproject.pp.0.cpp:56961:5: note: FIX-IT applied suggested code changes
/nethome/dkulkarni47/LightningSimHLS4MLintegration/examples/fifo_stream_models_vitis2023/KERAS_3layer/myproject_prj/solution1/.autopilot/db/myproject.pp.0.cpp:56970:5: warning: Added loop label VITIS_LOOP_255_2:   [xilinx-label-all-loops]
    for (unsigned i = 0; i < CONFIG_T::n_slice; i++) {
    ^~~
    VITIS_LOOP_255_2: 
/nethome/dkulkarni47/LightningSimHLS4MLintegration/examples/fifo_stream_models_vitis2023/KERAS_3layer/myproject_prj/solution1/.autopilot/db/myproject.pp.0.cpp:56970:5: note: FIX-IT applied suggested code changes
/nethome/dkulkarni47/LightningSimHLS4MLintegration/examples/fifo_stream_models_vitis2023/KERAS_3layer/myproject_prj/solution1/.autopilot/db/myproject.pp.0.cpp:56983:5: warning: Added loop label VITIS_LOOP_268_3:   [xilinx-label-all-loops]
    for (unsigned i = 0; i < CONFIG_T::n_slice; i++) {
    ^~~
    VITIS_LOOP_268_3: 
/nethome/dkulkarni47/LightningSimHLS4MLintegration/examples/fifo_stream_models_vitis2023/KERAS_3layer/myproject_prj/solution1/.autopilot/db/myproject.pp.0.cpp:56983:5: note: FIX-IT applied suggested code changes
/nethome/dkulkarni47/LightningSimHLS4MLintegration/examples/fifo_stream_models_vitis2023/KERAS_3layer/myproject_prj/solution1/.autopilot/db/myproject.pp.0.cpp:56990:5: warning: Added loop label VITIS_LOOP_275_1:   [xilinx-label-all-loops]
    for (int ii = 0; ii < N_TABLE; ii++) {
    ^~~
    VITIS_LOOP_275_1: 
/nethome/dkulkarni47/LightningSimHLS4MLintegration/examples/fifo_stream_models_vitis2023/KERAS_3layer/myproject_prj/solution1/.autopilot/db/myproject.pp.0.cpp:56990:5: note: FIX-IT applied suggested code changes
/nethome/dkulkarni47/LightningSimHLS4MLintegration/examples/fifo_stream_models_vitis2023/KERAS_3layer/myproject_prj/solution1/.autopilot/db/myproject.pp.0.cpp:57003:5: warning: Added loop label VITIS_LOOP_288_1:   [xilinx-label-all-loops]
    for (int ii = 0; ii < N_TABLE; ii++) {
    ^~~
    VITIS_LOOP_288_1: 
/nethome/dkulkarni47/LightningSimHLS4MLintegration/examples/fifo_stream_models_vitis2023/KERAS_3layer/myproject_prj/solution1/.autopilot/db/myproject.pp.0.cpp:57003:5: note: FIX-IT applied suggested code changes
/nethome/dkulkarni47/LightningSimHLS4MLintegration/examples/fifo_stream_models_vitis2023/KERAS_3layer/myproject_prj/solution1/.autopilot/db/myproject.pp.0.cpp:57040:5: warning: Added loop label VITIS_LOOP_325_1:   [xilinx-label-all-loops]
    for (int ii = 0; ii < CONFIG_T::n_slice; ii++) {
    ^~~
    VITIS_LOOP_325_1: 
/nethome/dkulkarni47/LightningSimHLS4MLintegration/examples/fifo_stream_models_vitis2023/KERAS_3layer/myproject_prj/solution1/.autopilot/db/myproject.pp.0.cpp:57040:5: note: FIX-IT applied suggested code changes
/nethome/dkulkarni47/LightningSimHLS4MLintegration/examples/fifo_stream_models_vitis2023/KERAS_3layer/myproject_prj/solution1/.autopilot/db/myproject.pp.0.cpp:57045:5: warning: Added loop label VITIS_LOOP_330_2:   [xilinx-label-all-loops]
    for (int ii = 0; ii < CONFIG_T::n_slice; ii++) {
    ^~~
    VITIS_LOOP_330_2: 
/nethome/dkulkarni47/LightningSimHLS4MLintegration/examples/fifo_stream_models_vitis2023/KERAS_3layer/myproject_prj/solution1/.autopilot/db/myproject.pp.0.cpp:57045:5: note: FIX-IT applied suggested code changes
/nethome/dkulkarni47/LightningSimHLS4MLintegration/examples/fifo_stream_models_vitis2023/KERAS_3layer/myproject_prj/solution1/.autopilot/db/myproject.pp.0.cpp:57046:9: warning: Added loop label VITIS_LOOP_331_3:   [xilinx-label-all-loops]
        for (int jj = 0; jj < CONFIG_T::n_slice; jj++) {
        ^~~
        VITIS_LOOP_331_3: 
/nethome/dkulkarni47/LightningSimHLS4MLintegration/examples/fifo_stream_models_vitis2023/KERAS_3layer/myproject_prj/solution1/.autopilot/db/myproject.pp.0.cpp:57046:9: note: FIX-IT applied suggested code changes
/nethome/dkulkarni47/LightningSimHLS4MLintegration/examples/fifo_stream_models_vitis2023/KERAS_3layer/myproject_prj/solution1/.autopilot/db/myproject.pp.0.cpp:57063:5: warning: Added loop label VITIS_LOOP_348_4:   [xilinx-label-all-loops]
    for (int ii = 0; ii < CONFIG_T::n_slice; ii++) {
    ^~~
    VITIS_LOOP_348_4: 
/nethome/dkulkarni47/LightningSimHLS4MLintegration/examples/fifo_stream_models_vitis2023/KERAS_3layer/myproject_prj/solution1/.autopilot/db/myproject.pp.0.cpp:57063:5: note: FIX-IT applied suggested code changes
/nethome/dkulkarni47/LightningSimHLS4MLintegration/examples/fifo_stream_models_vitis2023/KERAS_3layer/myproject_prj/solution1/.autopilot/db/myproject.pp.0.cpp:57076:5: warning: Added loop label VITIS_LOOP_361_1:   [xilinx-label-all-loops]
    for (int i = 0; i < CONFIG_T::n_slice; i++) {
    ^~~
    VITIS_LOOP_361_1: 
/nethome/dkulkarni47/LightningSimHLS4MLintegration/examples/fifo_stream_models_vitis2023/KERAS_3layer/myproject_prj/solution1/.autopilot/db/myproject.pp.0.cpp:57076:5: note: FIX-IT applied suggested code changes
/nethome/dkulkarni47/LightningSimHLS4MLintegration/examples/fifo_stream_models_vitis2023/KERAS_3layer/myproject_prj/solution1/.autopilot/db/myproject.pp.0.cpp:57084:5: warning: Added loop label VITIS_LOOP_369_2:   [xilinx-label-all-loops]
    for (int i = 1; i < CONFIG_T::n_slice; i++) {
    ^~~
    VITIS_LOOP_369_2: 
/nethome/dkulkarni47/LightningSimHLS4MLintegration/examples/fifo_stream_models_vitis2023/KERAS_3layer/myproject_prj/solution1/.autopilot/db/myproject.pp.0.cpp:57084:5: note: FIX-IT applied suggested code changes
/nethome/dkulkarni47/LightningSimHLS4MLintegration/examples/fifo_stream_models_vitis2023/KERAS_3layer/myproject_prj/solution1/.autopilot/db/myproject.pp.0.cpp:57120:5: warning: Added loop label VITIS_LOOP_405_1:   [xilinx-label-all-loops]
    for (signed i = 0; i < CONFIG_T::n_outer; i++) {
    ^~~
    VITIS_LOOP_405_1: 
/nethome/dkulkarni47/LightningSimHLS4MLintegration/examples/fifo_stream_models_vitis2023/KERAS_3layer/myproject_prj/solution1/.autopilot/db/myproject.pp.0.cpp:57120:5: note: FIX-IT applied suggested code changes
/nethome/dkulkarni47/LightningSimHLS4MLintegration/examples/fifo_stream_models_vitis2023/KERAS_3layer/myproject_prj/solution1/.autopilot/db/myproject.pp.0.cpp:57122:2: warning: Added loop label VITIS_LOOP_407_2:   [xilinx-label-all-loops]
 for (signed k = 0; k < CONFIG_T::n_inner; k++) {
 ^~~
 VITIS_LOOP_407_2: 
/nethome/dkulkarni47/LightningSimHLS4MLintegration/examples/fifo_stream_models_vitis2023/KERAS_3layer/myproject_prj/solution1/.autopilot/db/myproject.pp.0.cpp:57122:2: note: FIX-IT applied suggested code changes
/nethome/dkulkarni47/LightningSimHLS4MLintegration/examples/fifo_stream_models_vitis2023/KERAS_3layer/myproject_prj/solution1/.autopilot/db/myproject.pp.0.cpp:57124:2: warning: Added loop label VITIS_LOOP_409_3:   [xilinx-label-all-loops]
 for (signed j = 0; j < CONFIG_T::n_slice; j++) {
 ^~~
 VITIS_LOOP_409_3: 
/nethome/dkulkarni47/LightningSimHLS4MLintegration/examples/fifo_stream_models_vitis2023/KERAS_3layer/myproject_prj/solution1/.autopilot/db/myproject.pp.0.cpp:57124:2: note: FIX-IT applied suggested code changes
/nethome/dkulkarni47/LightningSimHLS4MLintegration/examples/fifo_stream_models_vitis2023/KERAS_3layer/myproject_prj/solution1/.autopilot/db/myproject.pp.0.cpp:57129:13: warning: Added loop label VITIS_LOOP_414_4:   [xilinx-label-all-loops]
            for (signed j = 0; j < CONFIG_T::n_slice; j++) {
            ^~~
            VITIS_LOOP_414_4: 
/nethome/dkulkarni47/LightningSimHLS4MLintegration/examples/fifo_stream_models_vitis2023/KERAS_3layer/myproject_prj/solution1/.autopilot/db/myproject.pp.0.cpp:57129:13: note: FIX-IT applied suggested code changes
/nethome/dkulkarni47/LightningSimHLS4MLintegration/examples/fifo_stream_models_vitis2023/KERAS_3layer/myproject_prj/solution1/.autopilot/db/myproject.pp.0.cpp:57142:5: warning: Added loop label VITIS_LOOP_427_1:   [xilinx-label-all-loops]
    for (int ii = 0; ii < N_TABLE; ii++) {
    ^~~
    VITIS_LOOP_427_1: 
/nethome/dkulkarni47/LightningSimHLS4MLintegration/examples/fifo_stream_models_vitis2023/KERAS_3layer/myproject_prj/solution1/.autopilot/db/myproject.pp.0.cpp:57142:5: note: FIX-IT applied suggested code changes
/nethome/dkulkarni47/LightningSimHLS4MLintegration/examples/fifo_stream_models_vitis2023/KERAS_3layer/myproject_prj/solution1/.autopilot/db/myproject.pp.0.cpp:57172:5: warning: Added loop label VITIS_LOOP_457_1:   [xilinx-label-all-loops]
    for (int ii = 0; ii < CONFIG_T::n_in; ii++) {
    ^~~
    VITIS_LOOP_457_1: 
/nethome/dkulkarni47/LightningSimHLS4MLintegration/examples/fifo_stream_models_vitis2023/KERAS_3layer/myproject_prj/solution1/.autopilot/db/myproject.pp.0.cpp:57172:5: note: FIX-IT applied suggested code changes
/nethome/dkulkarni47/LightningSimHLS4MLintegration/examples/fifo_stream_models_vitis2023/KERAS_3layer/myproject_prj/solution1/.autopilot/db/myproject.pp.0.cpp:57199:2: warning: Added loop label VITIS_LOOP_484_1:   [xilinx-label-all-loops]
 for (int ii = 0; ii < CONFIG_T::n_in; ii++) {
 ^~~
 VITIS_LOOP_484_1: 
/nethome/dkulkarni47/LightningSimHLS4MLintegration/examples/fifo_stream_models_vitis2023/KERAS_3layer/myproject_prj/solution1/.autopilot/db/myproject.pp.0.cpp:57199:2: note: FIX-IT applied suggested code changes
/nethome/dkulkarni47/LightningSimHLS4MLintegration/examples/fifo_stream_models_vitis2023/KERAS_3layer/myproject_prj/solution1/.autopilot/db/myproject.pp.0.cpp:57213:2: warning: Added loop label VITIS_LOOP_498_1:   [xilinx-label-all-loops]
 for (int ii = 0; ii < CONFIG_T::n_in; ii++) {
 ^~~
 VITIS_LOOP_498_1: 
/nethome/dkulkarni47/LightningSimHLS4MLintegration/examples/fifo_stream_models_vitis2023/KERAS_3layer/myproject_prj/solution1/.autopilot/db/myproject.pp.0.cpp:57213:2: note: FIX-IT applied suggested code changes
/nethome/dkulkarni47/LightningSimHLS4MLintegration/examples/fifo_stream_models_vitis2023/KERAS_3layer/myproject_prj/solution1/.autopilot/db/myproject.pp.0.cpp:57229:5: warning: Added loop label VITIS_LOOP_514_1:   [xilinx-label-all-loops]
    for (int ii = 0; ii < CONFIG_T::n_in; ii++) {
    ^~~
    VITIS_LOOP_514_1: 
/nethome/dkulkarni47/LightningSimHLS4MLintegration/examples/fifo_stream_models_vitis2023/KERAS_3layer/myproject_prj/solution1/.autopilot/db/myproject.pp.0.cpp:57229:5: note: FIX-IT applied suggested code changes
/nethome/dkulkarni47/LightningSimHLS4MLintegration/examples/fifo_stream_models_vitis2023/KERAS_3layer/myproject_prj/solution1/.autopilot/db/myproject.pp.0.cpp:57247:5: warning: Added loop label VITIS_LOOP_532_1:   [xilinx-label-all-loops]
    for (int ii = 0; ii < CONFIG_T::n_in; ii++) {
    ^~~
    VITIS_LOOP_532_1: 
/nethome/dkulkarni47/LightningSimHLS4MLintegration/examples/fifo_stream_models_vitis2023/KERAS_3layer/myproject_prj/solution1/.autopilot/db/myproject.pp.0.cpp:57247:5: note: FIX-IT applied suggested code changes
/nethome/dkulkarni47/LightningSimHLS4MLintegration/examples/fifo_stream_models_vitis2023/KERAS_3layer/myproject_prj/solution1/.autopilot/db/myproject.pp.0.cpp:57264:5: warning: Added loop label VITIS_LOOP_549_1:   [xilinx-label-all-loops]
    for (int ii = 0; ii < CONFIG_T::n_in; ii++) {
    ^~~
    VITIS_LOOP_549_1: 
/nethome/dkulkarni47/LightningSimHLS4MLintegration/examples/fifo_stream_models_vitis2023/KERAS_3layer/myproject_prj/solution1/.autopilot/db/myproject.pp.0.cpp:57264:5: note: FIX-IT applied suggested code changes
/nethome/dkulkarni47/LightningSimHLS4MLintegration/examples/fifo_stream_models_vitis2023/KERAS_3layer/myproject_prj/solution1/.autopilot/db/myproject.pp.0.cpp:57281:5: warning: Added loop label VITIS_LOOP_566_1:   [xilinx-label-all-loops]
    for (int ii = 0; ii < N_TABLE; ii++) {
    ^~~
    VITIS_LOOP_566_1: 
/nethome/dkulkarni47/LightningSimHLS4MLintegration/examples/fifo_stream_models_vitis2023/KERAS_3layer/myproject_prj/solution1/.autopilot/db/myproject.pp.0.cpp:57281:5: note: FIX-IT applied suggested code changes
/nethome/dkulkarni47/LightningSimHLS4MLintegration/examples/fifo_stream_models_vitis2023/KERAS_3layer/myproject_prj/solution1/.autopilot/db/myproject.pp.0.cpp:57311:5: warning: Added loop label VITIS_LOOP_596_1:   [xilinx-label-all-loops]
    for (int ii = 0; ii < CONFIG_T::n_in; ii++) {
    ^~~
    VITIS_LOOP_596_1: 
/nethome/dkulkarni47/LightningSimHLS4MLintegration/examples/fifo_stream_models_vitis2023/KERAS_3layer/myproject_prj/solution1/.autopilot/db/myproject.pp.0.cpp:57311:5: note: FIX-IT applied suggested code changes
/nethome/dkulkarni47/LightningSimHLS4MLintegration/examples/fifo_stream_models_vitis2023/KERAS_3layer/myproject_prj/solution1/.autopilot/db/myproject.pp.0.cpp:57330:5: warning: Added loop label VITIS_LOOP_615_1:   [xilinx-label-all-loops]
    for (int ii = 0; ii < N_TABLE; ii++) {
    ^~~
    VITIS_LOOP_615_1: 
/nethome/dkulkarni47/LightningSimHLS4MLintegration/examples/fifo_stream_models_vitis2023/KERAS_3layer/myproject_prj/solution1/.autopilot/db/myproject.pp.0.cpp:57330:5: note: FIX-IT applied suggested code changes
/nethome/dkulkarni47/LightningSimHLS4MLintegration/examples/fifo_stream_models_vitis2023/KERAS_3layer/myproject_prj/solution1/.autopilot/db/myproject.pp.0.cpp:57360:5: warning: Added loop label VITIS_LOOP_645_1:   [xilinx-label-all-loops]
    for (int ii = 0; ii < CONFIG_T::n_in; ii++) {
    ^~~
    VITIS_LOOP_645_1: 
/nethome/dkulkarni47/LightningSimHLS4MLintegration/examples/fifo_stream_models_vitis2023/KERAS_3layer/myproject_prj/solution1/.autopilot/db/myproject.pp.0.cpp:57360:5: note: FIX-IT applied suggested code changes
/nethome/dkulkarni47/LightningSimHLS4MLintegration/examples/fifo_stream_models_vitis2023/KERAS_3layer/myproject_prj/solution1/.autopilot/db/myproject.pp.0.cpp:57379:5: warning: Added loop label VITIS_LOOP_664_1:   [xilinx-label-all-loops]
    for (int ii = 0; ii < N_TABLE; ii++) {
    ^~~
    VITIS_LOOP_664_1: 
/nethome/dkulkarni47/LightningSimHLS4MLintegration/examples/fifo_stream_models_vitis2023/KERAS_3layer/myproject_prj/solution1/.autopilot/db/myproject.pp.0.cpp:57379:5: note: FIX-IT applied suggested code changes
/nethome/dkulkarni47/LightningSimHLS4MLintegration/examples/fifo_stream_models_vitis2023/KERAS_3layer/myproject_prj/solution1/.autopilot/db/myproject.pp.0.cpp:57409:5: warning: Added loop label VITIS_LOOP_694_1:   [xilinx-label-all-loops]
    for (int ii = 0; ii < CONFIG_T::n_in; ii++) {
    ^~~
    VITIS_LOOP_694_1: 
/nethome/dkulkarni47/LightningSimHLS4MLintegration/examples/fifo_stream_models_vitis2023/KERAS_3layer/myproject_prj/solution1/.autopilot/db/myproject.pp.0.cpp:57409:5: note: FIX-IT applied suggested code changes
/nethome/dkulkarni47/LightningSimHLS4MLintegration/examples/fifo_stream_models_vitis2023/KERAS_3layer/myproject_prj/solution1/.autopilot/db/myproject.pp.0.cpp:57436:5: warning: Added loop label VITIS_LOOP_721_1:   [xilinx-label-all-loops]
    for (int ii = 0; ii < N_TABLE; ii++) {
    ^~~
    VITIS_LOOP_721_1: 
/nethome/dkulkarni47/LightningSimHLS4MLintegration/examples/fifo_stream_models_vitis2023/KERAS_3layer/myproject_prj/solution1/.autopilot/db/myproject.pp.0.cpp:57436:5: note: FIX-IT applied suggested code changes
/nethome/dkulkarni47/LightningSimHLS4MLintegration/examples/fifo_stream_models_vitis2023/KERAS_3layer/myproject_prj/solution1/.autopilot/db/myproject.pp.0.cpp:57464:2: warning: Added loop label VITIS_LOOP_749_1:   [xilinx-label-all-loops]
 for (int ii = 0; ii < CONFIG_T::n_in; ii++) {
 ^~~
 VITIS_LOOP_749_1: 
/nethome/dkulkarni47/LightningSimHLS4MLintegration/examples/fifo_stream_models_vitis2023/KERAS_3layer/myproject_prj/solution1/.autopilot/db/myproject.pp.0.cpp:57464:2: note: FIX-IT applied suggested code changes
/nethome/dkulkarni47/LightningSimHLS4MLintegration/examples/fifo_stream_models_vitis2023/KERAS_3layer/myproject_prj/solution1/.autopilot/db/myproject.pp.0.cpp:57494:5: warning: Added loop label VITIS_LOOP_779_1:   [xilinx-label-all-loops]
    for (int ii = 0; ii < CONFIG_T::n_in; ii++) {
    ^~~
    VITIS_LOOP_779_1: 
/nethome/dkulkarni47/LightningSimHLS4MLintegration/examples/fifo_stream_models_vitis2023/KERAS_3layer/myproject_prj/solution1/.autopilot/db/myproject.pp.0.cpp:57494:5: note: FIX-IT applied suggested code changes
/nethome/dkulkarni47/LightningSimHLS4MLintegration/examples/fifo_stream_models_vitis2023/KERAS_3layer/myproject_prj/solution1/.autopilot/db/myproject.pp.0.cpp:57523:5: warning: Added loop label VITIS_LOOP_808_1:   [xilinx-label-all-loops]
    for (int ii = 0; ii < CONFIG_T::n_in; ii++) {
    ^~~
    VITIS_LOOP_808_1: 
/nethome/dkulkarni47/LightningSimHLS4MLintegration/examples/fifo_stream_models_vitis2023/KERAS_3layer/myproject_prj/solution1/.autopilot/db/myproject.pp.0.cpp:57523:5: note: FIX-IT applied suggested code changes
/nethome/dkulkarni47/LightningSimHLS4MLintegration/examples/fifo_stream_models_vitis2023/KERAS_3layer/myproject_prj/solution1/.autopilot/db/myproject.pp.0.cpp:57543:5: warning: Added loop label VITIS_LOOP_828_1:   [xilinx-label-all-loops]
    for (int ii = 0; ii < CONFIG_T::n_in; ii++) {
    ^~~
    VITIS_LOOP_828_1: 
/nethome/dkulkarni47/LightningSimHLS4MLintegration/examples/fifo_stream_models_vitis2023/KERAS_3layer/myproject_prj/solution1/.autopilot/db/myproject.pp.0.cpp:57543:5: note: FIX-IT applied suggested code changes
/nethome/dkulkarni47/LightningSimHLS4MLintegration/examples/fifo_stream_models_vitis2023/KERAS_3layer/myproject_prj/solution1/.autopilot/db/myproject.pp.0.cpp:57788:9: warning: Added loop label VITIS_LOOP_229_1:   [xilinx-label-all-loops]
        for (int i = 0; i < N / data_T::size; i++) {
        ^~~
        VITIS_LOOP_229_1: 
/nethome/dkulkarni47/LightningSimHLS4MLintegration/examples/fifo_stream_models_vitis2023/KERAS_3layer/myproject_prj/solution1/.autopilot/db/myproject.pp.0.cpp:57788:9: note: FIX-IT applied suggested code changes
/nethome/dkulkarni47/LightningSimHLS4MLintegration/examples/fifo_stream_models_vitis2023/KERAS_3layer/myproject_prj/solution1/.autopilot/db/myproject.pp.0.cpp:57795:13: warning: Added loop label VITIS_LOOP_236_2:   [xilinx-label-all-loops]
            for (int j = 0; j < data_T::size; j++) {
            ^~~
            VITIS_LOOP_236_2: 
/nethome/dkulkarni47/LightningSimHLS4MLintegration/examples/fifo_stream_models_vitis2023/KERAS_3layer/myproject_prj/solution1/.autopilot/db/myproject.pp.0.cpp:57795:13: note: FIX-IT applied suggested code changes
/nethome/dkulkarni47/LightningSimHLS4MLintegration/examples/fifo_stream_models_vitis2023/KERAS_3layer/myproject_prj/solution1/.autopilot/db/myproject.pp.0.cpp:57804:9: warning: Added loop label VITIS_LOOP_245_3:   [xilinx-label-all-loops]
        for (int i = 0; i < N / data_T::size; i++) {
        ^~~
        VITIS_LOOP_245_3: 
/nethome/dkulkarni47/LightningSimHLS4MLintegration/examples/fifo_stream_models_vitis2023/KERAS_3layer/myproject_prj/solution1/.autopilot/db/myproject.pp.0.cpp:57804:9: note: FIX-IT applied suggested code changes
/nethome/dkulkarni47/LightningSimHLS4MLintegration/examples/fifo_stream_models_vitis2023/KERAS_3layer/myproject_prj/solution1/.autopilot/db/myproject.pp.0.cpp:57813:13: warning: Added loop label VITIS_LOOP_254_4:   [xilinx-label-all-loops]
            for (int j = 0; j < pack_diff; j++) {
            ^~~
            VITIS_LOOP_254_4: 
/nethome/dkulkarni47/LightningSimHLS4MLintegration/examples/fifo_stream_models_vitis2023/KERAS_3layer/myproject_prj/solution1/.autopilot/db/myproject.pp.0.cpp:57813:13: note: FIX-IT applied suggested code changes
/nethome/dkulkarni47/LightningSimHLS4MLintegration/examples/fifo_stream_models_vitis2023/KERAS_3layer/myproject_prj/solution1/.autopilot/db/myproject.pp.0.cpp:57817:17: warning: Added loop label VITIS_LOOP_258_5:   [xilinx-label-all-loops]
                for (int k = 0; k < res_T::size; k++) {
                ^~~
                VITIS_LOOP_258_5: 
/nethome/dkulkarni47/LightningSimHLS4MLintegration/examples/fifo_stream_models_vitis2023/KERAS_3layer/myproject_prj/solution1/.autopilot/db/myproject.pp.0.cpp:57817:17: note: FIX-IT applied suggested code changes
/nethome/dkulkarni47/LightningSimHLS4MLintegration/examples/fifo_stream_models_vitis2023/KERAS_3layer/myproject_prj/solution1/.autopilot/db/myproject.pp.0.cpp:57828:9: warning: Added loop label VITIS_LOOP_269_6:   [xilinx-label-all-loops]
        for (int i = 0; i < N / data_T::size; i++) {
        ^~~
        VITIS_LOOP_269_6: 
/nethome/dkulkarni47/LightningSimHLS4MLintegration/examples/fifo_stream_models_vitis2023/KERAS_3layer/myproject_prj/solution1/.autopilot/db/myproject.pp.0.cpp:57828:9: note: FIX-IT applied suggested code changes
/nethome/dkulkarni47/LightningSimHLS4MLintegration/examples/fifo_stream_models_vitis2023/KERAS_3layer/myproject_prj/solution1/.autopilot/db/myproject.pp.0.cpp:57832:13: warning: Added loop label VITIS_LOOP_273_7:   [xilinx-label-all-loops]
            for (int j = 0; j < data_T::size; j++) {
            ^~~
            VITIS_LOOP_273_7: 
/nethome/dkulkarni47/LightningSimHLS4MLintegration/examples/fifo_stream_models_vitis2023/KERAS_3layer/myproject_prj/solution1/.autopilot/db/myproject.pp.0.cpp:57832:13: note: FIX-IT applied suggested code changes
/nethome/dkulkarni47/LightningSimHLS4MLintegration/examples/fifo_stream_models_vitis2023/KERAS_3layer/myproject_prj/solution1/.autopilot/db/myproject.pp.0.cpp:57856:9: warning: Added loop label VITIS_LOOP_297_1:   [xilinx-label-all-loops]
        for (int j = 0; j < n_dupl; j++) {
        ^~~
        VITIS_LOOP_297_1: 
/nethome/dkulkarni47/LightningSimHLS4MLintegration/examples/fifo_stream_models_vitis2023/KERAS_3layer/myproject_prj/solution1/.autopilot/db/myproject.pp.0.cpp:57856:9: note: FIX-IT applied suggested code changes
/nethome/dkulkarni47/LightningSimHLS4MLintegration/examples/fifo_stream_models_vitis2023/KERAS_3layer/myproject_prj/solution1/.autopilot/db/myproject.pp.0.cpp:57860:13: warning: Added loop label VITIS_LOOP_301_2:   [xilinx-label-all-loops]
            for (int k = 0; k < res_T::size; k++) {
            ^~~
            VITIS_LOOP_301_2: 
/nethome/dkulkarni47/LightningSimHLS4MLintegration/examples/fifo_stream_models_vitis2023/KERAS_3layer/myproject_prj/solution1/.autopilot/db/myproject.pp.0.cpp:57860:13: note: FIX-IT applied suggested code changes
/nethome/dkulkarni47/LightningSimHLS4MLintegration/examples/fifo_stream_models_vitis2023/KERAS_3layer/myproject_prj/solution1/.autopilot/db/myproject.pp.0.cpp:57879:9: warning: Added loop label VITIS_LOOP_320_1:   [xilinx-label-all-loops]
        for (int k = 0; k < res_T::size; k++) {
        ^~~
        VITIS_LOOP_320_1: 
/nethome/dkulkarni47/LightningSimHLS4MLintegration/examples/fifo_stream_models_vitis2023/KERAS_3layer/myproject_prj/solution1/.autopilot/db/myproject.pp.0.cpp:57879:9: note: FIX-IT applied suggested code changes
/nethome/dkulkarni47/LightningSimHLS4MLintegration/examples/fifo_stream_models_vitis2023/KERAS_3layer/myproject_prj/solution1/.autopilot/db/myproject.pp.0.cpp:58103:9: warning: Added loop label VITIS_LOOP_211_1:   [xilinx-label-all-loops]
        for (unsigned j = 0; j < data_T::size; j++) {
        ^~~
        VITIS_LOOP_211_1: 
/nethome/dkulkarni47/LightningSimHLS4MLintegration/examples/fifo_stream_models_vitis2023/KERAS_3layer/myproject_prj/solution1/.autopilot/db/myproject.pp.0.cpp:58103:9: note: FIX-IT applied suggested code changes
/nethome/dkulkarni47/LightningSimHLS4MLintegration/examples/fifo_stream_models_vitis2023/KERAS_3layer/myproject_prj/solution1/.autopilot/db/myproject.pp.0.cpp:58112:9: warning: Added loop label VITIS_LOOP_220_2:   [xilinx-label-all-loops]
        for (unsigned j = 0; j < data_T::size; j++) {
        ^~~
        VITIS_LOOP_220_2: 
/nethome/dkulkarni47/LightningSimHLS4MLintegration/examples/fifo_stream_models_vitis2023/KERAS_3layer/myproject_prj/solution1/.autopilot/db/myproject.pp.0.cpp:58112:9: note: FIX-IT applied suggested code changes
/nethome/dkulkarni47/LightningSimHLS4MLintegration/examples/fifo_stream_models_vitis2023/KERAS_3layer/myproject_prj/solution1/.autopilot/db/myproject.pp.0.cpp:58217:5: warning: Added loop label VITIS_LOOP_325_1:   [xilinx-label-all-loops]
    for (int i = 0; i < CONFIG_T::n_in / res_T::size; i++) {
    ^~~
    VITIS_LOOP_325_1: 
/nethome/dkulkarni47/LightningSimHLS4MLintegration/examples/fifo_stream_models_vitis2023/KERAS_3layer/myproject_prj/solution1/.autopilot/db/myproject.pp.0.cpp:58217:5: note: FIX-IT applied suggested code changes
/nethome/dkulkarni47/LightningSimHLS4MLintegration/examples/fifo_stream_models_vitis2023/KERAS_3layer/myproject_prj/solution1/.autopilot/db/myproject.pp.0.cpp:58222:9: warning: Added loop label VITIS_LOOP_330_2:   [xilinx-label-all-loops]
        for (int i = 0; i < res_T::size; i++) {
        ^~~
        VITIS_LOOP_330_2: 
/nethome/dkulkarni47/LightningSimHLS4MLintegration/examples/fifo_stream_models_vitis2023/KERAS_3layer/myproject_prj/solution1/.autopilot/db/myproject.pp.0.cpp:58222:9: note: FIX-IT applied suggested code changes
/nethome/dkulkarni47/LightningSimHLS4MLintegration/examples/fifo_stream_models_vitis2023/KERAS_3layer/myproject_prj/solution1/.autopilot/db/myproject.pp.0.cpp:58230:9: warning: Added loop label VITIS_LOOP_338_3:   [xilinx-label-all-loops]
        for (int i = 1; i < res_T::size; i++) {
        ^~~
        VITIS_LOOP_338_3: 
/nethome/dkulkarni47/LightningSimHLS4MLintegration/examples/fifo_stream_models_vitis2023/KERAS_3layer/myproject_prj/solution1/.autopilot/db/myproject.pp.0.cpp:58230:9: note: FIX-IT applied suggested code changes
/nethome/dkulkarni47/LightningSimHLS4MLintegration/examples/fifo_stream_models_vitis2023/KERAS_3layer/myproject_prj/solution1/.autopilot/db/myproject.pp.0.cpp:58833:9: error: Resource with core_name: ROM_nP_BRAM pragma is ignored, because this core doesn't exist at all  [clang-diagnostic-error]
#pragma HLS RESOURCE variable=weights core=ROM_nP_BRAM
        ^
/nethome/dkulkarni47/LightningSimHLS4MLintegration/examples/fifo_stream_models_vitis2023/KERAS_3layer/myproject_prj/solution1/.autopilot/db/myproject.pp.0.cpp:58907:9: error: Resource with core_name: ROM_nP_BRAM pragma is ignored, because this core doesn't exist at all  [clang-diagnostic-error]
#pragma HLS RESOURCE variable=weights core=ROM_nP_BRAM
        ^
/nethome/dkulkarni47/LightningSimHLS4MLintegration/examples/fifo_stream_models_vitis2023/KERAS_3layer/myproject_prj/solution1/.autopilot/db/myproject.pp.0.cpp:58989:9: error: Resource with core_name: ROM_nP_BRAM pragma is ignored, because this core doesn't exist at all  [clang-diagnostic-error]
#pragma HLS RESOURCE variable=weights core=ROM_nP_BRAM
        ^
/nethome/dkulkarni47/LightningSimHLS4MLintegration/examples/fifo_stream_models_vitis2023/KERAS_3layer/myproject_prj/solution1/.autopilot/db/myproject.pp.0.cpp:59162:5: warning: Added loop label VITIS_LOOP_14_1:   [xilinx-label-all-loops]
    for (unsigned k = 0; k < CONFIG_T::n_out; k++) {
    ^~~
    VITIS_LOOP_14_1: 
/nethome/dkulkarni47/LightningSimHLS4MLintegration/examples/fifo_stream_models_vitis2023/KERAS_3layer/myproject_prj/solution1/.autopilot/db/myproject.pp.0.cpp:59162:5: note: FIX-IT applied suggested code changes
/nethome/dkulkarni47/LightningSimHLS4MLintegration/examples/fifo_stream_models_vitis2023/KERAS_3layer/myproject_prj/solution1/.autopilot/db/myproject.pp.0.cpp:59222:9: warning: Added loop label VITIS_LOOP_74_1:   [xilinx-label-all-loops]
        for (int im = 0; im < CONFIG_T::n_out; im++) {
        ^~~
        VITIS_LOOP_74_1: 
/nethome/dkulkarni47/LightningSimHLS4MLintegration/examples/fifo_stream_models_vitis2023/KERAS_3layer/myproject_prj/solution1/.autopilot/db/myproject.pp.0.cpp:59222:9: note: FIX-IT applied suggested code changes
