

================================================================
== Vitis HLS Report for 'relu_array_ap_fixed_32u_array_ap_fixed_16_6_5_3_0_32u_relu_config7_s'
================================================================
* Date:           Mon Sep 21 23:26:30 2026

* Version:        2023.1.1 (Build 3869133 on Jun 15 2023)
* Project:        myproject_prj
* Solution:       solution1 (Vivado IP Flow Target)
* Product family: zynq
* Target device:  xc7z020-clg400-1


================================================================
== Performance Estimates
================================================================
+ Timing: 
    * Summary: 
    +--------+---------+----------+------------+
    |  Clock |  Target | Estimated| Uncertainty|
    +--------+---------+----------+------------+
    |ap_clk  |  5.00 ns|  2.830 ns|     1.35 ns|
    +--------+---------+----------+------------+

+ Latency: 
    * Summary: 
    +---------+---------+-----------+-----------+-----+-----+---------+
    |  Latency (cycles) |   Latency (absolute)  |  Interval | Pipeline|
    |   min   |   max   |    min    |    max    | min | max |   Type  |
    +---------+---------+-----------+-----------+-----+-----+---------+
    |        2|        2|  10.000 ns|  10.000 ns|    2|    2|       no|
    +---------+---------+-----------+-----------+-----+-----+---------+

    + Detail: 
        * Instance: 
        N/A

        * Loop: 
        N/A

============================================================
+ Verbose Summary: Synthesis Manager
============================================================
InlineROM: 1
ExposeGlobal: 0
============================================================
+ Verbose Summary: CDFG Model
============================================================
IsTopModel: 0
ResetActiveHigh: 1
IsCombinational: 2
IsDatapathOnly: 0
HasWiredReturn: 1
HasMFsm: 0
HasVarLatency: 1
IsPipeline: 0
IsRtlPipelined: 0
IsInstanceOverlapped: 0
IsDontTouch: 0
HasImplIP: 0
IsGatedGlobalClock: 0


============================================================
+ Verbose Summary: Schedule
============================================================
* Number of FSM states : 3
* Pipeline : 0
* Dataflow Pipeline: 0

* FSM state transitions: 
1 --> 2 
2 --> 3 
3 --> 

* FSM state operations: 

State 1 <SV = 0> <Delay = 1.82>
ST_1 : Operation 4 [1/1] (1.82ns)   --->   "%layer6_out_read = read i512 @_ssdm_op_Read.ap_fifo.volatile.i512P0A, i512 %layer6_out" [firmware/nnet_utils/nnet_activation_stream.h:44]   --->   Operation 4 'read' 'layer6_out_read' <Predicate = true> <Delay = 1.82> <CoreInst = "FIFO_SRL">   --->   Core 81 'FIFO_SRL' <Latency = 0> <II = 1> <Delay = 3.63> <Storage> <Opcode : 'read' 'write' 'nbread' 'nbwrite'> <Ports = 0> <Width = 512> <Depth = 1> <FIFO>
ST_1 : Operation 5 [1/1] (0.00ns)   --->   "%in_data = trunc i512 %layer6_out_read" [firmware/nnet_utils/nnet_activation_stream.h:44]   --->   Operation 5 'trunc' 'in_data' <Predicate = true> <Delay = 0.00>
ST_1 : Operation 6 [1/1] (0.00ns)   --->   "%trunc_ln44_2 = trunc i512 %layer6_out_read" [firmware/nnet_utils/nnet_activation_stream.h:44]   --->   Operation 6 'trunc' 'trunc_ln44_2' <Predicate = true> <Delay = 0.00>
ST_1 : Operation 7 [1/1] (0.00ns)   --->   "%trunc_ln44_65 = partselect i16 @_ssdm_op_PartSelect.i16.i512.i32.i32, i512 %layer6_out_read, i32 480, i32 495" [firmware/nnet_utils/nnet_activation_stream.h:44]   --->   Operation 7 'partselect' 'trunc_ln44_65' <Predicate = true> <Delay = 0.00>
ST_1 : Operation 8 [1/1] (0.00ns)   --->   "%trunc_ln44_66 = partselect i16 @_ssdm_op_PartSelect.i16.i512.i32.i32, i512 %layer6_out_read, i32 496, i32 511" [firmware/nnet_utils/nnet_activation_stream.h:44]   --->   Operation 8 'partselect' 'trunc_ln44_66' <Predicate = true> <Delay = 0.00>
ST_1 : Operation 9 [1/1] (0.00ns)   --->   "%in_data_10 = partselect i16 @_ssdm_op_PartSelect.i16.i512.i32.i32, i512 %layer6_out_read, i32 16, i32 31" [firmware/nnet_utils/nnet_activation_stream.h:44]   --->   Operation 9 'partselect' 'in_data_10' <Predicate = true> <Delay = 0.00>
ST_1 : Operation 10 [1/1] (0.00ns)   --->   "%trunc_ln44_s = partselect i15 @_ssdm_op_PartSelect.i15.i512.i32.i32, i512 %layer6_out_read, i32 16, i32 30" [firmware/nnet_utils/nnet_activation_stream.h:44]   --->   Operation 10 'partselect' 'trunc_ln44_s' <Predicate = true> <Delay = 0.00>
ST_1 : Operation 11 [1/1] (0.00ns)   --->   "%in_data_11 = partselect i16 @_ssdm_op_PartSelect.i16.i512.i32.i32, i512 %layer6_out_read, i32 32, i32 47" [firmware/nnet_utils/nnet_activation_stream.h:44]   --->   Operation 11 'partselect' 'in_data_11' <Predicate = true> <Delay = 0.00>
ST_1 : Operation 12 [1/1] (0.00ns)   --->   "%trunc_ln44_67 = partselect i15 @_ssdm_op_PartSelect.i15.i512.i32.i32, i512 %layer6_out_read, i32 32, i32 46" [firmware/nnet_utils/nnet_activation_stream.h:44]   --->   Operation 12 'partselect' 'trunc_ln44_67' <Predicate = true> <Delay = 0.00>
ST_1 : Operation 13 [1/1] (0.00ns)   --->   "%in_data_12 = partselect i16 @_ssdm_op_PartSelect.i16.i512.i32.i32, i512 %layer6_out_read, i32 48, i32 63" [firmware/nnet_utils/nnet_activation_stream.h:44]   --->   Operation 13 'partselect' 'in_data_12' <Predicate = true> <Delay = 0.00>
ST_1 : Operation 14 [1/1] (0.00ns)   --->   "%trunc_ln44_68 = partselect i15 @_ssdm_op_PartSelect.i15.i512.i32.i32, i512 %layer6_out_read, i32 48, i32 62" [firmware/nnet_utils/nnet_activation_stream.h:44]   --->   Operation 14 'partselect' 'trunc_ln44_68' <Predicate = true> <Delay = 0.00>
ST_1 : Operation 15 [1/1] (0.00ns)   --->   "%tmp = partselect i16 @_ssdm_op_PartSelect.i16.i512.i32.i32, i512 %layer6_out_read, i32 64, i32 79" [firmware/nnet_utils/nnet_activation_stream.h:44]   --->   Operation 15 'partselect' 'tmp' <Predicate = true> <Delay = 0.00>
ST_1 : Operation 16 [1/1] (0.00ns)   --->   "%trunc_ln44_69 = partselect i15 @_ssdm_op_PartSelect.i15.i512.i32.i32, i512 %layer6_out_read, i32 64, i32 78" [firmware/nnet_utils/nnet_activation_stream.h:44]   --->   Operation 16 'partselect' 'trunc_ln44_69' <Predicate = true> <Delay = 0.00>
ST_1 : Operation 17 [1/1] (0.00ns)   --->   "%tmp_s = partselect i16 @_ssdm_op_PartSelect.i16.i512.i32.i32, i512 %layer6_out_read, i32 80, i32 95" [firmware/nnet_utils/nnet_activation_stream.h:44]   --->   Operation 17 'partselect' 'tmp_s' <Predicate = true> <Delay = 0.00>
ST_1 : Operation 18 [1/1] (0.00ns)   --->   "%trunc_ln44_70 = partselect i15 @_ssdm_op_PartSelect.i15.i512.i32.i32, i512 %layer6_out_read, i32 80, i32 94" [firmware/nnet_utils/nnet_activation_stream.h:44]   --->   Operation 18 'partselect' 'trunc_ln44_70' <Predicate = true> <Delay = 0.00>
ST_1 : Operation 19 [1/1] (0.00ns)   --->   "%tmp_57 = partselect i16 @_ssdm_op_PartSelect.i16.i512.i32.i32, i512 %layer6_out_read, i32 96, i32 111" [firmware/nnet_utils/nnet_activation_stream.h:44]   --->   Operation 19 'partselect' 'tmp_57' <Predicate = true> <Delay = 0.00>
ST_1 : Operation 20 [1/1] (0.00ns)   --->   "%trunc_ln44_71 = partselect i15 @_ssdm_op_PartSelect.i15.i512.i32.i32, i512 %layer6_out_read, i32 96, i32 110" [firmware/nnet_utils/nnet_activation_stream.h:44]   --->   Operation 20 'partselect' 'trunc_ln44_71' <Predicate = true> <Delay = 0.00>
ST_1 : Operation 21 [1/1] (0.00ns)   --->   "%tmp_58 = partselect i16 @_ssdm_op_PartSelect.i16.i512.i32.i32, i512 %layer6_out_read, i32 112, i32 127" [firmware/nnet_utils/nnet_activation_stream.h:44]   --->   Operation 21 'partselect' 'tmp_58' <Predicate = true> <Delay = 0.00>
ST_1 : Operation 22 [1/1] (0.00ns)   --->   "%trunc_ln44_72 = partselect i15 @_ssdm_op_PartSelect.i15.i512.i32.i32, i512 %layer6_out_read, i32 112, i32 126" [firmware/nnet_utils/nnet_activation_stream.h:44]   --->   Operation 22 'partselect' 'trunc_ln44_72' <Predicate = true> <Delay = 0.00>
ST_1 : Operation 23 [1/1] (0.00ns)   --->   "%tmp_59 = partselect i16 @_ssdm_op_PartSelect.i16.i512.i32.i32, i512 %layer6_out_read, i32 128, i32 143" [firmware/nnet_utils/nnet_activation_stream.h:44]   --->   Operation 23 'partselect' 'tmp_59' <Predicate = true> <Delay = 0.00>
ST_1 : Operation 24 [1/1] (0.00ns)   --->   "%trunc_ln44_73 = partselect i15 @_ssdm_op_PartSelect.i15.i512.i32.i32, i512 %layer6_out_read, i32 128, i32 142" [firmware/nnet_utils/nnet_activation_stream.h:44]   --->   Operation 24 'partselect' 'trunc_ln44_73' <Predicate = true> <Delay = 0.00>
ST_1 : Operation 25 [1/1] (0.00ns)   --->   "%tmp_60 = partselect i16 @_ssdm_op_PartSelect.i16.i512.i32.i32, i512 %layer6_out_read, i32 144, i32 159" [firmware/nnet_utils/nnet_activation_stream.h:44]   --->   Operation 25 'partselect' 'tmp_60' <Predicate = true> <Delay = 0.00>
ST_1 : Operation 26 [1/1] (0.00ns)   --->   "%trunc_ln44_74 = partselect i15 @_ssdm_op_PartSelect.i15.i512.i32.i32, i512 %layer6_out_read, i32 144, i32 158" [firmware/nnet_utils/nnet_activation_stream.h:44]   --->   Operation 26 'partselect' 'trunc_ln44_74' <Predicate = true> <Delay = 0.00>
ST_1 : Operation 27 [1/1] (0.00ns)   --->   "%tmp_61 = partselect i16 @_ssdm_op_PartSelect.i16.i512.i32.i32, i512 %layer6_out_read, i32 160, i32 175" [firmware/nnet_utils/nnet_activation_stream.h:44]   --->   Operation 27 'partselect' 'tmp_61' <Predicate = true> <Delay = 0.00>
ST_1 : Operation 28 [1/1] (0.00ns)   --->   "%trunc_ln44_75 = partselect i15 @_ssdm_op_PartSelect.i15.i512.i32.i32, i512 %layer6_out_read, i32 160, i32 174" [firmware/nnet_utils/nnet_activation_stream.h:44]   --->   Operation 28 'partselect' 'trunc_ln44_75' <Predicate = true> <Delay = 0.00>
ST_1 : Operation 29 [1/1] (0.00ns)   --->   "%tmp_62 = partselect i16 @_ssdm_op_PartSelect.i16.i512.i32.i32, i512 %layer6_out_read, i32 176, i32 191" [firmware/nnet_utils/nnet_activation_stream.h:44]   --->   Operation 29 'partselect' 'tmp_62' <Predicate = true> <Delay = 0.00>
ST_1 : Operation 30 [1/1] (0.00ns)   --->   "%trunc_ln44_76 = partselect i15 @_ssdm_op_PartSelect.i15.i512.i32.i32, i512 %layer6_out_read, i32 176, i32 190" [firmware/nnet_utils/nnet_activation_stream.h:44]   --->   Operation 30 'partselect' 'trunc_ln44_76' <Predicate = true> <Delay = 0.00>
ST_1 : Operation 31 [1/1] (0.00ns)   --->   "%tmp_63 = partselect i16 @_ssdm_op_PartSelect.i16.i512.i32.i32, i512 %layer6_out_read, i32 192, i32 207" [firmware/nnet_utils/nnet_activation_stream.h:44]   --->   Operation 31 'partselect' 'tmp_63' <Predicate = true> <Delay = 0.00>
ST_1 : Operation 32 [1/1] (0.00ns)   --->   "%trunc_ln44_77 = partselect i15 @_ssdm_op_PartSelect.i15.i512.i32.i32, i512 %layer6_out_read, i32 192, i32 206" [firmware/nnet_utils/nnet_activation_stream.h:44]   --->   Operation 32 'partselect' 'trunc_ln44_77' <Predicate = true> <Delay = 0.00>
ST_1 : Operation 33 [1/1] (0.00ns)   --->   "%tmp_64 = partselect i16 @_ssdm_op_PartSelect.i16.i512.i32.i32, i512 %layer6_out_read, i32 208, i32 223" [firmware/nnet_utils/nnet_activation_stream.h:44]   --->   Operation 33 'partselect' 'tmp_64' <Predicate = true> <Delay = 0.00>
ST_1 : Operation 34 [1/1] (0.00ns)   --->   "%trunc_ln44_78 = partselect i15 @_ssdm_op_PartSelect.i15.i512.i32.i32, i512 %layer6_out_read, i32 208, i32 222" [firmware/nnet_utils/nnet_activation_stream.h:44]   --->   Operation 34 'partselect' 'trunc_ln44_78' <Predicate = true> <Delay = 0.00>
ST_1 : Operation 35 [1/1] (0.00ns)   --->   "%tmp_65 = partselect i16 @_ssdm_op_PartSelect.i16.i512.i32.i32, i512 %layer6_out_read, i32 224, i32 239" [firmware/nnet_utils/nnet_activation_stream.h:44]   --->   Operation 35 'partselect' 'tmp_65' <Predicate = true> <Delay = 0.00>
ST_1 : Operation 36 [1/1] (0.00ns)   --->   "%trunc_ln44_79 = partselect i15 @_ssdm_op_PartSelect.i15.i512.i32.i32, i512 %layer6_out_read, i32 224, i32 238" [firmware/nnet_utils/nnet_activation_stream.h:44]   --->   Operation 36 'partselect' 'trunc_ln44_79' <Predicate = true> <Delay = 0.00>
ST_1 : Operation 37 [1/1] (0.00ns)   --->   "%tmp_66 = partselect i16 @_ssdm_op_PartSelect.i16.i512.i32.i32, i512 %layer6_out_read, i32 240, i32 255" [firmware/nnet_utils/nnet_activation_stream.h:44]   --->   Operation 37 'partselect' 'tmp_66' <Predicate = true> <Delay = 0.00>
ST_1 : Operation 38 [1/1] (0.00ns)   --->   "%trunc_ln44_80 = partselect i15 @_ssdm_op_PartSelect.i15.i512.i32.i32, i512 %layer6_out_read, i32 240, i32 254" [firmware/nnet_utils/nnet_activation_stream.h:44]   --->   Operation 38 'partselect' 'trunc_ln44_80' <Predicate = true> <Delay = 0.00>
ST_1 : Operation 39 [1/1] (0.00ns)   --->   "%tmp_67 = partselect i16 @_ssdm_op_PartSelect.i16.i512.i32.i32, i512 %layer6_out_read, i32 256, i32 271" [firmware/nnet_utils/nnet_activation_stream.h:44]   --->   Operation 39 'partselect' 'tmp_67' <Predicate = true> <Delay = 0.00>
ST_1 : Operation 40 [1/1] (0.00ns)   --->   "%trunc_ln44_81 = partselect i15 @_ssdm_op_PartSelect.i15.i512.i32.i32, i512 %layer6_out_read, i32 256, i32 270" [firmware/nnet_utils/nnet_activation_stream.h:44]   --->   Operation 40 'partselect' 'trunc_ln44_81' <Predicate = true> <Delay = 0.00>
ST_1 : Operation 41 [1/1] (0.00ns)   --->   "%tmp_68 = partselect i16 @_ssdm_op_PartSelect.i16.i512.i32.i32, i512 %layer6_out_read, i32 272, i32 287" [firmware/nnet_utils/nnet_activation_stream.h:44]   --->   Operation 41 'partselect' 'tmp_68' <Predicate = true> <Delay = 0.00>
ST_1 : Operation 42 [1/1] (0.00ns)   --->   "%trunc_ln44_82 = partselect i15 @_ssdm_op_PartSelect.i15.i512.i32.i32, i512 %layer6_out_read, i32 272, i32 286" [firmware/nnet_utils/nnet_activation_stream.h:44]   --->   Operation 42 'partselect' 'trunc_ln44_82' <Predicate = true> <Delay = 0.00>
ST_1 : Operation 43 [1/1] (0.00ns)   --->   "%tmp_69 = partselect i16 @_ssdm_op_PartSelect.i16.i512.i32.i32, i512 %layer6_out_read, i32 288, i32 303" [firmware/nnet_utils/nnet_activation_stream.h:44]   --->   Operation 43 'partselect' 'tmp_69' <Predicate = true> <Delay = 0.00>
ST_1 : Operation 44 [1/1] (0.00ns)   --->   "%trunc_ln44_83 = partselect i15 @_ssdm_op_PartSelect.i15.i512.i32.i32, i512 %layer6_out_read, i32 288, i32 302" [firmware/nnet_utils/nnet_activation_stream.h:44]   --->   Operation 44 'partselect' 'trunc_ln44_83' <Predicate = true> <Delay = 0.00>
ST_1 : Operation 45 [1/1] (0.00ns)   --->   "%tmp_70 = partselect i16 @_ssdm_op_PartSelect.i16.i512.i32.i32, i512 %layer6_out_read, i32 304, i32 319" [firmware/nnet_utils/nnet_activation_stream.h:44]   --->   Operation 45 'partselect' 'tmp_70' <Predicate = true> <Delay = 0.00>
ST_1 : Operation 46 [1/1] (0.00ns)   --->   "%trunc_ln44_84 = partselect i15 @_ssdm_op_PartSelect.i15.i512.i32.i32, i512 %layer6_out_read, i32 304, i32 318" [firmware/nnet_utils/nnet_activation_stream.h:44]   --->   Operation 46 'partselect' 'trunc_ln44_84' <Predicate = true> <Delay = 0.00>
ST_1 : Operation 47 [1/1] (0.00ns)   --->   "%tmp_71 = partselect i16 @_ssdm_op_PartSelect.i16.i512.i32.i32, i512 %layer6_out_read, i32 320, i32 335" [firmware/nnet_utils/nnet_activation_stream.h:44]   --->   Operation 47 'partselect' 'tmp_71' <Predicate = true> <Delay = 0.00>
ST_1 : Operation 48 [1/1] (0.00ns)   --->   "%trunc_ln44_85 = partselect i15 @_ssdm_op_PartSelect.i15.i512.i32.i32, i512 %layer6_out_read, i32 320, i32 334" [firmware/nnet_utils/nnet_activation_stream.h:44]   --->   Operation 48 'partselect' 'trunc_ln44_85' <Predicate = true> <Delay = 0.00>
ST_1 : Operation 49 [1/1] (0.00ns)   --->   "%tmp_72 = partselect i16 @_ssdm_op_PartSelect.i16.i512.i32.i32, i512 %layer6_out_read, i32 336, i32 351" [firmware/nnet_utils/nnet_activation_stream.h:44]   --->   Operation 49 'partselect' 'tmp_72' <Predicate = true> <Delay = 0.00>
ST_1 : Operation 50 [1/1] (0.00ns)   --->   "%trunc_ln44_86 = partselect i15 @_ssdm_op_PartSelect.i15.i512.i32.i32, i512 %layer6_out_read, i32 336, i32 350" [firmware/nnet_utils/nnet_activation_stream.h:44]   --->   Operation 50 'partselect' 'trunc_ln44_86' <Predicate = true> <Delay = 0.00>
ST_1 : Operation 51 [1/1] (0.00ns)   --->   "%tmp_73 = partselect i16 @_ssdm_op_PartSelect.i16.i512.i32.i32, i512 %layer6_out_read, i32 352, i32 367" [firmware/nnet_utils/nnet_activation_stream.h:44]   --->   Operation 51 'partselect' 'tmp_73' <Predicate = true> <Delay = 0.00>
ST_1 : Operation 52 [1/1] (0.00ns)   --->   "%trunc_ln44_87 = partselect i15 @_ssdm_op_PartSelect.i15.i512.i32.i32, i512 %layer6_out_read, i32 352, i32 366" [firmware/nnet_utils/nnet_activation_stream.h:44]   --->   Operation 52 'partselect' 'trunc_ln44_87' <Predicate = true> <Delay = 0.00>
ST_1 : Operation 53 [1/1] (0.00ns)   --->   "%tmp_74 = partselect i16 @_ssdm_op_PartSelect.i16.i512.i32.i32, i512 %layer6_out_read, i32 368, i32 383" [firmware/nnet_utils/nnet_activation_stream.h:44]   --->   Operation 53 'partselect' 'tmp_74' <Predicate = true> <Delay = 0.00>
ST_1 : Operation 54 [1/1] (0.00ns)   --->   "%trunc_ln44_88 = partselect i15 @_ssdm_op_PartSelect.i15.i512.i32.i32, i512 %layer6_out_read, i32 368, i32 382" [firmware/nnet_utils/nnet_activation_stream.h:44]   --->   Operation 54 'partselect' 'trunc_ln44_88' <Predicate = true> <Delay = 0.00>
ST_1 : Operation 55 [1/1] (0.00ns)   --->   "%tmp_75 = partselect i16 @_ssdm_op_PartSelect.i16.i512.i32.i32, i512 %layer6_out_read, i32 384, i32 399" [firmware/nnet_utils/nnet_activation_stream.h:44]   --->   Operation 55 'partselect' 'tmp_75' <Predicate = true> <Delay = 0.00>
ST_1 : Operation 56 [1/1] (0.00ns)   --->   "%trunc_ln44_89 = partselect i15 @_ssdm_op_PartSelect.i15.i512.i32.i32, i512 %layer6_out_read, i32 384, i32 398" [firmware/nnet_utils/nnet_activation_stream.h:44]   --->   Operation 56 'partselect' 'trunc_ln44_89' <Predicate = true> <Delay = 0.00>
ST_1 : Operation 57 [1/1] (0.00ns)   --->   "%tmp_76 = partselect i16 @_ssdm_op_PartSelect.i16.i512.i32.i32, i512 %layer6_out_read, i32 400, i32 415" [firmware/nnet_utils/nnet_activation_stream.h:44]   --->   Operation 57 'partselect' 'tmp_76' <Predicate = true> <Delay = 0.00>
ST_1 : Operation 58 [1/1] (0.00ns)   --->   "%trunc_ln44_90 = partselect i15 @_ssdm_op_PartSelect.i15.i512.i32.i32, i512 %layer6_out_read, i32 400, i32 414" [firmware/nnet_utils/nnet_activation_stream.h:44]   --->   Operation 58 'partselect' 'trunc_ln44_90' <Predicate = true> <Delay = 0.00>
ST_1 : Operation 59 [1/1] (0.00ns)   --->   "%tmp_77 = partselect i16 @_ssdm_op_PartSelect.i16.i512.i32.i32, i512 %layer6_out_read, i32 416, i32 431" [firmware/nnet_utils/nnet_activation_stream.h:44]   --->   Operation 59 'partselect' 'tmp_77' <Predicate = true> <Delay = 0.00>
ST_1 : Operation 60 [1/1] (0.00ns)   --->   "%trunc_ln44_91 = partselect i15 @_ssdm_op_PartSelect.i15.i512.i32.i32, i512 %layer6_out_read, i32 416, i32 430" [firmware/nnet_utils/nnet_activation_stream.h:44]   --->   Operation 60 'partselect' 'trunc_ln44_91' <Predicate = true> <Delay = 0.00>
ST_1 : Operation 61 [1/1] (0.00ns)   --->   "%tmp_78 = partselect i16 @_ssdm_op_PartSelect.i16.i512.i32.i32, i512 %layer6_out_read, i32 432, i32 447" [firmware/nnet_utils/nnet_activation_stream.h:44]   --->   Operation 61 'partselect' 'tmp_78' <Predicate = true> <Delay = 0.00>
ST_1 : Operation 62 [1/1] (0.00ns)   --->   "%trunc_ln44_92 = partselect i15 @_ssdm_op_PartSelect.i15.i512.i32.i32, i512 %layer6_out_read, i32 432, i32 446" [firmware/nnet_utils/nnet_activation_stream.h:44]   --->   Operation 62 'partselect' 'trunc_ln44_92' <Predicate = true> <Delay = 0.00>
ST_1 : Operation 63 [1/1] (0.00ns)   --->   "%tmp_79 = partselect i16 @_ssdm_op_PartSelect.i16.i512.i32.i32, i512 %layer6_out_read, i32 448, i32 463" [firmware/nnet_utils/nnet_activation_stream.h:44]   --->   Operation 63 'partselect' 'tmp_79' <Predicate = true> <Delay = 0.00>
ST_1 : Operation 64 [1/1] (0.00ns)   --->   "%trunc_ln44_93 = partselect i15 @_ssdm_op_PartSelect.i15.i512.i32.i32, i512 %layer6_out_read, i32 448, i32 462" [firmware/nnet_utils/nnet_activation_stream.h:44]   --->   Operation 64 'partselect' 'trunc_ln44_93' <Predicate = true> <Delay = 0.00>
ST_1 : Operation 65 [1/1] (0.00ns)   --->   "%tmp_80 = partselect i16 @_ssdm_op_PartSelect.i16.i512.i32.i32, i512 %layer6_out_read, i32 464, i32 479" [firmware/nnet_utils/nnet_activation_stream.h:44]   --->   Operation 65 'partselect' 'tmp_80' <Predicate = true> <Delay = 0.00>
ST_1 : Operation 66 [1/1] (0.00ns)   --->   "%trunc_ln44_94 = partselect i15 @_ssdm_op_PartSelect.i15.i512.i32.i32, i512 %layer6_out_read, i32 464, i32 478" [firmware/nnet_utils/nnet_activation_stream.h:44]   --->   Operation 66 'partselect' 'trunc_ln44_94' <Predicate = true> <Delay = 0.00>
ST_1 : Operation 67 [1/1] (0.00ns)   --->   "%trunc_ln44_95 = partselect i15 @_ssdm_op_PartSelect.i15.i512.i32.i32, i512 %layer6_out_read, i32 480, i32 494" [firmware/nnet_utils/nnet_activation_stream.h:44]   --->   Operation 67 'partselect' 'trunc_ln44_95' <Predicate = true> <Delay = 0.00>
ST_1 : Operation 68 [1/1] (0.00ns)   --->   "%trunc_ln = partselect i15 @_ssdm_op_PartSelect.i15.i512.i32.i32, i512 %layer6_out_read, i32 496, i32 510" [firmware/nnet_utils/nnet_activation_stream.h:51]   --->   Operation 68 'partselect' 'trunc_ln' <Predicate = true> <Delay = 0.00>

State 2 <SV = 1> <Delay = 2.83>
ST_2 : Operation 69 [1/1] (2.07ns)   --->   "%icmp_ln51 = icmp_sgt  i16 %in_data, i16 0" [firmware/nnet_utils/nnet_activation_stream.h:51]   --->   Operation 69 'icmp' 'icmp_ln51' <Predicate = true> <Delay = 2.07> <CoreInst = "Cmp">   --->   Core 9 'Cmp' <Latency = 0> <II = 1> <Delay = 2.07> <FuncUnit> <Opcode : 'icmp'> <InPorts = 2> <OutPorts = 1>
ST_2 : Operation 70 [1/1] (0.75ns)   --->   "%select_ln51 = select i1 %icmp_ln51, i15 %trunc_ln44_2, i15 0" [firmware/nnet_utils/nnet_activation_stream.h:51]   --->   Operation 70 'select' 'select_ln51' <Predicate = true> <Delay = 0.75> <CoreInst = "Sel">   --->   Core 73 'Sel' <Latency = 0> <II = 1> <Delay = 0.75> <FuncUnit> <Opcode : 'select'> <InPorts = 3> <OutPorts = 1>
ST_2 : Operation 71 [1/1] (2.07ns)   --->   "%icmp_ln51_64 = icmp_sgt  i16 %in_data_10, i16 0" [firmware/nnet_utils/nnet_activation_stream.h:51]   --->   Operation 71 'icmp' 'icmp_ln51_64' <Predicate = true> <Delay = 2.07> <CoreInst = "Cmp">   --->   Core 9 'Cmp' <Latency = 0> <II = 1> <Delay = 2.07> <FuncUnit> <Opcode : 'icmp'> <InPorts = 2> <OutPorts = 1>
ST_2 : Operation 72 [1/1] (0.75ns)   --->   "%select_ln51_64 = select i1 %icmp_ln51_64, i15 %trunc_ln44_s, i15 0" [firmware/nnet_utils/nnet_activation_stream.h:51]   --->   Operation 72 'select' 'select_ln51_64' <Predicate = true> <Delay = 0.75> <CoreInst = "Sel">   --->   Core 73 'Sel' <Latency = 0> <II = 1> <Delay = 0.75> <FuncUnit> <Opcode : 'select'> <InPorts = 3> <OutPorts = 1>
ST_2 : Operation 73 [1/1] (2.07ns)   --->   "%icmp_ln51_65 = icmp_sgt  i16 %in_data_11, i16 0" [firmware/nnet_utils/nnet_activation_stream.h:51]   --->   Operation 73 'icmp' 'icmp_ln51_65' <Predicate = true> <Delay = 2.07> <CoreInst = "Cmp">   --->   Core 9 'Cmp' <Latency = 0> <II = 1> <Delay = 2.07> <FuncUnit> <Opcode : 'icmp'> <InPorts = 2> <OutPorts = 1>
ST_2 : Operation 74 [1/1] (0.75ns)   --->   "%select_ln51_65 = select i1 %icmp_ln51_65, i15 %trunc_ln44_67, i15 0" [firmware/nnet_utils/nnet_activation_stream.h:51]   --->   Operation 74 'select' 'select_ln51_65' <Predicate = true> <Delay = 0.75> <CoreInst = "Sel">   --->   Core 73 'Sel' <Latency = 0> <II = 1> <Delay = 0.75> <FuncUnit> <Opcode : 'select'> <InPorts = 3> <OutPorts = 1>
ST_2 : Operation 75 [1/1] (2.07ns)   --->   "%icmp_ln51_66 = icmp_sgt  i16 %in_data_12, i16 0" [firmware/nnet_utils/nnet_activation_stream.h:51]   --->   Operation 75 'icmp' 'icmp_ln51_66' <Predicate = true> <Delay = 2.07> <CoreInst = "Cmp">   --->   Core 9 'Cmp' <Latency = 0> <II = 1> <Delay = 2.07> <FuncUnit> <Opcode : 'icmp'> <InPorts = 2> <OutPorts = 1>
ST_2 : Operation 76 [1/1] (0.75ns)   --->   "%select_ln51_66 = select i1 %icmp_ln51_66, i15 %trunc_ln44_68, i15 0" [firmware/nnet_utils/nnet_activation_stream.h:51]   --->   Operation 76 'select' 'select_ln51_66' <Predicate = true> <Delay = 0.75> <CoreInst = "Sel">   --->   Core 73 'Sel' <Latency = 0> <II = 1> <Delay = 0.75> <FuncUnit> <Opcode : 'select'> <InPorts = 3> <OutPorts = 1>
ST_2 : Operation 77 [1/1] (2.07ns)   --->   "%icmp_ln51_67 = icmp_sgt  i16 %tmp, i16 0" [firmware/nnet_utils/nnet_activation_stream.h:51]   --->   Operation 77 'icmp' 'icmp_ln51_67' <Predicate = true> <Delay = 2.07> <CoreInst = "Cmp">   --->   Core 9 'Cmp' <Latency = 0> <II = 1> <Delay = 2.07> <FuncUnit> <Opcode : 'icmp'> <InPorts = 2> <OutPorts = 1>
ST_2 : Operation 78 [1/1] (0.75ns)   --->   "%select_ln51_67 = select i1 %icmp_ln51_67, i15 %trunc_ln44_69, i15 0" [firmware/nnet_utils/nnet_activation_stream.h:51]   --->   Operation 78 'select' 'select_ln51_67' <Predicate = true> <Delay = 0.75> <CoreInst = "Sel">   --->   Core 73 'Sel' <Latency = 0> <II = 1> <Delay = 0.75> <FuncUnit> <Opcode : 'select'> <InPorts = 3> <OutPorts = 1>
ST_2 : Operation 79 [1/1] (2.07ns)   --->   "%icmp_ln51_68 = icmp_sgt  i16 %tmp_s, i16 0" [firmware/nnet_utils/nnet_activation_stream.h:51]   --->   Operation 79 'icmp' 'icmp_ln51_68' <Predicate = true> <Delay = 2.07> <CoreInst = "Cmp">   --->   Core 9 'Cmp' <Latency = 0> <II = 1> <Delay = 2.07> <FuncUnit> <Opcode : 'icmp'> <InPorts = 2> <OutPorts = 1>
ST_2 : Operation 80 [1/1] (0.75ns)   --->   "%select_ln51_68 = select i1 %icmp_ln51_68, i15 %trunc_ln44_70, i15 0" [firmware/nnet_utils/nnet_activation_stream.h:51]   --->   Operation 80 'select' 'select_ln51_68' <Predicate = true> <Delay = 0.75> <CoreInst = "Sel">   --->   Core 73 'Sel' <Latency = 0> <II = 1> <Delay = 0.75> <FuncUnit> <Opcode : 'select'> <InPorts = 3> <OutPorts = 1>
ST_2 : Operation 81 [1/1] (2.07ns)   --->   "%icmp_ln51_69 = icmp_sgt  i16 %tmp_57, i16 0" [firmware/nnet_utils/nnet_activation_stream.h:51]   --->   Operation 81 'icmp' 'icmp_ln51_69' <Predicate = true> <Delay = 2.07> <CoreInst = "Cmp">   --->   Core 9 'Cmp' <Latency = 0> <II = 1> <Delay = 2.07> <FuncUnit> <Opcode : 'icmp'> <InPorts = 2> <OutPorts = 1>
ST_2 : Operation 82 [1/1] (0.75ns)   --->   "%select_ln51_69 = select i1 %icmp_ln51_69, i15 %trunc_ln44_71, i15 0" [firmware/nnet_utils/nnet_activation_stream.h:51]   --->   Operation 82 'select' 'select_ln51_69' <Predicate = true> <Delay = 0.75> <CoreInst = "Sel">   --->   Core 73 'Sel' <Latency = 0> <II = 1> <Delay = 0.75> <FuncUnit> <Opcode : 'select'> <InPorts = 3> <OutPorts = 1>
ST_2 : Operation 83 [1/1] (2.07ns)   --->   "%icmp_ln51_70 = icmp_sgt  i16 %tmp_58, i16 0" [firmware/nnet_utils/nnet_activation_stream.h:51]   --->   Operation 83 'icmp' 'icmp_ln51_70' <Predicate = true> <Delay = 2.07> <CoreInst = "Cmp">   --->   Core 9 'Cmp' <Latency = 0> <II = 1> <Delay = 2.07> <FuncUnit> <Opcode : 'icmp'> <InPorts = 2> <OutPorts = 1>
ST_2 : Operation 84 [1/1] (0.75ns)   --->   "%select_ln51_70 = select i1 %icmp_ln51_70, i15 %trunc_ln44_72, i15 0" [firmware/nnet_utils/nnet_activation_stream.h:51]   --->   Operation 84 'select' 'select_ln51_70' <Predicate = true> <Delay = 0.75> <CoreInst = "Sel">   --->   Core 73 'Sel' <Latency = 0> <II = 1> <Delay = 0.75> <FuncUnit> <Opcode : 'select'> <InPorts = 3> <OutPorts = 1>
ST_2 : Operation 85 [1/1] (2.07ns)   --->   "%icmp_ln51_71 = icmp_sgt  i16 %tmp_59, i16 0" [firmware/nnet_utils/nnet_activation_stream.h:51]   --->   Operation 85 'icmp' 'icmp_ln51_71' <Predicate = true> <Delay = 2.07> <CoreInst = "Cmp">   --->   Core 9 'Cmp' <Latency = 0> <II = 1> <Delay = 2.07> <FuncUnit> <Opcode : 'icmp'> <InPorts = 2> <OutPorts = 1>
ST_2 : Operation 86 [1/1] (0.75ns)   --->   "%select_ln51_71 = select i1 %icmp_ln51_71, i15 %trunc_ln44_73, i15 0" [firmware/nnet_utils/nnet_activation_stream.h:51]   --->   Operation 86 'select' 'select_ln51_71' <Predicate = true> <Delay = 0.75> <CoreInst = "Sel">   --->   Core 73 'Sel' <Latency = 0> <II = 1> <Delay = 0.75> <FuncUnit> <Opcode : 'select'> <InPorts = 3> <OutPorts = 1>
ST_2 : Operation 87 [1/1] (2.07ns)   --->   "%icmp_ln51_72 = icmp_sgt  i16 %tmp_60, i16 0" [firmware/nnet_utils/nnet_activation_stream.h:51]   --->   Operation 87 'icmp' 'icmp_ln51_72' <Predicate = true> <Delay = 2.07> <CoreInst = "Cmp">   --->   Core 9 'Cmp' <Latency = 0> <II = 1> <Delay = 2.07> <FuncUnit> <Opcode : 'icmp'> <InPorts = 2> <OutPorts = 1>
ST_2 : Operation 88 [1/1] (0.75ns)   --->   "%select_ln51_72 = select i1 %icmp_ln51_72, i15 %trunc_ln44_74, i15 0" [firmware/nnet_utils/nnet_activation_stream.h:51]   --->   Operation 88 'select' 'select_ln51_72' <Predicate = true> <Delay = 0.75> <CoreInst = "Sel">   --->   Core 73 'Sel' <Latency = 0> <II = 1> <Delay = 0.75> <FuncUnit> <Opcode : 'select'> <InPorts = 3> <OutPorts = 1>
ST_2 : Operation 89 [1/1] (2.07ns)   --->   "%icmp_ln51_73 = icmp_sgt  i16 %tmp_61, i16 0" [firmware/nnet_utils/nnet_activation_stream.h:51]   --->   Operation 89 'icmp' 'icmp_ln51_73' <Predicate = true> <Delay = 2.07> <CoreInst = "Cmp">   --->   Core 9 'Cmp' <Latency = 0> <II = 1> <Delay = 2.07> <FuncUnit> <Opcode : 'icmp'> <InPorts = 2> <OutPorts = 1>
ST_2 : Operation 90 [1/1] (0.75ns)   --->   "%select_ln51_73 = select i1 %icmp_ln51_73, i15 %trunc_ln44_75, i15 0" [firmware/nnet_utils/nnet_activation_stream.h:51]   --->   Operation 90 'select' 'select_ln51_73' <Predicate = true> <Delay = 0.75> <CoreInst = "Sel">   --->   Core 73 'Sel' <Latency = 0> <II = 1> <Delay = 0.75> <FuncUnit> <Opcode : 'select'> <InPorts = 3> <OutPorts = 1>
ST_2 : Operation 91 [1/1] (2.07ns)   --->   "%icmp_ln51_74 = icmp_sgt  i16 %tmp_62, i16 0" [firmware/nnet_utils/nnet_activation_stream.h:51]   --->   Operation 91 'icmp' 'icmp_ln51_74' <Predicate = true> <Delay = 2.07> <CoreInst = "Cmp">   --->   Core 9 'Cmp' <Latency = 0> <II = 1> <Delay = 2.07> <FuncUnit> <Opcode : 'icmp'> <InPorts = 2> <OutPorts = 1>
ST_2 : Operation 92 [1/1] (0.75ns)   --->   "%select_ln51_74 = select i1 %icmp_ln51_74, i15 %trunc_ln44_76, i15 0" [firmware/nnet_utils/nnet_activation_stream.h:51]   --->   Operation 92 'select' 'select_ln51_74' <Predicate = true> <Delay = 0.75> <CoreInst = "Sel">   --->   Core 73 'Sel' <Latency = 0> <II = 1> <Delay = 0.75> <FuncUnit> <Opcode : 'select'> <InPorts = 3> <OutPorts = 1>
ST_2 : Operation 93 [1/1] (2.07ns)   --->   "%icmp_ln51_75 = icmp_sgt  i16 %tmp_63, i16 0" [firmware/nnet_utils/nnet_activation_stream.h:51]   --->   Operation 93 'icmp' 'icmp_ln51_75' <Predicate = true> <Delay = 2.07> <CoreInst = "Cmp">   --->   Core 9 'Cmp' <Latency = 0> <II = 1> <Delay = 2.07> <FuncUnit> <Opcode : 'icmp'> <InPorts = 2> <OutPorts = 1>
ST_2 : Operation 94 [1/1] (0.75ns)   --->   "%select_ln51_75 = select i1 %icmp_ln51_75, i15 %trunc_ln44_77, i15 0" [firmware/nnet_utils/nnet_activation_stream.h:51]   --->   Operation 94 'select' 'select_ln51_75' <Predicate = true> <Delay = 0.75> <CoreInst = "Sel">   --->   Core 73 'Sel' <Latency = 0> <II = 1> <Delay = 0.75> <FuncUnit> <Opcode : 'select'> <InPorts = 3> <OutPorts = 1>
ST_2 : Operation 95 [1/1] (2.07ns)   --->   "%icmp_ln51_76 = icmp_sgt  i16 %tmp_64, i16 0" [firmware/nnet_utils/nnet_activation_stream.h:51]   --->   Operation 95 'icmp' 'icmp_ln51_76' <Predicate = true> <Delay = 2.07> <CoreInst = "Cmp">   --->   Core 9 'Cmp' <Latency = 0> <II = 1> <Delay = 2.07> <FuncUnit> <Opcode : 'icmp'> <InPorts = 2> <OutPorts = 1>
ST_2 : Operation 96 [1/1] (0.75ns)   --->   "%select_ln51_76 = select i1 %icmp_ln51_76, i15 %trunc_ln44_78, i15 0" [firmware/nnet_utils/nnet_activation_stream.h:51]   --->   Operation 96 'select' 'select_ln51_76' <Predicate = true> <Delay = 0.75> <CoreInst = "Sel">   --->   Core 73 'Sel' <Latency = 0> <II = 1> <Delay = 0.75> <FuncUnit> <Opcode : 'select'> <InPorts = 3> <OutPorts = 1>
ST_2 : Operation 97 [1/1] (2.07ns)   --->   "%icmp_ln51_77 = icmp_sgt  i16 %tmp_65, i16 0" [firmware/nnet_utils/nnet_activation_stream.h:51]   --->   Operation 97 'icmp' 'icmp_ln51_77' <Predicate = true> <Delay = 2.07> <CoreInst = "Cmp">   --->   Core 9 'Cmp' <Latency = 0> <II = 1> <Delay = 2.07> <FuncUnit> <Opcode : 'icmp'> <InPorts = 2> <OutPorts = 1>
ST_2 : Operation 98 [1/1] (0.75ns)   --->   "%select_ln51_77 = select i1 %icmp_ln51_77, i15 %trunc_ln44_79, i15 0" [firmware/nnet_utils/nnet_activation_stream.h:51]   --->   Operation 98 'select' 'select_ln51_77' <Predicate = true> <Delay = 0.75> <CoreInst = "Sel">   --->   Core 73 'Sel' <Latency = 0> <II = 1> <Delay = 0.75> <FuncUnit> <Opcode : 'select'> <InPorts = 3> <OutPorts = 1>
ST_2 : Operation 99 [1/1] (2.07ns)   --->   "%icmp_ln51_78 = icmp_sgt  i16 %tmp_66, i16 0" [firmware/nnet_utils/nnet_activation_stream.h:51]   --->   Operation 99 'icmp' 'icmp_ln51_78' <Predicate = true> <Delay = 2.07> <CoreInst = "Cmp">   --->   Core 9 'Cmp' <Latency = 0> <II = 1> <Delay = 2.07> <FuncUnit> <Opcode : 'icmp'> <InPorts = 2> <OutPorts = 1>
ST_2 : Operation 100 [1/1] (0.75ns)   --->   "%select_ln51_78 = select i1 %icmp_ln51_78, i15 %trunc_ln44_80, i15 0" [firmware/nnet_utils/nnet_activation_stream.h:51]   --->   Operation 100 'select' 'select_ln51_78' <Predicate = true> <Delay = 0.75> <CoreInst = "Sel">   --->   Core 73 'Sel' <Latency = 0> <II = 1> <Delay = 0.75> <FuncUnit> <Opcode : 'select'> <InPorts = 3> <OutPorts = 1>
ST_2 : Operation 101 [1/1] (2.07ns)   --->   "%icmp_ln51_79 = icmp_sgt  i16 %tmp_67, i16 0" [firmware/nnet_utils/nnet_activation_stream.h:51]   --->   Operation 101 'icmp' 'icmp_ln51_79' <Predicate = true> <Delay = 2.07> <CoreInst = "Cmp">   --->   Core 9 'Cmp' <Latency = 0> <II = 1> <Delay = 2.07> <FuncUnit> <Opcode : 'icmp'> <InPorts = 2> <OutPorts = 1>
ST_2 : Operation 102 [1/1] (0.75ns)   --->   "%select_ln51_79 = select i1 %icmp_ln51_79, i15 %trunc_ln44_81, i15 0" [firmware/nnet_utils/nnet_activation_stream.h:51]   --->   Operation 102 'select' 'select_ln51_79' <Predicate = true> <Delay = 0.75> <CoreInst = "Sel">   --->   Core 73 'Sel' <Latency = 0> <II = 1> <Delay = 0.75> <FuncUnit> <Opcode : 'select'> <InPorts = 3> <OutPorts = 1>
ST_2 : Operation 103 [1/1] (2.07ns)   --->   "%icmp_ln51_80 = icmp_sgt  i16 %tmp_68, i16 0" [firmware/nnet_utils/nnet_activation_stream.h:51]   --->   Operation 103 'icmp' 'icmp_ln51_80' <Predicate = true> <Delay = 2.07> <CoreInst = "Cmp">   --->   Core 9 'Cmp' <Latency = 0> <II = 1> <Delay = 2.07> <FuncUnit> <Opcode : 'icmp'> <InPorts = 2> <OutPorts = 1>
ST_2 : Operation 104 [1/1] (0.75ns)   --->   "%select_ln51_80 = select i1 %icmp_ln51_80, i15 %trunc_ln44_82, i15 0" [firmware/nnet_utils/nnet_activation_stream.h:51]   --->   Operation 104 'select' 'select_ln51_80' <Predicate = true> <Delay = 0.75> <CoreInst = "Sel">   --->   Core 73 'Sel' <Latency = 0> <II = 1> <Delay = 0.75> <FuncUnit> <Opcode : 'select'> <InPorts = 3> <OutPorts = 1>
ST_2 : Operation 105 [1/1] (2.07ns)   --->   "%icmp_ln51_81 = icmp_sgt  i16 %tmp_69, i16 0" [firmware/nnet_utils/nnet_activation_stream.h:51]   --->   Operation 105 'icmp' 'icmp_ln51_81' <Predicate = true> <Delay = 2.07> <CoreInst = "Cmp">   --->   Core 9 'Cmp' <Latency = 0> <II = 1> <Delay = 2.07> <FuncUnit> <Opcode : 'icmp'> <InPorts = 2> <OutPorts = 1>
ST_2 : Operation 106 [1/1] (0.75ns)   --->   "%select_ln51_81 = select i1 %icmp_ln51_81, i15 %trunc_ln44_83, i15 0" [firmware/nnet_utils/nnet_activation_stream.h:51]   --->   Operation 106 'select' 'select_ln51_81' <Predicate = true> <Delay = 0.75> <CoreInst = "Sel">   --->   Core 73 'Sel' <Latency = 0> <II = 1> <Delay = 0.75> <FuncUnit> <Opcode : 'select'> <InPorts = 3> <OutPorts = 1>
ST_2 : Operation 107 [1/1] (2.07ns)   --->   "%icmp_ln51_82 = icmp_sgt  i16 %tmp_70, i16 0" [firmware/nnet_utils/nnet_activation_stream.h:51]   --->   Operation 107 'icmp' 'icmp_ln51_82' <Predicate = true> <Delay = 2.07> <CoreInst = "Cmp">   --->   Core 9 'Cmp' <Latency = 0> <II = 1> <Delay = 2.07> <FuncUnit> <Opcode : 'icmp'> <InPorts = 2> <OutPorts = 1>
ST_2 : Operation 108 [1/1] (0.75ns)   --->   "%select_ln51_82 = select i1 %icmp_ln51_82, i15 %trunc_ln44_84, i15 0" [firmware/nnet_utils/nnet_activation_stream.h:51]   --->   Operation 108 'select' 'select_ln51_82' <Predicate = true> <Delay = 0.75> <CoreInst = "Sel">   --->   Core 73 'Sel' <Latency = 0> <II = 1> <Delay = 0.75> <FuncUnit> <Opcode : 'select'> <InPorts = 3> <OutPorts = 1>
ST_2 : Operation 109 [1/1] (2.07ns)   --->   "%icmp_ln51_83 = icmp_sgt  i16 %tmp_71, i16 0" [firmware/nnet_utils/nnet_activation_stream.h:51]   --->   Operation 109 'icmp' 'icmp_ln51_83' <Predicate = true> <Delay = 2.07> <CoreInst = "Cmp">   --->   Core 9 'Cmp' <Latency = 0> <II = 1> <Delay = 2.07> <FuncUnit> <Opcode : 'icmp'> <InPorts = 2> <OutPorts = 1>
ST_2 : Operation 110 [1/1] (0.75ns)   --->   "%select_ln51_83 = select i1 %icmp_ln51_83, i15 %trunc_ln44_85, i15 0" [firmware/nnet_utils/nnet_activation_stream.h:51]   --->   Operation 110 'select' 'select_ln51_83' <Predicate = true> <Delay = 0.75> <CoreInst = "Sel">   --->   Core 73 'Sel' <Latency = 0> <II = 1> <Delay = 0.75> <FuncUnit> <Opcode : 'select'> <InPorts = 3> <OutPorts = 1>
ST_2 : Operation 111 [1/1] (2.07ns)   --->   "%icmp_ln51_84 = icmp_sgt  i16 %tmp_72, i16 0" [firmware/nnet_utils/nnet_activation_stream.h:51]   --->   Operation 111 'icmp' 'icmp_ln51_84' <Predicate = true> <Delay = 2.07> <CoreInst = "Cmp">   --->   Core 9 'Cmp' <Latency = 0> <II = 1> <Delay = 2.07> <FuncUnit> <Opcode : 'icmp'> <InPorts = 2> <OutPorts = 1>
ST_2 : Operation 112 [1/1] (0.75ns)   --->   "%select_ln51_84 = select i1 %icmp_ln51_84, i15 %trunc_ln44_86, i15 0" [firmware/nnet_utils/nnet_activation_stream.h:51]   --->   Operation 112 'select' 'select_ln51_84' <Predicate = true> <Delay = 0.75> <CoreInst = "Sel">   --->   Core 73 'Sel' <Latency = 0> <II = 1> <Delay = 0.75> <FuncUnit> <Opcode : 'select'> <InPorts = 3> <OutPorts = 1>
ST_2 : Operation 113 [1/1] (2.07ns)   --->   "%icmp_ln51_85 = icmp_sgt  i16 %tmp_73, i16 0" [firmware/nnet_utils/nnet_activation_stream.h:51]   --->   Operation 113 'icmp' 'icmp_ln51_85' <Predicate = true> <Delay = 2.07> <CoreInst = "Cmp">   --->   Core 9 'Cmp' <Latency = 0> <II = 1> <Delay = 2.07> <FuncUnit> <Opcode : 'icmp'> <InPorts = 2> <OutPorts = 1>
ST_2 : Operation 114 [1/1] (0.75ns)   --->   "%select_ln51_85 = select i1 %icmp_ln51_85, i15 %trunc_ln44_87, i15 0" [firmware/nnet_utils/nnet_activation_stream.h:51]   --->   Operation 114 'select' 'select_ln51_85' <Predicate = true> <Delay = 0.75> <CoreInst = "Sel">   --->   Core 73 'Sel' <Latency = 0> <II = 1> <Delay = 0.75> <FuncUnit> <Opcode : 'select'> <InPorts = 3> <OutPorts = 1>
ST_2 : Operation 115 [1/1] (2.07ns)   --->   "%icmp_ln51_86 = icmp_sgt  i16 %tmp_74, i16 0" [firmware/nnet_utils/nnet_activation_stream.h:51]   --->   Operation 115 'icmp' 'icmp_ln51_86' <Predicate = true> <Delay = 2.07> <CoreInst = "Cmp">   --->   Core 9 'Cmp' <Latency = 0> <II = 1> <Delay = 2.07> <FuncUnit> <Opcode : 'icmp'> <InPorts = 2> <OutPorts = 1>
ST_2 : Operation 116 [1/1] (0.75ns)   --->   "%select_ln51_86 = select i1 %icmp_ln51_86, i15 %trunc_ln44_88, i15 0" [firmware/nnet_utils/nnet_activation_stream.h:51]   --->   Operation 116 'select' 'select_ln51_86' <Predicate = true> <Delay = 0.75> <CoreInst = "Sel">   --->   Core 73 'Sel' <Latency = 0> <II = 1> <Delay = 0.75> <FuncUnit> <Opcode : 'select'> <InPorts = 3> <OutPorts = 1>
ST_2 : Operation 117 [1/1] (2.07ns)   --->   "%icmp_ln51_87 = icmp_sgt  i16 %tmp_75, i16 0" [firmware/nnet_utils/nnet_activation_stream.h:51]   --->   Operation 117 'icmp' 'icmp_ln51_87' <Predicate = true> <Delay = 2.07> <CoreInst = "Cmp">   --->   Core 9 'Cmp' <Latency = 0> <II = 1> <Delay = 2.07> <FuncUnit> <Opcode : 'icmp'> <InPorts = 2> <OutPorts = 1>
ST_2 : Operation 118 [1/1] (0.75ns)   --->   "%select_ln51_87 = select i1 %icmp_ln51_87, i15 %trunc_ln44_89, i15 0" [firmware/nnet_utils/nnet_activation_stream.h:51]   --->   Operation 118 'select' 'select_ln51_87' <Predicate = true> <Delay = 0.75> <CoreInst = "Sel">   --->   Core 73 'Sel' <Latency = 0> <II = 1> <Delay = 0.75> <FuncUnit> <Opcode : 'select'> <InPorts = 3> <OutPorts = 1>
ST_2 : Operation 119 [1/1] (2.07ns)   --->   "%icmp_ln51_88 = icmp_sgt  i16 %tmp_76, i16 0" [firmware/nnet_utils/nnet_activation_stream.h:51]   --->   Operation 119 'icmp' 'icmp_ln51_88' <Predicate = true> <Delay = 2.07> <CoreInst = "Cmp">   --->   Core 9 'Cmp' <Latency = 0> <II = 1> <Delay = 2.07> <FuncUnit> <Opcode : 'icmp'> <InPorts = 2> <OutPorts = 1>
ST_2 : Operation 120 [1/1] (0.75ns)   --->   "%select_ln51_88 = select i1 %icmp_ln51_88, i15 %trunc_ln44_90, i15 0" [firmware/nnet_utils/nnet_activation_stream.h:51]   --->   Operation 120 'select' 'select_ln51_88' <Predicate = true> <Delay = 0.75> <CoreInst = "Sel">   --->   Core 73 'Sel' <Latency = 0> <II = 1> <Delay = 0.75> <FuncUnit> <Opcode : 'select'> <InPorts = 3> <OutPorts = 1>
ST_2 : Operation 121 [1/1] (2.07ns)   --->   "%icmp_ln51_89 = icmp_sgt  i16 %tmp_77, i16 0" [firmware/nnet_utils/nnet_activation_stream.h:51]   --->   Operation 121 'icmp' 'icmp_ln51_89' <Predicate = true> <Delay = 2.07> <CoreInst = "Cmp">   --->   Core 9 'Cmp' <Latency = 0> <II = 1> <Delay = 2.07> <FuncUnit> <Opcode : 'icmp'> <InPorts = 2> <OutPorts = 1>
ST_2 : Operation 122 [1/1] (0.75ns)   --->   "%select_ln51_89 = select i1 %icmp_ln51_89, i15 %trunc_ln44_91, i15 0" [firmware/nnet_utils/nnet_activation_stream.h:51]   --->   Operation 122 'select' 'select_ln51_89' <Predicate = true> <Delay = 0.75> <CoreInst = "Sel">   --->   Core 73 'Sel' <Latency = 0> <II = 1> <Delay = 0.75> <FuncUnit> <Opcode : 'select'> <InPorts = 3> <OutPorts = 1>
ST_2 : Operation 123 [1/1] (2.07ns)   --->   "%icmp_ln51_90 = icmp_sgt  i16 %tmp_78, i16 0" [firmware/nnet_utils/nnet_activation_stream.h:51]   --->   Operation 123 'icmp' 'icmp_ln51_90' <Predicate = true> <Delay = 2.07> <CoreInst = "Cmp">   --->   Core 9 'Cmp' <Latency = 0> <II = 1> <Delay = 2.07> <FuncUnit> <Opcode : 'icmp'> <InPorts = 2> <OutPorts = 1>
ST_2 : Operation 124 [1/1] (0.75ns)   --->   "%select_ln51_90 = select i1 %icmp_ln51_90, i15 %trunc_ln44_92, i15 0" [firmware/nnet_utils/nnet_activation_stream.h:51]   --->   Operation 124 'select' 'select_ln51_90' <Predicate = true> <Delay = 0.75> <CoreInst = "Sel">   --->   Core 73 'Sel' <Latency = 0> <II = 1> <Delay = 0.75> <FuncUnit> <Opcode : 'select'> <InPorts = 3> <OutPorts = 1>
ST_2 : Operation 125 [1/1] (2.07ns)   --->   "%icmp_ln51_91 = icmp_sgt  i16 %tmp_79, i16 0" [firmware/nnet_utils/nnet_activation_stream.h:51]   --->   Operation 125 'icmp' 'icmp_ln51_91' <Predicate = true> <Delay = 2.07> <CoreInst = "Cmp">   --->   Core 9 'Cmp' <Latency = 0> <II = 1> <Delay = 2.07> <FuncUnit> <Opcode : 'icmp'> <InPorts = 2> <OutPorts = 1>
ST_2 : Operation 126 [1/1] (0.75ns)   --->   "%select_ln51_91 = select i1 %icmp_ln51_91, i15 %trunc_ln44_93, i15 0" [firmware/nnet_utils/nnet_activation_stream.h:51]   --->   Operation 126 'select' 'select_ln51_91' <Predicate = true> <Delay = 0.75> <CoreInst = "Sel">   --->   Core 73 'Sel' <Latency = 0> <II = 1> <Delay = 0.75> <FuncUnit> <Opcode : 'select'> <InPorts = 3> <OutPorts = 1>
ST_2 : Operation 127 [1/1] (2.07ns)   --->   "%icmp_ln51_92 = icmp_sgt  i16 %tmp_80, i16 0" [firmware/nnet_utils/nnet_activation_stream.h:51]   --->   Operation 127 'icmp' 'icmp_ln51_92' <Predicate = true> <Delay = 2.07> <CoreInst = "Cmp">   --->   Core 9 'Cmp' <Latency = 0> <II = 1> <Delay = 2.07> <FuncUnit> <Opcode : 'icmp'> <InPorts = 2> <OutPorts = 1>
ST_2 : Operation 128 [1/1] (0.75ns)   --->   "%select_ln51_92 = select i1 %icmp_ln51_92, i15 %trunc_ln44_94, i15 0" [firmware/nnet_utils/nnet_activation_stream.h:51]   --->   Operation 128 'select' 'select_ln51_92' <Predicate = true> <Delay = 0.75> <CoreInst = "Sel">   --->   Core 73 'Sel' <Latency = 0> <II = 1> <Delay = 0.75> <FuncUnit> <Opcode : 'select'> <InPorts = 3> <OutPorts = 1>
ST_2 : Operation 129 [1/1] (2.07ns)   --->   "%icmp_ln51_93 = icmp_sgt  i16 %trunc_ln44_65, i16 0" [firmware/nnet_utils/nnet_activation_stream.h:51]   --->   Operation 129 'icmp' 'icmp_ln51_93' <Predicate = true> <Delay = 2.07> <CoreInst = "Cmp">   --->   Core 9 'Cmp' <Latency = 0> <II = 1> <Delay = 2.07> <FuncUnit> <Opcode : 'icmp'> <InPorts = 2> <OutPorts = 1>
ST_2 : Operation 130 [1/1] (0.75ns)   --->   "%select_ln51_93 = select i1 %icmp_ln51_93, i15 %trunc_ln44_95, i15 0" [firmware/nnet_utils/nnet_activation_stream.h:51]   --->   Operation 130 'select' 'select_ln51_93' <Predicate = true> <Delay = 0.75> <CoreInst = "Sel">   --->   Core 73 'Sel' <Latency = 0> <II = 1> <Delay = 0.75> <FuncUnit> <Opcode : 'select'> <InPorts = 3> <OutPorts = 1>
ST_2 : Operation 131 [1/1] (2.07ns)   --->   "%icmp_ln51_94 = icmp_sgt  i16 %trunc_ln44_66, i16 0" [firmware/nnet_utils/nnet_activation_stream.h:51]   --->   Operation 131 'icmp' 'icmp_ln51_94' <Predicate = true> <Delay = 2.07> <CoreInst = "Cmp">   --->   Core 9 'Cmp' <Latency = 0> <II = 1> <Delay = 2.07> <FuncUnit> <Opcode : 'icmp'> <InPorts = 2> <OutPorts = 1>
ST_2 : Operation 132 [1/1] (0.75ns)   --->   "%select_ln51_94 = select i1 %icmp_ln51_94, i15 %trunc_ln, i15 0" [firmware/nnet_utils/nnet_activation_stream.h:51]   --->   Operation 132 'select' 'select_ln51_94' <Predicate = true> <Delay = 0.75> <CoreInst = "Sel">   --->   Core 73 'Sel' <Latency = 0> <II = 1> <Delay = 0.75> <FuncUnit> <Opcode : 'select'> <InPorts = 3> <OutPorts = 1>

State 3 <SV = 2> <Delay = 1.82>
ST_3 : Operation 133 [1/1] (0.00ns)   --->   "%specinterface_ln0 = specinterface void @_ssdm_op_SpecInterface, i512 %layer7_out, void @empty_0, i32 0, i32 0, void @empty_7, i32 0, i32 0, void @empty_7, void @empty_7, void @empty_7, i32 0, i32 0, i32 0, i32 0, void @empty_7, void @empty_7, i32 4294967295, i32 0"   --->   Operation 133 'specinterface' 'specinterface_ln0' <Predicate = true> <Delay = 0.00>
ST_3 : Operation 134 [1/1] (0.00ns)   --->   "%specinterface_ln0 = specinterface void @_ssdm_op_SpecInterface, i512 %layer6_out, void @empty_0, i32 0, i32 0, void @empty_7, i32 0, i32 0, void @empty_7, void @empty_7, void @empty_7, i32 0, i32 0, i32 0, i32 0, void @empty_7, void @empty_7, i32 4294967295, i32 0"   --->   Operation 134 'specinterface' 'specinterface_ln0' <Predicate = true> <Delay = 0.00>
ST_3 : Operation 135 [1/1] (0.00ns)   --->   "%zext_ln51 = zext i15 %select_ln51" [firmware/nnet_utils/nnet_activation_stream.h:51]   --->   Operation 135 'zext' 'zext_ln51' <Predicate = true> <Delay = 0.00>
ST_3 : Operation 136 [1/1] (0.00ns)   --->   "%zext_ln51_64 = zext i15 %select_ln51_64" [firmware/nnet_utils/nnet_activation_stream.h:51]   --->   Operation 136 'zext' 'zext_ln51_64' <Predicate = true> <Delay = 0.00>
ST_3 : Operation 137 [1/1] (0.00ns)   --->   "%zext_ln51_65 = zext i15 %select_ln51_65" [firmware/nnet_utils/nnet_activation_stream.h:51]   --->   Operation 137 'zext' 'zext_ln51_65' <Predicate = true> <Delay = 0.00>
ST_3 : Operation 138 [1/1] (0.00ns)   --->   "%zext_ln51_66 = zext i15 %select_ln51_66" [firmware/nnet_utils/nnet_activation_stream.h:51]   --->   Operation 138 'zext' 'zext_ln51_66' <Predicate = true> <Delay = 0.00>
ST_3 : Operation 139 [1/1] (0.00ns)   --->   "%zext_ln51_67 = zext i15 %select_ln51_67" [firmware/nnet_utils/nnet_activation_stream.h:51]   --->   Operation 139 'zext' 'zext_ln51_67' <Predicate = true> <Delay = 0.00>
ST_3 : Operation 140 [1/1] (0.00ns)   --->   "%zext_ln51_68 = zext i15 %select_ln51_68" [firmware/nnet_utils/nnet_activation_stream.h:51]   --->   Operation 140 'zext' 'zext_ln51_68' <Predicate = true> <Delay = 0.00>
ST_3 : Operation 141 [1/1] (0.00ns)   --->   "%zext_ln51_69 = zext i15 %select_ln51_69" [firmware/nnet_utils/nnet_activation_stream.h:51]   --->   Operation 141 'zext' 'zext_ln51_69' <Predicate = true> <Delay = 0.00>
ST_3 : Operation 142 [1/1] (0.00ns)   --->   "%zext_ln51_70 = zext i15 %select_ln51_70" [firmware/nnet_utils/nnet_activation_stream.h:51]   --->   Operation 142 'zext' 'zext_ln51_70' <Predicate = true> <Delay = 0.00>
ST_3 : Operation 143 [1/1] (0.00ns)   --->   "%zext_ln51_71 = zext i15 %select_ln51_71" [firmware/nnet_utils/nnet_activation_stream.h:51]   --->   Operation 143 'zext' 'zext_ln51_71' <Predicate = true> <Delay = 0.00>
ST_3 : Operation 144 [1/1] (0.00ns)   --->   "%zext_ln51_72 = zext i15 %select_ln51_72" [firmware/nnet_utils/nnet_activation_stream.h:51]   --->   Operation 144 'zext' 'zext_ln51_72' <Predicate = true> <Delay = 0.00>
ST_3 : Operation 145 [1/1] (0.00ns)   --->   "%zext_ln51_73 = zext i15 %select_ln51_73" [firmware/nnet_utils/nnet_activation_stream.h:51]   --->   Operation 145 'zext' 'zext_ln51_73' <Predicate = true> <Delay = 0.00>
ST_3 : Operation 146 [1/1] (0.00ns)   --->   "%zext_ln51_74 = zext i15 %select_ln51_74" [firmware/nnet_utils/nnet_activation_stream.h:51]   --->   Operation 146 'zext' 'zext_ln51_74' <Predicate = true> <Delay = 0.00>
ST_3 : Operation 147 [1/1] (0.00ns)   --->   "%zext_ln51_75 = zext i15 %select_ln51_75" [firmware/nnet_utils/nnet_activation_stream.h:51]   --->   Operation 147 'zext' 'zext_ln51_75' <Predicate = true> <Delay = 0.00>
ST_3 : Operation 148 [1/1] (0.00ns)   --->   "%zext_ln51_76 = zext i15 %select_ln51_76" [firmware/nnet_utils/nnet_activation_stream.h:51]   --->   Operation 148 'zext' 'zext_ln51_76' <Predicate = true> <Delay = 0.00>
ST_3 : Operation 149 [1/1] (0.00ns)   --->   "%zext_ln51_77 = zext i15 %select_ln51_77" [firmware/nnet_utils/nnet_activation_stream.h:51]   --->   Operation 149 'zext' 'zext_ln51_77' <Predicate = true> <Delay = 0.00>
ST_3 : Operation 150 [1/1] (0.00ns)   --->   "%zext_ln51_78 = zext i15 %select_ln51_78" [firmware/nnet_utils/nnet_activation_stream.h:51]   --->   Operation 150 'zext' 'zext_ln51_78' <Predicate = true> <Delay = 0.00>
ST_3 : Operation 151 [1/1] (0.00ns)   --->   "%zext_ln51_79 = zext i15 %select_ln51_79" [firmware/nnet_utils/nnet_activation_stream.h:51]   --->   Operation 151 'zext' 'zext_ln51_79' <Predicate = true> <Delay = 0.00>
ST_3 : Operation 152 [1/1] (0.00ns)   --->   "%zext_ln51_80 = zext i15 %select_ln51_80" [firmware/nnet_utils/nnet_activation_stream.h:51]   --->   Operation 152 'zext' 'zext_ln51_80' <Predicate = true> <Delay = 0.00>
ST_3 : Operation 153 [1/1] (0.00ns)   --->   "%zext_ln51_81 = zext i15 %select_ln51_81" [firmware/nnet_utils/nnet_activation_stream.h:51]   --->   Operation 153 'zext' 'zext_ln51_81' <Predicate = true> <Delay = 0.00>
ST_3 : Operation 154 [1/1] (0.00ns)   --->   "%zext_ln51_82 = zext i15 %select_ln51_82" [firmware/nnet_utils/nnet_activation_stream.h:51]   --->   Operation 154 'zext' 'zext_ln51_82' <Predicate = true> <Delay = 0.00>
ST_3 : Operation 155 [1/1] (0.00ns)   --->   "%zext_ln51_83 = zext i15 %select_ln51_83" [firmware/nnet_utils/nnet_activation_stream.h:51]   --->   Operation 155 'zext' 'zext_ln51_83' <Predicate = true> <Delay = 0.00>
ST_3 : Operation 156 [1/1] (0.00ns)   --->   "%zext_ln51_84 = zext i15 %select_ln51_84" [firmware/nnet_utils/nnet_activation_stream.h:51]   --->   Operation 156 'zext' 'zext_ln51_84' <Predicate = true> <Delay = 0.00>
ST_3 : Operation 157 [1/1] (0.00ns)   --->   "%zext_ln51_85 = zext i15 %select_ln51_85" [firmware/nnet_utils/nnet_activation_stream.h:51]   --->   Operation 157 'zext' 'zext_ln51_85' <Predicate = true> <Delay = 0.00>
ST_3 : Operation 158 [1/1] (0.00ns)   --->   "%zext_ln51_86 = zext i15 %select_ln51_86" [firmware/nnet_utils/nnet_activation_stream.h:51]   --->   Operation 158 'zext' 'zext_ln51_86' <Predicate = true> <Delay = 0.00>
ST_3 : Operation 159 [1/1] (0.00ns)   --->   "%zext_ln51_87 = zext i15 %select_ln51_87" [firmware/nnet_utils/nnet_activation_stream.h:51]   --->   Operation 159 'zext' 'zext_ln51_87' <Predicate = true> <Delay = 0.00>
ST_3 : Operation 160 [1/1] (0.00ns)   --->   "%zext_ln51_88 = zext i15 %select_ln51_88" [firmware/nnet_utils/nnet_activation_stream.h:51]   --->   Operation 160 'zext' 'zext_ln51_88' <Predicate = true> <Delay = 0.00>
ST_3 : Operation 161 [1/1] (0.00ns)   --->   "%zext_ln51_89 = zext i15 %select_ln51_89" [firmware/nnet_utils/nnet_activation_stream.h:51]   --->   Operation 161 'zext' 'zext_ln51_89' <Predicate = true> <Delay = 0.00>
ST_3 : Operation 162 [1/1] (0.00ns)   --->   "%zext_ln51_90 = zext i15 %select_ln51_90" [firmware/nnet_utils/nnet_activation_stream.h:51]   --->   Operation 162 'zext' 'zext_ln51_90' <Predicate = true> <Delay = 0.00>
ST_3 : Operation 163 [1/1] (0.00ns)   --->   "%zext_ln51_91 = zext i15 %select_ln51_91" [firmware/nnet_utils/nnet_activation_stream.h:51]   --->   Operation 163 'zext' 'zext_ln51_91' <Predicate = true> <Delay = 0.00>
ST_3 : Operation 164 [1/1] (0.00ns)   --->   "%zext_ln51_92 = zext i15 %select_ln51_92" [firmware/nnet_utils/nnet_activation_stream.h:51]   --->   Operation 164 'zext' 'zext_ln51_92' <Predicate = true> <Delay = 0.00>
ST_3 : Operation 165 [1/1] (0.00ns)   --->   "%zext_ln51_93 = zext i15 %select_ln51_93" [firmware/nnet_utils/nnet_activation_stream.h:51]   --->   Operation 165 'zext' 'zext_ln51_93' <Predicate = true> <Delay = 0.00>
ST_3 : Operation 166 [1/1] (0.00ns)   --->   "%or_ln57_s = bitconcatenate i511 @_ssdm_op_BitConcatenate.i511.i15.i16.i16.i16.i16.i16.i16.i16.i16.i16.i16.i16.i16.i16.i16.i16.i16.i16.i16.i16.i16.i16.i16.i16.i16.i16.i16.i16.i16.i16.i16.i16, i15 %select_ln51_94, i16 %zext_ln51_93, i16 %zext_ln51_92, i16 %zext_ln51_91, i16 %zext_ln51_90, i16 %zext_ln51_89, i16 %zext_ln51_88, i16 %zext_ln51_87, i16 %zext_ln51_86, i16 %zext_ln51_85, i16 %zext_ln51_84, i16 %zext_ln51_83, i16 %zext_ln51_82, i16 %zext_ln51_81, i16 %zext_ln51_80, i16 %zext_ln51_79, i16 %zext_ln51_78, i16 %zext_ln51_77, i16 %zext_ln51_76, i16 %zext_ln51_75, i16 %zext_ln51_74, i16 %zext_ln51_73, i16 %zext_ln51_72, i16 %zext_ln51_71, i16 %zext_ln51_70, i16 %zext_ln51_69, i16 %zext_ln51_68, i16 %zext_ln51_67, i16 %zext_ln51_66, i16 %zext_ln51_65, i16 %zext_ln51_64, i16 %zext_ln51" [firmware/nnet_utils/nnet_activation_stream.h:57]   --->   Operation 166 'bitconcatenate' 'or_ln57_s' <Predicate = true> <Delay = 0.00>
ST_3 : Operation 167 [1/1] (0.00ns)   --->   "%zext_ln57 = zext i511 %or_ln57_s" [firmware/nnet_utils/nnet_activation_stream.h:57]   --->   Operation 167 'zext' 'zext_ln57' <Predicate = true> <Delay = 0.00>
ST_3 : Operation 168 [1/1] (1.82ns)   --->   "%write_ln57 = write void @_ssdm_op_Write.ap_fifo.volatile.i512P0A, i512 %layer7_out, i512 %zext_ln57" [firmware/nnet_utils/nnet_activation_stream.h:57]   --->   Operation 168 'write' 'write_ln57' <Predicate = true> <Delay = 1.82> <CoreInst = "FIFO_SRL">   --->   Core 81 'FIFO_SRL' <Latency = 0> <II = 1> <Delay = 3.63> <Storage> <Opcode : 'read' 'write' 'nbread' 'nbwrite'> <Ports = 0> <Width = 512> <Depth = 1> <FIFO>
ST_3 : Operation 169 [1/1] (0.00ns)   --->   "%ret_ln59 = ret" [firmware/nnet_utils/nnet_activation_stream.h:59]   --->   Operation 169 'ret' 'ret_ln59' <Predicate = true> <Delay = 0.00>


============================================================
+ Verbose Summary: Timing violations
============================================================
Target clock period: 5.000ns, clock uncertainty: 1.350ns.

 <State 1>: 1.825ns
The critical path consists of the following:
	fifo read operation ('layer6_out_read', firmware/nnet_utils/nnet_activation_stream.h:44) on port 'layer6_out' (firmware/nnet_utils/nnet_activation_stream.h:44) [5]  (1.825 ns)

 <State 2>: 2.830ns
The critical path consists of the following:
	'icmp' operation ('icmp_ln51', firmware/nnet_utils/nnet_activation_stream.h:51) [70]  (2.077 ns)
	'select' operation ('select_ln51', firmware/nnet_utils/nnet_activation_stream.h:51) [71]  (0.754 ns)

 <State 3>: 1.825ns
The critical path consists of the following:
	fifo write operation ('write_ln57', firmware/nnet_utils/nnet_activation_stream.h:57) on port 'layer7_out' (firmware/nnet_utils/nnet_activation_stream.h:57) [167]  (1.825 ns)


============================================================
+ Verbose Summary: Binding
============================================================
N/A
* FSMD analyzer results:
  - Output states:
 - Input state : 
  - Chain level:
	State 1
	State 2
	State 3


============================================================
+ Verbose Summary: Datapath Resource usage 
============================================================
N/A
