

================================================================
== Vitis HLS Report for 'softmax_stable_array_array_ap_fixed_16_6_5_3_0_5u_softmax_config9_s'
================================================================
* Date:           Mon Sep 21 23:26:35 2026

* Version:        2023.1.1 (Build 3869133 on Jun 15 2023)
* Project:        myproject_prj
* Solution:       solution1 (Vivado IP Flow Target)
* Product family: zynq
* Target device:  xc7z020-clg400-1


================================================================
== Performance Estimates
================================================================
+ Timing: 
    * Summary: 
    +--------+---------+----------+------------+
    |  Clock |  Target | Estimated| Uncertainty|
    +--------+---------+----------+------------+
    |ap_clk  |  5.00 ns|  3.349 ns|     1.35 ns|
    +--------+---------+----------+------------+

+ Latency: 
    * Summary: 
    +---------+---------+-----------+-----------+-----+-----+---------+
    |  Latency (cycles) |   Latency (absolute)  |  Interval | Pipeline|
    |   min   |   max   |    min    |    max    | min | max |   Type  |
    +---------+---------+-----------+-----------+-----+-----+---------+
    |       15|       15|  75.000 ns|  75.000 ns|   15|   15|       no|
    +---------+---------+-----------+-----------+-----+-----+---------+

    + Detail: 
        * Instance: 
        N/A

        * Loop: 
        N/A

============================================================
+ Verbose Summary: Synthesis Manager
============================================================
InlineROM: 1
ExposeGlobal: 0
============================================================
+ Verbose Summary: CDFG Model
============================================================
IsTopModel: 0
ResetActiveHigh: 1
IsCombinational: 0
IsDatapathOnly: 0
HasWiredReturn: 1
HasMFsm: 0
HasVarLatency: 1
IsPipeline: 0
IsRtlPipelined: 0
IsInstanceOverlapped: 0
IsDontTouch: 0
HasImplIP: 0
IsGatedGlobalClock: 0


============================================================
+ Verbose Summary: Schedule
============================================================
* Number of FSM states : 16
* Pipeline : 0
* Dataflow Pipeline: 0

* FSM state transitions: 
1 --> 2 
2 --> 3 
3 --> 4 
4 --> 5 
5 --> 6 
6 --> 7 
7 --> 8 
8 --> 9 
9 --> 10 
10 --> 11 
11 --> 12 
12 --> 13 
13 --> 14 
14 --> 15 
15 --> 16 
16 --> 

* FSM state operations: 

State 1 <SV = 0> <Delay = 1.82>
ST_1 : Operation 17 [1/1] (1.82ns)   --->   "%layer8_out_read = read i80 @_ssdm_op_Read.ap_fifo.volatile.i80P0A, i80 %layer8_out" [firmware/nnet_utils/nnet_activation_stream.h:198]   --->   Operation 17 'read' 'layer8_out_read' <Predicate = true> <Delay = 1.82> <CoreInst = "FIFO_SRL">   --->   Core 81 'FIFO_SRL' <Latency = 0> <II = 1> <Delay = 3.63> <Storage> <Opcode : 'read' 'write' 'nbread' 'nbwrite'> <Ports = 0> <Width = 80> <Depth = 1> <FIFO>
ST_1 : Operation 18 [1/1] (0.00ns)   --->   "%trunc_ln198 = trunc i80 %layer8_out_read" [firmware/nnet_utils/nnet_activation_stream.h:198]   --->   Operation 18 'trunc' 'trunc_ln198' <Predicate = true> <Delay = 0.00>
ST_1 : Operation 19 [1/1] (0.00ns)   --->   "%trunc_ln198_3 = partselect i16 @_ssdm_op_PartSelect.i16.i80.i32.i32, i80 %layer8_out_read, i32 48, i32 63" [firmware/nnet_utils/nnet_activation_stream.h:198]   --->   Operation 19 'partselect' 'trunc_ln198_3' <Predicate = true> <Delay = 0.00>
ST_1 : Operation 20 [1/1] (0.00ns)   --->   "%trunc_ln198_4 = partselect i16 @_ssdm_op_PartSelect.i16.i80.i32.i32, i80 %layer8_out_read, i32 64, i32 79" [firmware/nnet_utils/nnet_activation_stream.h:198]   --->   Operation 20 'partselect' 'trunc_ln198_4' <Predicate = true> <Delay = 0.00>
ST_1 : Operation 21 [1/1] (0.00ns)   --->   "%tmp = partselect i16 @_ssdm_op_PartSelect.i16.i80.i32.i32, i80 %layer8_out_read, i32 16, i32 31" [firmware/nnet_utils/nnet_activation_stream.h:198]   --->   Operation 21 'partselect' 'tmp' <Predicate = true> <Delay = 0.00>
ST_1 : Operation 22 [1/1] (0.00ns)   --->   "%tmp_1 = partselect i16 @_ssdm_op_PartSelect.i16.i80.i32.i32, i80 %layer8_out_read, i32 32, i32 47" [firmware/nnet_utils/nnet_activation_stream.h:198]   --->   Operation 22 'partselect' 'tmp_1' <Predicate = true> <Delay = 0.00>
ST_1 : Operation 23 [1/1] (0.00ns)   --->   "%tmp_6 = partselect i15 @_ssdm_op_PartSelect.i15.i80.i32.i32, i80 %layer8_out_read, i32 64, i32 78" [firmware/nnet_utils/nnet_common.h:66->firmware/nnet_utils/nnet_common.h:46->firmware/nnet_utils/nnet_activation_stream.h:208]   --->   Operation 23 'partselect' 'tmp_6' <Predicate = true> <Delay = 0.00>
ST_1 : Operation 24 [1/1] (0.00ns)   --->   "%trunc_ln213 = trunc i80 %layer8_out_read" [firmware/nnet_utils/nnet_activation_stream.h:213]   --->   Operation 24 'trunc' 'trunc_ln213' <Predicate = true> <Delay = 0.00>
ST_1 : Operation 25 [1/1] (0.00ns)   --->   "%trunc_ln213_2 = partselect i15 @_ssdm_op_PartSelect.i15.i80.i32.i32, i80 %layer8_out_read, i32 16, i32 30" [firmware/nnet_utils/nnet_activation_stream.h:213]   --->   Operation 25 'partselect' 'trunc_ln213_2' <Predicate = true> <Delay = 0.00>
ST_1 : Operation 26 [1/1] (0.00ns)   --->   "%trunc_ln213_3 = partselect i15 @_ssdm_op_PartSelect.i15.i80.i32.i32, i80 %layer8_out_read, i32 32, i32 46" [firmware/nnet_utils/nnet_activation_stream.h:213]   --->   Operation 26 'partselect' 'trunc_ln213_3' <Predicate = true> <Delay = 0.00>
ST_1 : Operation 27 [1/1] (0.00ns)   --->   "%trunc_ln213_4 = partselect i15 @_ssdm_op_PartSelect.i15.i80.i32.i32, i80 %layer8_out_read, i32 48, i32 62" [firmware/nnet_utils/nnet_activation_stream.h:213]   --->   Operation 27 'partselect' 'trunc_ln213_4' <Predicate = true> <Delay = 0.00>

State 2 <SV = 1> <Delay = 3.05>
ST_2 : Operation 28 [1/1] (2.07ns)   --->   "%icmp_ln66 = icmp_slt  i16 %trunc_ln198, i16 %tmp" [firmware/nnet_utils/nnet_common.h:66->firmware/nnet_utils/nnet_common.h:44->firmware/nnet_utils/nnet_common.h:46->firmware/nnet_utils/nnet_common.h:46->firmware/nnet_utils/nnet_activation_stream.h:208]   --->   Operation 28 'icmp' 'icmp_ln66' <Predicate = true> <Delay = 2.07> <CoreInst = "Cmp">   --->   Core 9 'Cmp' <Latency = 0> <II = 1> <Delay = 2.07> <FuncUnit> <Opcode : 'icmp'> <InPorts = 2> <OutPorts = 1>
ST_2 : Operation 29 [1/1] (0.00ns) (grouped into LUT with out node select_ln66)   --->   "%xor_ln66 = xor i1 %icmp_ln66, i1 1" [firmware/nnet_utils/nnet_common.h:66->firmware/nnet_utils/nnet_common.h:44->firmware/nnet_utils/nnet_common.h:46->firmware/nnet_utils/nnet_common.h:46->firmware/nnet_utils/nnet_activation_stream.h:208]   --->   Operation 29 'xor' 'xor_ln66' <Predicate = true> <Delay = 0.00> <CoreInst = "LogicGate">   --->   Core 74 'LogicGate' <Latency = 0> <II = 1> <Delay = 0.97> <FuncUnit> <Opcode : 'and' 'or' 'xor'> <InPorts = 2> <OutPorts = 1>
ST_2 : Operation 30 [1/1] (0.97ns) (out node of the LUT)   --->   "%select_ln66 = select i1 %xor_ln66, i16 %trunc_ln198, i16 %tmp" [firmware/nnet_utils/nnet_common.h:66->firmware/nnet_utils/nnet_common.h:44->firmware/nnet_utils/nnet_common.h:46->firmware/nnet_utils/nnet_common.h:46->firmware/nnet_utils/nnet_activation_stream.h:208]   --->   Operation 30 'select' 'select_ln66' <Predicate = true> <Delay = 0.97> <CoreInst = "Sel">   --->   Core 73 'Sel' <Latency = 0> <II = 1> <Delay = 0.80> <FuncUnit> <Opcode : 'select'> <InPorts = 3> <OutPorts = 1>
ST_2 : Operation 31 [1/1] (2.07ns)   --->   "%icmp_ln66_1 = icmp_slt  i16 %tmp_1, i16 %trunc_ln198_3" [firmware/nnet_utils/nnet_common.h:66->firmware/nnet_utils/nnet_common.h:44->firmware/nnet_utils/nnet_common.h:46->firmware/nnet_utils/nnet_common.h:46->firmware/nnet_utils/nnet_activation_stream.h:208]   --->   Operation 31 'icmp' 'icmp_ln66_1' <Predicate = true> <Delay = 2.07> <CoreInst = "Cmp">   --->   Core 9 'Cmp' <Latency = 0> <II = 1> <Delay = 2.07> <FuncUnit> <Opcode : 'icmp'> <InPorts = 2> <OutPorts = 1>
ST_2 : Operation 32 [1/1] (0.00ns) (grouped into LUT with out node select_ln66_1)   --->   "%xor_ln66_1 = xor i1 %icmp_ln66_1, i1 1" [firmware/nnet_utils/nnet_common.h:66->firmware/nnet_utils/nnet_common.h:44->firmware/nnet_utils/nnet_common.h:46->firmware/nnet_utils/nnet_common.h:46->firmware/nnet_utils/nnet_activation_stream.h:208]   --->   Operation 32 'xor' 'xor_ln66_1' <Predicate = true> <Delay = 0.00> <CoreInst = "LogicGate">   --->   Core 74 'LogicGate' <Latency = 0> <II = 1> <Delay = 0.97> <FuncUnit> <Opcode : 'and' 'or' 'xor'> <InPorts = 2> <OutPorts = 1>
ST_2 : Operation 33 [1/1] (0.97ns) (out node of the LUT)   --->   "%select_ln66_1 = select i1 %xor_ln66_1, i16 %tmp_1, i16 %trunc_ln198_3" [firmware/nnet_utils/nnet_common.h:66->firmware/nnet_utils/nnet_common.h:44->firmware/nnet_utils/nnet_common.h:46->firmware/nnet_utils/nnet_common.h:46->firmware/nnet_utils/nnet_activation_stream.h:208]   --->   Operation 33 'select' 'select_ln66_1' <Predicate = true> <Delay = 0.97> <CoreInst = "Sel">   --->   Core 73 'Sel' <Latency = 0> <II = 1> <Delay = 0.80> <FuncUnit> <Opcode : 'select'> <InPorts = 3> <OutPorts = 1>

State 3 <SV = 2> <Delay = 3.05>
ST_3 : Operation 34 [1/1] (2.07ns)   --->   "%icmp_ln66_2 = icmp_slt  i16 %select_ln66, i16 %select_ln66_1" [firmware/nnet_utils/nnet_common.h:66->firmware/nnet_utils/nnet_common.h:46->firmware/nnet_utils/nnet_common.h:46->firmware/nnet_utils/nnet_activation_stream.h:208]   --->   Operation 34 'icmp' 'icmp_ln66_2' <Predicate = true> <Delay = 2.07> <CoreInst = "Cmp">   --->   Core 9 'Cmp' <Latency = 0> <II = 1> <Delay = 2.07> <FuncUnit> <Opcode : 'icmp'> <InPorts = 2> <OutPorts = 1>
ST_3 : Operation 35 [1/1] (0.00ns) (grouped into LUT with out node select_ln66_2)   --->   "%xor_ln66_2 = xor i1 %icmp_ln66_2, i1 1" [firmware/nnet_utils/nnet_common.h:66->firmware/nnet_utils/nnet_common.h:46->firmware/nnet_utils/nnet_common.h:46->firmware/nnet_utils/nnet_activation_stream.h:208]   --->   Operation 35 'xor' 'xor_ln66_2' <Predicate = true> <Delay = 0.00> <CoreInst = "LogicGate">   --->   Core 74 'LogicGate' <Latency = 0> <II = 1> <Delay = 0.97> <FuncUnit> <Opcode : 'and' 'or' 'xor'> <InPorts = 2> <OutPorts = 1>
ST_3 : Operation 36 [1/1] (0.97ns) (out node of the LUT)   --->   "%select_ln66_2 = select i1 %xor_ln66_2, i16 %select_ln66, i16 %select_ln66_1" [firmware/nnet_utils/nnet_common.h:66->firmware/nnet_utils/nnet_common.h:46->firmware/nnet_utils/nnet_common.h:46->firmware/nnet_utils/nnet_activation_stream.h:208]   --->   Operation 36 'select' 'select_ln66_2' <Predicate = true> <Delay = 0.97> <CoreInst = "Sel">   --->   Core 73 'Sel' <Latency = 0> <II = 1> <Delay = 0.80> <FuncUnit> <Opcode : 'select'> <InPorts = 3> <OutPorts = 1>

State 4 <SV = 3> <Delay = 3.05>
ST_4 : Operation 37 [1/1] (2.07ns)   --->   "%icmp_ln66_3 = icmp_slt  i16 %select_ln66_2, i16 %trunc_ln198_4" [firmware/nnet_utils/nnet_common.h:66->firmware/nnet_utils/nnet_common.h:46->firmware/nnet_utils/nnet_activation_stream.h:208]   --->   Operation 37 'icmp' 'icmp_ln66_3' <Predicate = true> <Delay = 2.07> <CoreInst = "Cmp">   --->   Core 9 'Cmp' <Latency = 0> <II = 1> <Delay = 2.07> <FuncUnit> <Opcode : 'icmp'> <InPorts = 2> <OutPorts = 1>
ST_4 : Operation 38 [1/1] (0.00ns) (grouped into LUT with out node select_ln66_3)   --->   "%xor_ln66_3 = xor i1 %icmp_ln66_3, i1 1" [firmware/nnet_utils/nnet_common.h:66->firmware/nnet_utils/nnet_common.h:46->firmware/nnet_utils/nnet_activation_stream.h:208]   --->   Operation 38 'xor' 'xor_ln66_3' <Predicate = true> <Delay = 0.00> <CoreInst = "LogicGate">   --->   Core 74 'LogicGate' <Latency = 0> <II = 1> <Delay = 0.97> <FuncUnit> <Opcode : 'and' 'or' 'xor'> <InPorts = 2> <OutPorts = 1>
ST_4 : Operation 39 [1/1] (0.00ns) (grouped into LUT with out node select_ln66_3)   --->   "%trunc_ln66 = trunc i16 %select_ln66_2" [firmware/nnet_utils/nnet_common.h:66->firmware/nnet_utils/nnet_common.h:46->firmware/nnet_utils/nnet_activation_stream.h:208]   --->   Operation 39 'trunc' 'trunc_ln66' <Predicate = true> <Delay = 0.00>
ST_4 : Operation 40 [1/1] (0.97ns) (out node of the LUT)   --->   "%select_ln66_3 = select i1 %xor_ln66_3, i15 %trunc_ln66, i15 %tmp_6" [firmware/nnet_utils/nnet_common.h:66->firmware/nnet_utils/nnet_common.h:46->firmware/nnet_utils/nnet_activation_stream.h:208]   --->   Operation 40 'select' 'select_ln66_3' <Predicate = true> <Delay = 0.97> <CoreInst = "Sel">   --->   Core 73 'Sel' <Latency = 0> <II = 1> <Delay = 0.75> <FuncUnit> <Opcode : 'select'> <InPorts = 3> <OutPorts = 1>

State 5 <SV = 4> <Delay = 1.94>
ST_5 : Operation 41 [1/1] (1.94ns)   --->   "%d_xi_xmax = sub i15 %select_ln66_3, i15 %trunc_ln213" [firmware/nnet_utils/nnet_activation_stream.h:213]   --->   Operation 41 'sub' 'd_xi_xmax' <Predicate = true> <Delay = 1.94> <CoreInst = "Adder">   --->   Core 1 'Adder' <Latency = 0> <II = 1> <Delay = 1.94> <FuncUnit> <Opcode : 'add' 'sub'> <InPorts = 2> <OutPorts = 1>
ST_5 : Operation 42 [1/1] (1.94ns)   --->   "%d_xi_xmax_5 = sub i15 %select_ln66_3, i15 %trunc_ln213_2" [firmware/nnet_utils/nnet_activation_stream.h:213]   --->   Operation 42 'sub' 'd_xi_xmax_5' <Predicate = true> <Delay = 1.94> <CoreInst = "Adder">   --->   Core 1 'Adder' <Latency = 0> <II = 1> <Delay = 1.94> <FuncUnit> <Opcode : 'add' 'sub'> <InPorts = 2> <OutPorts = 1>
ST_5 : Operation 43 [1/1] (1.94ns)   --->   "%d_xi_xmax_6 = sub i15 %select_ln66_3, i15 %trunc_ln213_3" [firmware/nnet_utils/nnet_activation_stream.h:213]   --->   Operation 43 'sub' 'd_xi_xmax_6' <Predicate = true> <Delay = 1.94> <CoreInst = "Adder">   --->   Core 1 'Adder' <Latency = 0> <II = 1> <Delay = 1.94> <FuncUnit> <Opcode : 'add' 'sub'> <InPorts = 2> <OutPorts = 1>
ST_5 : Operation 44 [1/1] (1.94ns)   --->   "%d_xi_xmax_7 = sub i15 %select_ln66_3, i15 %trunc_ln213_4" [firmware/nnet_utils/nnet_activation_stream.h:213]   --->   Operation 44 'sub' 'd_xi_xmax_7' <Predicate = true> <Delay = 1.94> <CoreInst = "Adder">   --->   Core 1 'Adder' <Latency = 0> <II = 1> <Delay = 1.94> <FuncUnit> <Opcode : 'add' 'sub'> <InPorts = 2> <OutPorts = 1>
ST_5 : Operation 45 [1/1] (1.94ns)   --->   "%d_xi_xmax_8 = sub i15 %select_ln66_3, i15 %tmp_6" [firmware/nnet_utils/nnet_activation_stream.h:213]   --->   Operation 45 'sub' 'd_xi_xmax_8' <Predicate = true> <Delay = 1.94> <CoreInst = "Adder">   --->   Core 1 'Adder' <Latency = 0> <II = 1> <Delay = 1.94> <FuncUnit> <Opcode : 'add' 'sub'> <InPorts = 2> <OutPorts = 1>
ST_5 : Operation 46 [1/1] (0.00ns)   --->   "%tmp_5 = partselect i10 @_ssdm_op_PartSelect.i10.i15.i32.i32, i15 %d_xi_xmax, i32 5, i32 14" [firmware/nnet_utils/nnet_activation.h:145->firmware/nnet_utils/nnet_activation_stream.h:222]   --->   Operation 46 'partselect' 'tmp_5' <Predicate = true> <Delay = 0.00>
ST_5 : Operation 47 [1/1] (0.00ns)   --->   "%tmp_7 = partselect i10 @_ssdm_op_PartSelect.i10.i15.i32.i32, i15 %d_xi_xmax_5, i32 5, i32 14" [firmware/nnet_utils/nnet_activation.h:145->firmware/nnet_utils/nnet_activation_stream.h:222]   --->   Operation 47 'partselect' 'tmp_7' <Predicate = true> <Delay = 0.00>
ST_5 : Operation 48 [1/1] (0.00ns)   --->   "%tmp_9 = partselect i10 @_ssdm_op_PartSelect.i10.i15.i32.i32, i15 %d_xi_xmax_6, i32 5, i32 14" [firmware/nnet_utils/nnet_activation.h:145->firmware/nnet_utils/nnet_activation_stream.h:222]   --->   Operation 48 'partselect' 'tmp_9' <Predicate = true> <Delay = 0.00>
ST_5 : Operation 49 [1/1] (0.00ns)   --->   "%tmp_s = partselect i10 @_ssdm_op_PartSelect.i10.i15.i32.i32, i15 %d_xi_xmax_7, i32 5, i32 14" [firmware/nnet_utils/nnet_activation.h:145->firmware/nnet_utils/nnet_activation_stream.h:222]   --->   Operation 49 'partselect' 'tmp_s' <Predicate = true> <Delay = 0.00>
ST_5 : Operation 50 [1/1] (0.00ns)   --->   "%tmp_4 = partselect i10 @_ssdm_op_PartSelect.i10.i15.i32.i32, i15 %d_xi_xmax_8, i32 5, i32 14" [firmware/nnet_utils/nnet_activation.h:145->firmware/nnet_utils/nnet_activation_stream.h:222]   --->   Operation 50 'partselect' 'tmp_4' <Predicate = true> <Delay = 0.00>

State 6 <SV = 5> <Delay = 3.25>
ST_6 : Operation 51 [1/1] (0.00ns)   --->   "%zext_ln223 = zext i10 %tmp_5" [firmware/nnet_utils/nnet_activation_stream.h:223]   --->   Operation 51 'zext' 'zext_ln223' <Predicate = true> <Delay = 0.00>
ST_6 : Operation 52 [1/1] (0.00ns)   --->   "%exp_table_addr = getelementptr i11 %exp_table, i64 0, i64 %zext_ln223" [firmware/nnet_utils/nnet_activation_stream.h:223]   --->   Operation 52 'getelementptr' 'exp_table_addr' <Predicate = true> <Delay = 0.00>
ST_6 : Operation 53 [2/2] (3.25ns)   --->   "%exp_table_load = load i10 %exp_table_addr" [firmware/nnet_utils/nnet_activation_stream.h:223]   --->   Operation 53 'load' 'exp_table_load' <Predicate = true> <Delay = 3.25> <CoreInst = "ROM">   --->   Core 95 'ROM' <Latency = 1> <II = 1> <Delay = 3.25> <Storage> <Opcode : 'load'> <Ports = 0> <Width = 11> <Depth = 1024> <ROM>
ST_6 : Operation 54 [1/1] (0.00ns)   --->   "%zext_ln223_2 = zext i10 %tmp_9" [firmware/nnet_utils/nnet_activation_stream.h:223]   --->   Operation 54 'zext' 'zext_ln223_2' <Predicate = true> <Delay = 0.00>
ST_6 : Operation 55 [1/1] (0.00ns)   --->   "%exp_table_addr_2 = getelementptr i11 %exp_table, i64 0, i64 %zext_ln223_2" [firmware/nnet_utils/nnet_activation_stream.h:223]   --->   Operation 55 'getelementptr' 'exp_table_addr_2' <Predicate = true> <Delay = 0.00>
ST_6 : Operation 56 [2/2] (3.25ns)   --->   "%exp_table_load_2 = load i10 %exp_table_addr_2" [firmware/nnet_utils/nnet_activation_stream.h:223]   --->   Operation 56 'load' 'exp_table_load_2' <Predicate = true> <Delay = 3.25> <CoreInst = "ROM">   --->   Core 95 'ROM' <Latency = 1> <II = 1> <Delay = 3.25> <Storage> <Opcode : 'load'> <Ports = 0> <Width = 11> <Depth = 1024> <ROM>

State 7 <SV = 6> <Delay = 3.25>
ST_7 : Operation 57 [1/2] (3.25ns)   --->   "%exp_table_load = load i10 %exp_table_addr" [firmware/nnet_utils/nnet_activation_stream.h:223]   --->   Operation 57 'load' 'exp_table_load' <Predicate = true> <Delay = 3.25> <CoreInst = "ROM">   --->   Core 95 'ROM' <Latency = 1> <II = 1> <Delay = 3.25> <Storage> <Opcode : 'load'> <Ports = 0> <Width = 11> <Depth = 1024> <ROM>
ST_7 : Operation 58 [1/1] (0.00ns)   --->   "%zext_ln223_1 = zext i10 %tmp_7" [firmware/nnet_utils/nnet_activation_stream.h:223]   --->   Operation 58 'zext' 'zext_ln223_1' <Predicate = true> <Delay = 0.00>
ST_7 : Operation 59 [1/1] (0.00ns)   --->   "%exp_table_addr_1 = getelementptr i11 %exp_table, i64 0, i64 %zext_ln223_1" [firmware/nnet_utils/nnet_activation_stream.h:223]   --->   Operation 59 'getelementptr' 'exp_table_addr_1' <Predicate = true> <Delay = 0.00>
ST_7 : Operation 60 [2/2] (3.25ns)   --->   "%exp_table_load_1 = load i10 %exp_table_addr_1" [firmware/nnet_utils/nnet_activation_stream.h:223]   --->   Operation 60 'load' 'exp_table_load_1' <Predicate = true> <Delay = 3.25> <CoreInst = "ROM">   --->   Core 95 'ROM' <Latency = 1> <II = 1> <Delay = 3.25> <Storage> <Opcode : 'load'> <Ports = 0> <Width = 11> <Depth = 1024> <ROM>
ST_7 : Operation 61 [1/2] (3.25ns)   --->   "%exp_table_load_2 = load i10 %exp_table_addr_2" [firmware/nnet_utils/nnet_activation_stream.h:223]   --->   Operation 61 'load' 'exp_table_load_2' <Predicate = true> <Delay = 3.25> <CoreInst = "ROM">   --->   Core 95 'ROM' <Latency = 1> <II = 1> <Delay = 3.25> <Storage> <Opcode : 'load'> <Ports = 0> <Width = 11> <Depth = 1024> <ROM>
ST_7 : Operation 62 [1/1] (0.00ns)   --->   "%zext_ln223_3 = zext i10 %tmp_s" [firmware/nnet_utils/nnet_activation_stream.h:223]   --->   Operation 62 'zext' 'zext_ln223_3' <Predicate = true> <Delay = 0.00>
ST_7 : Operation 63 [1/1] (0.00ns)   --->   "%exp_table_addr_3 = getelementptr i11 %exp_table, i64 0, i64 %zext_ln223_3" [firmware/nnet_utils/nnet_activation_stream.h:223]   --->   Operation 63 'getelementptr' 'exp_table_addr_3' <Predicate = true> <Delay = 0.00>
ST_7 : Operation 64 [2/2] (3.25ns)   --->   "%exp_table_load_3 = load i10 %exp_table_addr_3" [firmware/nnet_utils/nnet_activation_stream.h:223]   --->   Operation 64 'load' 'exp_table_load_3' <Predicate = true> <Delay = 3.25> <CoreInst = "ROM">   --->   Core 95 'ROM' <Latency = 1> <II = 1> <Delay = 3.25> <Storage> <Opcode : 'load'> <Ports = 0> <Width = 11> <Depth = 1024> <ROM>
ST_7 : Operation 65 [1/1] (0.00ns)   --->   "%zext_ln223_4 = zext i10 %tmp_4" [firmware/nnet_utils/nnet_activation_stream.h:223]   --->   Operation 65 'zext' 'zext_ln223_4' <Predicate = true> <Delay = 0.00>
ST_7 : Operation 66 [1/1] (0.00ns)   --->   "%exp_table_addr_4 = getelementptr i11 %exp_table, i64 0, i64 %zext_ln223_4" [firmware/nnet_utils/nnet_activation_stream.h:223]   --->   Operation 66 'getelementptr' 'exp_table_addr_4' <Predicate = true> <Delay = 0.00>
ST_7 : Operation 67 [2/2] (3.25ns)   --->   "%exp_table_load_4 = load i10 %exp_table_addr_4" [firmware/nnet_utils/nnet_activation_stream.h:223]   --->   Operation 67 'load' 'exp_table_load_4' <Predicate = true> <Delay = 3.25> <CoreInst = "ROM">   --->   Core 95 'ROM' <Latency = 1> <II = 1> <Delay = 3.25> <Storage> <Opcode : 'load'> <Ports = 0> <Width = 11> <Depth = 1024> <ROM>

State 8 <SV = 7> <Delay = 3.25>
ST_8 : Operation 68 [1/1] (0.00ns)   --->   "%zext_ln141 = zext i11 %exp_table_load" [firmware/nnet_utils/nnet_activation.h:141->firmware/nnet_utils/nnet_activation_stream.h:222]   --->   Operation 68 'zext' 'zext_ln141' <Predicate = true> <Delay = 0.00>
ST_8 : Operation 69 [1/2] (3.25ns)   --->   "%exp_table_load_1 = load i10 %exp_table_addr_1" [firmware/nnet_utils/nnet_activation_stream.h:223]   --->   Operation 69 'load' 'exp_table_load_1' <Predicate = true> <Delay = 3.25> <CoreInst = "ROM">   --->   Core 95 'ROM' <Latency = 1> <II = 1> <Delay = 3.25> <Storage> <Opcode : 'load'> <Ports = 0> <Width = 11> <Depth = 1024> <ROM>
ST_8 : Operation 70 [1/1] (0.00ns)   --->   "%zext_ln141_2 = zext i11 %exp_table_load_2" [firmware/nnet_utils/nnet_activation.h:141->firmware/nnet_utils/nnet_activation_stream.h:222]   --->   Operation 70 'zext' 'zext_ln141_2' <Predicate = true> <Delay = 0.00>
ST_8 : Operation 71 [1/2] (3.25ns)   --->   "%exp_table_load_3 = load i10 %exp_table_addr_3" [firmware/nnet_utils/nnet_activation_stream.h:223]   --->   Operation 71 'load' 'exp_table_load_3' <Predicate = true> <Delay = 3.25> <CoreInst = "ROM">   --->   Core 95 'ROM' <Latency = 1> <II = 1> <Delay = 3.25> <Storage> <Opcode : 'load'> <Ports = 0> <Width = 11> <Depth = 1024> <ROM>
ST_8 : Operation 72 [1/2] (3.25ns)   --->   "%exp_table_load_4 = load i10 %exp_table_addr_4" [firmware/nnet_utils/nnet_activation_stream.h:223]   --->   Operation 72 'load' 'exp_table_load_4' <Predicate = true> <Delay = 3.25> <CoreInst = "ROM">   --->   Core 95 'ROM' <Latency = 1> <II = 1> <Delay = 3.25> <Storage> <Opcode : 'load'> <Ports = 0> <Width = 11> <Depth = 1024> <ROM>
ST_8 : Operation 73 [1/1] (1.63ns)   --->   "%add_ln51 = add i12 %zext_ln141, i12 %zext_ln141_2" [firmware/nnet_utils/nnet_common.h:51->firmware/nnet_utils/nnet_common.h:44->firmware/nnet_utils/nnet_common.h:46->firmware/nnet_utils/nnet_common.h:46->firmware/nnet_utils/nnet_activation_stream.h:229]   --->   Operation 73 'add' 'add_ln51' <Predicate = true> <Delay = 1.63> <CoreInst = "Adder">   --->   Core 1 'Adder' <Latency = 0> <II = 1> <Delay = 1.63> <FuncUnit> <Opcode : 'add' 'sub'> <InPorts = 2> <OutPorts = 1>

State 9 <SV = 8> <Delay = 3.18>
ST_9 : Operation 74 [1/1] (0.00ns)   --->   "%zext_ln141_1 = zext i11 %exp_table_load_1" [firmware/nnet_utils/nnet_activation.h:141->firmware/nnet_utils/nnet_activation_stream.h:222]   --->   Operation 74 'zext' 'zext_ln141_1' <Predicate = true> <Delay = 0.00>
ST_9 : Operation 75 [1/1] (0.00ns)   --->   "%zext_ln141_3 = zext i11 %exp_table_load_3" [firmware/nnet_utils/nnet_activation.h:141->firmware/nnet_utils/nnet_activation_stream.h:222]   --->   Operation 75 'zext' 'zext_ln141_3' <Predicate = true> <Delay = 0.00>
ST_9 : Operation 76 [1/1] (0.00ns)   --->   "%zext_ln51 = zext i11 %exp_table_load_4" [firmware/nnet_utils/nnet_common.h:51->firmware/nnet_utils/nnet_common.h:44->firmware/nnet_utils/nnet_common.h:46->firmware/nnet_utils/nnet_common.h:46->firmware/nnet_utils/nnet_activation_stream.h:229]   --->   Operation 76 'zext' 'zext_ln51' <Predicate = true> <Delay = 0.00>
ST_9 : Operation 77 [1/1] (1.54ns)   --->   "%add_ln51_1 = add i12 %add_ln51, i12 %zext_ln141_1" [firmware/nnet_utils/nnet_common.h:51->firmware/nnet_utils/nnet_common.h:44->firmware/nnet_utils/nnet_common.h:46->firmware/nnet_utils/nnet_common.h:46->firmware/nnet_utils/nnet_activation_stream.h:229]   --->   Operation 77 'add' 'add_ln51_1' <Predicate = true> <Delay = 1.54> <CoreInst = "Adder">   --->   Core 1 'Adder' <Latency = 0> <II = 1> <Delay = 1.54> <FuncUnit> <Opcode : 'add' 'sub'> <InPorts = 2> <OutPorts = 1>
ST_9 : Operation 78 [1/1] (0.00ns)   --->   "%zext_ln51_1 = zext i12 %add_ln51_1" [firmware/nnet_utils/nnet_common.h:51->firmware/nnet_utils/nnet_common.h:46->firmware/nnet_utils/nnet_common.h:46->firmware/nnet_utils/nnet_activation_stream.h:229]   --->   Operation 78 'zext' 'zext_ln51_1' <Predicate = true> <Delay = 0.00>
ST_9 : Operation 79 [1/1] (1.63ns)   --->   "%add_ln51_2 = add i12 %zext_ln141_3, i12 %zext_ln51" [firmware/nnet_utils/nnet_common.h:51->firmware/nnet_utils/nnet_common.h:46->firmware/nnet_utils/nnet_activation_stream.h:229]   --->   Operation 79 'add' 'add_ln51_2' <Predicate = true> <Delay = 1.63> <CoreInst = "Adder">   --->   Core 1 'Adder' <Latency = 0> <II = 1> <Delay = 1.63> <FuncUnit> <Opcode : 'add' 'sub'> <InPorts = 2> <OutPorts = 1>
ST_9 : Operation 80 [1/1] (0.00ns)   --->   "%zext_ln51_2 = zext i12 %add_ln51_2" [firmware/nnet_utils/nnet_common.h:51->firmware/nnet_utils/nnet_common.h:46->firmware/nnet_utils/nnet_activation_stream.h:229]   --->   Operation 80 'zext' 'zext_ln51_2' <Predicate = true> <Delay = 0.00>
ST_9 : Operation 81 [1/1] (1.54ns)   --->   "%add_ln51_3 = add i13 %zext_ln51_2, i13 %zext_ln51_1" [firmware/nnet_utils/nnet_common.h:51->firmware/nnet_utils/nnet_common.h:46->firmware/nnet_utils/nnet_activation_stream.h:229]   --->   Operation 81 'add' 'add_ln51_3' <Predicate = true> <Delay = 1.54> <CoreInst = "Adder">   --->   Core 1 'Adder' <Latency = 0> <II = 1> <Delay = 1.54> <FuncUnit> <Opcode : 'add' 'sub'> <InPorts = 2> <OutPorts = 1>
ST_9 : Operation 82 [1/1] (0.00ns)   --->   "%tmp_2 = partselect i5 @_ssdm_op_PartSelect.i5.i13.i32.i32, i13 %add_ln51_3, i32 8, i32 12" [firmware/nnet_utils/nnet_activation.h:145->firmware/nnet_utils/nnet_activation_stream.h:232]   --->   Operation 82 'partselect' 'tmp_2' <Predicate = true> <Delay = 0.00>

State 10 <SV = 9> <Delay = 3.25>
ST_10 : Operation 83 [1/1] (0.00ns)   --->   "%zext_ln232 = zext i5 %tmp_2" [firmware/nnet_utils/nnet_activation_stream.h:232]   --->   Operation 83 'zext' 'zext_ln232' <Predicate = true> <Delay = 0.00>
ST_10 : Operation 84 [1/1] (0.00ns)   --->   "%invert_table_addr = getelementptr i18 %invert_table, i64 0, i64 %zext_ln232" [firmware/nnet_utils/nnet_activation_stream.h:232]   --->   Operation 84 'getelementptr' 'invert_table_addr' <Predicate = true> <Delay = 0.00>
ST_10 : Operation 85 [2/2] (3.25ns)   --->   "%inv_exp_sum = load i10 %invert_table_addr" [firmware/nnet_utils/nnet_activation_stream.h:232]   --->   Operation 85 'load' 'inv_exp_sum' <Predicate = true> <Delay = 3.25> <CoreInst = "ROM">   --->   Core 95 'ROM' <Latency = 1> <II = 1> <Delay = 3.25> <Storage> <Opcode : 'load'> <Ports = 0> <Width = 18> <Depth = 1024> <ROM>

State 11 <SV = 10> <Delay = 3.25>
ST_11 : Operation 86 [1/2] (3.25ns)   --->   "%inv_exp_sum = load i10 %invert_table_addr" [firmware/nnet_utils/nnet_activation_stream.h:232]   --->   Operation 86 'load' 'inv_exp_sum' <Predicate = true> <Delay = 3.25> <CoreInst = "ROM">   --->   Core 95 'ROM' <Latency = 1> <II = 1> <Delay = 3.25> <Storage> <Opcode : 'load'> <Ports = 0> <Width = 18> <Depth = 1024> <ROM>

State 12 <SV = 11> <Delay = 3.34>
ST_12 : Operation 87 [1/1] (0.00ns)   --->   "%sext_ln241 = sext i18 %inv_exp_sum" [firmware/nnet_utils/nnet_activation_stream.h:241]   --->   Operation 87 'sext' 'sext_ln241' <Predicate = true> <Delay = 0.00>
ST_12 : Operation 88 [1/1] (0.00ns)   --->   "%zext_ln241 = zext i11 %exp_table_load" [firmware/nnet_utils/nnet_activation_stream.h:241]   --->   Operation 88 'zext' 'zext_ln241' <Predicate = true> <Delay = 0.00>
ST_12 : Operation 89 [2/2] (3.34ns)   --->   "%mul_ln241 = mul i26 %sext_ln241, i26 %zext_ln241" [firmware/nnet_utils/nnet_activation_stream.h:241]   --->   Operation 89 'mul' 'mul_ln241' <Predicate = true> <Delay = 3.34> <CoreInst = "Multiplier">   --->   Core 3 'Multiplier' <Latency = 1> <II = 1> <Delay = 3.34> <FuncUnit> <Opcode : 'mul'> <InPorts = 2> <OutPorts = 1>

State 13 <SV = 12> <Delay = 3.34>
ST_13 : Operation 90 [1/2] (3.34ns)   --->   "%mul_ln241 = mul i26 %sext_ln241, i26 %zext_ln241" [firmware/nnet_utils/nnet_activation_stream.h:241]   --->   Operation 90 'mul' 'mul_ln241' <Predicate = true> <Delay = 3.34> <CoreInst = "Multiplier">   --->   Core 3 'Multiplier' <Latency = 1> <II = 1> <Delay = 3.34> <FuncUnit> <Opcode : 'mul'> <InPorts = 2> <OutPorts = 1>
ST_13 : Operation 91 [1/1] (0.00ns)   --->   "%trunc_ln3 = partselect i16 @_ssdm_op_PartSelect.i16.i26.i32.i32, i26 %mul_ln241, i32 10, i32 25" [firmware/nnet_utils/nnet_activation_stream.h:241]   --->   Operation 91 'partselect' 'trunc_ln3' <Predicate = true> <Delay = 0.00>
ST_13 : Operation 92 [1/1] (0.00ns)   --->   "%zext_ln241_1 = zext i11 %exp_table_load_1" [firmware/nnet_utils/nnet_activation_stream.h:241]   --->   Operation 92 'zext' 'zext_ln241_1' <Predicate = true> <Delay = 0.00>
ST_13 : Operation 93 [2/2] (3.34ns)   --->   "%mul_ln241_1 = mul i26 %sext_ln241, i26 %zext_ln241_1" [firmware/nnet_utils/nnet_activation_stream.h:241]   --->   Operation 93 'mul' 'mul_ln241_1' <Predicate = true> <Delay = 3.34> <CoreInst = "Multiplier">   --->   Core 3 'Multiplier' <Latency = 1> <II = 1> <Delay = 3.34> <FuncUnit> <Opcode : 'mul'> <InPorts = 2> <OutPorts = 1>
ST_13 : Operation 94 [1/1] (0.00ns)   --->   "%zext_ln241_2 = zext i11 %exp_table_load_2" [firmware/nnet_utils/nnet_activation_stream.h:241]   --->   Operation 94 'zext' 'zext_ln241_2' <Predicate = true> <Delay = 0.00>
ST_13 : Operation 95 [2/2] (3.34ns)   --->   "%mul_ln241_2 = mul i26 %sext_ln241, i26 %zext_ln241_2" [firmware/nnet_utils/nnet_activation_stream.h:241]   --->   Operation 95 'mul' 'mul_ln241_2' <Predicate = true> <Delay = 3.34> <CoreInst = "Multiplier">   --->   Core 3 'Multiplier' <Latency = 1> <II = 1> <Delay = 3.34> <FuncUnit> <Opcode : 'mul'> <InPorts = 2> <OutPorts = 1>

State 14 <SV = 13> <Delay = 3.34>
ST_14 : Operation 96 [1/2] (3.34ns)   --->   "%mul_ln241_1 = mul i26 %sext_ln241, i26 %zext_ln241_1" [firmware/nnet_utils/nnet_activation_stream.h:241]   --->   Operation 96 'mul' 'mul_ln241_1' <Predicate = true> <Delay = 3.34> <CoreInst = "Multiplier">   --->   Core 3 'Multiplier' <Latency = 1> <II = 1> <Delay = 3.34> <FuncUnit> <Opcode : 'mul'> <InPorts = 2> <OutPorts = 1>
ST_14 : Operation 97 [1/1] (0.00ns)   --->   "%trunc_ln241_1 = partselect i16 @_ssdm_op_PartSelect.i16.i26.i32.i32, i26 %mul_ln241_1, i32 10, i32 25" [firmware/nnet_utils/nnet_activation_stream.h:241]   --->   Operation 97 'partselect' 'trunc_ln241_1' <Predicate = true> <Delay = 0.00>
ST_14 : Operation 98 [1/2] (3.34ns)   --->   "%mul_ln241_2 = mul i26 %sext_ln241, i26 %zext_ln241_2" [firmware/nnet_utils/nnet_activation_stream.h:241]   --->   Operation 98 'mul' 'mul_ln241_2' <Predicate = true> <Delay = 3.34> <CoreInst = "Multiplier">   --->   Core 3 'Multiplier' <Latency = 1> <II = 1> <Delay = 3.34> <FuncUnit> <Opcode : 'mul'> <InPorts = 2> <OutPorts = 1>
ST_14 : Operation 99 [1/1] (0.00ns)   --->   "%trunc_ln241_2 = partselect i16 @_ssdm_op_PartSelect.i16.i26.i32.i32, i26 %mul_ln241_2, i32 10, i32 25" [firmware/nnet_utils/nnet_activation_stream.h:241]   --->   Operation 99 'partselect' 'trunc_ln241_2' <Predicate = true> <Delay = 0.00>
ST_14 : Operation 100 [1/1] (0.00ns)   --->   "%zext_ln241_3 = zext i11 %exp_table_load_3" [firmware/nnet_utils/nnet_activation_stream.h:241]   --->   Operation 100 'zext' 'zext_ln241_3' <Predicate = true> <Delay = 0.00>
ST_14 : Operation 101 [2/2] (3.34ns)   --->   "%mul_ln241_3 = mul i26 %sext_ln241, i26 %zext_ln241_3" [firmware/nnet_utils/nnet_activation_stream.h:241]   --->   Operation 101 'mul' 'mul_ln241_3' <Predicate = true> <Delay = 3.34> <CoreInst = "Multiplier">   --->   Core 3 'Multiplier' <Latency = 1> <II = 1> <Delay = 3.34> <FuncUnit> <Opcode : 'mul'> <InPorts = 2> <OutPorts = 1>
ST_14 : Operation 102 [1/1] (0.00ns)   --->   "%zext_ln241_4 = zext i11 %exp_table_load_4" [firmware/nnet_utils/nnet_activation_stream.h:241]   --->   Operation 102 'zext' 'zext_ln241_4' <Predicate = true> <Delay = 0.00>
ST_14 : Operation 103 [2/2] (3.34ns)   --->   "%mul_ln241_4 = mul i26 %sext_ln241, i26 %zext_ln241_4" [firmware/nnet_utils/nnet_activation_stream.h:241]   --->   Operation 103 'mul' 'mul_ln241_4' <Predicate = true> <Delay = 3.34> <CoreInst = "Multiplier">   --->   Core 3 'Multiplier' <Latency = 1> <II = 1> <Delay = 3.34> <FuncUnit> <Opcode : 'mul'> <InPorts = 2> <OutPorts = 1>

State 15 <SV = 14> <Delay = 3.34>
ST_15 : Operation 104 [1/2] (3.34ns)   --->   "%mul_ln241_3 = mul i26 %sext_ln241, i26 %zext_ln241_3" [firmware/nnet_utils/nnet_activation_stream.h:241]   --->   Operation 104 'mul' 'mul_ln241_3' <Predicate = true> <Delay = 3.34> <CoreInst = "Multiplier">   --->   Core 3 'Multiplier' <Latency = 1> <II = 1> <Delay = 3.34> <FuncUnit> <Opcode : 'mul'> <InPorts = 2> <OutPorts = 1>
ST_15 : Operation 105 [1/1] (0.00ns)   --->   "%trunc_ln241_3 = partselect i16 @_ssdm_op_PartSelect.i16.i26.i32.i32, i26 %mul_ln241_3, i32 10, i32 25" [firmware/nnet_utils/nnet_activation_stream.h:241]   --->   Operation 105 'partselect' 'trunc_ln241_3' <Predicate = true> <Delay = 0.00>
ST_15 : Operation 106 [1/2] (3.34ns)   --->   "%mul_ln241_4 = mul i26 %sext_ln241, i26 %zext_ln241_4" [firmware/nnet_utils/nnet_activation_stream.h:241]   --->   Operation 106 'mul' 'mul_ln241_4' <Predicate = true> <Delay = 3.34> <CoreInst = "Multiplier">   --->   Core 3 'Multiplier' <Latency = 1> <II = 1> <Delay = 3.34> <FuncUnit> <Opcode : 'mul'> <InPorts = 2> <OutPorts = 1>
ST_15 : Operation 107 [1/1] (0.00ns)   --->   "%trunc_ln241_4 = partselect i16 @_ssdm_op_PartSelect.i16.i26.i32.i32, i26 %mul_ln241_4, i32 10, i32 25" [firmware/nnet_utils/nnet_activation_stream.h:241]   --->   Operation 107 'partselect' 'trunc_ln241_4' <Predicate = true> <Delay = 0.00>
ST_15 : Operation 108 [1/1] (0.00ns)   --->   "%p_0 = bitconcatenate i80 @_ssdm_op_BitConcatenate.i80.i16.i16.i16.i16.i16, i16 %trunc_ln241_4, i16 %trunc_ln241_3, i16 %trunc_ln241_2, i16 %trunc_ln241_1, i16 %trunc_ln3" [firmware/nnet_utils/nnet_activation_stream.h:243]   --->   Operation 108 'bitconcatenate' 'p_0' <Predicate = true> <Delay = 0.00>
ST_15 : Operation 109 [1/1] (0.00ns)   --->   "%write_ln243 = write void @_ssdm_op_Write.axis.volatile.i80P128A, i80 %layer9_out, i80 %p_0" [firmware/nnet_utils/nnet_activation_stream.h:243]   --->   Operation 109 'write' 'write_ln243' <Predicate = true> <Delay = 0.00> <CoreInst = "axis">   --->   Core 115 'axis' <Latency = 0> <II = 1> <Delay = 1.00> <Adapter> <Opcode : >

State 16 <SV = 15> <Delay = 0.00>
ST_16 : Operation 110 [1/1] (0.00ns)   --->   "%specinterface_ln0 = specinterface void @_ssdm_op_SpecInterface, i80 %layer9_out, void @empty_2, i32 0, i32 0, void @empty_1, i32 0, i32 0, void @empty_7, void @empty_7, void @empty_7, i32 0, i32 0, i32 0, i32 0, void @empty_7, void @empty_7, i32 4294967295, i32 0"   --->   Operation 110 'specinterface' 'specinterface_ln0' <Predicate = true> <Delay = 0.00>
ST_16 : Operation 111 [1/1] (0.00ns)   --->   "%specinterface_ln0 = specinterface void @_ssdm_op_SpecInterface, i80 %layer8_out, void @empty_0, i32 0, i32 0, void @empty_7, i32 0, i32 0, void @empty_7, void @empty_7, void @empty_7, i32 0, i32 0, i32 0, i32 0, void @empty_7, void @empty_7, i32 4294967295, i32 0"   --->   Operation 111 'specinterface' 'specinterface_ln0' <Predicate = true> <Delay = 0.00>
ST_16 : Operation 112 [1/1] (0.00ns)   --->   "%rbegin1 = specregionbegin i32 @_ssdm_op_SpecRegionBegin, void @empty_10" [firmware/nnet_utils/nnet_activation_stream.h:238]   --->   Operation 112 'specregionbegin' 'rbegin1' <Predicate = true> <Delay = 0.00>
ST_16 : Operation 113 [1/1] (0.00ns)   --->   "%specresourcelimit_ln242 = specresourcelimit void @_ssdm_op_SpecResourceLimit, i64 2, void @empty_6, void @empty_7, void @empty_7, void @empty_7" [firmware/nnet_utils/nnet_activation_stream.h:242]   --->   Operation 113 'specresourcelimit' 'specresourcelimit_ln242' <Predicate = true> <Delay = 0.00>
ST_16 : Operation 114 [1/1] (0.00ns)   --->   "%rend25 = specregionend i32 @_ssdm_op_SpecRegionEnd, void @empty_10, i32 %rbegin1" [firmware/nnet_utils/nnet_activation_stream.h:242]   --->   Operation 114 'specregionend' 'rend25' <Predicate = true> <Delay = 0.00>
ST_16 : Operation 115 [1/1] (0.00ns)   --->   "%rbegin2 = specregionbegin i32 @_ssdm_op_SpecRegionBegin, void @empty_9" [firmware/nnet_utils/nnet_activation_stream.h:238]   --->   Operation 115 'specregionbegin' 'rbegin2' <Predicate = true> <Delay = 0.00>
ST_16 : Operation 116 [1/1] (0.00ns)   --->   "%specresourcelimit_ln242 = specresourcelimit void @_ssdm_op_SpecResourceLimit, i64 2, void @empty_6, void @empty_7, void @empty_7, void @empty_7" [firmware/nnet_utils/nnet_activation_stream.h:242]   --->   Operation 116 'specresourcelimit' 'specresourcelimit_ln242' <Predicate = true> <Delay = 0.00>
ST_16 : Operation 117 [1/1] (0.00ns)   --->   "%rend23 = specregionend i32 @_ssdm_op_SpecRegionEnd, void @empty_9, i32 %rbegin2" [firmware/nnet_utils/nnet_activation_stream.h:242]   --->   Operation 117 'specregionend' 'rend23' <Predicate = true> <Delay = 0.00>
ST_16 : Operation 118 [1/1] (0.00ns)   --->   "%rbegin3 = specregionbegin i32 @_ssdm_op_SpecRegionBegin, void @empty_8" [firmware/nnet_utils/nnet_activation_stream.h:238]   --->   Operation 118 'specregionbegin' 'rbegin3' <Predicate = true> <Delay = 0.00>
ST_16 : Operation 119 [1/1] (0.00ns)   --->   "%specresourcelimit_ln242 = specresourcelimit void @_ssdm_op_SpecResourceLimit, i64 2, void @empty_6, void @empty_7, void @empty_7, void @empty_7" [firmware/nnet_utils/nnet_activation_stream.h:242]   --->   Operation 119 'specresourcelimit' 'specresourcelimit_ln242' <Predicate = true> <Delay = 0.00>
ST_16 : Operation 120 [1/1] (0.00ns)   --->   "%rend21 = specregionend i32 @_ssdm_op_SpecRegionEnd, void @empty_8, i32 %rbegin3" [firmware/nnet_utils/nnet_activation_stream.h:242]   --->   Operation 120 'specregionend' 'rend21' <Predicate = true> <Delay = 0.00>
ST_16 : Operation 121 [1/1] (0.00ns)   --->   "%rbegin4 = specregionbegin i32 @_ssdm_op_SpecRegionBegin, void @empty_5" [firmware/nnet_utils/nnet_activation_stream.h:238]   --->   Operation 121 'specregionbegin' 'rbegin4' <Predicate = true> <Delay = 0.00>
ST_16 : Operation 122 [1/1] (0.00ns)   --->   "%specresourcelimit_ln242 = specresourcelimit void @_ssdm_op_SpecResourceLimit, i64 2, void @empty_6, void @empty_7, void @empty_7, void @empty_7" [firmware/nnet_utils/nnet_activation_stream.h:242]   --->   Operation 122 'specresourcelimit' 'specresourcelimit_ln242' <Predicate = true> <Delay = 0.00>
ST_16 : Operation 123 [1/1] (0.00ns)   --->   "%rend19 = specregionend i32 @_ssdm_op_SpecRegionEnd, void @empty_5, i32 %rbegin4" [firmware/nnet_utils/nnet_activation_stream.h:242]   --->   Operation 123 'specregionend' 'rend19' <Predicate = true> <Delay = 0.00>
ST_16 : Operation 124 [1/1] (0.00ns)   --->   "%rbegin = specregionbegin i32 @_ssdm_op_SpecRegionBegin, void @empty_3" [firmware/nnet_utils/nnet_activation_stream.h:238]   --->   Operation 124 'specregionbegin' 'rbegin' <Predicate = true> <Delay = 0.00>
ST_16 : Operation 125 [1/1] (0.00ns)   --->   "%specresourcelimit_ln242 = specresourcelimit void @_ssdm_op_SpecResourceLimit, i64 2, void @empty_6, void @empty_7, void @empty_7, void @empty_7" [firmware/nnet_utils/nnet_activation_stream.h:242]   --->   Operation 125 'specresourcelimit' 'specresourcelimit_ln242' <Predicate = true> <Delay = 0.00>
ST_16 : Operation 126 [1/1] (0.00ns)   --->   "%rend = specregionend i32 @_ssdm_op_SpecRegionEnd, void @empty_3, i32 %rbegin" [firmware/nnet_utils/nnet_activation_stream.h:242]   --->   Operation 126 'specregionend' 'rend' <Predicate = true> <Delay = 0.00>
ST_16 : Operation 127 [1/1] (0.00ns)   --->   "%ret_ln245 = ret" [firmware/nnet_utils/nnet_activation_stream.h:245]   --->   Operation 127 'ret' 'ret_ln245' <Predicate = true> <Delay = 0.00>


============================================================
+ Verbose Summary: Timing violations
============================================================
Target clock period: 5.000ns, clock uncertainty: 1.350ns.

 <State 1>: 1.825ns
The critical path consists of the following:
	fifo read operation ('layer8_out_read', firmware/nnet_utils/nnet_activation_stream.h:198) on port 'layer8_out' (firmware/nnet_utils/nnet_activation_stream.h:198) [7]  (1.825 ns)

 <State 2>: 3.055ns
The critical path consists of the following:
	'icmp' operation ('icmp_ln66', firmware/nnet_utils/nnet_common.h:66->firmware/nnet_utils/nnet_common.h:44->firmware/nnet_utils/nnet_common.h:46->firmware/nnet_utils/nnet_common.h:46->firmware/nnet_utils/nnet_activation_stream.h:208) [13]  (2.077 ns)
	'xor' operation ('xor_ln66', firmware/nnet_utils/nnet_common.h:66->firmware/nnet_utils/nnet_common.h:44->firmware/nnet_utils/nnet_common.h:46->firmware/nnet_utils/nnet_common.h:46->firmware/nnet_utils/nnet_activation_stream.h:208) [14]  (0.000 ns)
	'select' operation ('select_ln66', firmware/nnet_utils/nnet_common.h:66->firmware/nnet_utils/nnet_common.h:44->firmware/nnet_utils/nnet_common.h:46->firmware/nnet_utils/nnet_common.h:46->firmware/nnet_utils/nnet_activation_stream.h:208) [15]  (0.978 ns)

 <State 3>: 3.055ns
The critical path consists of the following:
	'icmp' operation ('icmp_ln66_2', firmware/nnet_utils/nnet_common.h:66->firmware/nnet_utils/nnet_common.h:46->firmware/nnet_utils/nnet_common.h:46->firmware/nnet_utils/nnet_activation_stream.h:208) [19]  (2.077 ns)
	'xor' operation ('xor_ln66_2', firmware/nnet_utils/nnet_common.h:66->firmware/nnet_utils/nnet_common.h:46->firmware/nnet_utils/nnet_common.h:46->firmware/nnet_utils/nnet_activation_stream.h:208) [20]  (0.000 ns)
	'select' operation ('select_ln66_2', firmware/nnet_utils/nnet_common.h:66->firmware/nnet_utils/nnet_common.h:46->firmware/nnet_utils/nnet_common.h:46->firmware/nnet_utils/nnet_activation_stream.h:208) [21]  (0.978 ns)

 <State 4>: 3.055ns
The critical path consists of the following:
	'icmp' operation ('icmp_ln66_3', firmware/nnet_utils/nnet_common.h:66->firmware/nnet_utils/nnet_common.h:46->firmware/nnet_utils/nnet_activation_stream.h:208) [22]  (2.077 ns)
	'xor' operation ('xor_ln66_3', firmware/nnet_utils/nnet_common.h:66->firmware/nnet_utils/nnet_common.h:46->firmware/nnet_utils/nnet_activation_stream.h:208) [23]  (0.000 ns)
	'select' operation ('select_ln66_3', firmware/nnet_utils/nnet_common.h:66->firmware/nnet_utils/nnet_common.h:46->firmware/nnet_utils/nnet_activation_stream.h:208) [26]  (0.978 ns)

 <State 5>: 1.944ns
The critical path consists of the following:
	'sub' operation ('d_xi_xmax', firmware/nnet_utils/nnet_activation_stream.h:213) [28]  (1.944 ns)

 <State 6>: 3.254ns
The critical path consists of the following:
	'getelementptr' operation ('exp_table_addr', firmware/nnet_utils/nnet_activation_stream.h:223) [38]  (0.000 ns)
	'load' operation ('exp_table_load', firmware/nnet_utils/nnet_activation_stream.h:223) on array 'exp_table' [39]  (3.254 ns)

 <State 7>: 3.254ns
The critical path consists of the following:
	'load' operation ('exp_table_load', firmware/nnet_utils/nnet_activation_stream.h:223) on array 'exp_table' [39]  (3.254 ns)

 <State 8>: 3.254ns
The critical path consists of the following:
	'load' operation ('exp_table_load_1', firmware/nnet_utils/nnet_activation_stream.h:223) on array 'exp_table' [44]  (3.254 ns)

 <State 9>: 3.186ns
The critical path consists of the following:
	'add' operation ('add_ln51_2', firmware/nnet_utils/nnet_common.h:51->firmware/nnet_utils/nnet_common.h:46->firmware/nnet_utils/nnet_activation_stream.h:229) [64]  (1.639 ns)
	'add' operation ('add_ln51_3', firmware/nnet_utils/nnet_common.h:51->firmware/nnet_utils/nnet_common.h:46->firmware/nnet_utils/nnet_activation_stream.h:229) [66]  (1.547 ns)

 <State 10>: 3.254ns
The critical path consists of the following:
	'getelementptr' operation ('invert_table_addr', firmware/nnet_utils/nnet_activation_stream.h:232) [69]  (0.000 ns)
	'load' operation ('inv_exp_sum', firmware/nnet_utils/nnet_activation_stream.h:232) on array 'invert_table' [70]  (3.254 ns)

 <State 11>: 3.254ns
The critical path consists of the following:
	'load' operation ('inv_exp_sum', firmware/nnet_utils/nnet_activation_stream.h:232) on array 'invert_table' [70]  (3.254 ns)

 <State 12>: 3.349ns
The critical path consists of the following:
	'mul' operation ('mul_ln241', firmware/nnet_utils/nnet_activation_stream.h:241) [74]  (3.349 ns)

 <State 13>: 3.349ns
The critical path consists of the following:
	'mul' operation ('mul_ln241', firmware/nnet_utils/nnet_activation_stream.h:241) [74]  (3.349 ns)

 <State 14>: 3.349ns
The critical path consists of the following:
	'mul' operation ('mul_ln241_1', firmware/nnet_utils/nnet_activation_stream.h:241) [80]  (3.349 ns)

 <State 15>: 3.349ns
The critical path consists of the following:
	'mul' operation ('mul_ln241_3', firmware/nnet_utils/nnet_activation_stream.h:241) [92]  (3.349 ns)

 <State 16>: 0.000ns
The critical path consists of the following:


============================================================
+ Verbose Summary: Binding
============================================================
N/A
* FSMD analyzer results:
  - Output states:
 - Input state : 
  - Chain level:
	State 1
	State 2
	State 3
	State 4
	State 5
	State 6
	State 7
	State 8
	State 9
	State 10
	State 11
	State 12
	State 13
	State 14
	State 15
	State 16


============================================================
+ Verbose Summary: Datapath Resource usage 
============================================================
N/A
