

================================================================
== Vitis HLS Report for 'softmax_stable_array_array_ap_fixed_16_6_5_3_0_5u_softmax_config9_s'
================================================================
* Date:           Mon Sep 21 23:27:06 2026

* Version:        2023.1.1 (Build 3869133 on Jun 15 2023)
* Project:        myproject_prj
* Solution:       solution1 (Vivado IP Flow Target)
* Product family: zynq
* Target device:  xc7z020-clg400-1


================================================================
== Performance Estimates
================================================================
+ Timing: 
    * Summary: 
    +--------+---------+----------+------------+
    |  Clock |  Target | Estimated| Uncertainty|
    +--------+---------+----------+------------+
    |ap_clk  |  5.00 ns|  3.349 ns|     1.35 ns|
    +--------+---------+----------+------------+

+ Latency: 
    * Summary: 
    +---------+---------+-----------+-----------+-----+-----+---------+
    |  Latency (cycles) |   Latency (absolute)  |  Interval | Pipeline|
    |   min   |   max   |    min    |    max    | min | max |   Type  |
    +---------+---------+-----------+-----------+-----+-----+---------+
    |       15|       15|  75.000 ns|  75.000 ns|   15|   15|       no|
    +---------+---------+-----------+-----------+-----+-----+---------+

    + Detail: 
        * Instance: 
        N/A

        * Loop: 
        N/A



================================================================
== Utilization Estimates
================================================================
* Summary: 
+-----------------+---------+-----+--------+-------+-----+
|       Name      | BRAM_18K| DSP |   FF   |  LUT  | URAM|
+-----------------+---------+-----+--------+-------+-----+
|DSP              |        -|    -|       -|      -|    -|
|Expression       |        -|    -|       0|    315|    -|
|FIFO             |        -|    -|       -|      -|    -|
|Instance         |        -|    2|     150|      4|    -|
|Memory           |        3|    -|       0|      0|    -|
|Multiplexer      |        -|    -|       -|    175|    -|
|Register         |        -|    -|     448|      -|    -|
+-----------------+---------+-----+--------+-------+-----+
|Total            |        3|    2|     598|    494|    0|
+-----------------+---------+-----+--------+-------+-----+
|Available        |      280|  220|  106400|  53200|    0|
+-----------------+---------+-----+--------+-------+-----+
|Utilization (%)  |        1|   ~0|      ~0|     ~0|    0|
+-----------------+---------+-----+--------+-------+-----+

+ Detail: 
    * Instance: 
    +---------------------------+---------------------+---------+----+----+----+-----+
    |          Instance         |        Module       | BRAM_18K| DSP| FF | LUT| URAM|
    +---------------------------+---------------------+---------+----+----+----+-----+
    |mul_18s_11ns_26_2_1_U1124  |mul_18s_11ns_26_2_1  |        0|   1|  75|   2|    0|
    |mul_18s_11ns_26_2_1_U1125  |mul_18s_11ns_26_2_1  |        0|   1|  75|   2|    0|
    +---------------------------+---------------------+---------+----+----+----+-----+
    |Total                      |                     |        0|   2| 150|   4|    0|
    +---------------------------+---------------------+---------+----+----+----+-----+

    * DSP: 
    N/A

    * Memory: 
    +----------------+----------------------------------------------------------------------------------+---------+---+----+-----+------+-----+------+-------------+
    |     Memory     |                                      Module                                      | BRAM_18K| FF| LUT| URAM| Words| Bits| Banks| W*Bits*Banks|
    +----------------+----------------------------------------------------------------------------------+---------+---+----+-----+------+-----+------+-------------+
    |exp_table_U     |softmax_stable_array_array_ap_fixed_16_6_5_3_0_5u_softmax_config9_s_exp_tablefYi  |        2|  0|   0|    0|  1024|   11|     1|        11264|
    |invert_table_U  |softmax_stable_array_array_ap_fixed_16_6_5_3_0_5u_softmax_config9_s_invert_tag8j  |        1|  0|   0|    0|  1024|   18|     1|        18432|
    +----------------+----------------------------------------------------------------------------------+---------+---+----+-----+------+-----+------+-------------+
    |Total           |                                                                                  |        3|  0|   0|    0|  2048|   29|     2|        29696|
    +----------------+----------------------------------------------------------------------------------+---------+---+----+-----+------+-----+------+-------------+

    * FIFO: 
    N/A

    * Expression: 
    +-------------------------+----------+----+---+----+------------+------------+
    |      Variable Name      | Operation| DSP| FF| LUT| Bitwidth P0| Bitwidth P1|
    +-------------------------+----------+----+---+----+------------+------------+
    |add_ln51_1_fu_500_p2     |         +|   0|  0|  12|          12|          12|
    |add_ln51_2_fu_509_p2     |         +|   0|  0|  12|          12|          12|
    |add_ln51_3_fu_519_p2     |         +|   0|  0|  14|          13|          13|
    |add_ln51_fu_485_p2       |         +|   0|  0|  12|          12|          12|
    |d_xi_xmax_5_fu_393_p2    |         -|   0|  0|  20|          15|          15|
    |d_xi_xmax_6_fu_397_p2    |         -|   0|  0|  20|          15|          15|
    |d_xi_xmax_7_fu_401_p2    |         -|   0|  0|  20|          15|          15|
    |d_xi_xmax_8_fu_405_p2    |         -|   0|  0|  20|          15|          15|
    |d_xi_xmax_fu_389_p2      |         -|   0|  0|  20|          15|          15|
    |icmp_ln66_1_fu_337_p2    |      icmp|   0|  0|  23|          16|          16|
    |icmp_ln66_2_fu_353_p2    |      icmp|   0|  0|  23|          16|          16|
    |icmp_ln66_3_fu_369_p2    |      icmp|   0|  0|  23|          16|          16|
    |icmp_ln66_fu_321_p2      |      icmp|   0|  0|  23|          16|          16|
    |ap_block_state1          |        or|   0|  0|   2|           1|           1|
    |select_ln66_1_fu_347_p3  |    select|   0|  0|  16|           1|          16|
    |select_ln66_2_fu_363_p3  |    select|   0|  0|  16|           1|          16|
    |select_ln66_3_fu_382_p3  |    select|   0|  0|  15|           1|          15|
    |select_ln66_fu_331_p3    |    select|   0|  0|  16|           1|          16|
    |xor_ln66_1_fu_341_p2     |       xor|   0|  0|   2|           1|           2|
    |xor_ln66_2_fu_357_p2     |       xor|   0|  0|   2|           1|           2|
    |xor_ln66_3_fu_373_p2     |       xor|   0|  0|   2|           1|           2|
    |xor_ln66_fu_325_p2       |       xor|   0|  0|   2|           1|           2|
    +-------------------------+----------+----+---+----+------------+------------+
    |Total                    |          |   0|  0| 315|         197|         260|
    +-------------------------+----------+----+---+----+------------+------------+

    * Multiplexer: 
    +------------------------+----+-----------+-----+-----------+
    |          Name          | LUT| Input Size| Bits| Total Bits|
    +------------------------+----+-----------+-----+-----------+
    |ap_NS_fsm               |  81|         17|    1|         17|
    |exp_table_address0      |  14|          3|   10|         30|
    |exp_table_address1      |  14|          3|   10|         30|
    |grp_fu_177_p0           |  14|          3|   18|         54|
    |grp_fu_177_p1           |  20|          4|   11|         44|
    |grp_fu_178_p1           |  14|          3|   11|         33|
    |layer8_out_blk_n        |   9|          2|    1|          2|
    |layer9_out_TDATA_blk_n  |   9|          2|    1|          2|
    +------------------------+----+-----------+-----+-----------+
    |Total                   | 175|         37|   63|        212|
    +------------------------+----+-----------+-----+-----------+

    * Register: 
    +--------------------------+----+----+-----+-----------+
    |           Name           | FF | LUT| Bits| Const Bits|
    +--------------------------+----+----+-----+-----------+
    |add_ln51_reg_737          |  12|   0|   12|          0|
    |ap_CS_fsm                 |  16|   0|   16|          0|
    |exp_table_load_1_reg_719  |  11|   0|   11|          0|
    |exp_table_load_2_reg_703  |  11|   0|   11|          0|
    |exp_table_load_3_reg_725  |  11|   0|   11|          0|
    |exp_table_load_4_reg_731  |  11|   0|   11|          0|
    |exp_table_load_reg_692    |  11|   0|   11|          0|
    |inv_exp_sum_reg_752       |  18|   0|   18|          0|
    |select_ln66_1_reg_636     |  16|   0|   16|          0|
    |select_ln66_2_reg_642     |  16|   0|   16|          0|
    |select_ln66_3_reg_648     |  15|   0|   15|          0|
    |select_ln66_reg_630       |  16|   0|   16|          0|
    |sext_ln241_reg_757        |  26|   0|   26|          0|
    |tmp_1_reg_598             |  16|   0|   16|          0|
    |tmp_2_reg_742             |   5|   0|    5|          0|
    |tmp_4_reg_677             |  10|   0|   10|          0|
    |tmp_5_reg_657             |  10|   0|   10|          0|
    |tmp_6_reg_604             |  15|   0|   15|          0|
    |tmp_7_reg_662             |  10|   0|   10|          0|
    |tmp_9_reg_667             |  10|   0|   10|          0|
    |tmp_reg_592               |  16|   0|   16|          0|
    |tmp_s_reg_672             |  10|   0|   10|          0|
    |trunc_ln198_3_reg_581     |  16|   0|   16|          0|
    |trunc_ln198_4_reg_587     |  16|   0|   16|          0|
    |trunc_ln198_reg_575       |  16|   0|   16|          0|
    |trunc_ln213_2_reg_615     |  15|   0|   15|          0|
    |trunc_ln213_3_reg_620     |  15|   0|   15|          0|
    |trunc_ln213_4_reg_625     |  15|   0|   15|          0|
    |trunc_ln213_reg_610       |  15|   0|   15|          0|
    |trunc_ln241_1_reg_783     |  16|   0|   16|          0|
    |trunc_ln241_2_reg_788     |  16|   0|   16|          0|
    |trunc_ln3_reg_768         |  16|   0|   16|          0|
    +--------------------------+----+----+-----+-----------+
    |Total                     | 448|   0|  448|          0|
    +--------------------------+----+----+-----+-----------+



================================================================
== Interface
================================================================
* Summary: 
+---------------------------+-----+-----+------------+----------------------------------------------------------------------+--------------+
|         RTL Ports         | Dir | Bits|  Protocol  |                             Source Object                            |    C Type    |
+---------------------------+-----+-----+------------+----------------------------------------------------------------------+--------------+
|ap_clk                     |   in|    1|  ap_ctrl_hs|  softmax_stable<array,array<ap_fixed<16,6,5,3,0>,5u>,softmax_config9>|  return value|
|ap_rst                     |   in|    1|  ap_ctrl_hs|  softmax_stable<array,array<ap_fixed<16,6,5,3,0>,5u>,softmax_config9>|  return value|
|ap_start                   |   in|    1|  ap_ctrl_hs|  softmax_stable<array,array<ap_fixed<16,6,5,3,0>,5u>,softmax_config9>|  return value|
|ap_done                    |  out|    1|  ap_ctrl_hs|  softmax_stable<array,array<ap_fixed<16,6,5,3,0>,5u>,softmax_config9>|  return value|
|ap_idle                    |  out|    1|  ap_ctrl_hs|  softmax_stable<array,array<ap_fixed<16,6,5,3,0>,5u>,softmax_config9>|  return value|
|ap_ready                   |  out|    1|  ap_ctrl_hs|  softmax_stable<array,array<ap_fixed<16,6,5,3,0>,5u>,softmax_config9>|  return value|
|layer8_out_dout            |   in|   80|     ap_fifo|                                                            layer8_out|       pointer|
|layer8_out_num_data_valid  |   in|    2|     ap_fifo|                                                            layer8_out|       pointer|
|layer8_out_fifo_cap        |   in|    2|     ap_fifo|                                                            layer8_out|       pointer|
|layer8_out_empty_n         |   in|    1|     ap_fifo|                                                            layer8_out|       pointer|
|layer8_out_read            |  out|    1|     ap_fifo|                                                            layer8_out|       pointer|
|layer9_out_TDATA           |  out|   80|        axis|                                                            layer9_out|       pointer|
|layer9_out_TVALID          |  out|    1|        axis|                                                            layer9_out|       pointer|
|layer9_out_TREADY          |   in|    1|        axis|                                                            layer9_out|       pointer|
+---------------------------+-----+-----+------------+----------------------------------------------------------------------+--------------+

