

================================================================
== Vitis HLS Report for 'softmax_array_array_ap_fixed_16_6_5_3_0_5u_softmax_config9_s'
================================================================
* Date:           Mon Sep 21 23:27:06 2026

* Version:        2023.1.1 (Build 3869133 on Jun 15 2023)
* Project:        myproject_prj
* Solution:       solution1 (Vivado IP Flow Target)
* Product family: zynq
* Target device:  xc7z020-clg400-1


================================================================
== Performance Estimates
================================================================
+ Timing: 
    * Summary: 
    +--------+---------+----------+------------+
    |  Clock |  Target | Estimated| Uncertainty|
    +--------+---------+----------+------------+
    |ap_clk  |  5.00 ns|  3.349 ns|     1.35 ns|
    +--------+---------+----------+------------+

+ Latency: 
    * Summary: 
    +---------+---------+-----------+-----------+-----+-----+---------+
    |  Latency (cycles) |   Latency (absolute)  |  Interval | Pipeline|
    |   min   |   max   |    min    |    max    | min | max |   Type  |
    +---------+---------+-----------+-----------+-----+-----+---------+
    |       17|       17|  85.000 ns|  85.000 ns|   17|   17|       no|
    +---------+---------+-----------+-----------+-----+-----+---------+

    + Detail: 
        * Instance: 
        +-------------------------------------------------------------------------------+---------------------------------------------------------------------+---------+---------+-----------+-----------+-----+-----+---------+
        |                                                                               |                                                                     |  Latency (cycles) |   Latency (absolute)  |  Interval | Pipeline|
        |                                    Instance                                   |                                Module                               |   min   |   max   |    min    |    max    | min | max |   Type  |
        +-------------------------------------------------------------------------------+---------------------------------------------------------------------+---------+---------+-----------+-----------+-----+-----+---------+
        |grp_softmax_stable_array_array_ap_fixed_16_6_5_3_0_5u_softmax_config9_s_fu_26  |softmax_stable_array_array_ap_fixed_16_6_5_3_0_5u_softmax_config9_s  |       15|       15|  75.000 ns|  75.000 ns|   15|   15|       no|
        +-------------------------------------------------------------------------------+---------------------------------------------------------------------+---------+---------+-----------+-----------+-----+-----+---------+

        * Loop: 
        N/A



================================================================
== Utilization Estimates
================================================================
* Summary: 
+-----------------+---------+-----+--------+-------+-----+
|       Name      | BRAM_18K| DSP |   FF   |  LUT  | URAM|
+-----------------+---------+-----+--------+-------+-----+
|DSP              |        -|    -|       -|      -|    -|
|Expression       |        -|    -|       0|      4|    -|
|FIFO             |        -|    -|       -|      -|    -|
|Instance         |        3|    2|     598|    494|    -|
|Memory           |        -|    -|       -|      -|    -|
|Multiplexer      |        -|    -|       -|     38|    -|
|Register         |        -|    -|       5|      -|    -|
+-----------------+---------+-----+--------+-------+-----+
|Total            |        3|    2|     603|    536|    0|
+-----------------+---------+-----+--------+-------+-----+
|Available        |      280|  220|  106400|  53200|    0|
+-----------------+---------+-----+--------+-------+-----+
|Utilization (%)  |        1|   ~0|      ~0|      1|    0|
+-----------------+---------+-----+--------+-------+-----+

+ Detail: 
    * Instance: 
    +-------------------------------------------------------------------------------+---------------------------------------------------------------------+---------+----+-----+-----+-----+
    |                                    Instance                                   |                                Module                               | BRAM_18K| DSP|  FF | LUT | URAM|
    +-------------------------------------------------------------------------------+---------------------------------------------------------------------+---------+----+-----+-----+-----+
    |grp_softmax_stable_array_array_ap_fixed_16_6_5_3_0_5u_softmax_config9_s_fu_26  |softmax_stable_array_array_ap_fixed_16_6_5_3_0_5u_softmax_config9_s  |        3|   2|  598|  494|    0|
    +-------------------------------------------------------------------------------+---------------------------------------------------------------------+---------+----+-----+-----+-----+
    |Total                                                                          |                                                                     |        3|   2|  598|  494|    0|
    +-------------------------------------------------------------------------------+---------------------------------------------------------------------+---------+----+-----+-----+-----+

    * DSP: 
    N/A

    * Memory: 
    N/A

    * FIFO: 
    N/A

    * Expression: 
    +-------------------------------------------------------------------------------------------------+----------+----+---+----+------------+------------+
    |                                          Variable Name                                          | Operation| DSP| FF| LUT| Bitwidth P0| Bitwidth P1|
    +-------------------------------------------------------------------------------------------------+----------+----+---+----+------------+------------+
    |grp_softmax_stable_array_array_ap_fixed_16_6_5_3_0_5u_softmax_config9_s_fu_26_layer9_out_TREADY  |       and|   0|  0|   2|           1|           1|
    |ap_block_state1                                                                                  |        or|   0|  0|   2|           1|           1|
    +-------------------------------------------------------------------------------------------------+----------+----+---+----+------------+------------+
    |Total                                                                                            |          |   0|  0|   4|           2|           2|
    +-------------------------------------------------------------------------------------------------+----------+----+---+----+------------+------------+

    * Multiplexer: 
    +-----------------+----+-----------+-----+-----------+
    |       Name      | LUT| Input Size| Bits| Total Bits|
    +-----------------+----+-----------+-----+-----------+
    |ap_NS_fsm        |  20|          4|    1|          4|
    |ap_done          |   9|          2|    1|          2|
    |layer8_out_read  |   9|          2|    1|          2|
    +-----------------+----+-----------+-----+-----------+
    |Total            |  38|          8|    3|          8|
    +-----------------+----+-----------+-----+-----------+

    * Register: 
    +--------------------------------------------------------------------------------------------+---+----+-----+-----------+
    |                                            Name                                            | FF| LUT| Bits| Const Bits|
    +--------------------------------------------------------------------------------------------+---+----+-----+-----------+
    |ap_CS_fsm                                                                                   |  3|   0|    3|          0|
    |ap_done_reg                                                                                 |  1|   0|    1|          0|
    |grp_softmax_stable_array_array_ap_fixed_16_6_5_3_0_5u_softmax_config9_s_fu_26_ap_start_reg  |  1|   0|    1|          0|
    +--------------------------------------------------------------------------------------------+---+----+-----+-----------+
    |Total                                                                                       |  5|   0|    5|          0|
    +--------------------------------------------------------------------------------------------+---+----+-----+-----------+



================================================================
== Interface
================================================================
* Summary: 
+---------------------------+-----+-----+------------+---------------------------------------------------------------+--------------+
|         RTL Ports         | Dir | Bits|  Protocol  |                         Source Object                         |    C Type    |
+---------------------------+-----+-----+------------+---------------------------------------------------------------+--------------+
|ap_clk                     |   in|    1|  ap_ctrl_hs|  softmax<array,array<ap_fixed<16,6,5,3,0>,5u>,softmax_config9>|  return value|
|ap_rst                     |   in|    1|  ap_ctrl_hs|  softmax<array,array<ap_fixed<16,6,5,3,0>,5u>,softmax_config9>|  return value|
|ap_start                   |   in|    1|  ap_ctrl_hs|  softmax<array,array<ap_fixed<16,6,5,3,0>,5u>,softmax_config9>|  return value|
|ap_done                    |  out|    1|  ap_ctrl_hs|  softmax<array,array<ap_fixed<16,6,5,3,0>,5u>,softmax_config9>|  return value|
|ap_continue                |   in|    1|  ap_ctrl_hs|  softmax<array,array<ap_fixed<16,6,5,3,0>,5u>,softmax_config9>|  return value|
|ap_idle                    |  out|    1|  ap_ctrl_hs|  softmax<array,array<ap_fixed<16,6,5,3,0>,5u>,softmax_config9>|  return value|
|ap_ready                   |  out|    1|  ap_ctrl_hs|  softmax<array,array<ap_fixed<16,6,5,3,0>,5u>,softmax_config9>|  return value|
|layer8_out_dout            |   in|   80|     ap_fifo|                                                     layer8_out|       pointer|
|layer8_out_num_data_valid  |   in|    2|     ap_fifo|                                                     layer8_out|       pointer|
|layer8_out_fifo_cap        |   in|    2|     ap_fifo|                                                     layer8_out|       pointer|
|layer8_out_empty_n         |   in|    1|     ap_fifo|                                                     layer8_out|       pointer|
|layer8_out_read            |  out|    1|     ap_fifo|                                                     layer8_out|       pointer|
|layer9_out_TDATA           |  out|   80|        axis|                                                     layer9_out|       pointer|
|layer9_out_TVALID          |  out|    1|        axis|                                                     layer9_out|       pointer|
|layer9_out_TREADY          |   in|    1|        axis|                                                     layer9_out|       pointer|
+---------------------------+-----+-----+------------+---------------------------------------------------------------+--------------+

